Java HotSpot(TM) 64-Bit Server VM (25.91-b14) for bsd-amd64 JRE (1.8.0_91-b14), built on Apr  1 2016 01:03:00 by "java_re" with gcc 4.2.1 (Based on Apple Inc. build 5658) (LLVM build 2336.11.00)
Memory: 4k page, physical 8388608k(572212k free)

/proc/meminfo:

CommandLine flags: -XX:InitialHeapSize=1073741824 -XX:MaxHeapSize=1073741824 -XX:MaxNewSize=524288 -XX:NewSize=524288 -XX:+PrintGC -XX:+PrintGCDetails -XX:+PrintGCTimeStamps -XX:+UseCompressedClassPointers -XX:+UseCompressedOops -XX:+UseSerialGC 
0.204: [GC (Allocation Failure) 0.204: [DefNew: 384K->64K(448K), 0.0018312 secs] 384K->249K(1048512K), 0.0019293 secs] [Times: user=0.00 sys=0.00, real=0.01 secs] 
0.250: [GC (Allocation Failure) 0.250: [DefNew: 443K->63K(448K), 0.0013281 secs] 629K->335K(1048512K), 0.0013791 secs] [Times: user=0.00 sys=0.00, real=0.00 secs] 
0.300: [GC (Allocation Failure) 0.300: [DefNew: 447K->57K(448K), 0.0011385 secs] 719K->391K(1048512K), 0.0011972 secs] [Times: user=0.00 sys=0.00, real=0.00 secs] 
0.343: [GC (Allocation Failure) 0.343: [DefNew: 436K->64K(448K), 0.0008064 secs] 771K->500K(1048512K), 0.0008616 secs] [Times: user=0.00 sys=0.00, real=0.00 secs] 
0.364: [GC (Allocation Failure) 0.364: [DefNew: 448K->63K(448K), 0.0012860 secs] 884K->643K(1048512K), 0.0013385 secs] [Times: user=0.00 sys=0.00, real=0.01 secs] 
0.402: [GC (Allocation Failure) 0.402: [DefNew: 439K->47K(448K), 0.0007554 secs] 1018K->689K(1048512K), 0.0008126 secs] [Times: user=0.00 sys=0.00, real=0.00 secs] 
0.432: [GC (Allocation Failure) 0.432: [DefNew: 430K->56K(448K), 0.0008118 secs] 1072K->736K(1048512K), 0.0008666 secs] [Times: user=0.00 sys=0.00, real=0.00 secs] 
0.447: [GC (Allocation Failure) 0.447: [DefNew: 440K->64K(448K), 0.0010036 secs] 1120K->1070K(1048512K), 0.0010646 secs] [Times: user=0.00 sys=0.00, real=0.00 secs] 
0.458: [GC (Allocation Failure) 0.458: [DefNew: 448K->63K(448K), 0.0011626 secs] 1454K->1442K(1048512K), 0.0012300 secs] [Times: user=0.01 sys=0.00, real=0.00 secs] 
0.467: [GC (Allocation Failure) 0.467: [DefNew: 447K->64K(448K), 0.0011381 secs] 1826K->1812K(1048512K), 0.0012082 secs] [Times: user=0.00 sys=0.00, real=0.00 secs] 
0.478: [GC (Allocation Failure) 0.478: [DefNew: 448K->63K(448K), 0.0012675 secs] 2196K->2189K(1048512K), 0.0013398 secs] [Times: user=0.00 sys=0.00, real=0.00 secs] 
0.489: [GC (Allocation Failure) 0.489: [DefNew: 447K->63K(448K), 0.0013831 secs] 2573K->2572K(1048512K), 0.0014533 secs] [Times: user=0.00 sys=0.00, real=0.00 secs] 
0.498: [GC (Allocation Failure) 0.498: [DefNew: 447K->64K(448K), 0.0012207 secs] 2956K->2948K(1048512K), 0.0012879 secs] [Times: user=0.00 sys=0.00, real=0.00 secs] 
0.509: [GC (Allocation Failure) 0.509: [DefNew: 447K->63K(448K), 0.0012130 secs] 3332K->3324K(1048512K), 0.0012780 secs] [Times: user=0.01 sys=0.00, real=0.00 secs] 
0.520: [GC (Allocation Failure) 0.520: [DefNew: 447K->63K(448K), 0.0011444 secs] 3708K->3699K(1048512K), 0.0012145 secs] [Times: user=0.00 sys=0.00, real=0.00 secs] 
0.530: [GC (Allocation Failure) 0.530: [DefNew: 447K->63K(448K), 0.0012604 secs] 4083K->4075K(1048512K), 0.0013279 secs] [Times: user=0.00 sys=0.00, real=0.00 secs] 
0.540: [GC (Allocation Failure) 0.540: [DefNew: 447K->63K(448K), 0.0012303 secs] 4459K->4457K(1048512K), 0.0012856 secs] [Times: user=0.00 sys=0.00, real=0.00 secs] 
0.549: [GC (Allocation Failure) 0.549: [DefNew: 447K->64K(448K), 0.0012024 secs] 4841K->4837K(1048512K), 0.0012694 secs] [Times: user=0.00 sys=0.00, real=0.00 secs] 
0.560: [GC (Allocation Failure) 0.560: [DefNew: 448K->63K(448K), 0.0012887 secs] 5221K->5216K(1048512K), 0.0013517 secs] [Times: user=0.00 sys=0.00, real=0.00 secs] 
0.571: [GC (Allocation Failure) 0.571: [DefNew: 447K->63K(448K), 0.0013982 secs] 5600K->5594K(1048512K), 0.0014790 secs] [Times: user=0.00 sys=0.00, real=0.00 secs] 
0.585: [GC (Allocation Failure) 0.585: [DefNew: 447K->63K(448K), 0.0013168 secs] 5978K->5973K(1048512K), 0.0013878 secs] [Times: user=0.00 sys=0.00, real=0.00 secs] 
0.597: [GC (Allocation Failure) 0.597: [DefNew: 447K->63K(448K), 0.0014401 secs] 6357K->6353K(1048512K), 0.0015033 secs] [Times: user=0.00 sys=0.00, real=0.00 secs] 
0.612: [GC (Allocation Failure) 0.612: [DefNew: 447K->64K(448K), 0.0013083 secs] 6737K->6731K(1048512K), 0.0013741 secs] [Times: user=0.00 sys=0.00, real=0.00 secs] 
0.626: [GC (Allocation Failure) 0.626: [DefNew: 448K->64K(448K), 0.0014214 secs] 7115K->7110K(1048512K), 0.0014875 secs] [Times: user=0.00 sys=0.00, real=0.00 secs] 
0.640: [GC (Allocation Failure) 0.640: [DefNew: 448K->64K(448K), 0.0014685 secs] 7494K->7490K(1048512K), 0.0015377 secs] [Times: user=0.00 sys=0.00, real=0.00 secs] 
0.650: [GC (Allocation Failure) 0.650: [DefNew: 447K->64K(448K), 0.0017311 secs] 7873K->7859K(1048512K), 0.0018077 secs] [Times: user=0.00 sys=0.00, real=0.00 secs] 
0.661: [GC (Allocation Failure) 0.661: [DefNew: 448K->63K(448K), 0.0035528 secs] 8243K->8242K(1048512K), 0.0036768 secs] [Times: user=0.00 sys=0.00, real=0.01 secs] 
0.675: [GC (Allocation Failure) 0.675: [DefNew: 447K->64K(448K), 0.0014716 secs] 8626K->8623K(1048512K), 0.0015520 secs] [Times: user=0.00 sys=0.00, real=0.00 secs] 
0.686: [GC (Allocation Failure) 0.686: [DefNew: 448K->63K(448K), 0.0015450 secs] 9007K->9002K(1048512K), 0.0016069 secs] [Times: user=0.00 sys=0.00, real=0.00 secs] 
0.699: [GC (Allocation Failure) 0.699: [DefNew: 447K->63K(448K), 0.0015036 secs] 9386K->9380K(1048512K), 0.0015675 secs] [Times: user=0.01 sys=0.00, real=0.00 secs] 
0.712: [GC (Allocation Failure) 0.712: [DefNew: 447K->64K(448K), 0.0015881 secs] 9764K->9759K(1048512K), 0.0016541 secs] [Times: user=0.00 sys=0.00, real=0.00 secs] 
0.723: [GC (Allocation Failure) 0.724: [DefNew: 448K->63K(448K), 0.0015991 secs] 10143K->10138K(1048512K), 0.0017142 secs] [Times: user=0.00 sys=0.00, real=0.01 secs] 
0.737: [GC (Allocation Failure) 0.737: [DefNew: 447K->64K(448K), 0.0016857 secs] 10522K->10517K(1048512K), 0.0017705 secs] [Times: user=0.00 sys=0.00, real=0.00 secs] 
0.749: [GC (Allocation Failure) 0.749: [DefNew: 448K->63K(448K), 0.0020112 secs] 10901K->10894K(1048512K), 0.0021172 secs] [Times: user=0.01 sys=0.00, real=0.00 secs] 
0.762: [GC (Allocation Failure) 0.762: [DefNew: 447K->63K(448K), 0.0020534 secs] 11278K->11272K(1048512K), 0.0021635 secs] [Times: user=0.00 sys=0.00, real=0.01 secs] 
0.776: [GC (Allocation Failure) 0.776: [DefNew: 447K->64K(448K), 0.0027685 secs] 11656K->11651K(1048512K), 0.0028878 secs] [Times: user=0.00 sys=0.00, real=0.00 secs] 
0.787: [GC (Allocation Failure) 0.787: [DefNew: 448K->64K(448K), 0.0027251 secs] 12035K->12031K(1048512K), 0.0027788 secs] [Times: user=0.00 sys=0.00, real=0.00 secs] 
0.800: [GC (Allocation Failure) 0.800: [DefNew: 448K->64K(448K), 0.0028593 secs] 12415K->12409K(1048512K), 0.0029276 secs] [Times: user=0.00 sys=0.00, real=0.00 secs] 
0.812: [GC (Allocation Failure) 0.812: [DefNew: 448K->64K(448K), 0.0027419 secs] 12793K->12788K(1048512K), 0.0028703 secs] [Times: user=0.00 sys=0.00, real=0.01 secs] 
0.824: [GC (Allocation Failure) 0.824: [DefNew: 448K->63K(448K), 0.0030941 secs] 13172K->13167K(1048512K), 0.0032251 secs] [Times: user=0.00 sys=0.00, real=0.01 secs] 
0.837: [GC (Allocation Failure) 0.837: [DefNew: 447K->63K(448K), 0.0021337 secs] 13551K->13545K(1048512K), 0.0022505 secs] [Times: user=0.00 sys=0.00, real=0.00 secs] 
0.847: [GC (Allocation Failure) 0.847: [DefNew: 447K->63K(448K), 0.0022482 secs] 13929K->13924K(1048512K), 0.0023799 secs] [Times: user=0.00 sys=0.00, real=0.00 secs] 
0.859: [GC (Allocation Failure) 0.859: [DefNew: 447K->63K(448K), 0.0024897 secs] 14308K->14301K(1048512K), 0.0025613 secs] [Times: user=0.00 sys=0.00, real=0.00 secs] 
0.872: [GC (Allocation Failure) 0.872: [DefNew: 447K->64K(448K), 0.0020926 secs] 14685K->14680K(1048512K), 0.0021599 secs] [Times: user=0.01 sys=0.00, real=0.00 secs] 
0.881: [GC (Allocation Failure) 0.881: [DefNew: 386K->63K(448K), 0.0017649 secs] 15003K->14995K(1048512K), 0.0018376 secs] [Times: user=0.00 sys=0.00, real=0.00 secs] 
0.892: [GC (Allocation Failure) 0.892: [DefNew: 447K->63K(448K), 0.0054475 secs] 15379K->15378K(1048512K), 0.0056098 secs] [Times: user=0.01 sys=0.00, real=0.01 secs] 
0.911: [GC (Allocation Failure) 0.911: [DefNew: 447K->63K(448K), 0.0026393 secs] 15762K->15758K(1048512K), 0.0027501 secs] [Times: user=0.01 sys=0.00, real=0.00 secs] 
0.923: [GC (Allocation Failure) 0.923: [DefNew: 447K->63K(448K), 0.0018099 secs] 16142K->16136K(1048512K), 0.0018827 secs] [Times: user=0.00 sys=0.00, real=0.01 secs] 
0.934: [GC (Allocation Failure) 0.934: [DefNew: 447K->63K(448K), 0.0018899 secs] 16520K->16514K(1048512K), 0.0019703 secs] [Times: user=0.00 sys=0.00, real=0.01 secs] 
0.946: [GC (Allocation Failure) 0.946: [DefNew: 447K->63K(448K), 0.0018084 secs] 16898K->16894K(1048512K), 0.0019118 secs] [Times: user=0.00 sys=0.00, real=0.00 secs] 
0.957: [GC (Allocation Failure) 0.957: [DefNew: 447K->63K(448K), 0.0017038 secs] 17278K->17270K(1048512K), 0.0017762 secs] [Times: user=0.00 sys=0.00, real=0.00 secs] 
0.967: [GC (Allocation Failure) 0.967: [DefNew: 447K->63K(448K), 0.0017475 secs] 17654K->17649K(1048512K), 0.0018109 secs] [Times: user=0.00 sys=0.00, real=0.00 secs] 
0.979: [GC (Allocation Failure) 0.979: [DefNew: 447K->63K(448K), 0.0036038 secs] 18033K->18030K(1048512K), 0.0036811 secs] [Times: user=0.00 sys=0.00, real=0.00 secs] 
0.992: [GC (Allocation Failure) 0.992: [DefNew: 447K->63K(448K), 0.0025661 secs] 18414K->18410K(1048512K), 0.0026319 secs] [Times: user=0.01 sys=0.00, real=0.01 secs] 
1.003: [GC (Allocation Failure) 1.003: [DefNew: 447K->64K(448K), 0.0018575 secs] 18794K->18787K(1048512K), 0.0019193 secs] [Times: user=0.00 sys=0.00, real=0.01 secs] 
1.015: [GC (Allocation Failure) 1.015: [DefNew: 448K->64K(448K), 0.0016382 secs] 19171K->19166K(1048512K), 0.0017028 secs] [Times: user=0.00 sys=0.00, real=0.00 secs] 
1.025: [GC (Allocation Failure) 1.025: [DefNew: 448K->63K(448K), 0.0032136 secs] 19550K->19546K(1048512K), 0.0033631 secs] [Times: user=0.00 sys=0.01, real=0.00 secs] 
1.036: [GC (Allocation Failure) 1.036: [DefNew: 447K->63K(448K), 0.0016258 secs] 19930K->19924K(1048512K), 0.0016858 secs] [Times: user=0.01 sys=0.00, real=0.00 secs] 
1.047: [GC (Allocation Failure) 1.047: [DefNew: 447K->63K(448K), 0.0019592 secs] 20308K->20302K(1048512K), 0.0020280 secs] [Times: user=0.00 sys=0.00, real=0.00 secs] 
1.059: [GC (Allocation Failure) 1.059: [DefNew: 447K->63K(448K), 0.0018455 secs] 20686K->20682K(1048512K), 0.0019179 secs] [Times: user=0.00 sys=0.00, real=0.00 secs] 
1.069: [GC (Allocation Failure) 1.069: [DefNew: 447K->63K(448K), 0.0019242 secs] 21066K->21058K(1048512K), 0.0019943 secs] [Times: user=0.00 sys=0.00, real=0.00 secs] 
1.081: [GC (Allocation Failure) 1.081: [DefNew: 447K->63K(448K), 0.0019034 secs] 21442K->21437K(1048512K), 0.0019751 secs] [Times: user=0.01 sys=0.00, real=0.00 secs] 
1.091: [GC (Allocation Failure) 1.091: [DefNew: 447K->63K(448K), 0.0027708 secs] 21821K->21818K(1048512K), 0.0028854 secs] [Times: user=0.00 sys=0.00, real=0.00 secs] 
1.104: [GC (Allocation Failure) 1.104: [DefNew: 447K->63K(448K), 0.0019302 secs] 22202K->22198K(1048512K), 0.0019997 secs] [Times: user=0.00 sys=0.00, real=0.01 secs] 
1.116: [GC (Allocation Failure) 1.116: [DefNew: 447K->63K(448K), 0.0019650 secs] 22582K->22575K(1048512K), 0.0020423 secs] [Times: user=0.00 sys=0.00, real=0.00 secs] 
1.126: [GC (Allocation Failure) 1.126: [DefNew: 447K->64K(448K), 0.0019551 secs] 22959K->22954K(1048512K), 0.0020243 secs] [Times: user=0.00 sys=0.00, real=0.00 secs] 
1.138: [GC (Allocation Failure) 1.138: [DefNew: 448K->64K(448K), 0.0021689 secs] 23338K->23334K(1048512K), 0.0022435 secs] [Times: user=0.00 sys=0.00, real=0.00 secs] 
1.149: [GC (Allocation Failure) 1.149: [DefNew: 448K->63K(448K), 0.0016797 secs] 23718K->23712K(1048512K), 0.0017383 secs] [Times: user=0.00 sys=0.00, real=0.00 secs] 
1.159: [GC (Allocation Failure) 1.159: [DefNew: 447K->64K(448K), 0.0018362 secs] 24096K->24091K(1048512K), 0.0019090 secs] [Times: user=0.00 sys=0.00, real=0.00 secs] 
1.169: [GC (Allocation Failure) 1.169: [DefNew: 448K->64K(448K), 0.0018672 secs] 24475K->24468K(1048512K), 0.0019333 secs] [Times: user=0.01 sys=0.00, real=0.00 secs] 
1.180: [GC (Allocation Failure) 1.180: [DefNew: 448K->63K(448K), 0.0017758 secs] 24852K->24847K(1048512K), 0.0018511 secs] [Times: user=0.00 sys=0.00, real=0.00 secs] 
1.191: [GC (Allocation Failure) 1.191: [DefNew: 447K->63K(448K), 0.0024227 secs] 25231K->25227K(1048512K), 0.0025008 secs] [Times: user=0.00 sys=0.00, real=0.00 secs] 
1.202: [GC (Allocation Failure) 1.202: [DefNew: 447K->63K(448K), 0.0016480 secs] 25611K->25605K(1048512K), 0.0017169 secs] [Times: user=0.00 sys=0.00, real=0.00 secs] 
1.211: [GC (Allocation Failure) 1.211: [DefNew: 447K->64K(448K), 0.0014232 secs] 25989K->25983K(1048512K), 0.0014684 secs] [Times: user=0.01 sys=0.00, real=0.00 secs] 
1.222: [GC (Allocation Failure) 1.222: [DefNew: 448K->63K(448K), 0.0023728 secs] 26367K->26363K(1048512K), 0.0024488 secs] [Times: user=0.00 sys=0.00, real=0.01 secs] 
1.234: [GC (Allocation Failure) 1.234: [DefNew: 447K->63K(448K), 0.0018453 secs] 26747K->26741K(1048512K), 0.0019036 secs] [Times: user=0.00 sys=0.00, real=0.01 secs] 
1.244: [GC (Allocation Failure) 1.244: [DefNew: 447K->63K(448K), 0.0020322 secs] 27125K->27121K(1048512K), 0.0020991 secs] [Times: user=0.00 sys=0.00, real=0.01 secs] 
1.256: [GC (Allocation Failure) 1.256: [DefNew: 447K->63K(448K), 0.0022725 secs] 27505K->27500K(1048512K), 0.0023501 secs] [Times: user=0.01 sys=0.00, real=0.00 secs] 
1.269: [GC (Allocation Failure) 1.269: [DefNew: 447K->64K(448K), 0.0043381 secs] 27884K->27876K(1048512K), 0.0045659 secs] [Times: user=0.00 sys=0.00, real=0.00 secs] 
1.283: [GC (Allocation Failure) 1.283: [DefNew: 448K->63K(448K), 0.0031384 secs] 28260K->28255K(1048512K), 0.0032878 secs] [Times: user=0.00 sys=0.00, real=0.01 secs] 
1.297: [GC (Allocation Failure) 1.297: [DefNew: 447K->63K(448K), 0.0043241 secs] 28639K->28635K(1048512K), 0.0044395 secs] [Times: user=0.00 sys=0.00, real=0.00 secs] 
1.311: [GC (Allocation Failure) 1.311: [DefNew: 447K->63K(448K), 0.0030502 secs] 29019K->29015K(1048512K), 0.0031732 secs] [Times: user=0.00 sys=0.00, real=0.01 secs] 
1.326: [GC (Allocation Failure) 1.326: [DefNew: 447K->63K(448K), 0.0030338 secs] 29911K->29905K(1048512K), 0.0030902 secs] [Times: user=0.01 sys=0.00, real=0.00 secs] 
1.338: [GC (Allocation Failure) 1.338: [DefNew: 447K->63K(448K), 0.0014489 secs] 30289K->30284K(1048512K), 0.0014951 secs] [Times: user=0.00 sys=0.00, real=0.00 secs] 
1.351: [GC (Allocation Failure) 1.351: [DefNew: 447K->64K(448K), 0.0019411 secs] 30668K->30662K(1048512K), 0.0020076 secs] [Times: user=0.00 sys=0.00, real=0.00 secs] 
1.362: [GC (Allocation Failure) 1.362: [DefNew: 448K->64K(448K), 0.0019820 secs] 31046K->31040K(1048512K), 0.0020492 secs] [Times: user=0.00 sys=0.00, real=0.01 secs] 
1.374: [GC (Allocation Failure) 1.374: [DefNew: 448K->64K(448K), 0.0015492 secs] 31424K->31417K(1048512K), 0.0016052 secs] [Times: user=0.01 sys=0.00, real=0.01 secs] 
1.384: [GC (Allocation Failure) 1.384: [DefNew: 448K->63K(448K), 0.0018916 secs] 31801K->31796K(1048512K), 0.0019515 secs] [Times: user=0.00 sys=0.00, real=0.01 secs] 
1.396: [GC (Allocation Failure) 1.396: [DefNew: 447K->63K(448K), 0.0015191 secs] 32180K->32176K(1048512K), 0.0015728 secs] [Times: user=0.00 sys=0.00, real=0.00 secs] 
1.408: [GC (Allocation Failure) 1.408: [DefNew: 447K->63K(448K), 0.0015524 secs] 32560K->32554K(1048512K), 0.0016000 secs] [Times: user=0.00 sys=0.00, real=0.00 secs] 
1.417: [GC (Allocation Failure) 1.417: [DefNew: 447K->64K(448K), 0.0016933 secs] 32938K->32933K(1048512K), 0.0017413 secs] [Times: user=0.00 sys=0.00, real=0.00 secs] 
1.429: [GC (Allocation Failure) 1.429: [DefNew: 448K->63K(448K), 0.0018354 secs] 33317K->33312K(1048512K), 0.0018860 secs] [Times: user=0.01 sys=0.00, real=0.00 secs] 
1.440: [GC (Allocation Failure) 1.440: [DefNew: 447K->63K(448K), 0.0015341 secs] 33696K->33690K(1048512K), 0.0015917 secs] [Times: user=0.00 sys=0.00, real=0.00 secs] 
1.452: [GC (Allocation Failure) 1.452: [DefNew: 447K->64K(448K), 0.0015183 secs] 34074K->34070K(1048512K), 0.0015718 secs] [Times: user=0.00 sys=0.00, real=0.00 secs] 
1.463: [GC (Allocation Failure) 1.463: [DefNew: 448K->64K(448K), 0.0014233 secs] 34454K->34450K(1048512K), 0.0014649 secs] [Times: user=0.00 sys=0.00, real=0.01 secs] 
1.474: [GC (Allocation Failure) 1.474: [DefNew: 448K->63K(448K), 0.0016723 secs] 34834K->34828K(1048512K), 0.0017200 secs] [Times: user=0.00 sys=0.00, real=0.01 secs] 
1.485: [GC (Allocation Failure) 1.485: [DefNew: 447K->64K(448K), 0.0016324 secs] 35212K->35204K(1048512K), 0.0016827 secs] [Times: user=0.01 sys=0.00, real=0.00 secs] 
1.496: [GC (Allocation Failure) 1.496: [DefNew: 448K->63K(448K), 0.0016223 secs] 35588K->35583K(1048512K), 0.0016689 secs] [Times: user=0.00 sys=0.00, real=0.00 secs] 
1.507: [GC (Allocation Failure) 1.507: [DefNew: 447K->63K(448K), 0.0017127 secs] 35967K->35962K(1048512K), 0.0017663 secs] [Times: user=0.00 sys=0.00, real=0.00 secs] 
1.518: [GC (Allocation Failure) 1.518: [DefNew: 447K->63K(448K), 0.0021529 secs] 36346K->36340K(1048512K), 0.0022122 secs] [Times: user=0.00 sys=0.00, real=0.00 secs] 
1.530: [GC (Allocation Failure) 1.530: [DefNew: 447K->63K(448K), 0.0022654 secs] 36724K->36718K(1048512K), 0.0023401 secs] [Times: user=0.00 sys=0.00, real=0.00 secs] 
1.542: [GC (Allocation Failure) 1.542: [DefNew: 447K->64K(448K), 0.0029555 secs] 37102K->37093K(1048512K), 0.0030219 secs] [Times: user=0.00 sys=0.00, real=0.01 secs] 
1.554: [GC (Allocation Failure) 1.554: [DefNew: 448K->63K(448K), 0.0017336 secs] 37477K->37467K(1048512K), 0.0017850 secs] [Times: user=0.00 sys=0.00, real=0.01 secs] 
1.565: [GC (Allocation Failure) 1.565: [DefNew: 447K->64K(448K), 0.0032912 secs] 37851K->37840K(1048512K), 0.0033637 secs] [Times: user=0.00 sys=0.00, real=0.00 secs] 
1.578: [GC (Allocation Failure) 1.578: [DefNew: 448K->63K(448K), 0.0022914 secs] 38224K->38212K(1048512K), 0.0024188 secs] [Times: user=0.00 sys=0.00, real=0.00 secs] 
1.589: [GC (Allocation Failure) 1.589: [DefNew: 447K->63K(448K), 0.0059920 secs] 38596K->38585K(1048512K), 0.0061714 secs] [Times: user=0.00 sys=0.00, real=0.01 secs] 
1.606: [GC (Allocation Failure) 1.606: [DefNew: 447K->63K(448K), 0.0030963 secs] 38969K->38958K(1048512K), 0.0031698 secs] [Times: user=0.00 sys=0.00, real=0.00 secs] 
1.618: [GC (Allocation Failure) 1.618: [DefNew: 447K->63K(448K), 0.0016490 secs] 39342K->39332K(1048512K), 0.0017046 secs] [Times: user=0.00 sys=0.00, real=0.00 secs] 
1.629: [GC (Allocation Failure) 1.629: [DefNew: 447K->63K(448K), 0.0025138 secs] 39716K->39706K(1048512K), 0.0025814 secs] [Times: user=0.00 sys=0.00, real=0.00 secs] 
1.641: [GC (Allocation Failure) 1.641: [DefNew: 447K->64K(448K), 0.0021241 secs] 40090K->40079K(1048512K), 0.0021938 secs] [Times: user=0.00 sys=0.00, real=0.00 secs] 
1.653: [GC (Allocation Failure) 1.653: [DefNew: 448K->63K(448K), 0.0024093 secs] 40463K->40453K(1048512K), 0.0024697 secs] [Times: user=0.00 sys=0.00, real=0.01 secs] 
1.664: [GC (Allocation Failure) 1.664: [DefNew: 447K->63K(448K), 0.0022175 secs] 40837K->40826K(1048512K), 0.0022966 secs] [Times: user=0.00 sys=0.00, real=0.00 secs] 
1.675: [GC (Allocation Failure) 1.675: [DefNew: 447K->64K(448K), 0.0017129 secs] 41210K->41200K(1048512K), 0.0017667 secs] [Times: user=0.00 sys=0.00, real=0.00 secs] 
1.687: [GC (Allocation Failure) 1.687: [DefNew: 448K->63K(448K), 0.0021720 secs] 41584K->41572K(1048512K), 0.0022391 secs] [Times: user=0.00 sys=0.00, real=0.00 secs] 
1.697: [GC (Allocation Failure) 1.697: [DefNew: 447K->64K(448K), 0.0018286 secs] 41956K->41948K(1048512K), 0.0018930 secs] [Times: user=0.01 sys=0.00, real=0.00 secs] 
1.708: [GC (Allocation Failure) 1.708: [DefNew: 448K->63K(448K), 0.0026856 secs] 42332K->42323K(1048512K), 0.0029156 secs] [Times: user=0.00 sys=0.01, real=0.00 secs] 
1.720: [GC (Allocation Failure) 1.720: [DefNew: 447K->64K(448K), 0.0019418 secs] 42707K->42696K(1048512K), 0.0020045 secs] [Times: user=0.00 sys=0.00, real=0.00 secs] 
1.731: [GC (Allocation Failure) 1.731: [DefNew: 448K->64K(448K), 0.0019946 secs] 43080K->43070K(1048512K), 0.0020557 secs] [Times: user=0.00 sys=0.00, real=0.00 secs] 
1.742: [GC (Allocation Failure) 1.742: [DefNew: 448K->63K(448K), 0.0022726 secs] 43454K->43443K(1048512K), 0.0023469 secs] [Times: user=0.01 sys=0.00, real=0.01 secs] 
1.753: [GC (Allocation Failure) 1.753: [DefNew: 447K->63K(448K), 0.0022316 secs] 43827K->43817K(1048512K), 0.0023301 secs] [Times: user=0.00 sys=0.00, real=0.01 secs] 
1.764: [GC (Allocation Failure) 1.764: [DefNew: 447K->64K(448K), 0.0031136 secs] 44201K->44191K(1048512K), 0.0031922 secs] [Times: user=0.00 sys=0.00, real=0.00 secs] 
1.776: [GC (Allocation Failure) 1.776: [DefNew: 448K->64K(448K), 0.0042995 secs] 44575K->44564K(1048512K), 0.0044698 secs] [Times: user=0.01 sys=0.00, real=0.00 secs] 
1.790: [GC (Allocation Failure) 1.790: [DefNew: 448K->63K(448K), 0.0027941 secs] 44948K->44935K(1048512K), 0.0029967 secs] [Times: user=0.00 sys=0.00, real=0.00 secs] 
1.802: [GC (Allocation Failure) 1.802: [DefNew: 447K->63K(448K), 0.0035891 secs] 45319K->45311K(1048512K), 0.0037394 secs] [Times: user=0.00 sys=0.00, real=0.01 secs] 
1.815: [GC (Allocation Failure) 1.815: [DefNew: 447K->63K(448K), 0.0022294 secs] 45695K->45686K(1048512K), 0.0023010 secs] [Times: user=0.00 sys=0.00, real=0.00 secs] 
1.826: [GC (Allocation Failure) 1.826: [DefNew: 447K->63K(448K), 0.0022584 secs] 46070K->46059K(1048512K), 0.0023306 secs] [Times: user=0.00 sys=0.00, real=0.00 secs] 
1.837: [GC (Allocation Failure) 1.837: [DefNew: 447K->64K(448K), 0.0020982 secs] 46443K->46432K(1048512K), 0.0021639 secs] [Times: user=0.00 sys=0.00, real=0.00 secs] 
1.849: [GC (Allocation Failure) 1.849: [DefNew: 448K->64K(448K), 0.0022872 secs] 46816K->46806K(1048512K), 0.0023598 secs] [Times: user=0.00 sys=0.00, real=0.00 secs] 
1.859: [GC (Allocation Failure) 1.859: [DefNew: 448K->63K(448K), 0.0018459 secs] 47190K->47180K(1048512K), 0.0019104 secs] [Times: user=0.00 sys=0.00, real=0.00 secs] 
1.870: [GC (Allocation Failure) 1.870: [DefNew: 447K->64K(448K), 0.0023962 secs] 47564K->47553K(1048512K), 0.0024610 secs] [Times: user=0.01 sys=0.00, real=0.00 secs] 
1.881: [GC (Allocation Failure) 1.881: [DefNew: 448K->64K(448K), 0.0023092 secs] 47937K->47927K(1048512K), 0.0023796 secs] [Times: user=0.00 sys=0.00, real=0.00 secs] 
1.892: [GC (Allocation Failure) 1.892: [DefNew: 448K->64K(448K), 0.0022943 secs] 48311K->48300K(1048512K), 0.0023634 secs] [Times: user=0.00 sys=0.00, real=0.01 secs] 
1.903: [GC (Allocation Failure) 1.903: [DefNew: 448K->63K(448K), 0.0021223 secs] 48684K->48671K(1048512K), 0.0021881 secs] [Times: user=0.00 sys=0.00, real=0.01 secs] 
1.915: [GC (Allocation Failure) 1.915: [DefNew: 447K->64K(448K), 0.0022317 secs] 49055K->49047K(1048512K), 0.0022999 secs] [Times: user=0.00 sys=0.00, real=0.00 secs] 
1.925: [GC (Allocation Failure) 1.925: [DefNew: 448K->63K(448K), 0.0024112 secs] 49431K->49422K(1048512K), 0.0024855 secs] [Times: user=0.00 sys=0.00, real=0.00 secs] 
1.937: [GC (Allocation Failure) 1.937: [DefNew: 447K->63K(448K), 0.0022013 secs] 49806K->49795K(1048512K), 0.0022694 secs] [Times: user=0.00 sys=0.00, real=0.00 secs] 
1.949: [GC (Allocation Failure) 1.949: [DefNew: 447K->63K(448K), 0.0023390 secs] 50179K->50169K(1048512K), 0.0024006 secs] [Times: user=0.00 sys=0.00, real=0.00 secs] 
1.959: [GC (Allocation Failure) 1.960: [DefNew: 447K->64K(448K), 0.0027560 secs] 50553K->50542K(1048512K), 0.0029258 secs] [Times: user=0.00 sys=0.00, real=0.00 secs] 
1.971: [GC (Allocation Failure) 1.971: [DefNew: 448K->64K(448K), 0.0021861 secs] 50926K->50916K(1048512K), 0.0022489 secs] [Times: user=0.00 sys=0.00, real=0.00 secs] 
1.981: [GC (Allocation Failure) 1.981: [DefNew: 448K->63K(448K), 0.0061845 secs] 51300K->51289K(1048512K), 0.0062558 secs] [Times: user=0.00 sys=0.00, real=0.01 secs] 
1.997: [GC (Allocation Failure) 1.997: [DefNew: 447K->63K(448K), 0.0055748 secs] 51673K->51663K(1048512K), 0.0057077 secs] [Times: user=0.01 sys=0.00, real=0.00 secs] 
2.011: [GC (Allocation Failure) 2.011: [DefNew: 447K->63K(448K), 0.0030504 secs] 52047K->52034K(1048512K), 0.0031645 secs] [Times: user=0.00 sys=0.00, real=0.01 secs] 
2.024: [GC (Allocation Failure) 2.024: [DefNew: 447K->64K(448K), 0.0025480 secs] 52418K->52410K(1048512K), 0.0026246 secs] [Times: user=0.00 sys=0.00, real=0.01 secs] 
2.035: [GC (Allocation Failure) 2.035: [DefNew: 448K->64K(448K), 0.0021964 secs] 52794K->52785K(1048512K), 0.0022626 secs] [Times: user=0.01 sys=0.00, real=0.00 secs] 
2.046: [GC (Allocation Failure) 2.046: [DefNew: 447K->64K(448K), 0.0033681 secs] 53168K->53158K(1048512K), 0.0034294 secs] [Times: user=0.00 sys=0.00, real=0.00 secs] 
2.059: [GC (Allocation Failure) 2.059: [DefNew: 448K->64K(448K), 0.0017522 secs] 53542K->53531K(1048512K), 0.0018048 secs] [Times: user=0.00 sys=0.00, real=0.00 secs] 
2.069: [GC (Allocation Failure) 2.069: [DefNew: 448K->64K(448K), 0.0028430 secs] 53915K->53905K(1048512K), 0.0029046 secs] [Times: user=0.00 sys=0.00, real=0.00 secs] 
2.081: [GC (Allocation Failure) 2.081: [DefNew: 448K->64K(448K), 0.0023292 secs] 54289K->54278K(1048512K), 0.0024039 secs] [Times: user=0.01 sys=0.00, real=0.00 secs] 
2.092: [GC (Allocation Failure) 2.092: [DefNew: 448K->63K(448K), 0.0022931 secs] 54662K->54652K(1048512K), 0.0023602 secs] [Times: user=0.00 sys=0.00, real=0.01 secs] 
2.103: [GC (Allocation Failure) 2.103: [DefNew: 447K->63K(448K), 0.0022669 secs] 55036K->55025K(1048512K), 0.0023819 secs] [Times: user=0.00 sys=0.00, real=0.01 secs] 
2.113: [GC (Allocation Failure) 2.113: [DefNew: 447K->63K(448K), 0.0024027 secs] 55409K->55397K(1048512K), 0.0024744 secs] [Times: user=0.00 sys=0.00, real=0.01 secs] 
2.125: [GC (Allocation Failure) 2.125: [DefNew: 447K->64K(448K), 0.0024803 secs] 55781K->55772K(1048512K), 0.0025452 secs] [Times: user=0.01 sys=0.00, real=0.00 secs] 
2.137: [GC (Allocation Failure) 2.137: [DefNew: 448K->64K(448K), 0.0024432 secs] 56156K->56147K(1048512K), 0.0025221 secs] [Times: user=0.00 sys=0.00, real=0.00 secs] 
2.148: [GC (Allocation Failure) 2.148: [DefNew: 447K->64K(448K), 0.0041073 secs] 56531K->56520K(1048512K), 0.0041803 secs] [Times: user=0.00 sys=0.01, real=0.00 secs] 
2.161: [GC (Allocation Failure) 2.161: [DefNew: 448K->63K(448K), 0.0036466 secs] 56904K->56894K(1048512K), 0.0037711 secs] [Times: user=0.01 sys=0.00, real=0.01 secs] 
2.175: [GC (Allocation Failure) 2.175: [DefNew: 447K->64K(448K), 0.0039700 secs] 57278K->57267K(1048512K), 0.0040380 secs] [Times: user=0.00 sys=0.00, real=0.00 secs] 
2.188: [GC (Allocation Failure) 2.188: [DefNew: 448K->63K(448K), 0.0024363 secs] 57651K->57641K(1048512K), 0.0025102 secs] [Times: user=0.00 sys=0.00, real=0.00 secs] 
2.207: [GC (Allocation Failure) 2.207: [DefNew: 447K->63K(448K), 0.0067131 secs] 59049K->59038K(1048512K), 0.0067925 secs] [Times: user=0.01 sys=0.00, real=0.00 secs] 
2.224: [GC (Allocation Failure) 2.224: [DefNew: 447K->63K(448K), 0.0028619 secs] 59422K->59409K(1048512K), 0.0030106 secs] [Times: user=0.00 sys=0.00, real=0.01 secs] 
2.235: [GC (Allocation Failure) 2.235: [DefNew: 447K->63K(448K), 0.0022501 secs] 59793K->59785K(1048512K), 0.0023233 secs] [Times: user=0.00 sys=0.00, real=0.00 secs] 
2.250: [GC (Allocation Failure) 2.250: [DefNew: 447K->63K(448K), 0.0023730 secs] 60169K->60159K(1048512K), 0.0024543 secs] [Times: user=0.00 sys=0.00, real=0.00 secs] 
2.261: [GC (Allocation Failure) 2.261: [DefNew: 447K->64K(448K), 0.0034766 secs] 60543K->60534K(1048512K), 0.0035629 secs] [Times: user=0.00 sys=0.00, real=0.01 secs] 
2.274: [GC (Allocation Failure) 2.274: [DefNew: 447K->64K(448K), 0.0026395 secs] 60917K->60907K(1048512K), 0.0027104 secs] [Times: user=0.01 sys=0.00, real=0.00 secs] 
2.285: [GC (Allocation Failure) 2.285: [DefNew: 448K->63K(448K), 0.0021963 secs] 61291K->61280K(1048512K), 0.0022598 secs] [Times: user=0.00 sys=0.00, real=0.00 secs] 
2.297: [GC (Allocation Failure) 2.297: [DefNew: 447K->63K(448K), 0.0027884 secs] 61664K->61654K(1048512K), 0.0028552 secs] [Times: user=0.00 sys=0.00, real=0.00 secs] 
2.312: [GC (Allocation Failure) 2.312: [DefNew: 447K->63K(448K), 0.0052240 secs] 62038K->62027K(1048512K), 0.0054617 secs] [Times: user=0.01 sys=0.00, real=0.01 secs] 
2.328: [GC (Allocation Failure) 2.328: [DefNew: 447K->63K(448K), 0.0036288 secs] 62411K->62399K(1048512K), 0.0037226 secs] [Times: user=0.00 sys=0.01, real=0.00 secs] 
2.346: [GC (Allocation Failure) 2.346: [DefNew: 447K->63K(448K), 0.0025913 secs] 62783K->62775K(1048512K), 0.0026622 secs] [Times: user=0.00 sys=0.00, real=0.00 secs] 
2.356: [GC (Allocation Failure) 2.356: [DefNew: 447K->63K(448K), 0.0028441 secs] 63159K->63150K(1048512K), 0.0029493 secs] [Times: user=0.01 sys=0.00, real=0.00 secs] 
2.368: [GC (Allocation Failure) 2.368: [DefNew: 447K->63K(448K), 0.0039311 secs] 63533K->63523K(1048512K), 0.0041374 secs] [Times: user=0.00 sys=0.00, real=0.00 secs] 
2.382: [GC (Allocation Failure) 2.382: [DefNew: 447K->63K(448K), 0.0022922 secs] 63907K->63896K(1048512K), 0.0023597 secs] [Times: user=0.00 sys=0.00, real=0.00 secs] 
2.399: [GC (Allocation Failure) 2.399: [DefNew: 447K->63K(448K), 0.0022908 secs] 64280K->64270K(1048512K), 0.0023547 secs] [Times: user=0.01 sys=0.00, real=0.00 secs] 
2.412: [GC (Allocation Failure) 2.412: [DefNew: 447K->63K(448K), 0.0024102 secs] 64654K->64643K(1048512K), 0.0024856 secs] [Times: user=0.00 sys=0.00, real=0.01 secs] 
2.426: [GC (Allocation Failure) 2.426: [DefNew: 447K->63K(448K), 0.0027935 secs] 65027K->65020K(1048512K), 0.0028717 secs] [Times: user=0.00 sys=0.00, real=0.00 secs] 
2.440: [GC (Allocation Failure) 2.440: [DefNew: 447K->63K(448K), 0.0023243 secs] 65404K->65398K(1048512K), 0.0023944 secs] [Times: user=0.00 sys=0.00, real=0.00 secs] 
2.452: [GC (Allocation Failure) 2.452: [DefNew: 447K->63K(448K), 0.0024456 secs] 65782K->65777K(1048512K), 0.0025233 secs] [Times: user=0.01 sys=0.00, real=0.01 secs] 
2.466: [GC (Allocation Failure) 2.466: [DefNew: 447K->63K(448K), 0.0022745 secs] 66161K->66156K(1048512K), 0.0023435 secs] [Times: user=0.00 sys=0.00, real=0.00 secs] 
2.478: [GC (Allocation Failure) 2.478: [DefNew: 447K->64K(448K), 0.0022900 secs] 66540K->66536K(1048512K), 0.0023631 secs] [Times: user=0.00 sys=0.00, real=0.00 secs] 
2.492: [GC (Allocation Failure) 2.492: [DefNew: 448K->63K(448K), 0.0035960 secs] 66920K->66914K(1048512K), 0.0036629 secs] [Times: user=0.01 sys=0.00, real=0.01 secs] 
2.507: [GC (Allocation Failure) 2.507: [DefNew: 447K->63K(448K), 0.0022638 secs] 67298K->67293K(1048512K), 0.0023314 secs] [Times: user=0.00 sys=0.00, real=0.00 secs] 
2.520: [GC (Allocation Failure) 2.520: [DefNew: 447K->63K(448K), 0.0023669 secs] 67677K->67673K(1048512K), 0.0024411 secs] [Times: user=0.00 sys=0.00, real=0.00 secs] 
2.531: [GC (Allocation Failure) 2.531: [DefNew: 447K->63K(448K), 0.0025303 secs] 68057K->68049K(1048512K), 0.0026229 secs] [Times: user=0.00 sys=0.00, real=0.00 secs] 
2.546: [GC (Allocation Failure) 2.546: [DefNew: 447K->63K(448K), 0.0023004 secs] 68433K->68427K(1048512K), 0.0023757 secs] [Times: user=0.00 sys=0.00, real=0.00 secs] 
2.557: [GC (Allocation Failure) 2.557: [DefNew: 447K->63K(448K), 0.0024306 secs] 68811K->68807K(1048512K), 0.0025038 secs] [Times: user=0.00 sys=0.00, real=0.00 secs] 
2.569: [GC (Allocation Failure) 2.569: [DefNew: 447K->64K(448K), 0.0021899 secs] 69191K->69187K(1048512K), 0.0022535 secs] [Times: user=0.00 sys=0.00, real=0.00 secs] 
2.583: [GC (Allocation Failure) 2.583: [DefNew: 448K->63K(448K), 0.0024285 secs] 69571K->69565K(1048512K), 0.0026692 secs] [Times: user=0.00 sys=0.00, real=0.01 secs] 
2.594: [GC (Allocation Failure) 2.594: [DefNew: 447K->63K(448K), 0.0026051 secs] 69949K->69943K(1048512K), 0.0026804 secs] [Times: user=0.00 sys=0.01, real=0.00 secs] 
2.607: [GC (Allocation Failure) 2.607: [DefNew: 447K->63K(448K), 0.0023234 secs] 70327K->70323K(1048512K), 0.0023990 secs] [Times: user=0.00 sys=0.00, real=0.00 secs] 
2.619: [GC (Allocation Failure) 2.619: [DefNew: 447K->64K(448K), 0.0023342 secs] 70707K->70702K(1048512K), 0.0024004 secs] [Times: user=0.00 sys=0.00, real=0.00 secs] 
2.630: [GC (Allocation Failure) 2.630: [DefNew: 448K->63K(448K), 0.0023883 secs] 71086K->71081K(1048512K), 0.0024702 secs] [Times: user=0.01 sys=0.00, real=0.00 secs] 
2.641: [GC (Allocation Failure) 2.641: [DefNew: 447K->63K(448K), 0.0025107 secs] 71465K->71457K(1048512K), 0.0025751 secs] [Times: user=0.00 sys=0.00, real=0.00 secs] 
2.655: [GC (Allocation Failure) 2.655: [DefNew: 447K->63K(448K), 0.0022822 secs] 71841K->71836K(1048512K), 0.0023536 secs] [Times: user=0.00 sys=0.00, real=0.00 secs] 
2.667: [GC (Allocation Failure) 2.667: [DefNew: 447K->63K(448K), 0.0022689 secs] 72220K->72217K(1048512K), 0.0023565 secs] [Times: user=0.00 sys=0.00, real=0.00 secs] 
2.680: [GC (Allocation Failure) 2.680: [DefNew: 447K->63K(448K), 0.0021734 secs] 72601K->72596K(1048512K), 0.0022378 secs] [Times: user=0.01 sys=0.00, real=0.00 secs] 
2.690: [GC (Allocation Failure) 2.691: [DefNew: 447K->64K(448K), 0.0016794 secs] 72980K->72975K(1048512K), 0.0017281 secs] [Times: user=0.00 sys=0.00, real=0.00 secs] 
2.702: [GC (Allocation Failure) 2.702: [DefNew: 448K->63K(448K), 0.0019651 secs] 73359K->73353K(1048512K), 0.0020185 secs] [Times: user=0.00 sys=0.00, real=0.01 secs] 
2.714: [GC (Allocation Failure) 2.714: [DefNew: 447K->63K(448K), 0.0019424 secs] 73737K->73732K(1048512K), 0.0020022 secs] [Times: user=0.00 sys=0.00, real=0.01 secs] 
2.724: [GC (Allocation Failure) 2.724: [DefNew: 447K->64K(448K), 0.0023490 secs] 74116K->74112K(1048512K), 0.0024152 secs] [Times: user=0.01 sys=0.00, real=0.01 secs] 
2.736: [GC (Allocation Failure) 2.736: [DefNew: 448K->63K(448K), 0.0055786 secs] 74496K->74490K(1048512K), 0.0057210 secs] [Times: user=0.00 sys=0.00, real=0.00 secs] 
2.751: [GC (Allocation Failure) 2.751: [DefNew: 447K->63K(448K), 0.0022313 secs] 74874K->74866K(1048512K), 0.0023034 secs] [Times: user=0.00 sys=0.00, real=0.00 secs] 
2.762: [GC (Allocation Failure) 2.762: [DefNew: 447K->63K(448K), 0.0024046 secs] 75250K->75246K(1048512K), 0.0024843 secs] [Times: user=0.01 sys=0.00, real=0.01 secs] 
2.774: [GC (Allocation Failure) 2.774: [DefNew: 447K->64K(448K), 0.0025558 secs] 75630K->75626K(1048512K), 0.0026298 secs] [Times: user=0.00 sys=0.00, real=0.01 secs] 
2.787: [GC (Allocation Failure) 2.787: [DefNew: 448K->63K(448K), 0.0019040 secs] 76010K->76006K(1048512K), 0.0019638 secs] [Times: user=0.00 sys=0.00, real=0.00 secs] 
2.797: [GC (Allocation Failure) 2.797: [DefNew: 447K->63K(448K), 0.0039790 secs] 76390K->76384K(1048512K), 0.0040413 secs] [Times: user=0.00 sys=0.00, real=0.00 secs] 
2.810: [GC (Allocation Failure) 2.810: [DefNew: 447K->63K(448K), 0.0026362 secs] 76768K->76762K(1048512K), 0.0027146 secs] [Times: user=0.01 sys=0.00, real=0.00 secs] 
2.822: [GC (Allocation Failure) 2.822: [DefNew: 447K->64K(448K), 0.0024791 secs] 77146K->77141K(1048512K), 0.0025473 secs] [Times: user=0.00 sys=0.00, real=0.01 secs] 
2.833: [GC (Allocation Failure) 2.833: [DefNew: 448K->63K(448K), 0.0024945 secs] 77525K->77521K(1048512K), 0.0025733 secs] [Times: user=0.00 sys=0.01, real=0.01 secs] 
2.844: [GC (Allocation Failure) 2.844: [DefNew: 447K->63K(448K), 0.0025722 secs] 77905K->77899K(1048512K), 0.0026615 secs] [Times: user=0.01 sys=0.00, real=0.00 secs] 
2.857: [GC (Allocation Failure) 2.857: [DefNew: 447K->63K(448K), 0.0022297 secs] 78283K->78276K(1048512K), 0.0022915 secs] [Times: user=0.00 sys=0.00, real=0.00 secs] 
2.871: [GC (Allocation Failure) 2.871: [DefNew: 447K->63K(448K), 0.0020641 secs] 78660K->78655K(1048512K), 0.0021380 secs] [Times: user=0.00 sys=0.00, real=0.00 secs] 
2.882: [GC (Allocation Failure) 2.882: [DefNew: 447K->64K(448K), 0.0061569 secs] 79039K->79035K(1048512K), 0.0062292 secs] [Times: user=0.00 sys=0.00, real=0.01 secs] 
2.900: [GC (Allocation Failure) 2.900: [DefNew: 448K->64K(448K), 0.0017949 secs] 79419K->79415K(1048512K), 0.0018441 secs] [Times: user=0.01 sys=0.00, real=0.00 secs] 
2.913: [GC (Allocation Failure) 2.913: [DefNew: 448K->63K(448K), 0.0018024 secs] 79799K->79793K(1048512K), 0.0018528 secs] [Times: user=0.00 sys=0.00, real=0.01 secs] 
2.927: [GC (Allocation Failure) 2.927: [DefNew: 447K->63K(448K), 0.0025108 secs] 80177K->80171K(1048512K), 0.0025842 secs] [Times: user=0.00 sys=0.00, real=0.00 secs] 
2.938: [GC (Allocation Failure) 2.938: [DefNew: 447K->63K(448K), 0.0021490 secs] 80555K->80551K(1048512K), 0.0022108 secs] [Times: user=0.00 sys=0.00, real=0.00 secs] 
2.953: [GC (Allocation Failure) 2.953: [DefNew: 447K->63K(448K), 0.0030292 secs] 80935K->80928K(1048512K), 0.0030989 secs] [Times: user=0.01 sys=0.00, real=0.01 secs] 
2.966: [GC (Allocation Failure) 2.966: [DefNew: 447K->63K(448K), 0.0019918 secs] 81312K->81307K(1048512K), 0.0020446 secs] [Times: user=0.00 sys=0.00, real=0.00 secs] 
2.976: [GC (Allocation Failure) 2.976: [DefNew: 447K->63K(448K), 0.0033780 secs] 81691K->81687K(1048512K), 0.0034477 secs] [Times: user=0.00 sys=0.00, real=0.00 secs] 
2.988: [GC (Allocation Failure) 2.988: [DefNew: 447K->63K(448K), 0.0035135 secs] 82071K->82065K(1048512K), 0.0035798 secs] [Times: user=0.01 sys=0.00, real=0.00 secs] 
3.001: [GC (Allocation Failure) 3.001: [DefNew: 447K->64K(448K), 0.0020194 secs] 82449K->82443K(1048512K), 0.0021294 secs] [Times: user=0.00 sys=0.00, real=0.00 secs] 
3.011: [GC (Allocation Failure) 3.011: [DefNew: 448K->63K(448K), 0.0023810 secs] 82827K->82823K(1048512K), 0.0024441 secs] [Times: user=0.00 sys=0.00, real=0.00 secs] 
3.022: [GC (Allocation Failure) 3.022: [DefNew: 447K->63K(448K), 0.0023281 secs] 83207K->83201K(1048512K), 0.0023899 secs] [Times: user=0.00 sys=0.00, real=0.01 secs] 
3.033: [GC (Allocation Failure) 3.033: [DefNew: 447K->63K(448K), 0.0019587 secs] 83585K->83580K(1048512K), 0.0020214 secs] [Times: user=0.01 sys=0.00, real=0.01 secs] 
3.043: [GC (Allocation Failure) 3.044: [DefNew: 447K->64K(448K), 0.0020623 secs] 83964K->83960K(1048512K), 0.0021312 secs] [Times: user=0.00 sys=0.00, real=0.01 secs] 
3.055: [GC (Allocation Failure) 3.055: [DefNew: 447K->64K(448K), 0.0021477 secs] 84344K->84336K(1048512K), 0.0022042 secs] [Times: user=0.00 sys=0.00, real=0.00 secs] 
3.065: [GC (Allocation Failure) 3.065: [DefNew: 448K->63K(448K), 0.0018147 secs] 84720K->84715K(1048512K), 0.0018695 secs] [Times: user=0.00 sys=0.00, real=0.00 secs] 
3.076: [GC (Allocation Failure) 3.076: [DefNew: 447K->63K(448K), 0.0022566 secs] 85099K->85095K(1048512K), 0.0023216 secs] [Times: user=0.00 sys=0.00, real=0.00 secs] 
3.088: [GC (Allocation Failure) 3.088: [DefNew: 447K->63K(448K), 0.0017957 secs] 85479K->85475K(1048512K), 0.0018717 secs] [Times: user=0.00 sys=0.00, real=0.00 secs] 
3.098: [GC (Allocation Failure) 3.098: [DefNew: 447K->63K(448K), 0.0021128 secs] 85859K->85853K(1048512K), 0.0021634 secs] [Times: user=0.00 sys=0.01, real=0.00 secs] 
3.109: [GC (Allocation Failure) 3.109: [DefNew: 447K->63K(448K), 0.0026477 secs] 86237K->86231K(1048512K), 0.0027203 secs] [Times: user=0.00 sys=0.00, real=0.00 secs] 
3.121: [GC (Allocation Failure) 3.121: [DefNew: 447K->63K(448K), 0.0023699 secs] 86615K->86611K(1048512K), 0.0024337 secs] [Times: user=0.00 sys=0.00, real=0.00 secs] 
3.132: [GC (Allocation Failure) 3.132: [DefNew: 447K->63K(448K), 0.0019567 secs] 86995K->86989K(1048512K), 0.0020090 secs] [Times: user=0.00 sys=0.00, real=0.00 secs] 
3.143: [GC (Allocation Failure) 3.143: [DefNew: 447K->64K(448K), 0.0019634 secs] 87373K->87368K(1048512K), 0.0020205 secs] [Times: user=0.00 sys=0.00, real=0.01 secs] 
3.154: [GC (Allocation Failure) 3.154: [DefNew: 448K->63K(448K), 0.0025512 secs] 87752K->87748K(1048512K), 0.0029960 secs] [Times: user=0.00 sys=0.00, real=0.01 secs] 
3.168: [GC (Allocation Failure) 3.168: [DefNew: 447K->64K(448K), 0.0037465 secs] 88132K->88124K(1048512K), 0.0038172 secs] [Times: user=0.01 sys=0.00, real=0.00 secs] 
3.188: [GC (Allocation Failure) 3.188: [DefNew: 448K->63K(448K), 0.0023894 secs] 88508K->88503K(1048512K), 0.0024562 secs] [Times: user=0.00 sys=0.00, real=0.00 secs] 
3.199: [GC (Allocation Failure) 3.199: [DefNew: 447K->63K(448K), 0.0024413 secs] 88887K->88883K(1048512K), 0.0025027 secs] [Times: user=0.00 sys=0.00, real=0.00 secs] 
3.210: [GC (Allocation Failure) 3.210: [DefNew: 447K->64K(448K), 0.0019904 secs] 89267K->89263K(1048512K), 0.0020520 secs] [Times: user=0.00 sys=0.00, real=0.00 secs] 
3.222: [GC (Allocation Failure) 3.222: [DefNew: 448K->63K(448K), 0.0022916 secs] 89647K->89641K(1048512K), 0.0023519 secs] [Times: user=0.01 sys=0.00, real=0.00 secs] 
3.234: [GC (Allocation Failure) 3.234: [DefNew: 447K->63K(448K), 0.0022305 secs] 90025K->90019K(1048512K), 0.0022912 secs] [Times: user=0.00 sys=0.00, real=0.01 secs] 
3.246: [GC (Allocation Failure) 3.246: [DefNew: 447K->63K(448K), 0.0023841 secs] 90403K->90399K(1048512K), 0.0024589 secs] [Times: user=0.00 sys=0.00, real=0.00 secs] 
3.257: [GC (Allocation Failure) 3.257: [DefNew: 447K->63K(448K), 0.0025644 secs] 90783K->90777K(1048512K), 0.0026131 secs] [Times: user=0.00 sys=0.00, real=0.00 secs] 
3.267: [GC (Allocation Failure) 3.267: [DefNew: 447K->63K(448K), 0.0017247 secs] 91161K->91154K(1048512K), 0.0017694 secs] [Times: user=0.01 sys=0.00, real=0.00 secs] 
3.278: [GC (Allocation Failure) 3.278: [DefNew: 447K->63K(448K), 0.0026188 secs] 91538K->91534K(1048512K), 0.0027122 secs] [Times: user=0.00 sys=0.00, real=0.00 secs] 
3.291: [GC (Allocation Failure) 3.291: [DefNew: 447K->63K(448K), 0.0034258 secs] 91918K->91912K(1048512K), 0.0035647 secs] [Times: user=0.00 sys=0.00, real=0.01 secs] 
3.303: [GC (Allocation Failure) 3.303: [DefNew: 447K->63K(448K), 0.0020993 secs] 92296K->92292K(1048512K), 0.0021601 secs] [Times: user=0.01 sys=0.00, real=0.01 secs] 
3.314: [GC (Allocation Failure) 3.314: [DefNew: 447K->63K(448K), 0.0016196 secs] 92676K->92672K(1048512K), 0.0016818 secs] [Times: user=0.00 sys=0.00, real=0.00 secs] 
3.324: [GC (Allocation Failure) 3.324: [DefNew: 447K->63K(448K), 0.0023855 secs] 93056K->93050K(1048512K), 0.0024557 secs] [Times: user=0.00 sys=0.00, real=0.01 secs] 
3.336: [GC (Allocation Failure) 3.336: [DefNew: 447K->64K(448K), 0.0020333 secs] 93434K->93428K(1048512K), 0.0020875 secs] [Times: user=0.00 sys=0.00, real=0.00 secs] 
3.347: [GC (Allocation Failure) 3.347: [DefNew: 448K->64K(448K), 0.0026598 secs] 93812K->93808K(1048512K), 0.0027268 secs] [Times: user=0.00 sys=0.01, real=0.00 secs] 
3.358: [GC (Allocation Failure) 3.358: [DefNew: 448K->64K(448K), 0.0016299 secs] 94192K->94186K(1048512K), 0.0016754 secs] [Times: user=0.00 sys=0.00, real=0.00 secs] 
3.369: [GC (Allocation Failure) 3.369: [DefNew: 448K->64K(448K), 0.0024880 secs] 94570K->94563K(1048512K), 0.0026515 secs] [Times: user=0.00 sys=0.00, real=0.00 secs] 
3.382: [GC (Allocation Failure) 3.382: [DefNew: 448K->63K(448K), 0.0030007 secs] 94947K->94942K(1048512K), 0.0031234 secs] [Times: user=0.00 sys=0.00, real=0.01 secs] 
3.393: [GC (Allocation Failure) 3.393: [DefNew: 447K->63K(448K), 0.0031664 secs] 95326K->95321K(1048512K), 0.0032429 secs] [Times: user=0.01 sys=0.00, real=0.01 secs] 
3.405: [GC (Allocation Failure) 3.405: [DefNew: 447K->64K(448K), 0.0023259 secs] 95705K->95701K(1048512K), 0.0023948 secs] [Times: user=0.00 sys=0.00, real=0.00 secs] 
3.417: [GC (Allocation Failure) 3.417: [DefNew: 448K->63K(448K), 0.0018391 secs] 96085K->96081K(1048512K), 0.0018979 secs] [Times: user=0.00 sys=0.00, real=0.00 secs] 
3.427: [GC (Allocation Failure) 3.427: [DefNew: 447K->64K(448K), 0.0017419 secs] 96465K->96458K(1048512K), 0.0017941 secs] [Times: user=0.00 sys=0.00, real=0.00 secs] 
3.438: [GC (Allocation Failure) 3.438: [DefNew: 448K->63K(448K), 0.0022277 secs] 96842K->96837K(1048512K), 0.0022866 secs] [Times: user=0.01 sys=0.00, real=0.00 secs] 
3.449: [GC (Allocation Failure) 3.449: [DefNew: 447K->64K(448K), 0.0017165 secs] 97221K->97217K(1048512K), 0.0017714 secs] [Times: user=0.00 sys=0.00, real=0.00 secs] 
3.459: [GC (Allocation Failure) 3.459: [DefNew: 448K->64K(448K), 0.0022222 secs] 97601K->97595K(1048512K), 0.0022815 secs] [Times: user=0.00 sys=0.00, real=0.00 secs] 
3.470: [GC (Allocation Failure) 3.470: [DefNew: 448K->64K(448K), 0.0021184 secs] 97979K->97971K(1048512K), 0.0021736 secs] [Times: user=0.00 sys=0.00, real=0.00 secs] 
3.481: [GC (Allocation Failure) 3.481: [DefNew: 448K->63K(448K), 0.0018787 secs] 98355K->98351K(1048512K), 0.0019404 secs] [Times: user=0.01 sys=0.00, real=0.00 secs] 
3.492: [GC (Allocation Failure) 3.492: [DefNew: 447K->64K(448K), 0.0030293 secs] 98735K->98730K(1048512K), 0.0031596 secs] [Times: user=0.00 sys=0.00, real=0.01 secs] 
3.504: [GC (Allocation Failure) 3.504: [DefNew: 448K->63K(448K), 0.0017803 secs] 99114K->99110K(1048512K), 0.0018288 secs] [Times: user=0.00 sys=0.00, real=0.00 secs] 
3.514: [GC (Allocation Failure) 3.514: [DefNew: 447K->64K(448K), 0.0022540 secs] 99494K->99489K(1048512K), 0.0023086 secs] [Times: user=0.00 sys=0.00, real=0.00 secs] 
3.526: [GC (Allocation Failure) 3.526: [DefNew: 448K->63K(448K), 0.0024012 secs] 99873K->99867K(1048512K), 0.0024580 secs] [Times: user=0.01 sys=0.00, real=0.00 secs] 
3.538: [GC (Allocation Failure) 3.538: [DefNew: 447K->64K(448K), 0.0019486 secs] 100251K->100246K(1048512K), 0.0020215 secs] [Times: user=0.00 sys=0.00, real=0.00 secs] 
3.548: [GC (Allocation Failure) 3.548: [DefNew: 448K->63K(448K), 0.0020356 secs] 100630K->100626K(1048512K), 0.0020954 secs] [Times: user=0.00 sys=0.00, real=0.00 secs] 
3.559: [GC (Allocation Failure) 3.559: [DefNew: 447K->64K(448K), 0.0019642 secs] 101010K->101004K(1048512K), 0.0020260 secs] [Times: user=0.00 sys=0.00, real=0.00 secs] 
3.571: [GC (Allocation Failure) 3.571: [DefNew: 448K->63K(448K), 0.0031813 secs] 101388K->101382K(1048512K), 0.0032618 secs] [Times: user=0.01 sys=0.00, real=0.00 secs] 
3.584: [GC (Allocation Failure) 3.584: [DefNew: 447K->64K(448K), 0.0040344 secs] 101766K->101760K(1048512K), 0.0042179 secs] [Times: user=0.00 sys=0.00, real=0.01 secs] 
3.598: [GC (Allocation Failure) 3.598: [DefNew: 448K->64K(448K), 0.0025827 secs] 102144K->102139K(1048512K), 0.0026633 secs] [Times: user=0.00 sys=0.01, real=0.00 secs] 
3.610: [GC (Allocation Failure) 3.610: [DefNew: 448K->63K(448K), 0.0024300 secs] 102523K->102519K(1048512K), 0.0024945 secs] [Times: user=0.01 sys=0.00, real=0.00 secs] 
3.621: [GC (Allocation Failure) 3.621: [DefNew: 447K->63K(448K), 0.0027026 secs] 102903K->102897K(1048512K), 0.0027818 secs] [Times: user=0.00 sys=0.00, real=0.00 secs] 
3.632: [GC (Allocation Failure) 3.632: [DefNew: 447K->64K(448K), 0.0020472 secs] 103281K->103275K(1048512K), 0.0021157 secs] [Times: user=0.00 sys=0.00, real=0.01 secs] 
3.642: [GC (Allocation Failure) 3.642: [DefNew: 448K->63K(448K), 0.0020417 secs] 103659K->103655K(1048512K), 0.0021175 secs] [Times: user=0.00 sys=0.00, real=0.01 secs] 
3.654: [GC (Allocation Failure) 3.654: [DefNew: 447K->63K(448K), 0.0027605 secs] 104039K->104033K(1048512K), 0.0028251 secs] [Times: user=0.01 sys=0.00, real=0.01 secs] 
3.666: [GC (Allocation Failure) 3.666: [DefNew: 447K->63K(448K), 0.0025327 secs] 104417K->104412K(1048512K), 0.0025942 secs] [Times: user=0.00 sys=0.00, real=0.00 secs] 
3.677: [GC (Allocation Failure) 3.677: [DefNew: 447K->64K(448K), 0.0023575 secs] 104796K->104792K(1048512K), 0.0024198 secs] [Times: user=0.00 sys=0.00, real=0.00 secs] 
3.688: [GC (Allocation Failure) 3.688: [DefNew: 447K->63K(448K), 0.0028338 secs] 105176K->105168K(1048512K), 0.0029190 secs] [Times: user=0.01 sys=0.00, real=0.00 secs] 
3.701: [GC (Allocation Failure) 3.701: [DefNew: 447K->63K(448K), 0.0023593 secs] 105552K->105547K(1048512K), 0.0024235 secs] [Times: user=0.00 sys=0.00, real=0.00 secs] 
3.712: [GC (Allocation Failure) 3.712: [DefNew: 447K->63K(448K), 0.0025497 secs] 105931K->105927K(1048512K), 0.0026132 secs] [Times: user=0.00 sys=0.00, real=0.00 secs] 
3.723: [GC (Allocation Failure) 3.724: [DefNew: 447K->63K(448K), 0.0023261 secs] 106311K->106306K(1048512K), 0.0023915 secs] [Times: user=0.00 sys=0.00, real=0.01 secs] 
3.735: [GC (Allocation Failure) 3.735: [DefNew: 447K->63K(448K), 0.0024118 secs] 106690K->106685K(1048512K), 0.0024740 secs] [Times: user=0.01 sys=0.00, real=0.00 secs] 
3.745: [GC (Allocation Failure) 3.745: [DefNew: 447K->64K(448K), 0.0020315 secs] 107069K->107063K(1048512K), 0.0020912 secs] [Times: user=0.00 sys=0.00, real=0.00 secs] 
3.757: [GC (Allocation Failure) 3.757: [DefNew: 448K->64K(448K), 0.0025348 secs] 107447K->107442K(1048512K), 0.0025946 secs] [Times: user=0.00 sys=0.00, real=0.00 secs] 
3.767: [GC (Allocation Failure) 3.767: [DefNew: 448K->63K(448K), 0.0018445 secs] 107826K->107822K(1048512K), 0.0018990 secs] [Times: user=0.00 sys=0.00, real=0.00 secs] 
3.778: [GC (Allocation Failure) 3.779: [DefNew: 447K->64K(448K), 0.0021950 secs] 108206K->108200K(1048512K), 0.0022628 secs] [Times: user=0.01 sys=0.00, real=0.00 secs] 
3.790: [GC (Allocation Failure) 3.790: [DefNew: 448K->64K(448K), 0.0067809 secs] 108584K->108576K(1048512K), 0.0068799 secs] [Times: user=0.00 sys=0.00, real=0.01 secs] 
3.807: [GC (Allocation Failure) 3.807: [DefNew: 448K->63K(448K), 0.0063572 secs] 108960K->108956K(1048512K), 0.0065211 secs] [Times: user=0.01 sys=0.00, real=0.00 secs] 
3.823: [GC (Allocation Failure) 3.823: [DefNew: 447K->63K(448K), 0.0022639 secs] 109340K->109336K(1048512K), 0.0023357 secs] [Times: user=0.00 sys=0.00, real=0.01 secs] 
3.834: [GC (Allocation Failure) 3.834: [DefNew: 447K->63K(448K), 0.0022530 secs] 109720K->109716K(1048512K), 0.0023234 secs] [Times: user=0.00 sys=0.00, real=0.00 secs] 
3.845: [GC (Allocation Failure) 3.845: [DefNew: 447K->63K(448K), 0.0025023 secs] 110100K->110094K(1048512K), 0.0025684 secs] [Times: user=0.00 sys=0.01, real=0.00 secs] 
3.856: [GC (Allocation Failure) 3.856: [DefNew: 447K->63K(448K), 0.0023691 secs] 110478K->110472K(1048512K), 0.0024254 secs] [Times: user=0.01 sys=0.00, real=0.00 secs] 
3.868: [GC (Allocation Failure) 3.868: [DefNew: 447K->63K(448K), 0.0024174 secs] 110856K->110851K(1048512K), 0.0024915 secs] [Times: user=0.00 sys=0.00, real=0.00 secs] 
3.878: [GC (Allocation Failure) 3.878: [DefNew: 447K->63K(448K), 0.0023333 secs] 111235K->111231K(1048512K), 0.0023991 secs] [Times: user=0.00 sys=0.00, real=0.00 secs] 
3.890: [GC (Allocation Failure) 3.890: [DefNew: 447K->63K(448K), 0.0020379 secs] 111615K->111607K(1048512K), 0.0021083 secs] [Times: user=0.00 sys=0.00, real=0.00 secs] 
3.901: [GC (Allocation Failure) 3.901: [DefNew: 447K->63K(448K), 0.0026554 secs] 111991K->111986K(1048512K), 0.0027113 secs] [Times: user=0.01 sys=0.00, real=0.00 secs] 
3.911: [GC (Allocation Failure) 3.911: [DefNew: 447K->63K(448K), 0.0019991 secs] 112370K->112365K(1048512K), 0.0020660 secs] [Times: user=0.00 sys=0.00, real=0.00 secs] 
3.922: [GC (Allocation Failure) 3.922: [DefNew: 447K->63K(448K), 0.0020515 secs] 112749K->112745K(1048512K), 0.0021130 secs] [Times: user=0.00 sys=0.00, real=0.01 secs] 
3.932: [GC (Allocation Failure) 3.932: [DefNew: 447K->63K(448K), 0.0024370 secs] 113129K->113123K(1048512K), 0.0024927 secs] [Times: user=0.00 sys=0.00, real=0.01 secs] 
3.944: [GC (Allocation Failure) 3.944: [DefNew: 447K->64K(448K), 0.0019294 secs] 113507K->113501K(1048512K), 0.0019785 secs] [Times: user=0.01 sys=0.00, real=0.01 secs] 
3.955: [GC (Allocation Failure) 3.955: [DefNew: 448K->64K(448K), 0.0020196 secs] 113885K->113881K(1048512K), 0.0020879 secs] [Times: user=0.00 sys=0.00, real=0.00 secs] 
3.965: [GC (Allocation Failure) 3.965: [DefNew: 448K->63K(448K), 0.0022760 secs] 114265K->114259K(1048512K), 0.0023450 secs] [Times: user=0.00 sys=0.00, real=0.00 secs] 
3.976: [GC (Allocation Failure) 3.977: [DefNew: 447K->63K(448K), 0.0018030 secs] 114643K->114639K(1048512K), 0.0018541 secs] [Times: user=0.00 sys=0.00, real=0.00 secs] 
4.005: [GC (Allocation Failure) 4.005: [DefNew: 447K->63K(448K), 0.0136915 secs] 117071K->117064K(1048512K), 0.0138261 secs] [Times: user=0.01 sys=0.00, real=0.01 secs] 
4.027: [GC (Allocation Failure) 4.027: [DefNew: 447K->63K(448K), 0.0019730 secs] 117448K->117442K(1048512K), 0.0020501 secs] [Times: user=0.00 sys=0.00, real=0.00 secs] 
4.038: [GC (Allocation Failure) 4.038: [DefNew: 447K->63K(448K), 0.0017784 secs] 117826K->117820K(1048512K), 0.0018298 secs] [Times: user=0.00 sys=0.00, real=0.00 secs] 
4.049: [GC (Allocation Failure) 4.049: [DefNew: 447K->63K(448K), 0.0022397 secs] 118204K->118199K(1048512K), 0.0023013 secs] [Times: user=0.01 sys=0.00, real=0.00 secs] 
4.060: [GC (Allocation Failure) 4.060: [DefNew: 447K->63K(448K), 0.0020121 secs] 118583K->118578K(1048512K), 0.0020793 secs] [Times: user=0.00 sys=0.00, real=0.00 secs] 
4.071: [GC (Allocation Failure) 4.071: [DefNew: 447K->63K(448K), 0.0019776 secs] 118962K->118957K(1048512K), 0.0020376 secs] [Times: user=0.00 sys=0.00, real=0.00 secs] 
4.081: [GC (Allocation Failure) 4.081: [DefNew: 447K->64K(448K), 0.0026124 secs] 119341K->119336K(1048512K), 0.0026707 secs] [Times: user=0.00 sys=0.00, real=0.00 secs] 
4.094: [GC (Allocation Failure) 4.094: [DefNew: 448K->63K(448K), 0.0025276 secs] 119720K->119715K(1048512K), 0.0025775 secs] [Times: user=0.01 sys=0.01, real=0.01 secs] 
4.106: [GC (Allocation Failure) 4.106: [DefNew: 447K->63K(448K), 0.0026847 secs] 120099K->120091K(1048512K), 0.0027717 secs] [Times: user=0.00 sys=0.00, real=0.00 secs] 
4.118: [GC (Allocation Failure) 4.118: [DefNew: 447K->63K(448K), 0.0025750 secs] 120475K->120470K(1048512K), 0.0026289 secs] [Times: user=0.00 sys=0.00, real=0.00 secs] 
4.130: [GC (Allocation Failure) 4.131: [DefNew: 447K->63K(448K), 0.0026805 secs] 120854K->120849K(1048512K), 0.0029073 secs] [Times: user=0.01 sys=0.00, real=0.00 secs] 
4.143: [GC (Allocation Failure) 4.143: [DefNew: 447K->63K(448K), 0.0025847 secs] 121233K->121229K(1048512K), 0.0026429 secs] [Times: user=0.00 sys=0.00, real=0.01 secs] 
4.154: [GC (Allocation Failure) 4.155: [DefNew: 447K->63K(448K), 0.0029791 secs] 121613K->121607K(1048512K), 0.0030454 secs] [Times: user=0.00 sys=0.00, real=0.00 secs] 
4.167: [GC (Allocation Failure) 4.167: [DefNew: 447K->63K(448K), 0.0032271 secs] 121991K->121986K(1048512K), 0.0032938 secs] [Times: user=0.01 sys=0.00, real=0.00 secs] 
4.180: [GC (Allocation Failure) 4.180: [DefNew: 447K->63K(448K), 0.0033016 secs] 122370K->122365K(1048512K), 0.0033743 secs] [Times: user=0.00 sys=0.00, real=0.00 secs] 
4.192: [GC (Allocation Failure) 4.192: [DefNew: 447K->63K(448K), 0.0033125 secs] 122749K->122743K(1048512K), 0.0033805 secs] [Times: user=0.00 sys=0.00, real=0.01 secs] 
4.205: [GC (Allocation Failure) 4.205: [DefNew: 447K->63K(448K), 0.0045558 secs] 123127K->123120K(1048512K), 0.0046923 secs] [Times: user=0.01 sys=0.00, real=0.00 secs] 
4.219: [GC (Allocation Failure) 4.219: [DefNew: 447K->64K(448K), 0.0029318 secs] 123504K->123499K(1048512K), 0.0031151 secs] [Times: user=0.00 sys=0.00, real=0.00 secs] 
4.231: [GC (Allocation Failure) 4.232: [DefNew: 448K->64K(448K), 0.0025577 secs] 123883K->123879K(1048512K), 0.0026139 secs] [Times: user=0.01 sys=0.00, real=0.00 secs] 
4.244: [GC (Allocation Failure) 4.244: [DefNew: 448K->63K(448K), 0.0026882 secs] 124263K->124257K(1048512K), 0.0027464 secs] [Times: user=0.00 sys=0.00, real=0.01 secs] 
4.255: [GC (Allocation Failure) 4.255: [DefNew: 447K->63K(448K), 0.0028648 secs] 124641K->124636K(1048512K), 0.0029436 secs] [Times: user=0.00 sys=0.00, real=0.00 secs] 
4.268: [GC (Allocation Failure) 4.268: [DefNew: 447K->63K(448K), 0.0027098 secs] 125020K->125016K(1048512K), 0.0027692 secs] [Times: user=0.00 sys=0.00, real=0.00 secs] 
4.281: [GC (Allocation Failure) 4.281: [DefNew: 447K->63K(448K), 0.0026066 secs] 125400K->125394K(1048512K), 0.0026634 secs] [Times: user=0.00 sys=0.00, real=0.00 secs] 
4.292: [GC (Allocation Failure) 4.292: [DefNew: 447K->63K(448K), 0.0058323 secs] 125778K->125772K(1048512K), 0.0060983 secs] [Times: user=0.00 sys=0.01, real=0.01 secs] 
4.311: [GC (Allocation Failure) 4.311: [DefNew: 447K->63K(448K), 0.0018520 secs] 126156K->126150K(1048512K), 0.0019160 secs] [Times: user=0.00 sys=0.00, real=0.00 secs] 
4.322: [GC (Allocation Failure) 4.322: [DefNew: 447K->63K(448K), 0.0017786 secs] 126534K->126530K(1048512K), 0.0018320 secs] [Times: user=0.00 sys=0.00, real=0.00 secs] 
4.332: [GC (Allocation Failure) 4.332: [DefNew: 447K->63K(448K), 0.0024923 secs] 126914K->126908K(1048512K), 0.0025521 secs] [Times: user=0.00 sys=0.00, real=0.01 secs] 
4.345: [GC (Allocation Failure) 4.345: [DefNew: 447K->64K(448K), 0.0024646 secs] 127292K->127287K(1048512K), 0.0025204 secs] [Times: user=0.00 sys=0.00, real=0.00 secs] 
4.358: [GC (Allocation Failure) 4.358: [DefNew: 448K->63K(448K), 0.0025439 secs] 127671K->127667K(1048512K), 0.0025977 secs] [Times: user=0.01 sys=0.00, real=0.00 secs] 
4.369: [GC (Allocation Failure) 4.369: [DefNew: 447K->64K(448K), 0.0029147 secs] 128051K->128045K(1048512K), 0.0030091 secs] [Times: user=0.00 sys=0.00, real=0.00 secs] 
4.382: [GC (Allocation Failure) 4.382: [DefNew: 448K->63K(448K), 0.0027145 secs] 128429K->128423K(1048512K), 0.0027869 secs] [Times: user=0.00 sys=0.00, real=0.01 secs] 
4.392: [GC (Allocation Failure) 4.392: [DefNew: 447K->64K(448K), 0.0027356 secs] 128807K->128802K(1048512K), 0.0028249 secs] [Times: user=0.00 sys=0.00, real=0.01 secs] 
4.405: [GC (Allocation Failure) 4.405: [DefNew: 448K->63K(448K), 0.0047038 secs] 129186K->129180K(1048512K), 0.0048389 secs] [Times: user=0.00 sys=0.00, real=0.00 secs] 
4.419: [GC (Allocation Failure) 4.419: [DefNew: 447K->63K(448K), 0.0040772 secs] 129564K->129559K(1048512K), 0.0041868 secs] [Times: user=0.00 sys=0.00, real=0.00 secs] 
4.432: [GC (Allocation Failure) 4.432: [DefNew: 447K->63K(448K), 0.0027374 secs] 129943K->129939K(1048512K), 0.0027969 secs] [Times: user=0.01 sys=0.00, real=0.01 secs] 
4.445: [GC (Allocation Failure) 4.445: [DefNew: 447K->64K(448K), 0.0026081 secs] 130323K->130317K(1048512K), 0.0026640 secs] [Times: user=0.00 sys=0.00, real=0.00 secs] 
4.457: [GC (Allocation Failure) 4.457: [DefNew: 448K->63K(448K), 0.0025365 secs] 130701K->130695K(1048512K), 0.0025907 secs] [Times: user=0.00 sys=0.00, real=0.00 secs] 
4.469: [GC (Allocation Failure) 4.469: [DefNew: 447K->63K(448K), 0.0026935 secs] 131079K->131075K(1048512K), 0.0027483 secs] [Times: user=0.01 sys=0.00, real=0.00 secs] 
4.481: [GC (Allocation Failure) 4.481: [DefNew: 447K->64K(448K), 0.0027101 secs] 131459K->131453K(1048512K), 0.0027636 secs] [Times: user=0.00 sys=0.00, real=0.00 secs] 
4.494: [GC (Allocation Failure) 4.494: [DefNew: 448K->63K(448K), 0.0026205 secs] 131837K->131832K(1048512K), 0.0026824 secs] [Times: user=0.00 sys=0.01, real=0.01 secs] 
4.505: [GC (Allocation Failure) 4.506: [DefNew: 447K->63K(448K), 0.0048147 secs] 132216K->132212K(1048512K), 0.0048965 secs] [Times: user=0.01 sys=0.00, real=0.00 secs] 
4.520: [GC (Allocation Failure) 4.520: [DefNew: 447K->64K(448K), 0.0032704 secs] 132596K->132588K(1048512K), 0.0033462 secs] [Times: user=0.00 sys=0.00, real=0.00 secs] 
4.532: [GC (Allocation Failure) 4.532: [DefNew: 448K->63K(448K), 0.0032901 secs] 132972K->132967K(1048512K), 0.0033800 secs] [Times: user=0.00 sys=0.00, real=0.01 secs] 
4.546: [GC (Allocation Failure) 4.546: [DefNew: 447K->64K(448K), 0.0032825 secs] 133351K->133347K(1048512K), 0.0033551 secs] [Times: user=0.01 sys=0.00, real=0.00 secs] 
4.559: [GC (Allocation Failure) 4.559: [DefNew: 448K->63K(448K), 0.0031325 secs] 133731K->133727K(1048512K), 0.0032075 secs] [Times: user=0.00 sys=0.00, real=0.00 secs] 
4.571: [GC (Allocation Failure) 4.571: [DefNew: 447K->64K(448K), 0.0035180 secs] 134111K->134105K(1048512K), 0.0035995 secs] [Times: user=0.01 sys=0.00, real=0.01 secs] 
4.584: [GC (Allocation Failure) 4.584: [DefNew: 448K->63K(448K), 0.0034663 secs] 134489K->134483K(1048512K), 0.0035450 secs] [Times: user=0.00 sys=0.00, real=0.00 secs] 
4.598: [GC (Allocation Failure) 4.598: [DefNew: 447K->63K(448K), 0.0032765 secs] 134867K->134863K(1048512K), 0.0033432 secs] [Times: user=0.00 sys=0.00, real=0.00 secs] 
4.610: [GC (Allocation Failure) 4.610: [DefNew: 447K->64K(448K), 0.0055569 secs] 135247K->135241K(1048512K), 0.0057113 secs] [Times: user=0.01 sys=0.00, real=0.01 secs] 
4.625: [GC (Allocation Failure) 4.625: [DefNew: 448K->63K(448K), 0.0045312 secs] 135625K->135618K(1048512K), 0.0047206 secs] [Times: user=0.00 sys=0.00, real=0.00 secs] 
4.640: [GC (Allocation Failure) 4.640: [DefNew: 447K->63K(448K), 0.0029440 secs] 136002K->135997K(1048512K), 0.0030213 secs] [Times: user=0.01 sys=0.00, real=0.00 secs] 
4.652: [GC (Allocation Failure) 4.652: [DefNew: 447K->63K(448K), 0.0027458 secs] 136381K->136376K(1048512K), 0.0027999 secs] [Times: user=0.00 sys=0.00, real=0.01 secs] 
4.665: [GC (Allocation Failure) 4.665: [DefNew: 447K->63K(448K), 0.0034193 secs] 136760K->136756K(1048512K), 0.0034971 secs] [Times: user=0.00 sys=0.01, real=0.00 secs] 
4.678: [GC (Allocation Failure) 4.678: [DefNew: 447K->64K(448K), 0.0032689 secs] 137140K->137136K(1048512K), 0.0033598 secs] [Times: user=0.01 sys=0.00, real=0.00 secs] 
4.690: [GC (Allocation Failure) 4.690: [DefNew: 448K->64K(448K), 0.0039356 secs] 137520K->137513K(1048512K), 0.0040052 secs] [Times: user=0.00 sys=0.00, real=0.01 secs] 
4.705: [GC (Allocation Failure) 4.705: [DefNew: 448K->63K(448K), 0.0034424 secs] 137897K->137892K(1048512K), 0.0035093 secs] [Times: user=0.00 sys=0.00, real=0.00 secs] 
4.718: [GC (Allocation Failure) 4.718: [DefNew: 447K->63K(448K), 0.0033530 secs] 138276K->138272K(1048512K), 0.0034256 secs] [Times: user=0.00 sys=0.00, real=0.00 secs] 
4.731: [GC (Allocation Failure) 4.731: [DefNew: 447K->63K(448K), 0.0034736 secs] 138656K->138648K(1048512K), 0.0035489 secs] [Times: user=0.00 sys=0.00, real=0.01 secs] 
4.744: [GC (Allocation Failure) 4.745: [DefNew: 447K->63K(448K), 0.0033699 secs] 139032K->139026K(1048512K), 0.0034448 secs] [Times: user=0.01 sys=0.00, real=0.00 secs] 
4.757: [GC (Allocation Failure) 4.757: [DefNew: 447K->63K(448K), 0.0034437 secs] 139410K->139406K(1048512K), 0.0035084 secs] [Times: user=0.00 sys=0.00, real=0.00 secs] 
4.770: [GC (Allocation Failure) 4.770: [DefNew: 447K->63K(448K), 0.0036595 secs] 139790K->139786K(1048512K), 0.0037723 secs] [Times: user=0.00 sys=0.00, real=0.00 secs] 
4.784: [GC (Allocation Failure) 4.784: [DefNew: 447K->63K(448K), 0.0032446 secs] 140170K->140164K(1048512K), 0.0033155 secs] [Times: user=0.01 sys=0.00, real=0.01 secs] 
4.796: [GC (Allocation Failure) 4.796: [DefNew: 447K->64K(448K), 0.0050324 secs] 140548K->140542K(1048512K), 0.0052037 secs] [Times: user=0.00 sys=0.00, real=0.00 secs] 
4.812: [GC (Allocation Failure) 4.812: [DefNew: 448K->64K(448K), 0.0035096 secs] 140926K->140922K(1048512K), 0.0035960 secs] [Times: user=0.01 sys=0.00, real=0.01 secs] 
4.825: [GC (Allocation Failure) 4.825: [DefNew: 448K->63K(448K), 0.0042147 secs] 141306K->141299K(1048512K), 0.0043052 secs] [Times: user=0.00 sys=0.00, real=0.00 secs] 
4.838: [GC (Allocation Failure) 4.838: [DefNew: 447K->63K(448K), 0.0082471 secs] 141683K->141678K(1048512K), 0.0083046 secs] [Times: user=0.00 sys=0.00, real=0.01 secs] 
4.856: [GC (Allocation Failure) 4.856: [DefNew: 447K->63K(448K), 0.0023533 secs] 142062K->142058K(1048512K), 0.0024084 secs] [Times: user=0.00 sys=0.00, real=0.00 secs] 
4.868: [GC (Allocation Failure) 4.868: [DefNew: 447K->63K(448K), 0.0019772 secs] 142442K->142438K(1048512K), 0.0020256 secs] [Times: user=0.00 sys=0.00, real=0.00 secs] 
4.878: [GC (Allocation Failure) 4.878: [DefNew: 447K->64K(448K), 0.0019233 secs] 142822K->142816K(1048512K), 0.0019686 secs] [Times: user=0.00 sys=0.00, real=0.00 secs] 
4.889: [GC (Allocation Failure) 4.889: [DefNew: 448K->63K(448K), 0.0018561 secs] 143200K->143194K(1048512K), 0.0019025 secs] [Times: user=0.00 sys=0.00, real=0.00 secs] 
4.898: [GC (Allocation Failure) 4.898: [DefNew: 447K->63K(448K), 0.0025413 secs] 143578K->143574K(1048512K), 0.0026030 secs] [Times: user=0.01 sys=0.00, real=0.00 secs] 
4.910: [GC (Allocation Failure) 4.910: [DefNew: 447K->63K(448K), 0.0020097 secs] 143958K->143952K(1048512K), 0.0020560 secs] [Times: user=0.00 sys=0.00, real=0.00 secs] 
4.922: [GC (Allocation Failure) 4.922: [DefNew: 447K->63K(448K), 0.0020951 secs] 144336K->144331K(1048512K), 0.0021406 secs] [Times: user=0.00 sys=0.00, real=0.00 secs] 
4.932: [GC (Allocation Failure) 4.932: [DefNew: 447K->63K(448K), 0.0018267 secs] 144715K->144708K(1048512K), 0.0018725 secs] [Times: user=0.00 sys=0.00, real=0.00 secs] 
4.943: [GC (Allocation Failure) 4.943: [DefNew: 447K->63K(448K), 0.0020928 secs] 145092K->145088K(1048512K), 0.0021405 secs] [Times: user=0.01 sys=0.00, real=0.01 secs] 
4.955: [GC (Allocation Failure) 4.955: [DefNew: 447K->64K(448K), 0.0017784 secs] 145472K->145468K(1048512K), 0.0018288 secs] [Times: user=0.00 sys=0.00, real=0.00 secs] 
4.964: [GC (Allocation Failure) 4.964: [DefNew: 448K->63K(448K), 0.0020840 secs] 145852K->145846K(1048512K), 0.0021355 secs] [Times: user=0.00 sys=0.00, real=0.00 secs] 
4.976: [GC (Allocation Failure) 4.976: [DefNew: 447K->63K(448K), 0.0016359 secs] 146230K->146224K(1048512K), 0.0016753 secs] [Times: user=0.00 sys=0.00, real=0.00 secs] 
4.987: [GC (Allocation Failure) 4.987: [DefNew: 447K->63K(448K), 0.0018316 secs] 146608K->146604K(1048512K), 0.0018795 secs] [Times: user=0.00 sys=0.00, real=0.00 secs] 
4.997: [GC (Allocation Failure) 4.997: [DefNew: 447K->64K(448K), 0.0018505 secs] 146988K->146982K(1048512K), 0.0018947 secs] [Times: user=0.01 sys=0.00, real=0.00 secs] 
5.008: [GC (Allocation Failure) 5.008: [DefNew: 448K->63K(448K), 0.0023126 secs] 147366K->147361K(1048512K), 0.0024202 secs] [Times: user=0.00 sys=0.00, real=0.00 secs] 
5.020: [GC (Allocation Failure) 5.020: [DefNew: 447K->64K(448K), 0.0018530 secs] 147745K->147741K(1048512K), 0.0019384 secs] [Times: user=0.00 sys=0.00, real=0.00 secs] 
5.030: [GC (Allocation Failure) 5.030: [DefNew: 447K->63K(448K), 0.0027331 secs] 148125K->148117K(1048512K), 0.0028158 secs] [Times: user=0.00 sys=0.00, real=0.00 secs] 
5.044: [GC (Allocation Failure) 5.044: [DefNew: 447K->64K(448K), 0.0054017 secs] 148501K->148495K(1048512K), 0.0055272 secs] [Times: user=0.01 sys=0.00, real=0.01 secs] 
5.058: [GC (Allocation Failure) 5.058: [DefNew: 448K->64K(448K), 0.0030483 secs] 148879K->148875K(1048512K), 0.0031357 secs] [Times: user=0.00 sys=0.00, real=0.00 secs] 
5.070: [GC (Allocation Failure) 5.070: [DefNew: 448K->64K(448K), 0.0020071 secs] 149259K->149255K(1048512K), 0.0020597 secs] [Times: user=0.00 sys=0.00, real=0.00 secs] 
5.081: [GC (Allocation Failure) 5.081: [DefNew: 448K->63K(448K), 0.0018095 secs] 149639K->149633K(1048512K), 0.0018516 secs] [Times: user=0.01 sys=0.00, real=0.00 secs] 
5.091: [GC (Allocation Failure) 5.091: [DefNew: 447K->63K(448K), 0.0018316 secs] 150017K->150011K(1048512K), 0.0018760 secs] [Times: user=0.00 sys=0.00, real=0.00 secs] 
5.102: [GC (Allocation Failure) 5.102: [DefNew: 447K->63K(448K), 0.0018986 secs] 150395K->150390K(1048512K), 0.0019431 secs] [Times: user=0.00 sys=0.00, real=0.00 secs] 
5.113: [GC (Allocation Failure) 5.113: [DefNew: 447K->63K(448K), 0.0021412 secs] 150774K->150770K(1048512K), 0.0021907 secs] [Times: user=0.00 sys=0.00, real=0.01 secs] 
5.123: [GC (Allocation Failure) 5.123: [DefNew: 447K->64K(448K), 0.0020129 secs] 151154K->151148K(1048512K), 0.0020600 secs] [Times: user=0.00 sys=0.00, real=0.01 secs] 
5.134: [GC (Allocation Failure) 5.134: [DefNew: 448K->63K(448K), 0.0020160 secs] 151532K->151527K(1048512K), 0.0020670 secs] [Times: user=0.01 sys=0.01, real=0.01 secs] 
5.145: [GC (Allocation Failure) 5.145: [DefNew: 447K->64K(448K), 0.0017094 secs] 151911K->151904K(1048512K), 0.0017582 secs] [Times: user=0.00 sys=0.00, real=0.00 secs] 
5.155: [GC (Allocation Failure) 5.155: [DefNew: 448K->63K(448K), 0.0020088 secs] 152288K->152284K(1048512K), 0.0020555 secs] [Times: user=0.00 sys=0.00, real=0.00 secs] 
5.166: [GC (Allocation Failure) 5.166: [DefNew: 447K->64K(448K), 0.0021045 secs] 152668K->152662K(1048512K), 0.0021543 secs] [Times: user=0.00 sys=0.00, real=0.00 secs] 
5.176: [GC (Allocation Failure) 5.176: [DefNew: 448K->63K(448K), 0.0019298 secs] 153046K->153041K(1048512K), 0.0019769 secs] [Times: user=0.01 sys=0.00, real=0.00 secs] 
5.187: [GC (Allocation Failure) 5.187: [DefNew: 447K->64K(448K), 0.0019004 secs] 153425K->153421K(1048512K), 0.0019448 secs] [Times: user=0.00 sys=0.00, real=0.00 secs] 
5.198: [GC (Allocation Failure) 5.198: [DefNew: 448K->64K(448K), 0.0019208 secs] 153805K->153799K(1048512K), 0.0019669 secs] [Times: user=0.00 sys=0.00, real=0.00 secs] 
5.208: [GC (Allocation Failure) 5.208: [DefNew: 448K->63K(448K), 0.0017082 secs] 154183K->154177K(1048512K), 0.0017491 secs] [Times: user=0.00 sys=0.00, real=0.00 secs] 
5.218: [GC (Allocation Failure) 5.219: [DefNew: 447K->63K(448K), 0.0017260 secs] 154561K->154557K(1048512K), 0.0017703 secs] [Times: user=0.00 sys=0.00, real=0.00 secs] 
5.230: [GC (Allocation Failure) 5.230: [DefNew: 447K->64K(448K), 0.0018494 secs] 154941K->154935K(1048512K), 0.0018940 secs] [Times: user=0.01 sys=0.00, real=0.00 secs] 
5.240: [GC (Allocation Failure) 5.240: [DefNew: 448K->64K(448K), 0.0026422 secs] 155319K->155315K(1048512K), 0.0027049 secs] [Times: user=0.00 sys=0.00, real=0.00 secs] 
5.251: [GC (Allocation Failure) 5.252: [DefNew: 448K->64K(448K), 0.0044774 secs] 155699K->155692K(1048512K), 0.0046957 secs] [Times: user=0.00 sys=0.00, real=0.01 secs] 
5.266: [GC (Allocation Failure) 5.266: [DefNew: 448K->63K(448K), 0.0022667 secs] 156076K->156071K(1048512K), 0.0023243 secs] [Times: user=0.01 sys=0.00, real=0.00 secs] 
5.276: [GC (Allocation Failure) 5.276: [DefNew: 447K->63K(448K), 0.0017504 secs] 156455K->156451K(1048512K), 0.0017936 secs] [Times: user=0.00 sys=0.00, real=0.00 secs] 
5.287: [GC (Allocation Failure) 5.287: [DefNew: 447K->63K(448K), 0.0018093 secs] 156835K->156829K(1048512K), 0.0018627 secs] [Times: user=0.00 sys=0.00, real=0.00 secs] 
5.298: [GC (Allocation Failure) 5.298: [DefNew: 447K->63K(448K), 0.0064603 secs] 157213K->157207K(1048512K), 0.0066197 secs] [Times: user=0.01 sys=0.00, real=0.01 secs] 
5.314: [GC (Allocation Failure) 5.314: [DefNew: 447K->64K(448K), 0.0021662 secs] 157591K->157587K(1048512K), 0.0022126 secs] [Times: user=0.00 sys=0.00, real=0.01 secs] 
5.325: [GC (Allocation Failure) 5.325: [DefNew: 448K->63K(448K), 0.0021897 secs] 157971K->157965K(1048512K), 0.0022413 secs] [Times: user=0.00 sys=0.00, real=0.00 secs] 
5.335: [GC (Allocation Failure) 5.335: [DefNew: 447K->64K(448K), 0.0018395 secs] 158349K->158344K(1048512K), 0.0018934 secs] [Times: user=0.00 sys=0.00, real=0.00 secs] 
5.347: [GC (Allocation Failure) 5.347: [DefNew: 448K->63K(448K), 0.0019248 secs] 158728K->158724K(1048512K), 0.0019706 secs] [Times: user=0.01 sys=0.00, real=0.00 secs] 
5.358: [GC (Allocation Failure) 5.358: [DefNew: 447K->63K(448K), 0.0019359 secs] 159108K->159100K(1048512K), 0.0019770 secs] [Times: user=0.00 sys=0.00, real=0.00 secs] 
5.368: [GC (Allocation Failure) 5.368: [DefNew: 447K->64K(448K), 0.0019099 secs] 159484K->159479K(1048512K), 0.0019548 secs] [Times: user=0.00 sys=0.00, real=0.00 secs] 
5.379: [GC (Allocation Failure) 5.379: [DefNew: 448K->63K(448K), 0.0020897 secs] 159863K->159859K(1048512K), 0.0021365 secs] [Times: user=0.00 sys=0.00, real=0.00 secs] 
5.390: [GC (Allocation Failure) 5.390: [DefNew: 447K->63K(448K), 0.0017925 secs] 160243K->160239K(1048512K), 0.0018456 secs] [Times: user=0.00 sys=0.01, real=0.00 secs] 
5.400: [GC (Allocation Failure) 5.400: [DefNew: 447K->64K(448K), 0.0019606 secs] 160623K->160617K(1048512K), 0.0020057 secs] [Times: user=0.01 sys=0.00, real=0.00 secs] 
5.411: [GC (Allocation Failure) 5.411: [DefNew: 448K->63K(448K), 0.0020506 secs] 161001K->160995K(1048512K), 0.0020988 secs] [Times: user=0.00 sys=0.00, real=0.00 secs] 
5.422: [GC (Allocation Failure) 5.422: [DefNew: 447K->63K(448K), 0.0019627 secs] 161379K->161375K(1048512K), 0.0020152 secs] [Times: user=0.00 sys=0.00, real=0.01 secs] 
5.432: [GC (Allocation Failure) 5.432: [DefNew: 447K->64K(448K), 0.0021111 secs] 161759K->161753K(1048512K), 0.0021711 secs] [Times: user=0.00 sys=0.00, real=0.01 secs] 
5.443: [GC (Allocation Failure) 5.443: [DefNew: 448K->63K(448K), 0.0025127 secs] 162137K->162132K(1048512K), 0.0030089 secs] [Times: user=0.01 sys=0.00, real=0.01 secs] 
5.455: [GC (Allocation Failure) 5.455: [DefNew: 447K->63K(448K), 0.0052002 secs] 162516K->162510K(1048512K), 0.0053609 secs] [Times: user=0.00 sys=0.00, real=0.00 secs] 
5.470: [GC (Allocation Failure) 5.470: [DefNew: 447K->64K(448K), 0.0020775 secs] 162894K->162889K(1048512K), 0.0021326 secs] [Times: user=0.00 sys=0.00, real=0.00 secs] 
5.482: [GC (Allocation Failure) 5.482: [DefNew: 448K->64K(448K), 0.0018355 secs] 163273K->163269K(1048512K), 0.0018780 secs] [Times: user=0.01 sys=0.00, real=0.00 secs] 
5.492: [GC (Allocation Failure) 5.492: [DefNew: 448K->63K(448K), 0.0020873 secs] 163653K->163647K(1048512K), 0.0021333 secs] [Times: user=0.00 sys=0.00, real=0.00 secs] 
5.503: [GC (Allocation Failure) 5.503: [DefNew: 447K->63K(448K), 0.0032442 secs] 164031K->164025K(1048512K), 0.0033208 secs] [Times: user=0.00 sys=0.00, real=0.01 secs] 
5.516: [GC (Allocation Failure) 5.516: [DefNew: 447K->64K(448K), 0.0036230 secs] 164409K->164405K(1048512K), 0.0037752 secs] [Times: user=0.00 sys=0.00, real=0.00 secs] 
5.528: [GC (Allocation Failure) 5.528: [DefNew: 448K->63K(448K), 0.0024840 secs] 164789K->164783K(1048512K), 0.0025498 secs] [Times: user=0.00 sys=0.00, real=0.00 secs] 
5.542: [GC (Allocation Failure) 5.542: [DefNew: 447K->63K(448K), 0.0048412 secs] 165167K->165162K(1048512K), 0.0049747 secs] [Times: user=0.00 sys=0.00, real=0.01 secs] 
5.556: [GC (Allocation Failure) 5.556: [DefNew: 447K->63K(448K), 0.0055536 secs] 165546K->165540K(1048512K), 0.0057951 secs] [Times: user=0.01 sys=0.00, real=0.00 secs] 
5.570: [GC (Allocation Failure) 5.570: [DefNew: 447K->63K(448K), 0.0060310 secs] 165924K->165919K(1048512K), 0.0061604 secs] [Times: user=0.00 sys=0.01, real=0.01 secs] 
5.586: [GC (Allocation Failure) 5.586: [DefNew: 447K->63K(448K), 0.0022103 secs] 166303K->166299K(1048512K), 0.0022612 secs] [Times: user=0.01 sys=0.00, real=0.00 secs] 
5.599: [GC (Allocation Failure) 5.599: [DefNew: 447K->63K(448K), 0.0030381 secs] 166683K->166676K(1048512K), 0.0031176 secs] [Times: user=0.00 sys=0.00, real=0.00 secs] 
5.611: [GC (Allocation Failure) 5.611: [DefNew: 447K->63K(448K), 0.0018965 secs] 167060K->167055K(1048512K), 0.0019407 secs] [Times: user=0.00 sys=0.00, real=0.00 secs] 
5.622: [GC (Allocation Failure) 5.622: [DefNew: 447K->63K(448K), 0.0023948 secs] 167439K->167435K(1048512K), 0.0024445 secs] [Times: user=0.00 sys=0.00, real=0.00 secs] 
5.632: [GC (Allocation Failure) 5.632: [DefNew: 447K->63K(448K), 0.0018058 secs] 167819K->167813K(1048512K), 0.0018747 secs] [Times: user=0.01 sys=0.00, real=0.00 secs] 
5.643: [GC (Allocation Failure) 5.643: [DefNew: 447K->63K(448K), 0.0018886 secs] 168197K->168192K(1048512K), 0.0019322 secs] [Times: user=0.00 sys=0.00, real=0.01 secs] 
5.654: [GC (Allocation Failure) 5.654: [DefNew: 447K->63K(448K), 0.0028612 secs] 168576K->168571K(1048512K), 0.0029195 secs] [Times: user=0.00 sys=0.00, real=0.01 secs] 
5.665: [GC (Allocation Failure) 5.665: [DefNew: 447K->63K(448K), 0.0036829 secs] 168955K->168947K(1048512K), 0.0037498 secs] [Times: user=0.00 sys=0.00, real=0.00 secs] 
5.677: [GC (Allocation Failure) 5.677: [DefNew: 447K->63K(448K), 0.0020724 secs] 169331K->169327K(1048512K), 0.0021210 secs] [Times: user=0.01 sys=0.00, real=0.00 secs] 
5.689: [GC (Allocation Failure) 5.689: [DefNew: 447K->63K(448K), 0.0018618 secs] 169711K->169707K(1048512K), 0.0019048 secs] [Times: user=0.00 sys=0.00, real=0.00 secs] 
5.699: [GC (Allocation Failure) 5.699: [DefNew: 447K->63K(448K), 0.0019053 secs] 170091K->170087K(1048512K), 0.0019616 secs] [Times: user=0.00 sys=0.00, real=0.00 secs] 
5.711: [GC (Allocation Failure) 5.711: [DefNew: 447K->63K(448K), 0.0027668 secs] 170471K->170464K(1048512K), 0.0028250 secs] [Times: user=0.00 sys=0.00, real=0.00 secs] 
5.723: [GC (Allocation Failure) 5.723: [DefNew: 447K->64K(448K), 0.0018101 secs] 170848K->170843K(1048512K), 0.0018540 secs] [Times: user=0.01 sys=0.00, real=0.01 secs] 
5.732: [GC (Allocation Failure) 5.733: [DefNew: 448K->64K(448K), 0.0021119 secs] 171227K->171223K(1048512K), 0.0021557 secs] [Times: user=0.00 sys=0.00, real=0.01 secs] 
5.744: [GC (Allocation Failure) 5.744: [DefNew: 448K->63K(448K), 0.0017872 secs] 171607K->171601K(1048512K), 0.0018404 secs] [Times: user=0.00 sys=0.00, real=0.01 secs] 
5.755: [GC (Allocation Failure) 5.755: [DefNew: 447K->64K(448K), 0.0020358 secs] 171985K->171980K(1048512K), 0.0020820 secs] [Times: user=0.00 sys=0.00, real=0.00 secs] 
5.765: [GC (Allocation Failure) 5.765: [DefNew: 448K->64K(448K), 0.0016938 secs] 172364K->172357K(1048512K), 0.0017358 secs] [Times: user=0.00 sys=0.00, real=0.00 secs] 
5.776: [GC (Allocation Failure) 5.776: [DefNew: 448K->63K(448K), 0.0019251 secs] 172741K->172736K(1048512K), 0.0019700 secs] [Times: user=0.00 sys=0.00, real=0.00 secs] 
5.786: [GC (Allocation Failure) 5.786: [DefNew: 447K->63K(448K), 0.0018457 secs] 173120K->173116K(1048512K), 0.0018918 secs] [Times: user=0.00 sys=0.00, real=0.00 secs] 
5.797: [GC (Allocation Failure) 5.797: [DefNew: 447K->64K(448K), 0.0019774 secs] 173500K->173494K(1048512K), 0.0020252 secs] [Times: user=0.00 sys=0.00, real=0.00 secs] 
5.809: [GC (Allocation Failure) 5.809: [DefNew: 448K->64K(448K), 0.0036554 secs] 173878K->173873K(1048512K), 0.0037315 secs] [Times: user=0.01 sys=0.00, real=0.00 secs] 
5.820: [GC (Allocation Failure) 5.820: [DefNew: 448K->64K(448K), 0.0021226 secs] 174257K->174252K(1048512K), 0.0021726 secs] [Times: user=0.00 sys=0.00, real=0.00 secs] 
5.832: [GC (Allocation Failure) 5.832: [DefNew: 448K->63K(448K), 0.0019083 secs] 174636K->174630K(1048512K), 0.0019632 secs] [Times: user=0.00 sys=0.00, real=0.00 secs] 
5.843: [GC (Allocation Failure) 5.843: [DefNew: 447K->63K(448K), 0.0019888 secs] 175014K->175010K(1048512K), 0.0020480 secs] [Times: user=0.00 sys=0.00, real=0.01 secs] 
5.852: [GC (Allocation Failure) 5.852: [DefNew: 447K->63K(448K), 0.0018812 secs] 175394K->175390K(1048512K), 0.0019267 secs] [Times: user=0.00 sys=0.00, real=0.01 secs] 
5.863: [GC (Allocation Failure) 5.863: [DefNew: 447K->63K(448K), 0.0028552 secs] 175774K->175768K(1048512K), 0.0029652 secs] [Times: user=0.01 sys=0.00, real=0.01 secs] 
5.878: [GC (Allocation Failure) 5.878: [DefNew: 447K->64K(448K), 0.0047991 secs] 176152K->176144K(1048512K), 0.0049028 secs] [Times: user=0.00 sys=0.00, real=0.00 secs] 
5.891: [GC (Allocation Failure) 5.891: [DefNew: 448K->64K(448K), 0.0025577 secs] 176528K->176523K(1048512K), 0.0026373 secs] [Times: user=0.00 sys=0.00, real=0.00 secs] 
5.903: [GC (Allocation Failure) 5.903: [DefNew: 448K->64K(448K), 0.0024563 secs] 176907K->176904K(1048512K), 0.0025225 secs] [Times: user=0.00 sys=0.00, real=0.01 secs] 
5.915: [GC (Allocation Failure) 5.915: [DefNew: 448K->63K(448K), 0.0025566 secs] 177288K->177284K(1048512K), 0.0026126 secs] [Times: user=0.00 sys=0.00, real=0.00 secs] 
5.926: [GC (Allocation Failure) 5.926: [DefNew: 447K->63K(448K), 0.0028180 secs] 177668K->177662K(1048512K), 0.0028728 secs] [Times: user=0.00 sys=0.00, real=0.00 secs] 
5.937: [GC (Allocation Failure) 5.937: [DefNew: 447K->64K(448K), 0.0026363 secs] 178046K->178040K(1048512K), 0.0027017 secs] [Times: user=0.01 sys=0.00, real=0.00 secs] 
5.948: [GC (Allocation Failure) 5.948: [DefNew: 448K->63K(448K), 0.0026062 secs] 178424K->178419K(1048512K), 0.0026653 secs] [Times: user=0.00 sys=0.00, real=0.00 secs] 
5.960: [GC (Allocation Failure) 5.960: [DefNew: 447K->64K(448K), 0.0019188 secs] 178803K->178799K(1048512K), 0.0019735 secs] [Times: user=0.00 sys=0.00, real=0.00 secs] 
5.971: [GC (Allocation Failure) 5.971: [DefNew: 448K->63K(448K), 0.0026091 secs] 179183K->179177K(1048512K), 0.0026683 secs] [Times: user=0.00 sys=0.00, real=0.00 secs] 
5.982: [GC (Allocation Failure) 5.982: [DefNew: 447K->64K(448K), 0.0027934 secs] 179561K->179553K(1048512K), 0.0028557 secs] [Times: user=0.01 sys=0.00, real=0.01 secs] 
5.993: [GC (Allocation Failure) 5.993: [DefNew: 448K->63K(448K), 0.0025894 secs] 179937K->179933K(1048512K), 0.0026483 secs] [Times: user=0.00 sys=0.00, real=0.01 secs] 
6.005: [GC (Allocation Failure) 6.005: [DefNew: 447K->63K(448K), 0.0022929 secs] 180317K->180313K(1048512K), 0.0023484 secs] [Times: user=0.00 sys=0.00, real=0.00 secs] 
6.016: [GC (Allocation Failure) 6.016: [DefNew: 447K->64K(448K), 0.0023328 secs] 180697K->180693K(1048512K), 0.0024006 secs] [Times: user=0.00 sys=0.00, real=0.00 secs] 
6.030: [GC (Allocation Failure) 6.030: [DefNew: 448K->63K(448K), 0.0026496 secs] 181077K->181071K(1048512K), 0.0027167 secs] [Times: user=0.00 sys=0.00, real=0.00 secs] 
6.042: [GC (Allocation Failure) 6.042: [DefNew: 447K->63K(448K), 0.0029292 secs] 181455K->181449K(1048512K), 0.0030027 secs] [Times: user=0.00 sys=0.00, real=0.01 secs] 
6.054: [GC (Allocation Failure) 6.054: [DefNew: 447K->63K(448K), 0.0027150 secs] 181833K->181828K(1048512K), 0.0028011 secs] [Times: user=0.00 sys=0.00, real=0.01 secs] 
6.065: [GC (Allocation Failure) 6.065: [DefNew: 447K->63K(448K), 0.0024895 secs] 182212K->182208K(1048512K), 0.0025499 secs] [Times: user=0.01 sys=0.00, real=0.00 secs] 
6.078: [GC (Allocation Failure) 6.078: [DefNew: 447K->64K(448K), 0.0044591 secs] 182592K->182586K(1048512K), 0.0045865 secs] [Times: user=0.00 sys=0.00, real=0.00 secs] 
6.092: [GC (Allocation Failure) 6.093: [DefNew: 448K->64K(448K), 0.0044774 secs] 182970K->182963K(1048512K), 0.0045990 secs] [Times: user=0.00 sys=0.00, real=0.01 secs] 
6.106: [GC (Allocation Failure) 6.106: [DefNew: 448K->64K(448K), 0.0029560 secs] 183347K->183342K(1048512K), 0.0030510 secs] [Times: user=0.00 sys=0.01, real=0.00 secs] 
6.117: [GC (Allocation Failure) 6.117: [DefNew: 448K->63K(448K), 0.0023185 secs] 183726K->183722K(1048512K), 0.0023803 secs] [Times: user=0.00 sys=0.00, real=0.00 secs] 
6.129: [GC (Allocation Failure) 6.129: [DefNew: 447K->64K(448K), 0.0019207 secs] 184106K->184102K(1048512K), 0.0019833 secs] [Times: user=0.00 sys=0.00, real=0.00 secs] 
6.140: [GC (Allocation Failure) 6.140: [DefNew: 448K->63K(448K), 0.0020515 secs] 184486K->184480K(1048512K), 0.0021267 secs] [Times: user=0.01 sys=0.00, real=0.00 secs] 
6.150: [GC (Allocation Failure) 6.150: [DefNew: 447K->63K(448K), 0.0029527 secs] 184864K->184858K(1048512K), 0.0030248 secs] [Times: user=0.00 sys=0.00, real=0.00 secs] 
6.163: [GC (Allocation Failure) 6.163: [DefNew: 447K->63K(448K), 0.0023030 secs] 185242K->185238K(1048512K), 0.0023510 secs] [Times: user=0.00 sys=0.00, real=0.01 secs] 
6.175: [GC (Allocation Failure) 6.175: [DefNew: 447K->64K(448K), 0.0025573 secs] 185622K->185618K(1048512K), 0.0026188 secs] [Times: user=0.00 sys=0.00, real=0.00 secs] 
6.185: [GC (Allocation Failure) 6.185: [DefNew: 448K->64K(448K), 0.0024667 secs] 186002K->185996K(1048512K), 0.0025328 secs] [Times: user=0.01 sys=0.00, real=0.00 secs] 
6.197: [GC (Allocation Failure) 6.197: [DefNew: 448K->64K(448K), 0.0020095 secs] 186380K->186372K(1048512K), 0.0020675 secs] [Times: user=0.00 sys=0.00, real=0.00 secs] 
6.208: [GC (Allocation Failure) 6.208: [DefNew: 448K->63K(448K), 0.0021369 secs] 186756K->186751K(1048512K), 0.0022196 secs] [Times: user=0.00 sys=0.00, real=0.00 secs] 
6.218: [GC (Allocation Failure) 6.218: [DefNew: 447K->63K(448K), 0.0025247 secs] 187135K->187132K(1048512K), 0.0025924 secs] [Times: user=0.00 sys=0.00, real=0.00 secs] 
6.230: [GC (Allocation Failure) 6.231: [DefNew: 447K->63K(448K), 0.0028604 secs] 187516K->187512K(1048512K), 0.0029133 secs] [Times: user=0.01 sys=0.00, real=0.00 secs] 
6.243: [GC (Allocation Failure) 6.243: [DefNew: 447K->64K(448K), 0.0025482 secs] 187896K->187890K(1048512K), 0.0026038 secs] [Times: user=0.00 sys=0.00, real=0.01 secs] 
6.254: [GC (Allocation Failure) 6.254: [DefNew: 448K->64K(448K), 0.0038135 secs] 188274K->188268K(1048512K), 0.0038790 secs] [Times: user=0.00 sys=0.00, real=0.00 secs] 
6.268: [GC (Allocation Failure) 6.268: [DefNew: 448K->63K(448K), 0.0042860 secs] 188652K->188647K(1048512K), 0.0043672 secs] [Times: user=0.01 sys=0.00, real=0.00 secs] 
6.282: [GC (Allocation Failure) 6.282: [DefNew: 447K->64K(448K), 0.0036922 secs] 189031K->189027K(1048512K), 0.0037824 secs] [Times: user=0.00 sys=0.00, real=0.01 secs] 
6.295: [GC (Allocation Failure) 6.295: [DefNew: 447K->63K(448K), 0.0052291 secs] 189411K->189403K(1048512K), 0.0054687 secs] [Times: user=0.01 sys=0.00, real=0.00 secs] 
6.312: [GC (Allocation Failure) 6.312: [DefNew: 447K->63K(448K), 0.0043435 secs] 189787K->189781K(1048512K), 0.0050971 secs] [Times: user=0.00 sys=0.00, real=0.01 secs] 
6.330: [GC (Allocation Failure) 6.330: [DefNew: 447K->63K(448K), 0.0019641 secs] 190165K->190161K(1048512K), 0.0020123 secs] [Times: user=0.00 sys=0.00, real=0.00 secs] 
6.341: [GC (Allocation Failure) 6.341: [DefNew: 447K->63K(448K), 0.0023323 secs] 190545K->190541K(1048512K), 0.0023836 secs] [Times: user=0.01 sys=0.00, real=0.00 secs] 
6.352: [GC (Allocation Failure) 6.352: [DefNew: 447K->63K(448K), 0.0023504 secs] 190925K->190919K(1048512K), 0.0024070 secs] [Times: user=0.00 sys=0.00, real=0.01 secs] 
6.363: [GC (Allocation Failure) 6.363: [DefNew: 447K->63K(448K), 0.0019446 secs] 191303K->191297K(1048512K), 0.0019916 secs] [Times: user=0.00 sys=0.00, real=0.01 secs] 
6.374: [GC (Allocation Failure) 6.374: [DefNew: 447K->63K(448K), 0.0024899 secs] 191681K->191677K(1048512K), 0.0025539 secs] [Times: user=0.00 sys=0.00, real=0.01 secs] 
6.386: [GC (Allocation Failure) 6.386: [DefNew: 447K->64K(448K), 0.0021136 secs] 192061K->192055K(1048512K), 0.0021725 secs] [Times: user=0.01 sys=0.00, real=0.00 secs] 
6.396: [GC (Allocation Failure) 6.396: [DefNew: 448K->64K(448K), 0.0019795 secs] 192439K->192434K(1048512K), 0.0020288 secs] [Times: user=0.00 sys=0.00, real=0.00 secs] 
6.407: [GC (Allocation Failure) 6.407: [DefNew: 448K->63K(448K), 0.0028104 secs] 192818K->192812K(1048512K), 0.0028715 secs] [Times: user=0.00 sys=0.00, real=0.00 secs] 
6.419: [GC (Allocation Failure) 6.419: [DefNew: 447K->63K(448K), 0.0027733 secs] 193196K->193191K(1048512K), 0.0028407 secs] [Times: user=0.00 sys=0.00, real=0.00 secs] 
6.431: [GC (Allocation Failure) 6.432: [DefNew: 447K->63K(448K), 0.0032458 secs] 193575K->193571K(1048512K), 0.0033111 secs] [Times: user=0.00 sys=0.00, real=0.01 secs] 
6.445: [GC (Allocation Failure) 6.445: [DefNew: 447K->64K(448K), 0.0025339 secs] 193955K->193949K(1048512K), 0.0025910 secs] [Times: user=0.00 sys=0.00, real=0.00 secs] 
6.456: [GC (Allocation Failure) 6.456: [DefNew: 448K->63K(448K), 0.0029437 secs] 194333K->194327K(1048512K), 0.0030360 secs] [Times: user=0.00 sys=0.00, real=0.00 secs] 
6.469: [GC (Allocation Failure) 6.469: [DefNew: 447K->63K(448K), 0.0032192 secs] 194711K->194707K(1048512K), 0.0032859 secs] [Times: user=0.01 sys=0.00, real=0.00 secs] 
6.482: [GC (Allocation Failure) 6.482: [DefNew: 447K->63K(448K), 0.0023569 secs] 195091K->195085K(1048512K), 0.0024103 secs] [Times: user=0.00 sys=0.00, real=0.00 secs] 
6.492: [GC (Allocation Failure) 6.492: [DefNew: 447K->63K(448K), 0.0021859 secs] 195469K->195464K(1048512K), 0.0022774 secs] [Times: user=0.00 sys=0.00, real=0.01 secs] 
6.503: [GC (Allocation Failure) 6.503: [DefNew: 447K->63K(448K), 0.0052921 secs] 195848K->195842K(1048512K), 0.0053547 secs] [Times: user=0.01 sys=0.00, real=0.01 secs] 
6.519: [GC (Allocation Failure) 6.519: [DefNew: 447K->64K(448K), 0.0030418 secs] 196226K->196221K(1048512K), 0.0031547 secs] [Times: user=0.00 sys=0.00, real=0.00 secs] 
6.530: [GC (Allocation Failure) 6.530: [DefNew: 448K->63K(448K), 0.0025508 secs] 196605K->196601K(1048512K), 0.0026049 secs] [Times: user=0.00 sys=0.00, real=0.00 secs] 
6.542: [GC (Allocation Failure) 6.542: [DefNew: 447K->63K(448K), 0.0026526 secs] 196985K->196979K(1048512K), 0.0027081 secs] [Times: user=0.00 sys=0.00, real=0.01 secs] 
6.554: [GC (Allocation Failure) 6.554: [DefNew: 447K->63K(448K), 0.0038306 secs] 197363K->197357K(1048512K), 0.0038976 secs] [Times: user=0.00 sys=0.00, real=0.00 secs] 
6.567: [GC (Allocation Failure) 6.567: [DefNew: 447K->64K(448K), 0.0032787 secs] 197741K->197737K(1048512K), 0.0033438 secs] [Times: user=0.00 sys=0.00, real=0.00 secs] 
6.580: [GC (Allocation Failure) 6.580: [DefNew: 448K->63K(448K), 0.0026776 secs] 198121K->198115K(1048512K), 0.0027380 secs] [Times: user=0.00 sys=0.00, real=0.00 secs] 
6.591: [GC (Allocation Failure) 6.591: [DefNew: 447K->64K(448K), 0.0027176 secs] 198499K->198494K(1048512K), 0.0027744 secs] [Times: user=0.00 sys=0.00, real=0.00 secs] 
6.603: [GC (Allocation Failure) 6.604: [DefNew: 448K->63K(448K), 0.0031854 secs] 198878K->198874K(1048512K), 0.0032583 secs] [Times: user=0.00 sys=0.00, real=0.01 secs] 
6.616: [GC (Allocation Failure) 6.616: [DefNew: 447K->63K(448K), 0.0030956 secs] 199258K->199250K(1048512K), 0.0031665 secs] [Times: user=0.01 sys=0.00, real=0.00 secs] 
6.627: [GC (Allocation Failure) 6.627: [DefNew: 447K->63K(448K), 0.0024620 secs] 199634K->199628K(1048512K), 0.0025134 secs] [Times: user=0.00 sys=0.00, real=0.00 secs] 
6.640: [GC (Allocation Failure) 6.640: [DefNew: 447K->64K(448K), 0.0033083 secs] 200012K->200008K(1048512K), 0.0035297 secs] [Times: user=0.00 sys=0.00, real=0.00 secs] 
6.653: [GC (Allocation Failure) 6.653: [DefNew: 448K->63K(448K), 0.0032185 secs] 200392K->200388K(1048512K), 0.0032835 secs] [Times: user=0.01 sys=0.00, real=0.01 secs] 
6.665: [GC (Allocation Failure) 6.665: [DefNew: 447K->64K(448K), 0.0027406 secs] 200772K->200766K(1048512K), 0.0027917 secs] [Times: user=0.00 sys=0.00, real=0.00 secs] 
6.677: [GC (Allocation Failure) 6.677: [DefNew: 448K->64K(448K), 0.0028818 secs] 201150K->201144K(1048512K), 0.0029415 secs] [Times: user=0.00 sys=0.00, real=0.00 secs] 
6.690: [GC (Allocation Failure) 6.690: [DefNew: 448K->63K(448K), 0.0026676 secs] 201528K->201524K(1048512K), 0.0027355 secs] [Times: user=0.01 sys=0.00, real=0.00 secs] 
6.701: [GC (Allocation Failure) 6.701: [DefNew: 447K->63K(448K), 0.0025304 secs] 201908K->201903K(1048512K), 0.0025838 secs] [Times: user=0.00 sys=0.00, real=0.00 secs] 
6.713: [GC (Allocation Failure) 6.713: [DefNew: 447K->63K(448K), 0.0030288 secs] 202287K->202279K(1048512K), 0.0031352 secs] [Times: user=0.00 sys=0.00, real=0.01 secs] 
6.725: [GC (Allocation Failure) 6.725: [DefNew: 447K->64K(448K), 0.0031571 secs] 202663K->202658K(1048512K), 0.0032951 secs] [Times: user=0.01 sys=0.01, real=0.00 secs] 
6.738: [GC (Allocation Failure) 6.738: [DefNew: 448K->64K(448K), 0.0030238 secs] 203042K->203038K(1048512K), 0.0031228 secs] [Times: user=0.00 sys=0.00, real=0.00 secs] 
6.750: [GC (Allocation Failure) 6.750: [DefNew: 448K->63K(448K), 0.0026794 secs] 203422K->203418K(1048512K), 0.0027349 secs] [Times: user=0.00 sys=0.00, real=0.00 secs] 
6.761: [GC (Allocation Failure) 6.761: [DefNew: 447K->63K(448K), 0.0026703 secs] 203802K->203796K(1048512K), 0.0027667 secs] [Times: user=0.01 sys=0.00, real=0.00 secs] 
6.773: [GC (Allocation Failure) 6.773: [DefNew: 447K->63K(448K), 0.0031206 secs] 204180K->204174K(1048512K), 0.0031821 secs] [Times: user=0.00 sys=0.00, real=0.01 secs] 
6.786: [GC (Allocation Failure) 6.786: [DefNew: 447K->63K(448K), 0.0027287 secs] 204558K->204554K(1048512K), 0.0027949 secs] [Times: user=0.00 sys=0.00, real=0.00 secs] 
6.797: [GC (Allocation Failure) 6.797: [DefNew: 447K->64K(448K), 0.0026452 secs] 204938K->204932K(1048512K), 0.0026953 secs] [Times: user=0.01 sys=0.00, real=0.00 secs] 
6.809: [GC (Allocation Failure) 6.809: [DefNew: 448K->63K(448K), 0.0029986 secs] 205316K->205311K(1048512K), 0.0030676 secs] [Times: user=0.00 sys=0.00, real=0.00 secs] 
6.822: [GC (Allocation Failure) 6.822: [DefNew: 447K->64K(448K), 0.0029271 secs] 205695K->205689K(1048512K), 0.0029978 secs] [Times: user=0.00 sys=0.00, real=0.01 secs] 
6.833: [GC (Allocation Failure) 6.833: [DefNew: 448K->63K(448K), 0.0027615 secs] 206073K->206068K(1048512K), 0.0028142 secs] [Times: user=0.01 sys=0.00, real=0.01 secs] 
6.846: [GC (Allocation Failure) 6.846: [DefNew: 447K->63K(448K), 0.0024061 secs] 206452K->206448K(1048512K), 0.0024606 secs] [Times: user=0.00 sys=0.00, real=0.00 secs] 
6.858: [GC (Allocation Failure) 6.858: [DefNew: 447K->63K(448K), 0.0028545 secs] 206832K->206825K(1048512K), 0.0029094 secs] [Times: user=0.00 sys=0.00, real=0.00 secs] 
6.870: [GC (Allocation Failure) 6.870: [DefNew: 447K->64K(448K), 0.0032090 secs] 207209K->207204K(1048512K), 0.0032811 secs] [Times: user=0.01 sys=0.00, real=0.00 secs] 
6.883: [GC (Allocation Failure) 6.883: [DefNew: 448K->63K(448K), 0.0028618 secs] 207588K->207584K(1048512K), 0.0029274 secs] [Times: user=0.00 sys=0.00, real=0.01 secs] 
6.894: [GC (Allocation Failure) 6.894: [DefNew: 447K->64K(448K), 0.0033628 secs] 207968K->207962K(1048512K), 0.0034243 secs] [Times: user=0.00 sys=0.00, real=0.01 secs] 
6.908: [GC (Allocation Failure) 6.908: [DefNew: 448K->63K(448K), 0.0028650 secs] 208346K->208340K(1048512K), 0.0029343 secs] [Times: user=0.01 sys=0.00, real=0.00 secs] 
6.946: [GC (Allocation Failure) 6.946: [DefNew: 447K->64K(448K), 0.0041914 secs] 208724K->208718K(1048512K), 0.0044862 secs] [Times: user=0.00 sys=0.00, real=0.00 secs] 
6.964: [GC (Allocation Failure) 6.964: [DefNew: 448K->63K(448K), 0.0032144 secs] 209102K->209097K(1048512K), 0.0032826 secs] [Times: user=0.00 sys=0.00, real=0.00 secs] 
6.977: [GC (Allocation Failure) 6.977: [DefNew: 447K->64K(448K), 0.0027793 secs] 209481K->209477K(1048512K), 0.0028513 secs] [Times: user=0.00 sys=0.00, real=0.00 secs] 
6.993: [GC (Allocation Failure) 6.993: [DefNew: 448K->63K(448K), 0.0052341 secs] 209861K->209855K(1048512K), 0.0053494 secs] [Times: user=0.00 sys=0.00, real=0.01 secs] 
7.008: [GC (Allocation Failure) 7.008: [DefNew: 447K->64K(448K), 0.0055178 secs] 210239K->210233K(1048512K), 0.0055858 secs] [Times: user=0.00 sys=0.00, real=0.00 secs] 
7.025: [GC (Allocation Failure) 7.025: [DefNew: 448K->64K(448K), 0.0067565 secs] 210617K->210613K(1048512K), 0.0068396 secs] [Times: user=0.01 sys=0.00, real=0.00 secs] 
7.042: [GC (Allocation Failure) 7.042: [DefNew: 448K->64K(448K), 0.0029673 secs] 210997K->210991K(1048512K), 0.0030520 secs] [Times: user=0.00 sys=0.00, real=0.01 secs] 
7.055: [GC (Allocation Failure) 7.055: [DefNew: 447K->63K(448K), 0.0047116 secs] 211375K->211367K(1048512K), 0.0047807 secs] [Times: user=0.01 sys=0.00, real=0.00 secs] 
7.071: [GC (Allocation Failure) 7.071: [DefNew: 447K->63K(448K), 0.0049801 secs] 211751K->211746K(1048512K), 0.0052208 secs] [Times: user=0.00 sys=0.00, real=0.01 secs] 
7.084: [GC (Allocation Failure) 7.084: [DefNew: 447K->63K(448K), 0.0035014 secs] 212130K->212125K(1048512K), 0.0035631 secs] [Times: user=0.00 sys=0.00, real=0.00 secs] 
7.097: [GC (Allocation Failure) 7.097: [DefNew: 447K->64K(448K), 0.0023908 secs] 212509K->212505K(1048512K), 0.0024574 secs] [Times: user=0.00 sys=0.00, real=0.00 secs] 
7.109: [GC (Allocation Failure) 7.109: [DefNew: 448K->63K(448K), 0.0025350 secs] 212889K->212885K(1048512K), 0.0026074 secs] [Times: user=0.00 sys=0.00, real=0.00 secs] 
7.120: [GC (Allocation Failure) 7.120: [DefNew: 447K->64K(448K), 0.0029015 secs] 213269K->213263K(1048512K), 0.0029944 secs] [Times: user=0.00 sys=0.00, real=0.00 secs] 
7.133: [GC (Allocation Failure) 7.133: [DefNew: 448K->64K(448K), 0.0026502 secs] 213647K->213641K(1048512K), 0.0027147 secs] [Times: user=0.01 sys=0.00, real=0.01 secs] 
7.145: [GC (Allocation Failure) 7.145: [DefNew: 448K->63K(448K), 0.0028105 secs] 214025K->214020K(1048512K), 0.0028665 secs] [Times: user=0.00 sys=0.00, real=0.00 secs] 
7.157: [GC (Allocation Failure) 7.157: [DefNew: 447K->63K(448K), 0.0037141 secs] 214404K->214398K(1048512K), 0.0037983 secs] [Times: user=0.00 sys=0.01, real=0.00 secs] 
7.170: [GC (Allocation Failure) 7.170: [DefNew: 447K->63K(448K), 0.0040165 secs] 214782K->214777K(1048512K), 0.0041370 secs] [Times: user=0.01 sys=0.00, real=0.01 secs] 
7.184: [GC (Allocation Failure) 7.184: [DefNew: 447K->63K(448K), 0.0030419 secs] 215161K->215157K(1048512K), 0.0031130 secs] [Times: user=0.00 sys=0.00, real=0.01 secs] 
7.195: [GC (Allocation Failure) 7.195: [DefNew: 447K->63K(448K), 0.0022930 secs] 215541K->215534K(1048512K), 0.0023467 secs] [Times: user=0.00 sys=0.00, real=0.00 secs] 
7.207: [GC (Allocation Failure) 7.207: [DefNew: 447K->63K(448K), 0.0025496 secs] 215918K->215913K(1048512K), 0.0026246 secs] [Times: user=0.01 sys=0.00, real=0.00 secs] 
7.219: [GC (Allocation Failure) 7.219: [DefNew: 447K->63K(448K), 0.0021612 secs] 216297K->216293K(1048512K), 0.0022301 secs] [Times: user=0.00 sys=0.00, real=0.00 secs] 
7.229: [GC (Allocation Failure) 7.229: [DefNew: 447K->64K(448K), 0.0018911 secs] 216677K->216671K(1048512K), 0.0019392 secs] [Times: user=0.00 sys=0.00, real=0.00 secs] 
7.241: [GC (Allocation Failure) 7.241: [DefNew: 448K->63K(448K), 0.0019724 secs] 217055K->217050K(1048512K), 0.0020250 secs] [Times: user=0.00 sys=0.00, real=0.00 secs] 
7.250: [GC (Allocation Failure) 7.250: [DefNew: 447K->63K(448K), 0.0025280 secs] 217434K->217430K(1048512K), 0.0025917 secs] [Times: user=0.01 sys=0.00, real=0.00 secs] 
7.263: [GC (Allocation Failure) 7.263: [DefNew: 447K->63K(448K), 0.0024710 secs] 217813K->217805K(1048512K), 0.0025383 secs] [Times: user=0.00 sys=0.00, real=0.01 secs] 
7.275: [GC (Allocation Failure) 7.275: [DefNew: 447K->63K(448K), 0.0027750 secs] 218189K->218185K(1048512K), 0.0028523 secs] [Times: user=0.00 sys=0.00, real=0.00 secs] 
7.285: [GC (Allocation Failure) 7.285: [DefNew: 447K->63K(448K), 0.0026388 secs] 218569K->218565K(1048512K), 0.0027068 secs] [Times: user=0.01 sys=0.00, real=0.00 secs] 
7.297: [GC (Allocation Failure) 7.297: [DefNew: 447K->64K(448K), 0.0025909 secs] 218949K->218945K(1048512K), 0.0026510 secs] [Times: user=0.00 sys=0.00, real=0.00 secs] 
7.309: [GC (Allocation Failure) 7.309: [DefNew: 448K->63K(448K), 0.0020710 secs] 219329K->219323K(1048512K), 0.0021194 secs] [Times: user=0.00 sys=0.00, real=0.00 secs] 
7.320: [GC (Allocation Failure) 7.320: [DefNew: 447K->63K(448K), 0.0053508 secs] 219707K->219701K(1048512K), 0.0055779 secs] [Times: user=0.01 sys=0.00, real=0.01 secs] 
7.336: [GC (Allocation Failure) 7.336: [DefNew: 447K->64K(448K), 0.0028191 secs] 220085K->220081K(1048512K), 0.0028747 secs] [Times: user=0.00 sys=0.00, real=0.00 secs] 
7.348: [GC (Allocation Failure) 7.348: [DefNew: 448K->63K(448K), 0.0028148 secs] 220465K->220459K(1048512K), 0.0028701 secs] [Times: user=0.00 sys=0.00, real=0.00 secs] 
7.360: [GC (Allocation Failure) 7.360: [DefNew: 447K->64K(448K), 0.0036607 secs] 220843K->220838K(1048512K), 0.0037373 secs] [Times: user=0.01 sys=0.00, real=0.00 secs] 
7.373: [GC (Allocation Failure) 7.373: [DefNew: 448K->63K(448K), 0.0040561 secs] 221222K->221215K(1048512K), 0.0042180 secs] [Times: user=0.00 sys=0.01, real=0.01 secs] 
7.387: [GC (Allocation Failure) 7.387: [DefNew: 447K->63K(448K), 0.0034821 secs] 221599K->221595K(1048512K), 0.0035600 secs] [Times: user=0.01 sys=0.00, real=0.00 secs] 
7.400: [GC (Allocation Failure) 7.400: [DefNew: 447K->63K(448K), 0.0036568 secs] 221979K->221974K(1048512K), 0.0038273 secs] [Times: user=0.00 sys=0.00, real=0.00 secs] 
7.414: [GC (Allocation Failure) 7.414: [DefNew: 447K->64K(448K), 0.0035914 secs] 222358K->222353K(1048512K), 0.0036575 secs] [Times: user=0.00 sys=0.00, real=0.01 secs] 
7.426: [GC (Allocation Failure) 7.426: [DefNew: 448K->64K(448K), 0.0035246 secs] 222737K->222731K(1048512K), 0.0035988 secs] [Times: user=0.00 sys=0.00, real=0.00 secs] 
7.440: [GC (Allocation Failure) 7.440: [DefNew: 448K->64K(448K), 0.0035239 secs] 223115K->223111K(1048512K), 0.0035962 secs] [Times: user=0.00 sys=0.00, real=0.00 secs] 
7.454: [GC (Allocation Failure) 7.454: [DefNew: 448K->63K(448K), 0.0036453 secs] 223495K->223489K(1048512K), 0.0037133 secs] [Times: user=0.01 sys=0.00, real=0.01 secs] 
7.466: [GC (Allocation Failure) 7.466: [DefNew: 447K->63K(448K), 0.0037462 secs] 223873K->223868K(1048512K), 0.0038442 secs] [Times: user=0.00 sys=0.00, real=0.00 secs] 
7.480: [GC (Allocation Failure) 7.480: [DefNew: 447K->64K(448K), 0.0034958 secs] 224252K->224245K(1048512K), 0.0035797 secs] [Times: user=0.00 sys=0.00, real=0.00 secs] 
7.494: [GC (Allocation Failure) 7.494: [DefNew: 448K->64K(448K), 0.0035227 secs] 224629K->224625K(1048512K), 0.0035916 secs] [Times: user=0.00 sys=0.00, real=0.01 secs] 
7.506: [GC (Allocation Failure) 7.506: [DefNew: 448K->64K(448K), 0.0037467 secs] 225009K->225005K(1048512K), 0.0038117 secs] [Times: user=0.00 sys=0.00, real=0.00 secs] 
7.520: [GC (Allocation Failure) 7.520: [DefNew: 448K->64K(448K), 0.0035389 secs] 225389K->225382K(1048512K), 0.0036135 secs] [Times: user=0.01 sys=0.00, real=0.00 secs] 
7.534: [GC (Allocation Failure) 7.534: [DefNew: 448K->63K(448K), 0.0035730 secs] 225766K->225761K(1048512K), 0.0036471 secs] [Times: user=0.00 sys=0.00, real=0.01 secs] 
7.546: [GC (Allocation Failure) 7.546: [DefNew: 447K->64K(448K), 0.0032230 secs] 226145K->226141K(1048512K), 0.0033067 secs] [Times: user=0.00 sys=0.00, real=0.00 secs] 
7.558: [GC (Allocation Failure) 7.558: [DefNew: 448K->63K(448K), 0.0023367 secs] 226525K->226519K(1048512K), 0.0024012 secs] [Times: user=0.00 sys=0.00, real=0.00 secs] 
7.569: [GC (Allocation Failure) 7.569: [DefNew: 447K->63K(448K), 0.0031497 secs] 226903K->226897K(1048512K), 0.0032175 secs] [Times: user=0.00 sys=0.00, real=0.00 secs] 
7.583: [GC (Allocation Failure) 7.583: [DefNew: 447K->64K(448K), 0.0106359 secs] 227281K->227275K(1048512K), 0.0108530 secs] [Times: user=0.01 sys=0.00, real=0.01 secs] 
7.606: [GC (Allocation Failure) 7.606: [DefNew: 448K->64K(448K), 0.0030357 secs] 227659K->227654K(1048512K), 0.0031343 secs] [Times: user=0.00 sys=0.00, real=0.00 secs] 
7.617: [GC (Allocation Failure) 7.617: [DefNew: 448K->64K(448K), 0.0025372 secs] 228038K->228034K(1048512K), 0.0025902 secs] [Times: user=0.00 sys=0.00, real=0.00 secs] 
7.629: [GC (Allocation Failure) 7.629: [DefNew: 448K->64K(448K), 0.0020548 secs] 228418K->228412K(1048512K), 0.0021074 secs] [Times: user=0.00 sys=0.00, real=0.00 secs] 
7.641: [GC (Allocation Failure) 7.641: [DefNew: 448K->64K(448K), 0.0033778 secs] 228796K->228790K(1048512K), 0.0034475 secs] [Times: user=0.01 sys=0.00, real=0.01 secs] 
7.675: [GC (Allocation Failure) 7.675: [DefNew: 448K->63K(448K), 0.0165380 secs] 233270K->233266K(1048512K), 0.0166714 secs] [Times: user=0.01 sys=0.00, real=0.01 secs] 
7.701: [GC (Allocation Failure) 7.701: [DefNew: 447K->64K(448K), 0.0026165 secs] 233650K->233642K(1048512K), 0.0026942 secs] [Times: user=0.00 sys=0.00, real=0.00 secs] 
7.713: [GC (Allocation Failure) 7.713: [DefNew: 448K->63K(448K), 0.0032049 secs] 234026K->234021K(1048512K), 0.0032759 secs] [Times: user=0.01 sys=0.00, real=0.01 secs] 
7.725: [GC (Allocation Failure) 7.725: [DefNew: 447K->64K(448K), 0.0030390 secs] 234405K->234400K(1048512K), 0.0030990 secs] [Times: user=0.00 sys=0.00, real=0.00 secs] 
7.737: [GC (Allocation Failure) 7.737: [DefNew: 448K->64K(448K), 0.0034816 secs] 234784K->234780K(1048512K), 0.0035633 secs] [Times: user=0.00 sys=0.00, real=0.00 secs] 
7.751: [GC (Allocation Failure) 7.751: [DefNew: 448K->63K(448K), 0.0031183 secs] 235164K->235158K(1048512K), 0.0031977 secs] [Times: user=0.01 sys=0.01, real=0.00 secs] 
7.762: [GC (Allocation Failure) 7.762: [DefNew: 447K->63K(448K), 0.0026276 secs] 235542K->235537K(1048512K), 0.0026857 secs] [Times: user=0.00 sys=0.00, real=0.01 secs] 
7.775: [GC (Allocation Failure) 7.775: [DefNew: 447K->64K(448K), 0.0028021 secs] 235921K->235916K(1048512K), 0.0028693 secs] [Times: user=0.00 sys=0.00, real=0.00 secs] 
7.786: [GC (Allocation Failure) 7.786: [DefNew: 448K->64K(448K), 0.0038063 secs] 236300K->236296K(1048512K), 0.0039365 secs] [Times: user=0.01 sys=0.00, real=0.00 secs] 
7.800: [GC (Allocation Failure) 7.800: [DefNew: 447K->64K(448K), 0.0038299 secs] 236679K->236671K(1048512K), 0.0040107 secs] [Times: user=0.00 sys=0.00, real=0.00 secs] 
7.813: [GC (Allocation Failure) 7.813: [DefNew: 448K->64K(448K), 0.0042710 secs] 237055K->237050K(1048512K), 0.0043276 secs] [Times: user=0.00 sys=0.00, real=0.01 secs] 
7.825: [GC (Allocation Failure) 7.825: [DefNew: 448K->63K(448K), 0.0026028 secs] 237434K->237430K(1048512K), 0.0026531 secs] [Times: user=0.01 sys=0.00, real=0.00 secs] 
7.837: [GC (Allocation Failure) 7.837: [DefNew: 447K->64K(448K), 0.0024905 secs] 237814K->237810K(1048512K), 0.0025438 secs] [Times: user=0.00 sys=0.00, real=0.00 secs] 
7.850: [GC (Allocation Failure) 7.850: [DefNew: 448K->64K(448K), 0.0026224 secs] 238194K->238188K(1048512K), 0.0026782 secs] [Times: user=0.00 sys=0.00, real=0.00 secs] 
7.862: [GC (Allocation Failure) 7.862: [DefNew: 448K->63K(448K), 0.0029705 secs] 238572K->238566K(1048512K), 0.0030389 secs] [Times: user=0.01 sys=0.00, real=0.01 secs] 
7.874: [GC (Allocation Failure) 7.875: [DefNew: 447K->63K(448K), 0.0034218 secs] 238950K->238946K(1048512K), 0.0034885 secs] [Times: user=0.00 sys=0.00, real=0.00 secs] 
7.888: [GC (Allocation Failure) 7.888: [DefNew: 447K->63K(448K), 0.0029399 secs] 239330K->239324K(1048512K), 0.0030081 secs] [Times: user=0.00 sys=0.00, real=0.00 secs] 
7.899: [GC (Allocation Failure) 7.899: [DefNew: 447K->63K(448K), 0.0028133 secs] 239708K->239703K(1048512K), 0.0028760 secs] [Times: user=0.01 sys=0.00, real=0.00 secs] 
7.912: [GC (Allocation Failure) 7.912: [DefNew: 447K->63K(448K), 0.0025589 secs] 240087K->240081K(1048512K), 0.0026116 secs] [Times: user=0.00 sys=0.00, real=0.01 secs] 
7.923: [GC (Allocation Failure) 7.923: [DefNew: 447K->64K(448K), 0.0027368 secs] 240465K->240460K(1048512K), 0.0027926 secs] [Times: user=0.00 sys=0.00, real=0.01 secs] 
7.936: [GC (Allocation Failure) 7.936: [DefNew: 448K->63K(448K), 0.0028507 secs] 240844K->240840K(1048512K), 0.0029126 secs] [Times: user=0.00 sys=0.00, real=0.00 secs] 
7.949: [GC (Allocation Failure) 7.949: [DefNew: 447K->63K(448K), 0.0033812 secs] 241224K->241217K(1048512K), 0.0034582 secs] [Times: user=0.00 sys=0.00, real=0.00 secs] 
7.961: [GC (Allocation Failure) 7.961: [DefNew: 447K->63K(448K), 0.0032364 secs] 241601K->241596K(1048512K), 0.0033041 secs] [Times: user=0.00 sys=0.00, real=0.01 secs] 
7.974: [GC (Allocation Failure) 7.975: [DefNew: 447K->64K(448K), 0.0034840 secs] 241980K->241976K(1048512K), 0.0035614 secs] [Times: user=0.01 sys=0.00, real=0.00 secs] 
7.988: [GC (Allocation Failure) 7.988: [DefNew: 448K->63K(448K), 0.0033891 secs] 242360K->242354K(1048512K), 0.0034683 secs] [Times: user=0.00 sys=0.00, real=0.00 secs] 
8.000: [GC (Allocation Failure) 8.000: [DefNew: 447K->63K(448K), 0.0033388 secs] 242738K->242733K(1048512K), 0.0034175 secs] [Times: user=0.00 sys=0.00, real=0.00 secs] 
8.013: [GC (Allocation Failure) 8.014: [DefNew: 447K->64K(448K), 0.0064940 secs] 243117K->243110K(1048512K), 0.0066511 secs] [Times: user=0.01 sys=0.00, real=0.01 secs] 
8.030: [GC (Allocation Failure) 8.030: [DefNew: 448K->63K(448K), 0.0022479 secs] 243494K->243490K(1048512K), 0.0023009 secs] [Times: user=0.00 sys=0.00, real=0.00 secs] 
8.041: [GC (Allocation Failure) 8.041: [DefNew: 447K->64K(448K), 0.0031136 secs] 243874K->243869K(1048512K), 0.0031811 secs] [Times: user=0.01 sys=0.00, real=0.01 secs] 
8.054: [GC (Allocation Failure) 8.054: [DefNew: 448K->64K(448K), 0.0026570 secs] 244253K->244247K(1048512K), 0.0027124 secs] [Times: user=0.00 sys=0.00, real=0.00 secs] 
8.067: [GC (Allocation Failure) 8.067: [DefNew: 448K->63K(448K), 0.0037420 secs] 244631K->244626K(1048512K), 0.0038205 secs] [Times: user=0.00 sys=0.00, real=0.00 secs] 
8.080: [GC (Allocation Failure) 8.080: [DefNew: 447K->63K(448K), 0.0036658 secs] 245010K->245005K(1048512K), 0.0037424 secs] [Times: user=0.01 sys=0.00, real=0.00 secs] 
8.094: [GC (Allocation Failure) 8.094: [DefNew: 447K->64K(448K), 0.0035315 secs] 245389K->245384K(1048512K), 0.0036130 secs] [Times: user=0.00 sys=0.00, real=0.01 secs] 
8.106: [GC (Allocation Failure) 8.106: [DefNew: 448K->63K(448K), 0.0033794 secs] 245768K->245763K(1048512K), 0.0034635 secs] [Times: user=0.00 sys=0.00, real=0.00 secs] 
8.119: [GC (Allocation Failure) 8.119: [DefNew: 447K->64K(448K), 0.0033415 secs] 246147K->246140K(1048512K), 0.0034181 secs] [Times: user=0.01 sys=0.00, real=0.00 secs] 
8.132: [GC (Allocation Failure) 8.132: [DefNew: 448K->64K(448K), 0.0039245 secs] 246524K->246520K(1048512K), 0.0040006 secs] [Times: user=0.00 sys=0.01, real=0.01 secs] 
8.145: [GC (Allocation Failure) 8.145: [DefNew: 448K->63K(448K), 0.0036534 secs] 246904K->246899K(1048512K), 0.0037223 secs] [Times: user=0.01 sys=0.00, real=0.00 secs] 
8.159: [GC (Allocation Failure) 8.159: [DefNew: 447K->64K(448K), 0.0035728 secs] 247283K->247277K(1048512K), 0.0036528 secs] [Times: user=0.00 sys=0.00, real=0.00 secs] 
8.173: [GC (Allocation Failure) 8.173: [DefNew: 448K->63K(448K), 0.0039703 secs] 247661K->247656K(1048512K), 0.0040463 secs] [Times: user=0.00 sys=0.00, real=0.01 secs] 
8.186: [GC (Allocation Failure) 8.186: [DefNew: 447K->63K(448K), 0.0037039 secs] 248040K->248035K(1048512K), 0.0037776 secs] [Times: user=0.01 sys=0.00, real=0.00 secs] 
8.200: [GC (Allocation Failure) 8.200: [DefNew: 447K->63K(448K), 0.0034674 secs] 248419K->248414K(1048512K), 0.0035424 secs] [Times: user=0.00 sys=0.00, real=0.00 secs] 
8.213: [GC (Allocation Failure) 8.213: [DefNew: 447K->63K(448K), 0.0042610 secs] 248798K->248792K(1048512K), 0.0044447 secs] [Times: user=0.00 sys=0.00, real=0.01 secs] 
8.227: [GC (Allocation Failure) 8.227: [DefNew: 447K->63K(448K), 0.0074387 secs] 249176K->249170K(1048512K), 0.0075905 secs] [Times: user=0.00 sys=0.00, real=0.01 secs] 
8.244: [GC (Allocation Failure) 8.244: [DefNew: 447K->63K(448K), 0.0030549 secs] 249554K->249549K(1048512K), 0.0031300 secs] [Times: user=0.01 sys=0.00, real=0.00 secs] 
8.257: [GC (Allocation Failure) 8.257: [DefNew: 447K->63K(448K), 0.0028982 secs] 249933K->249929K(1048512K), 0.0029695 secs] [Times: user=0.00 sys=0.00, real=0.00 secs] 
8.269: [GC (Allocation Failure) 8.269: [DefNew: 447K->64K(448K), 0.0027127 secs] 250313K->250307K(1048512K), 0.0027737 secs] [Times: user=0.00 sys=0.00, real=0.00 secs] 
8.282: [GC (Allocation Failure) 8.282: [DefNew: 448K->63K(448K), 0.0035095 secs] 250691K->250685K(1048512K), 0.0035853 secs] [Times: user=0.01 sys=0.00, real=0.01 secs] 
8.294: [GC (Allocation Failure) 8.294: [DefNew: 447K->63K(448K), 0.0040128 secs] 251069K->251065K(1048512K), 0.0040917 secs] [Times: user=0.00 sys=0.00, real=0.01 secs] 
8.307: [GC (Allocation Failure) 8.307: [DefNew: 447K->63K(448K), 0.0034773 secs] 251449K->251443K(1048512K), 0.0035436 secs] [Times: user=0.00 sys=0.00, real=0.00 secs] 
8.321: [GC (Allocation Failure) 8.321: [DefNew: 447K->63K(448K), 0.0034341 secs] 251827K->251822K(1048512K), 0.0035062 secs] [Times: user=0.01 sys=0.00, real=0.01 secs] 
8.333: [GC (Allocation Failure) 8.333: [DefNew: 447K->64K(448K), 0.0033761 secs] 252206K->252200K(1048512K), 0.0034725 secs] [Times: user=0.00 sys=0.00, real=0.01 secs] 
8.347: [GC (Allocation Failure) 8.347: [DefNew: 448K->64K(448K), 0.0034535 secs] 252584K->252579K(1048512K), 0.0035324 secs] [Times: user=0.00 sys=0.00, real=0.00 secs] 
8.361: [GC (Allocation Failure) 8.361: [DefNew: 448K->63K(448K), 0.0039131 secs] 252963K->252959K(1048512K), 0.0039963 secs] [Times: user=0.00 sys=0.00, real=0.01 secs] 
8.374: [GC (Allocation Failure) 8.374: [DefNew: 447K->64K(448K), 0.0052403 secs] 253343K->253337K(1048512K), 0.0053244 secs] [Times: user=0.00 sys=0.00, real=0.01 secs] 
8.389: [GC (Allocation Failure) 8.389: [DefNew: 448K->63K(448K), 0.0037321 secs] 253721K->253715K(1048512K), 0.0038092 secs] [Times: user=0.01 sys=0.00, real=0.00 secs] 
8.403: [GC (Allocation Failure) 8.403: [DefNew: 447K->63K(448K), 0.0034371 secs] 254099K->254095K(1048512K), 0.0035058 secs] [Times: user=0.00 sys=0.00, real=0.01 secs] 
8.415: [GC (Allocation Failure) 8.415: [DefNew: 447K->64K(448K), 0.0036934 secs] 254479K->254473K(1048512K), 0.0037676 secs] [Times: user=0.01 sys=0.00, real=0.00 secs] 
8.429: [GC (Allocation Failure) 8.429: [DefNew: 448K->63K(448K), 0.0048796 secs] 254857K->254850K(1048512K), 0.0051636 secs] [Times: user=0.00 sys=0.00, real=0.01 secs] 
8.444: [GC (Allocation Failure) 8.444: [DefNew: 447K->64K(448K), 0.0058269 secs] 255234K->255229K(1048512K), 0.0060000 secs] [Times: user=0.01 sys=0.00, real=0.01 secs] 
8.460: [GC (Allocation Failure) 8.460: [DefNew: 448K->63K(448K), 0.0027840 secs] 255613K->255608K(1048512K), 0.0028626 secs] [Times: user=0.00 sys=0.00, real=0.00 secs] 
8.473: [GC (Allocation Failure) 8.473: [DefNew: 447K->63K(448K), 0.0027549 secs] 255992K->255988K(1048512K), 0.0028234 secs] [Times: user=0.00 sys=0.00, real=0.01 secs] 
8.484: [GC (Allocation Failure) 8.484: [DefNew: 447K->63K(448K), 0.0028887 secs] 256372K->256368K(1048512K), 0.0029500 secs] [Times: user=0.01 sys=0.01, real=0.00 secs] 
8.498: [GC (Allocation Failure) 8.498: [DefNew: 447K->64K(448K), 0.0027732 secs] 256752K->256745K(1048512K), 0.0028369 secs] [Times: user=0.00 sys=0.00, real=0.00 secs] 
8.510: [GC (Allocation Failure) 8.510: [DefNew: 448K->63K(448K), 0.0028379 secs] 257129K->257124K(1048512K), 0.0029744 secs] [Times: user=0.00 sys=0.00, real=0.00 secs] 
8.521: [GC (Allocation Failure) 8.521: [DefNew: 447K->63K(448K), 0.0026477 secs] 257508K->257504K(1048512K), 0.0027011 secs] [Times: user=0.01 sys=0.00, real=0.01 secs] 
8.534: [GC (Allocation Failure) 8.534: [DefNew: 447K->63K(448K), 0.0029012 secs] 257888K->257880K(1048512K), 0.0029669 secs] [Times: user=0.00 sys=0.00, real=0.00 secs] 
8.548: [GC (Allocation Failure) 8.548: [DefNew: 447K->63K(448K), 0.0027402 secs] 258264K->258258K(1048512K), 0.0028096 secs] [Times: user=0.00 sys=0.00, real=0.00 secs] 
8.559: [GC (Allocation Failure) 8.559: [DefNew: 447K->63K(448K), 0.0028424 secs] 258642K->258638K(1048512K), 0.0029020 secs] [Times: user=0.00 sys=0.00, real=0.00 secs] 
8.572: [GC (Allocation Failure) 8.572: [DefNew: 447K->63K(448K), 0.0028512 secs] 259022K->259018K(1048512K), 0.0029149 secs] [Times: user=0.00 sys=0.00, real=0.01 secs] 
8.585: [GC (Allocation Failure) 8.585: [DefNew: 447K->63K(448K), 0.0031308 secs] 259402K->259396K(1048512K), 0.0031969 secs] [Times: user=0.00 sys=0.00, real=0.00 secs] 
8.597: [GC (Allocation Failure) 8.597: [DefNew: 447K->63K(448K), 0.0027578 secs] 259780K->259774K(1048512K), 0.0028098 secs] [Times: user=0.00 sys=0.00, real=0.00 secs] 
8.609: [GC (Allocation Failure) 8.609: [DefNew: 447K->63K(448K), 0.0028368 secs] 260158K->260154K(1048512K), 0.0029014 secs] [Times: user=0.00 sys=0.00, real=0.00 secs] 
8.621: [GC (Allocation Failure) 8.621: [DefNew: 447K->63K(448K), 0.0026015 secs] 260538K->260532K(1048512K), 0.0026536 secs] [Times: user=0.00 sys=0.00, real=0.00 secs] 
8.634: [GC (Allocation Failure) 8.634: [DefNew: 447K->64K(448K), 0.0031809 secs] 260916K->260911K(1048512K), 0.0032466 secs] [Times: user=0.00 sys=0.00, real=0.01 secs] 
8.646: [GC (Allocation Failure) 8.647: [DefNew: 448K->63K(448K), 0.0042981 secs] 261295K->261289K(1048512K), 0.0045489 secs] [Times: user=0.00 sys=0.00, real=0.00 secs] 
8.659: [GC (Allocation Failure) 8.659: [DefNew: 447K->63K(448K), 0.0035027 secs] 261673K->261668K(1048512K), 0.0035732 secs] [Times: user=0.00 sys=0.00, real=0.00 secs] 
8.673: [GC (Allocation Failure) 8.673: [DefNew: 447K->64K(448K), 0.0027283 secs] 262052K->262048K(1048512K), 0.0027890 secs] [Times: user=0.01 sys=0.00, real=0.01 secs] 
8.686: [GC (Allocation Failure) 8.686: [DefNew: 448K->64K(448K), 0.0032427 secs] 262432K->262426K(1048512K), 0.0033062 secs] [Times: user=0.00 sys=0.01, real=0.00 secs] 
8.699: [GC (Allocation Failure) 8.699: [DefNew: 448K->63K(448K), 0.0033624 secs] 262810K->262804K(1048512K), 0.0034270 secs] [Times: user=0.00 sys=0.00, real=0.00 secs] 
8.712: [GC (Allocation Failure) 8.712: [DefNew: 447K->63K(448K), 0.0034756 secs] 263188K->263184K(1048512K), 0.0035418 secs] [Times: user=0.01 sys=0.00, real=0.01 secs] 
8.726: [GC (Allocation Failure) 8.726: [DefNew: 447K->64K(448K), 0.0035622 secs] 263568K->263562K(1048512K), 0.0036364 secs] [Times: user=0.00 sys=0.00, real=0.00 secs] 
8.739: [GC (Allocation Failure) 8.739: [DefNew: 448K->64K(448K), 0.0035252 secs] 263946K->263941K(1048512K), 0.0035938 secs] [Times: user=0.00 sys=0.00, real=0.00 secs] 
8.753: [GC (Allocation Failure) 8.753: [DefNew: 448K->64K(448K), 0.0035005 secs] 264325K->264318K(1048512K), 0.0035713 secs] [Times: user=0.00 sys=0.00, real=0.01 secs] 
8.765: [GC (Allocation Failure) 8.765: [DefNew: 448K->63K(448K), 0.0035118 secs] 264702K->264698K(1048512K), 0.0035853 secs] [Times: user=0.00 sys=0.00, real=0.00 secs] 
8.779: [GC (Allocation Failure) 8.779: [DefNew: 447K->63K(448K), 0.0035419 secs] 265082K->265078K(1048512K), 0.0036183 secs] [Times: user=0.01 sys=0.00, real=0.00 secs] 
8.793: [GC (Allocation Failure) 8.793: [DefNew: 447K->63K(448K), 0.0036769 secs] 265462K->265456K(1048512K), 0.0037457 secs] [Times: user=0.00 sys=0.00, real=0.01 secs] 
8.805: [GC (Allocation Failure) 8.805: [DefNew: 447K->64K(448K), 0.0034647 secs] 265840K->265834K(1048512K), 0.0035313 secs] [Times: user=0.00 sys=0.00, real=0.00 secs] 
8.819: [GC (Allocation Failure) 8.819: [DefNew: 448K->63K(448K), 0.0034994 secs] 266218K->266214K(1048512K), 0.0035708 secs] [Times: user=0.01 sys=0.00, real=0.00 secs] 
8.833: [GC (Allocation Failure) 8.833: [DefNew: 447K->64K(448K), 0.0035102 secs] 266598K->266592K(1048512K), 0.0035950 secs] [Times: user=0.00 sys=0.00, real=0.01 secs] 
8.845: [GC (Allocation Failure) 8.845: [DefNew: 448K->64K(448K), 0.0036614 secs] 266976K->266971K(1048512K), 0.0037396 secs] [Times: user=0.01 sys=0.00, real=0.00 secs] 
8.858: [GC (Allocation Failure) 8.859: [DefNew: 448K->64K(448K), 0.0059687 secs] 267355K->267349K(1048512K), 0.0064389 secs] [Times: user=0.00 sys=0.00, real=0.01 secs] 
8.875: [GC (Allocation Failure) 8.875: [DefNew: 448K->63K(448K), 0.0045911 secs] 267733K->267728K(1048512K), 0.0046694 secs] [Times: user=0.01 sys=0.00, real=0.00 secs] 
8.889: [GC (Allocation Failure) 8.889: [DefNew: 447K->64K(448K), 0.0033594 secs] 268112K->268108K(1048512K), 0.0034354 secs] [Times: user=0.00 sys=0.01, real=0.00 secs] 
8.902: [GC (Allocation Failure) 8.902: [DefNew: 448K->64K(448K), 0.0034048 secs] 268492K->268485K(1048512K), 0.0034754 secs] [Times: user=0.00 sys=0.00, real=0.01 secs] 
8.916: [GC (Allocation Failure) 8.916: [DefNew: 448K->63K(448K), 0.0035392 secs] 268869K->268864K(1048512K), 0.0036175 secs] [Times: user=0.00 sys=0.00, real=0.00 secs] 
8.929: [GC (Allocation Failure) 8.929: [DefNew: 447K->63K(448K), 0.0034871 secs] 269248K->269244K(1048512K), 0.0035533 secs] [Times: user=0.00 sys=0.00, real=0.00 secs] 
8.942: [GC (Allocation Failure) 8.942: [DefNew: 447K->64K(448K), 0.0035881 secs] 269628K->269622K(1048512K), 0.0036689 secs] [Times: user=0.01 sys=0.00, real=0.01 secs] 
8.954: [GC (Allocation Failure) 8.954: [DefNew: 448K->63K(448K), 0.0036646 secs] 270006K->269998K(1048512K), 0.0037406 secs] [Times: user=0.00 sys=0.00, real=0.00 secs] 
8.968: [GC (Allocation Failure) 8.968: [DefNew: 447K->63K(448K), 0.0033201 secs] 270382K->270378K(1048512K), 0.0034153 secs] [Times: user=0.00 sys=0.00, real=0.00 secs] 
8.982: [GC (Allocation Failure) 8.982: [DefNew: 447K->63K(448K), 0.0035939 secs] 270762K->270757K(1048512K), 0.0036608 secs] [Times: user=0.00 sys=0.00, real=0.01 secs] 
8.994: [GC (Allocation Failure) 8.995: [DefNew: 447K->63K(448K), 0.0035893 secs] 271141K->271137K(1048512K), 0.0036592 secs] [Times: user=0.00 sys=0.00, real=0.00 secs] 
9.008: [GC (Allocation Failure) 9.008: [DefNew: 447K->64K(448K), 0.0034554 secs] 271521K->271516K(1048512K), 0.0035347 secs] [Times: user=0.01 sys=0.00, real=0.00 secs] 
9.021: [GC (Allocation Failure) 9.021: [DefNew: 448K->64K(448K), 0.0036843 secs] 271900K->271894K(1048512K), 0.0037751 secs] [Times: user=0.00 sys=0.00, real=0.01 secs] 
9.034: [GC (Allocation Failure) 9.034: [DefNew: 448K->63K(448K), 0.0035560 secs] 272278K->272273K(1048512K), 0.0036284 secs] [Times: user=0.00 sys=0.00, real=0.01 secs] 
9.047: [GC (Allocation Failure) 9.047: [DefNew: 447K->63K(448K), 0.0034094 secs] 272657K->272652K(1048512K), 0.0034782 secs] [Times: user=0.00 sys=0.00, real=0.00 secs] 
9.061: [GC (Allocation Failure) 9.061: [DefNew: 447K->63K(448K), 0.0040666 secs] 273036K->273028K(1048512K), 0.0041535 secs] [Times: user=0.00 sys=0.00, real=0.01 secs] 
9.075: [GC (Allocation Failure) 9.075: [DefNew: 447K->63K(448K), 0.0025703 secs] 273412K->273407K(1048512K), 0.0027117 secs] [Times: user=0.01 sys=0.00, real=0.00 secs] 
9.087: [GC (Allocation Failure) 9.087: [DefNew: 447K->63K(448K), 0.0029863 secs] 273791K->273787K(1048512K), 0.0030494 secs] [Times: user=0.00 sys=0.00, real=0.00 secs] 
9.099: [GC (Allocation Failure) 9.099: [DefNew: 447K->64K(448K), 0.0028932 secs] 274171K->274167K(1048512K), 0.0029920 secs] [Times: user=0.00 sys=0.01, real=0.00 secs] 
9.113: [GC (Allocation Failure) 9.113: [DefNew: 448K->64K(448K), 0.0027460 secs] 274551K->274545K(1048512K), 0.0028065 secs] [Times: user=0.01 sys=0.00, real=0.01 secs] 
9.125: [GC (Allocation Failure) 9.125: [DefNew: 448K->64K(448K), 0.0032802 secs] 274929K->274923K(1048512K), 0.0033414 secs] [Times: user=0.00 sys=0.00, real=0.00 secs] 
9.137: [GC (Allocation Failure) 9.137: [DefNew: 448K->63K(448K), 0.0028554 secs] 275307K->275303K(1048512K), 0.0029189 secs] [Times: user=0.00 sys=0.00, real=0.00 secs] 
9.150: [GC (Allocation Failure) 9.150: [DefNew: 447K->64K(448K), 0.0028352 secs] 275687K->275681K(1048512K), 0.0028918 secs] [Times: user=0.01 sys=0.00, real=0.00 secs] 
9.162: [GC (Allocation Failure) 9.162: [DefNew: 448K->63K(448K), 0.0034739 secs] 276065K->276058K(1048512K), 0.0035493 secs] [Times: user=0.00 sys=0.00, real=0.01 secs] 
9.174: [GC (Allocation Failure) 9.175: [DefNew: 447K->64K(448K), 0.0035380 secs] 276442K->276437K(1048512K), 0.0036123 secs] [Times: user=0.00 sys=0.00, real=0.00 secs] 
9.188: [GC (Allocation Failure) 9.188: [DefNew: 448K->64K(448K), 0.0035443 secs] 276821K->276817K(1048512K), 0.0036138 secs] [Times: user=0.01 sys=0.00, real=0.00 secs] 
9.201: [GC (Allocation Failure) 9.202: [DefNew: 448K->63K(448K), 0.0034183 secs] 277201K->277197K(1048512K), 0.0034874 secs] [Times: user=0.00 sys=0.00, real=0.01 secs] 
9.214: [GC (Allocation Failure) 9.214: [DefNew: 447K->64K(448K), 0.0035934 secs] 277581K->277575K(1048512K), 0.0036584 secs] [Times: user=0.01 sys=0.00, real=0.01 secs] 
9.228: [GC (Allocation Failure) 9.228: [DefNew: 448K->64K(448K), 0.0035131 secs] 277959K->277953K(1048512K), 0.0035874 secs] [Times: user=0.00 sys=0.00, real=0.00 secs] 
9.241: [GC (Allocation Failure) 9.241: [DefNew: 448K->64K(448K), 0.0034707 secs] 278337K->278332K(1048512K), 0.0035447 secs] [Times: user=0.00 sys=0.00, real=0.01 secs] 
9.253: [GC (Allocation Failure) 9.253: [DefNew: 448K->63K(448K), 0.0033947 secs] 278716K->278712K(1048512K), 0.0034634 secs] [Times: user=0.01 sys=0.00, real=0.01 secs] 
9.267: [GC (Allocation Failure) 9.267: [DefNew: 447K->64K(448K), 0.0055779 secs] 279096K->279088K(1048512K), 0.0056726 secs] [Times: user=0.00 sys=0.00, real=0.00 secs] 
9.281: [GC (Allocation Failure) 9.281: [DefNew: 448K->63K(448K), 0.0039946 secs] 279472K->279467K(1048512K), 0.0041960 secs] [Times: user=0.01 sys=0.00, real=0.01 secs] 
9.296: [GC (Allocation Failure) 9.296: [DefNew: 447K->64K(448K), 0.0029428 secs] 279851K->279846K(1048512K), 0.0030250 secs] [Times: user=0.00 sys=0.01, real=0.00 secs] 
9.308: [GC (Allocation Failure) 9.308: [DefNew: 448K->63K(448K), 0.0027580 secs] 280230K->280226K(1048512K), 0.0028167 secs] [Times: user=0.00 sys=0.00, real=0.00 secs] 
9.320: [GC (Allocation Failure) 9.320: [DefNew: 447K->63K(448K), 0.0028747 secs] 280610K->280604K(1048512K), 0.0029332 secs] [Times: user=0.00 sys=0.00, real=0.00 secs] 
9.332: [GC (Allocation Failure) 9.332: [DefNew: 447K->63K(448K), 0.0028212 secs] 280988K->280982K(1048512K), 0.0028756 secs] [Times: user=0.00 sys=0.00, real=0.01 secs] 
9.345: [GC (Allocation Failure) 9.345: [DefNew: 447K->64K(448K), 0.0027460 secs] 281366K->281362K(1048512K), 0.0028015 secs] [Times: user=0.00 sys=0.00, real=0.00 secs] 
9.356: [GC (Allocation Failure) 9.356: [DefNew: 448K->63K(448K), 0.0028577 secs] 281746K->281742K(1048512K), 0.0029135 secs] [Times: user=0.01 sys=0.00, real=0.00 secs] 
9.369: [GC (Allocation Failure) 9.369: [DefNew: 447K->63K(448K), 0.0029459 secs] 282126K->282120K(1048512K), 0.0030123 secs] [Times: user=0.00 sys=0.00, real=0.00 secs] 
9.381: [GC (Allocation Failure) 9.381: [DefNew: 447K->64K(448K), 0.0026060 secs] 282504K->282496K(1048512K), 0.0026640 secs] [Times: user=0.00 sys=0.00, real=0.00 secs] 
9.392: [GC (Allocation Failure) 9.392: [DefNew: 448K->64K(448K), 0.0027611 secs] 282880K->282875K(1048512K), 0.0028208 secs] [Times: user=0.01 sys=0.00, real=0.01 secs] 
9.405: [GC (Allocation Failure) 9.405: [DefNew: 448K->63K(448K), 0.0027045 secs] 283259K->283256K(1048512K), 0.0027599 secs] [Times: user=0.00 sys=0.00, real=0.00 secs] 
9.418: [GC (Allocation Failure) 9.418: [DefNew: 447K->63K(448K), 0.0029396 secs] 283640K->283636K(1048512K), 0.0030009 secs] [Times: user=0.00 sys=0.00, real=0.00 secs] 
9.430: [GC (Allocation Failure) 9.430: [DefNew: 447K->63K(448K), 0.0028700 secs] 284020K->284014K(1048512K), 0.0029247 secs] [Times: user=0.01 sys=0.00, real=0.00 secs] 
9.443: [GC (Allocation Failure) 9.443: [DefNew: 447K->63K(448K), 0.0029746 secs] 284398K->284392K(1048512K), 0.0030351 secs] [Times: user=0.00 sys=0.00, real=0.01 secs] 
9.455: [GC (Allocation Failure) 9.455: [DefNew: 447K->64K(448K), 0.0027082 secs] 284776K->284771K(1048512K), 0.0027761 secs] [Times: user=0.00 sys=0.00, real=0.00 secs] 
9.468: [GC (Allocation Failure) 9.468: [DefNew: 448K->63K(448K), 0.0036327 secs] 285155K->285151K(1048512K), 0.0037499 secs] [Times: user=0.01 sys=0.00, real=0.00 secs] 
9.482: [GC (Allocation Failure) 9.482: [DefNew: 447K->64K(448K), 0.0063867 secs] 285535K->285527K(1048512K), 0.0065010 secs] [Times: user=0.00 sys=0.00, real=0.01 secs] 
9.498: [GC (Allocation Failure) 9.498: [DefNew: 448K->63K(448K), 0.0027970 secs] 285911K->285905K(1048512K), 0.0028631 secs] [Times: user=0.00 sys=0.00, real=0.00 secs] 
9.511: [GC (Allocation Failure) 9.511: [DefNew: 447K->63K(448K), 0.0029843 secs] 286289K->286285K(1048512K), 0.0030591 secs] [Times: user=0.00 sys=0.00, real=0.01 secs] 
9.524: [GC (Allocation Failure) 9.524: [DefNew: 447K->63K(448K), 0.0029138 secs] 286669K->286665K(1048512K), 0.0029679 secs] [Times: user=0.01 sys=0.00, real=0.00 secs] 
9.537: [GC (Allocation Failure) 9.537: [DefNew: 447K->63K(448K), 0.0030594 secs] 287049K->287043K(1048512K), 0.0031188 secs] [Times: user=0.00 sys=0.00, real=0.00 secs] 
9.550: [GC (Allocation Failure) 9.550: [DefNew: 447K->63K(448K), 0.0035193 secs] 287427K->287417K(1048512K), 0.0035928 secs] [Times: user=0.00 sys=0.00, real=0.00 secs] 
9.562: [GC (Allocation Failure) 9.563: [DefNew: 447K->63K(448K), 0.0034540 secs] 287801K->287791K(1048512K), 0.0035271 secs] [Times: user=0.01 sys=0.00, real=0.01 secs] 
9.576: [GC (Allocation Failure) 9.576: [DefNew: 447K->63K(448K), 0.0035659 secs] 288175K->288164K(1048512K), 0.0036369 secs] [Times: user=0.00 sys=0.00, real=0.00 secs] 
9.588: [GC (Allocation Failure) 9.588: [DefNew: 447K->64K(448K), 0.0048975 secs] 288548K->288536K(1048512K), 0.0049872 secs] [Times: user=0.01 sys=0.00, real=0.00 secs] 
9.602: [GC (Allocation Failure) 9.603: [DefNew: 448K->63K(448K), 0.0027057 secs] 288920K->288910K(1048512K), 0.0027598 secs] [Times: user=0.00 sys=0.00, real=0.01 secs] 
9.614: [GC (Allocation Failure) 9.614: [DefNew: 447K->63K(448K), 0.0024261 secs] 289294K->289283K(1048512K), 0.0024924 secs] [Times: user=0.00 sys=0.00, real=0.00 secs] 
9.625: [GC (Allocation Failure) 9.625: [DefNew: 447K->64K(448K), 0.0023444 secs] 289667K->289657K(1048512K), 0.0024003 secs] [Times: user=0.01 sys=0.00, real=0.00 secs] 
9.637: [GC (Allocation Failure) 9.637: [DefNew: 448K->64K(448K), 0.0032726 secs] 290041K->290032K(1048512K), 0.0033338 secs] [Times: user=0.00 sys=0.00, real=0.00 secs] 
9.649: [GC (Allocation Failure) 9.649: [DefNew: 448K->63K(448K), 0.0022916 secs] 290416K->290405K(1048512K), 0.0023459 secs] [Times: user=0.00 sys=0.00, real=0.00 secs] 
9.660: [GC (Allocation Failure) 9.660: [DefNew: 447K->63K(448K), 0.0018745 secs] 290789K->290779K(1048512K), 0.0019234 secs] [Times: user=0.00 sys=0.00, real=0.00 secs] 
9.670: [GC (Allocation Failure) 9.670: [DefNew: 447K->63K(448K), 0.0021313 secs] 291163K->291152K(1048512K), 0.0021884 secs] [Times: user=0.01 sys=0.00, real=0.00 secs] 
9.682: [GC (Allocation Failure) 9.682: [DefNew: 447K->63K(448K), 0.0025894 secs] 291536K->291526K(1048512K), 0.0026528 secs] [Times: user=0.00 sys=0.00, real=0.01 secs] 
9.693: [GC (Allocation Failure) 9.693: [DefNew: 447K->63K(448K), 0.0042486 secs] 291910K->291898K(1048512K), 0.0043881 secs] [Times: user=0.00 sys=0.00, real=0.01 secs] 
9.707: [GC (Allocation Failure) 9.707: [DefNew: 447K->63K(448K), 0.0030360 secs] 292282K->292272K(1048512K), 0.0034052 secs] [Times: user=0.01 sys=0.01, real=0.00 secs] 
9.720: [GC (Allocation Failure) 9.720: [DefNew: 447K->63K(448K), 0.0029399 secs] 292656K->292645K(1048512K), 0.0030089 secs] [Times: user=0.00 sys=0.00, real=0.00 secs] 
9.732: [GC (Allocation Failure) 9.732: [DefNew: 447K->64K(448K), 0.0027239 secs] 293029K->293019K(1048512K), 0.0027792 secs] [Times: user=0.00 sys=0.00, real=0.01 secs] 
9.745: [GC (Allocation Failure) 9.745: [DefNew: 448K->64K(448K), 0.0031385 secs] 293403K->293394K(1048512K), 0.0031980 secs] [Times: user=0.01 sys=0.00, real=0.00 secs] 
9.756: [GC (Allocation Failure) 9.756: [DefNew: 448K->63K(448K), 0.0027913 secs] 293778K->293767K(1048512K), 0.0028608 secs] [Times: user=0.00 sys=0.00, real=0.00 secs] 
9.770: [GC (Allocation Failure) 9.770: [DefNew: 447K->63K(448K), 0.0030063 secs] 294151K->294141K(1048512K), 0.0030698 secs] [Times: user=0.00 sys=0.00, real=0.00 secs] 
9.781: [GC (Allocation Failure) 9.781: [DefNew: 447K->63K(448K), 0.0027292 secs] 294525K->294514K(1048512K), 0.0027813 secs] [Times: user=0.01 sys=0.00, real=0.01 secs] 
9.793: [GC (Allocation Failure) 9.793: [DefNew: 447K->63K(448K), 0.0027310 secs] 294898K->294886K(1048512K), 0.0027934 secs] [Times: user=0.00 sys=0.00, real=0.01 secs] 
9.805: [GC (Allocation Failure) 9.805: [DefNew: 447K->63K(448K), 0.0031960 secs] 295270K->295260K(1048512K), 0.0032566 secs] [Times: user=0.00 sys=0.00, real=0.00 secs] 
9.819: [GC (Allocation Failure) 9.819: [DefNew: 447K->63K(448K), 0.0027377 secs] 295644K->295634K(1048512K), 0.0027924 secs] [Times: user=0.01 sys=0.00, real=0.00 secs] 
9.830: [GC (Allocation Failure) 9.830: [DefNew: 447K->63K(448K), 0.0028532 secs] 296018K->296008K(1048512K), 0.0029074 secs] [Times: user=0.00 sys=0.00, real=0.00 secs] 
9.843: [GC (Allocation Failure) 9.843: [DefNew: 447K->64K(448K), 0.0027979 secs] 296392K->296382K(1048512K), 0.0028563 secs] [Times: user=0.00 sys=0.00, real=0.01 secs] 
9.856: [GC (Allocation Failure) 9.856: [DefNew: 448K->64K(448K), 0.0027603 secs] 296766K->296756K(1048512K), 0.0028201 secs] [Times: user=0.01 sys=0.00, real=0.00 secs] 
9.868: [GC (Allocation Failure) 9.868: [DefNew: 448K->63K(448K), 0.0031569 secs] 297140K->297129K(1048512K), 0.0032205 secs] [Times: user=0.00 sys=0.00, real=0.00 secs] 
9.881: [GC (Allocation Failure) 9.881: [DefNew: 447K->63K(448K), 0.0027679 secs] 297513K->297503K(1048512K), 0.0028223 secs] [Times: user=0.00 sys=0.00, real=0.00 secs] 
9.892: [GC (Allocation Failure) 9.892: [DefNew: 447K->64K(448K), 0.0029924 secs] 297887K->297876K(1048512K), 0.0030632 secs] [Times: user=0.01 sys=0.00, real=0.01 secs] 
9.904: [GC (Allocation Failure) 9.904: [DefNew: 448K->63K(448K), 0.0040086 secs] 298260K->298248K(1048512K), 0.0041978 secs] [Times: user=0.00 sys=0.00, real=0.00 secs] 
9.917: [GC (Allocation Failure) 9.917: [DefNew: 447K->63K(448K), 0.0019882 secs] 298632K->298622K(1048512K), 0.0020381 secs] [Times: user=0.00 sys=0.01, real=0.00 secs] 
9.929: [GC (Allocation Failure) 9.929: [DefNew: 447K->63K(448K), 0.0031190 secs] 299006K->298996K(1048512K), 0.0031786 secs] [Times: user=0.01 sys=0.00, real=0.00 secs] 
9.941: [GC (Allocation Failure) 9.941: [DefNew: 447K->64K(448K), 0.0030192 secs] 299380K->299370K(1048512K), 0.0030847 secs] [Times: user=0.00 sys=0.00, real=0.00 secs] 
9.954: [GC (Allocation Failure) 9.954: [DefNew: 448K->63K(448K), 0.0027569 secs] 299754K->299744K(1048512K), 0.0028249 secs] [Times: user=0.00 sys=0.00, real=0.01 secs] 
9.967: [GC (Allocation Failure) 9.967: [DefNew: 447K->63K(448K), 0.0028121 secs] 300128K->300118K(1048512K), 0.0028668 secs] [Times: user=0.01 sys=0.00, real=0.00 secs] 
9.979: [GC (Allocation Failure) 9.979: [DefNew: 447K->63K(448K), 0.0030126 secs] 300502K->300491K(1048512K), 0.0030756 secs] [Times: user=0.00 sys=0.00, real=0.00 secs] 
9.992: [GC (Allocation Failure) 9.992: [DefNew: 447K->63K(448K), 0.0028398 secs] 300875K->300865K(1048512K), 0.0028981 secs] [Times: user=0.00 sys=0.00, real=0.01 secs] 
10.004: [GC (Allocation Failure) 10.004: [DefNew: 447K->64K(448K), 0.0029637 secs] 301249K->301236K(1048512K), 0.0030215 secs] [Times: user=0.01 sys=0.00, real=0.01 secs] 
10.017: [GC (Allocation Failure) 10.017: [DefNew: 448K->63K(448K), 0.0028058 secs] 301620K->301611K(1048512K), 0.0028636 secs] [Times: user=0.00 sys=0.00, real=0.00 secs] 
10.029: [GC (Allocation Failure) 10.029: [DefNew: 447K->63K(448K), 0.0029134 secs] 301995K->301984K(1048512K), 0.0029719 secs] [Times: user=0.00 sys=0.00, real=0.00 secs] 
10.042: [GC (Allocation Failure) 10.042: [DefNew: 447K->64K(448K), 0.0028824 secs] 302368K->302358K(1048512K), 0.0029472 secs] [Times: user=0.01 sys=0.00, real=0.01 secs] 
10.054: [GC (Allocation Failure) 10.054: [DefNew: 448K->64K(448K), 0.0027507 secs] 302742K->302732K(1048512K), 0.0028118 secs] [Times: user=0.00 sys=0.00, real=0.01 secs] 
10.067: [GC (Allocation Failure) 10.067: [DefNew: 448K->63K(448K), 0.0032472 secs] 303116K->303106K(1048512K), 0.0033135 secs] [Times: user=0.00 sys=0.00, real=0.00 secs] 
10.079: [GC (Allocation Failure) 10.079: [DefNew: 447K->63K(448K), 0.0034059 secs] 303490K->303480K(1048512K), 0.0034734 secs] [Times: user=0.01 sys=0.00, real=0.00 secs] 
10.092: [GC (Allocation Failure) 10.092: [DefNew: 447K->63K(448K), 0.0028627 secs] 303864K->303853K(1048512K), 0.0029190 secs] [Times: user=0.00 sys=0.00, real=0.01 secs] 
10.105: [GC (Allocation Failure) 10.105: [DefNew: 447K->63K(448K), 0.0032473 secs] 304237K->304225K(1048512K), 0.0034291 secs] [Times: user=0.00 sys=0.00, real=0.00 secs] 
10.118: [GC (Allocation Failure) 10.118: [DefNew: 447K->63K(448K), 0.0024721 secs] 304609K->304599K(1048512K), 0.0025338 secs] [Times: user=0.01 sys=0.00, real=0.00 secs] 
10.129: [GC (Allocation Failure) 10.129: [DefNew: 447K->63K(448K), 0.0022256 secs] 304983K->304973K(1048512K), 0.0022877 secs] [Times: user=0.00 sys=0.00, real=0.00 secs] 
10.140: [GC (Allocation Failure) 10.140: [DefNew: 447K->64K(448K), 0.0019857 secs] 305357K->305347K(1048512K), 0.0020374 secs] [Times: user=0.00 sys=0.00, real=0.00 secs] 
10.151: [GC (Allocation Failure) 10.151: [DefNew: 448K->64K(448K), 0.0020148 secs] 305731K->305721K(1048512K), 0.0020677 secs] [Times: user=0.01 sys=0.00, real=0.00 secs] 
10.162: [GC (Allocation Failure) 10.162: [DefNew: 448K->63K(448K), 0.0035577 secs] 306105K->306094K(1048512K), 0.0036279 secs] [Times: user=0.00 sys=0.00, real=0.01 secs] 
10.176: [GC (Allocation Failure) 10.176: [DefNew: 447K->63K(448K), 0.0034328 secs] 306478K->306468K(1048512K), 0.0035008 secs] [Times: user=0.00 sys=0.00, real=0.00 secs] 
10.188: [GC (Allocation Failure) 10.188: [DefNew: 447K->63K(448K), 0.0034336 secs] 306852K->306842K(1048512K), 0.0035010 secs] [Times: user=0.01 sys=0.00, real=0.00 secs] 
10.202: [GC (Allocation Failure) 10.202: [DefNew: 447K->63K(448K), 0.0036126 secs] 307226K->307215K(1048512K), 0.0036807 secs] [Times: user=0.00 sys=0.00, real=0.01 secs] 
10.214: [GC (Allocation Failure) 10.214: [DefNew: 447K->64K(448K), 0.0036912 secs] 307599K->307587K(1048512K), 0.0037641 secs] [Times: user=0.01 sys=0.00, real=0.01 secs] 
10.228: [GC (Allocation Failure) 10.228: [DefNew: 448K->64K(448K), 0.0036831 secs] 307971K->307961K(1048512K), 0.0037625 secs] [Times: user=0.00 sys=0.00, real=0.00 secs] 
10.241: [GC (Allocation Failure) 10.241: [DefNew: 448K->63K(448K), 0.0035250 secs] 308345K->308335K(1048512K), 0.0035961 secs] [Times: user=0.00 sys=0.00, real=0.01 secs] 
10.254: [GC (Allocation Failure) 10.254: [DefNew: 447K->63K(448K), 0.0034906 secs] 308719K->308709K(1048512K), 0.0035588 secs] [Times: user=0.01 sys=0.00, real=0.00 secs] 
10.267: [GC (Allocation Failure) 10.267: [DefNew: 447K->64K(448K), 0.0034536 secs] 309093K->309083K(1048512K), 0.0035256 secs] [Times: user=0.00 sys=0.00, real=0.00 secs] 
10.279: [GC (Allocation Failure) 10.279: [DefNew: 448K->63K(448K), 0.0036573 secs] 309467K->309456K(1048512K), 0.0037349 secs] [Times: user=0.01 sys=0.00, real=0.00 secs] 
10.293: [GC (Allocation Failure) 10.293: [DefNew: 447K->63K(448K), 0.0035074 secs] 309840K->309830K(1048512K), 0.0035877 secs] [Times: user=0.00 sys=0.00, real=0.01 secs] 
10.305: [GC (Allocation Failure) 10.305: [DefNew: 447K->63K(448K), 0.0035784 secs] 310214K->310204K(1048512K), 0.0036546 secs] [Times: user=0.00 sys=0.00, real=0.00 secs] 
10.319: [GC (Allocation Failure) 10.319: [DefNew: 447K->63K(448K), 0.0051929 secs] 310588K->310575K(1048512K), 0.0053584 secs] [Times: user=0.00 sys=0.00, real=0.01 secs] 
10.334: [GC (Allocation Failure) 10.334: [DefNew: 447K->64K(448K), 0.0026445 secs] 310959K->310950K(1048512K), 0.0026953 secs] [Times: user=0.00 sys=0.01, real=0.01 secs] 
10.346: [GC (Allocation Failure) 10.346: [DefNew: 448K->63K(448K), 0.0029515 secs] 311334K->311323K(1048512K), 0.0030140 secs] [Times: user=0.01 sys=0.00, real=0.00 secs] 
10.359: [GC (Allocation Failure) 10.359: [DefNew: 447K->64K(448K), 0.0027329 secs] 311707K->311697K(1048512K), 0.0027900 secs] [Times: user=0.00 sys=0.00, real=0.00 secs] 
10.370: [GC (Allocation Failure) 10.370: [DefNew: 448K->63K(448K), 0.0027418 secs] 312081K->312071K(1048512K), 0.0027996 secs] [Times: user=0.00 sys=0.00, real=0.00 secs] 
10.383: [GC (Allocation Failure) 10.383: [DefNew: 447K->63K(448K), 0.0029352 secs] 312455K->312445K(1048512K), 0.0029974 secs] [Times: user=0.01 sys=0.00, real=0.01 secs] 
10.393: [GC (Allocation Failure) 10.393: [DefNew: 447K->63K(448K), 0.0022091 secs] 312829K->312818K(1048512K), 0.0022582 secs] [Times: user=0.00 sys=0.00, real=0.01 secs] 
10.406: [GC (Allocation Failure) 10.406: [DefNew: 447K->63K(448K), 0.0022041 secs] 313202K->313192K(1048512K), 0.0022640 secs] [Times: user=0.01 sys=0.00, real=0.00 secs] 
10.416: [GC (Allocation Failure) 10.416: [DefNew: 447K->63K(448K), 0.0028712 secs] 313576K->313564K(1048512K), 0.0029452 secs] [Times: user=0.00 sys=0.00, real=0.00 secs] 
10.428: [GC (Allocation Failure) 10.428: [DefNew: 447K->64K(448K), 0.0021329 secs] 313948K->313938K(1048512K), 0.0021867 secs] [Times: user=0.00 sys=0.00, real=0.00 secs] 
10.438: [GC (Allocation Failure) 10.438: [DefNew: 448K->63K(448K), 0.0020535 secs] 314322K->314312K(1048512K), 0.0021069 secs] [Times: user=0.01 sys=0.00, real=0.00 secs] 
10.450: [GC (Allocation Failure) 10.450: [DefNew: 447K->64K(448K), 0.0029469 secs] 314696K->314686K(1048512K), 0.0030033 secs] [Times: user=0.00 sys=0.00, real=0.00 secs] 
10.464: [GC (Allocation Failure) 10.464: [DefNew: 448K->64K(448K), 0.0028838 secs] 315070K->315060K(1048512K), 0.0029405 secs] [Times: user=0.00 sys=0.00, real=0.01 secs] 
10.475: [GC (Allocation Failure) 10.475: [DefNew: 448K->63K(448K), 0.0028469 secs] 315444K->315433K(1048512K), 0.0029235 secs] [Times: user=0.01 sys=0.00, real=0.00 secs] 
10.488: [GC (Allocation Failure) 10.489: [DefNew: 447K->63K(448K), 0.0031082 secs] 315817K->315807K(1048512K), 0.0031713 secs] [Times: user=0.00 sys=0.00, real=0.00 secs] 
10.500: [GC (Allocation Failure) 10.500: [DefNew: 447K->63K(448K), 0.0035744 secs] 316191K->316180K(1048512K), 0.0036442 secs] [Times: user=0.00 sys=0.00, real=0.00 secs] 
10.514: [GC (Allocation Failure) 10.514: [DefNew: 447K->63K(448K), 0.0038429 secs] 316564K->316554K(1048512K), 0.0039281 secs] [Times: user=0.00 sys=0.00, real=0.01 secs] 
10.527: [GC (Allocation Failure) 10.527: [DefNew: 447K->64K(448K), 0.0050713 secs] 316938K->316926K(1048512K), 0.0052642 secs] [Times: user=0.00 sys=0.00, real=0.00 secs] 
10.542: [GC (Allocation Failure) 10.542: [DefNew: 448K->64K(448K), 0.0034049 secs] 317310K->317300K(1048512K), 0.0034718 secs] [Times: user=0.00 sys=0.00, real=0.01 secs] 
10.554: [GC (Allocation Failure) 10.554: [DefNew: 448K->63K(448K), 0.0027574 secs] 317684K->317675K(1048512K), 0.0028131 secs] [Times: user=0.00 sys=0.00, real=0.00 secs] 
10.568: [GC (Allocation Failure) 10.568: [DefNew: 447K->63K(448K), 0.0028802 secs] 318059K->318054K(1048512K), 0.0029379 secs] [Times: user=0.01 sys=0.00, real=0.00 secs] 
10.581: [GC (Allocation Failure) 10.581: [DefNew: 447K->63K(448K), 0.0030677 secs] 318438K->318433K(1048512K), 0.0031298 secs] [Times: user=0.00 sys=0.00, real=0.00 secs] 
10.593: [GC (Allocation Failure) 10.593: [DefNew: 447K->64K(448K), 0.0028024 secs] 318817K->318812K(1048512K), 0.0028580 secs] [Times: user=0.00 sys=0.00, real=0.01 secs] 
10.605: [GC (Allocation Failure) 10.605: [DefNew: 448K->63K(448K), 0.0028169 secs] 319196K->319192K(1048512K), 0.0028709 secs] [Times: user=0.01 sys=0.00, real=0.00 secs] 
10.618: [GC (Allocation Failure) 10.618: [DefNew: 447K->63K(448K), 0.0033393 secs] 319576K->319570K(1048512K), 0.0034224 secs] [Times: user=0.00 sys=0.00, real=0.00 secs] 
10.630: [GC (Allocation Failure) 10.630: [DefNew: 447K->64K(448K), 0.0030486 secs] 319954K->319946K(1048512K), 0.0031181 secs] [Times: user=0.00 sys=0.00, real=0.00 secs] 
10.643: [GC (Allocation Failure) 10.643: [DefNew: 448K->64K(448K), 0.0028959 secs] 320330K->320325K(1048512K), 0.0029511 secs] [Times: user=0.01 sys=0.00, real=0.01 secs] 
10.656: [GC (Allocation Failure) 10.656: [DefNew: 448K->63K(448K), 0.0028756 secs] 320709K->320706K(1048512K), 0.0029375 secs] [Times: user=0.00 sys=0.00, real=0.00 secs] 
10.668: [GC (Allocation Failure) 10.668: [DefNew: 447K->64K(448K), 0.0027271 secs] 321090K->321086K(1048512K), 0.0027829 secs] [Times: user=0.00 sys=0.00, real=0.00 secs] 
10.681: [GC (Allocation Failure) 10.681: [DefNew: 448K->64K(448K), 0.0028183 secs] 321470K->321464K(1048512K), 0.0028727 secs] [Times: user=0.01 sys=0.00, real=0.00 secs] 
10.692: [GC (Allocation Failure) 10.692: [DefNew: 448K->64K(448K), 0.0028360 secs] 321848K->321842K(1048512K), 0.0028931 secs] [Times: user=0.00 sys=0.00, real=0.01 secs] 
10.705: [GC (Allocation Failure) 10.705: [DefNew: 448K->63K(448K), 0.0030785 secs] 322226K->322221K(1048512K), 0.0031517 secs] [Times: user=0.00 sys=0.00, real=0.00 secs] 
10.718: [GC (Allocation Failure) 10.718: [DefNew: 447K->63K(448K), 0.0028150 secs] 322605K->322601K(1048512K), 0.0028698 secs] [Times: user=0.01 sys=0.00, real=0.00 secs] 
10.730: [GC (Allocation Failure) 10.730: [DefNew: 447K->64K(448K), 0.0036482 secs] 322985K->322977K(1048512K), 0.0037751 secs] [Times: user=0.00 sys=0.00, real=0.00 secs] 
10.743: [GC (Allocation Failure) 10.743: [DefNew: 448K->63K(448K), 0.0024852 secs] 323361K->323356K(1048512K), 0.0025547 secs] [Times: user=0.00 sys=0.00, real=0.01 secs] 
10.756: [GC (Allocation Failure) 10.756: [DefNew: 447K->63K(448K), 0.0028028 secs] 323740K->323735K(1048512K), 0.0028586 secs] [Times: user=0.00 sys=0.00, real=0.00 secs] 
10.768: [GC (Allocation Failure) 10.768: [DefNew: 447K->63K(448K), 0.0030509 secs] 324119K->324115K(1048512K), 0.0031848 secs] [Times: user=0.00 sys=0.00, real=0.00 secs] 
10.781: [GC (Allocation Failure) 10.781: [DefNew: 447K->63K(448K), 0.0029695 secs] 324499K->324493K(1048512K), 0.0030438 secs] [Times: user=0.00 sys=0.01, real=0.01 secs] 
10.795: [GC (Allocation Failure) 10.795: [DefNew: 447K->63K(448K), 0.0031016 secs] 324877K->324871K(1048512K), 0.0031568 secs] [Times: user=0.00 sys=0.00, real=0.00 secs] 
10.807: [GC (Allocation Failure) 10.807: [DefNew: 447K->64K(448K), 0.0028768 secs] 325255K->325251K(1048512K), 0.0029310 secs] [Times: user=0.00 sys=0.00, real=0.00 secs] 
10.820: [GC (Allocation Failure) 10.820: [DefNew: 448K->64K(448K), 0.0030288 secs] 325635K->325630K(1048512K), 0.0030916 secs] [Times: user=0.00 sys=0.00, real=0.00 secs] 
10.831: [GC (Allocation Failure) 10.831: [DefNew: 447K->63K(448K), 0.0033280 secs] 326014K->326006K(1048512K), 0.0033874 secs] [Times: user=0.00 sys=0.00, real=0.01 secs] 
10.844: [GC (Allocation Failure) 10.844: [DefNew: 447K->63K(448K), 0.0028160 secs] 326390K->326385K(1048512K), 0.0028752 secs] [Times: user=0.00 sys=0.00, real=0.00 secs] 
10.857: [GC (Allocation Failure) 10.857: [DefNew: 447K->63K(448K), 0.0027950 secs] 326769K->326765K(1048512K), 0.0028567 secs] [Times: user=0.00 sys=0.00, real=0.00 secs] 
10.869: [GC (Allocation Failure) 10.869: [DefNew: 447K->63K(448K), 0.0038594 secs] 327149K->327145K(1048512K), 0.0039404 secs] [Times: user=0.00 sys=0.00, real=0.00 secs] 
10.883: [GC (Allocation Failure) 10.883: [DefNew: 447K->63K(448K), 0.0035350 secs] 327529K->327523K(1048512K), 0.0036082 secs] [Times: user=0.00 sys=0.00, real=0.01 secs] 
10.897: [GC (Allocation Failure) 10.897: [DefNew: 447K->63K(448K), 0.0036784 secs] 327907K->327901K(1048512K), 0.0037494 secs] [Times: user=0.01 sys=0.00, real=0.00 secs] 
10.910: [GC (Allocation Failure) 10.910: [DefNew: 447K->63K(448K), 0.0037008 secs] 328285K->328281K(1048512K), 0.0037747 secs] [Times: user=0.00 sys=0.00, real=0.00 secs] 
10.924: [GC (Allocation Failure) 10.924: [DefNew: 447K->63K(448K), 0.0036630 secs] 328665K->328659K(1048512K), 0.0037355 secs] [Times: user=0.01 sys=0.00, real=0.01 secs] 
10.937: [GC (Allocation Failure) 10.937: [DefNew: 447K->63K(448K), 0.0057212 secs] 329043K->329036K(1048512K), 0.0058503 secs] [Times: user=0.00 sys=0.00, real=0.00 secs] 
10.952: [GC (Allocation Failure) 10.952: [DefNew: 447K->63K(448K), 0.0019135 secs] 329420K->329415K(1048512K), 0.0019577 secs] [Times: user=0.00 sys=0.00, real=0.01 secs] 
10.964: [GC (Allocation Failure) 10.964: [DefNew: 447K->63K(448K), 0.0028871 secs] 329799K->329795K(1048512K), 0.0029419 secs] [Times: user=0.00 sys=0.00, real=0.00 secs] 
10.978: [GC (Allocation Failure) 10.978: [DefNew: 447K->63K(448K), 0.0028241 secs] 330179K->330175K(1048512K), 0.0028816 secs] [Times: user=0.00 sys=0.00, real=0.00 secs] 
10.989: [GC (Allocation Failure) 10.989: [DefNew: 447K->63K(448K), 0.0027420 secs] 330559K->330553K(1048512K), 0.0027966 secs] [Times: user=0.00 sys=0.01, real=0.00 secs] 
11.002: [GC (Allocation Failure) 11.002: [DefNew: 447K->63K(448K), 0.0035073 secs] 330937K->330931K(1048512K), 0.0035777 secs] [Times: user=0.00 sys=0.00, real=0.01 secs] 
11.014: [GC (Allocation Failure) 11.014: [DefNew: 447K->63K(448K), 0.0028627 secs] 331315K->331310K(1048512K), 0.0029333 secs] [Times: user=0.00 sys=0.00, real=0.00 secs] 
11.027: [GC (Allocation Failure) 11.027: [DefNew: 447K->63K(448K), 0.0028326 secs] 331694K->331690K(1048512K), 0.0028985 secs] [Times: user=0.00 sys=0.00, real=0.00 secs] 
11.040: [GC (Allocation Failure) 11.040: [DefNew: 447K->63K(448K), 0.0029508 secs] 332074K->332066K(1048512K), 0.0030028 secs] [Times: user=0.00 sys=0.00, real=0.00 secs] 
11.052: [GC (Allocation Failure) 11.052: [DefNew: 447K->63K(448K), 0.0027553 secs] 332450K->332445K(1048512K), 0.0028103 secs] [Times: user=0.00 sys=0.00, real=0.01 secs] 
11.064: [GC (Allocation Failure) 11.064: [DefNew: 447K->63K(448K), 0.0029248 secs] 332829K->332824K(1048512K), 0.0029858 secs] [Times: user=0.00 sys=0.00, real=0.00 secs] 
11.078: [GC (Allocation Failure) 11.078: [DefNew: 447K->64K(448K), 0.0028120 secs] 333208K->333204K(1048512K), 0.0028655 secs] [Times: user=0.00 sys=0.00, real=0.00 secs] 
11.089: [GC (Allocation Failure) 11.089: [DefNew: 448K->63K(448K), 0.0031822 secs] 333588K->333582K(1048512K), 0.0032522 secs] [Times: user=0.00 sys=0.00, real=0.00 secs] 
11.102: [GC (Allocation Failure) 11.102: [DefNew: 447K->64K(448K), 0.0028204 secs] 333966K->333960K(1048512K), 0.0028770 secs] [Times: user=0.01 sys=0.00, real=0.01 secs] 
11.116: [GC (Allocation Failure) 11.116: [DefNew: 448K->64K(448K), 0.0029047 secs] 334344K->334340K(1048512K), 0.0029663 secs] [Times: user=0.00 sys=0.00, real=0.00 secs] 
11.127: [GC (Allocation Failure) 11.127: [DefNew: 448K->63K(448K), 0.0029263 secs] 334724K->334720K(1048512K), 0.0029989 secs] [Times: user=0.00 sys=0.00, real=0.00 secs] 
11.140: [GC (Allocation Failure) 11.140: [DefNew: 447K->63K(448K), 0.0038662 secs] 335104K->335098K(1048512K), 0.0039486 secs] [Times: user=0.01 sys=0.00, real=0.00 secs] 
11.152: [GC (Allocation Failure) 11.152: [DefNew: 447K->63K(448K), 0.0060477 secs] 335482K->335474K(1048512K), 0.0062512 secs] [Times: user=0.00 sys=0.00, real=0.01 secs] 
11.168: [GC (Allocation Failure) 11.168: [DefNew: 447K->63K(448K), 0.0030113 secs] 335858K->335853K(1048512K), 0.0030815 secs] [Times: user=0.01 sys=0.00, real=0.00 secs] 
11.182: [GC (Allocation Failure) 11.182: [DefNew: 447K->63K(448K), 0.0030723 secs] 336237K->336234K(1048512K), 0.0031284 secs] [Times: user=0.00 sys=0.00, real=0.01 secs] 
11.194: [GC (Allocation Failure) 11.194: [DefNew: 447K->63K(448K), 0.0028021 secs] 336618K->336614K(1048512K), 0.0028551 secs] [Times: user=0.00 sys=0.00, real=0.01 secs] 
11.207: [GC (Allocation Failure) 11.207: [DefNew: 447K->63K(448K), 0.0028047 secs] 336998K->336992K(1048512K), 0.0028611 secs] [Times: user=0.01 sys=0.00, real=0.00 secs] 
11.220: [GC (Allocation Failure) 11.220: [DefNew: 447K->63K(448K), 0.0035957 secs] 337376K->337370K(1048512K), 0.0036655 secs] [Times: user=0.00 sys=0.00, real=0.00 secs] 
11.232: [GC (Allocation Failure) 11.232: [DefNew: 447K->64K(448K), 0.0035821 secs] 337754K->337749K(1048512K), 0.0036758 secs] [Times: user=0.00 sys=0.00, real=0.01 secs] 
11.246: [GC (Allocation Failure) 11.246: [DefNew: 448K->63K(448K), 0.0037955 secs] 338133K->338129K(1048512K), 0.0038717 secs] [Times: user=0.01 sys=0.00, real=0.00 secs] 
11.260: [GC (Allocation Failure) 11.261: [DefNew: 447K->64K(448K), 0.0036884 secs] 338513K->338505K(1048512K), 0.0037636 secs] [Times: user=0.00 sys=0.00, real=0.01 secs] 
11.273: [GC (Allocation Failure) 11.273: [DefNew: 448K->63K(448K), 0.0035504 secs] 338889K->338883K(1048512K), 0.0036219 secs] [Times: user=0.01 sys=0.00, real=0.01 secs] 
11.287: [GC (Allocation Failure) 11.287: [DefNew: 447K->64K(448K), 0.0036856 secs] 339267K->339263K(1048512K), 0.0037555 secs] [Times: user=0.00 sys=0.00, real=0.00 secs] 
11.301: [GC (Allocation Failure) 11.301: [DefNew: 448K->64K(448K), 0.0036511 secs] 339647K->339643K(1048512K), 0.0037252 secs] [Times: user=0.01 sys=0.00, real=0.01 secs] 
11.313: [GC (Allocation Failure) 11.313: [DefNew: 448K->64K(448K), 0.0034827 secs] 340027K->340021K(1048512K), 0.0035534 secs] [Times: user=0.00 sys=0.00, real=0.01 secs] 
11.327: [GC (Allocation Failure) 11.327: [DefNew: 448K->63K(448K), 0.0041091 secs] 340405K->340399K(1048512K), 0.0041958 secs] [Times: user=0.00 sys=0.00, real=0.00 secs] 
11.340: [GC (Allocation Failure) 11.340: [DefNew: 447K->64K(448K), 0.0038406 secs] 340783K->340779K(1048512K), 0.0039283 secs] [Times: user=0.01 sys=0.00, real=0.00 secs] 
11.354: [GC (Allocation Failure) 11.354: [DefNew: 448K->64K(448K), 0.0040424 secs] 341163K->341156K(1048512K), 0.0041233 secs] [Times: user=0.00 sys=0.00, real=0.01 secs] 
11.369: [GC (Allocation Failure) 11.369: [DefNew: 448K->63K(448K), 0.0061108 secs] 341540K->341535K(1048512K), 0.0062884 secs] [Times: user=0.01 sys=0.00, real=0.01 secs] 
11.385: [GC (Allocation Failure) 11.385: [DefNew: 447K->64K(448K), 0.0042943 secs] 341919K->341915K(1048512K), 0.0043750 secs] [Times: user=0.00 sys=0.00, real=0.00 secs] 
11.399: [GC (Allocation Failure) 11.399: [DefNew: 448K->64K(448K), 0.0036376 secs] 342299K->342293K(1048512K), 0.0037125 secs] [Times: user=0.01 sys=0.00, real=0.00 secs] 
11.413: [GC (Allocation Failure) 11.413: [DefNew: 448K->63K(448K), 0.0036358 secs] 342677K->342671K(1048512K), 0.0037049 secs] [Times: user=0.00 sys=0.00, real=0.01 secs] 
11.425: [GC (Allocation Failure) 11.425: [DefNew: 447K->63K(448K), 0.0036573 secs] 343055K->343051K(1048512K), 0.0037345 secs] [Times: user=0.01 sys=0.00, real=0.00 secs] 
11.440: [GC (Allocation Failure) 11.440: [DefNew: 447K->64K(448K), 0.0038931 secs] 343435K->343429K(1048512K), 0.0039658 secs] [Times: user=0.00 sys=0.00, real=0.00 secs] 
11.454: [GC (Allocation Failure) 11.454: [DefNew: 448K->63K(448K), 0.0035378 secs] 343813K->343808K(1048512K), 0.0036123 secs] [Times: user=0.00 sys=0.00, real=0.01 secs] 
11.466: [GC (Allocation Failure) 11.466: [DefNew: 447K->64K(448K), 0.0037243 secs] 344192K->344186K(1048512K), 0.0038040 secs] [Times: user=0.00 sys=0.00, real=0.00 secs] 
11.480: [GC (Allocation Failure) 11.480: [DefNew: 448K->63K(448K), 0.0035669 secs] 344570K->344565K(1048512K), 0.0036374 secs] [Times: user=0.00 sys=0.00, real=0.00 secs] 
11.494: [GC (Allocation Failure) 11.494: [DefNew: 447K->64K(448K), 0.0037186 secs] 344949K->344945K(1048512K), 0.0037928 secs] [Times: user=0.01 sys=0.00, real=0.01 secs] 
11.506: [GC (Allocation Failure) 11.506: [DefNew: 448K->63K(448K), 0.0036367 secs] 345329K->345323K(1048512K), 0.0037040 secs] [Times: user=0.00 sys=0.00, real=0.00 secs] 
11.520: [GC (Allocation Failure) 11.520: [DefNew: 447K->64K(448K), 0.0039655 secs] 345707K->345701K(1048512K), 0.0040454 secs] [Times: user=0.01 sys=0.00, real=0.01 secs] 
11.533: [GC (Allocation Failure) 11.533: [DefNew: 448K->63K(448K), 0.0036543 secs] 346085K->346081K(1048512K), 0.0037248 secs] [Times: user=0.00 sys=0.00, real=0.01 secs] 
11.547: [GC (Allocation Failure) 11.547: [DefNew: 447K->63K(448K), 0.0035976 secs] 346465K->346459K(1048512K), 0.0036742 secs] [Times: user=0.00 sys=0.00, real=0.00 secs] 
11.561: [GC (Allocation Failure) 11.561: [DefNew: 447K->63K(448K), 0.0054031 secs] 346843K->346838K(1048512K), 0.0055117 secs] [Times: user=0.01 sys=0.00, real=0.01 secs] 
11.576: [GC (Allocation Failure) 11.576: [DefNew: 447K->64K(448K), 0.0037807 secs] 347222K->347216K(1048512K), 0.0039136 secs] [Times: user=0.01 sys=0.00, real=0.00 secs] 
11.590: [GC (Allocation Failure) 11.590: [DefNew: 448K->64K(448K), 0.0030934 secs] 347600K->347595K(1048512K), 0.0031843 secs] [Times: user=0.00 sys=0.00, real=0.00 secs] 
11.602: [GC (Allocation Failure) 11.602: [DefNew: 448K->63K(448K), 0.0030259 secs] 347979K->347975K(1048512K), 0.0030939 secs] [Times: user=0.00 sys=0.00, real=0.01 secs] 
11.614: [GC (Allocation Failure) 11.614: [DefNew: 447K->64K(448K), 0.0030565 secs] 348359K->348352K(1048512K), 0.0031232 secs] [Times: user=0.01 sys=0.01, real=0.00 secs] 
11.627: [GC (Allocation Failure) 11.627: [DefNew: 448K->63K(448K), 0.0028575 secs] 348736K->348731K(1048512K), 0.0029188 secs] [Times: user=0.00 sys=0.00, real=0.00 secs] 
11.640: [GC (Allocation Failure) 11.640: [DefNew: 447K->63K(448K), 0.0029504 secs] 349115K->349111K(1048512K), 0.0030081 secs] [Times: user=0.00 sys=0.00, real=0.00 secs] 
11.651: [GC (Allocation Failure) 11.651: [DefNew: 447K->63K(448K), 0.0029086 secs] 349495K->349489K(1048512K), 0.0029691 secs] [Times: user=0.01 sys=0.00, real=0.01 secs] 
11.664: [GC (Allocation Failure) 11.664: [DefNew: 447K->63K(448K), 0.0027700 secs] 349873K->349868K(1048512K), 0.0028326 secs] [Times: user=0.00 sys=0.00, real=0.00 secs] 
11.676: [GC (Allocation Failure) 11.676: [DefNew: 447K->64K(448K), 0.0021910 secs] 350252K->350247K(1048512K), 0.0022375 secs] [Times: user=0.00 sys=0.00, real=0.00 secs] 
11.687: [GC (Allocation Failure) 11.687: [DefNew: 448K->63K(448K), 0.0030412 secs] 350631K->350624K(1048512K), 0.0031060 secs] [Times: user=0.01 sys=0.00, real=0.00 secs] 
11.700: [GC (Allocation Failure) 11.700: [DefNew: 447K->64K(448K), 0.0035855 secs] 351008K->351003K(1048512K), 0.0036548 secs] [Times: user=0.00 sys=0.00, real=0.00 secs] 
11.712: [GC (Allocation Failure) 11.712: [DefNew: 448K->64K(448K), 0.0035559 secs] 351387K->351382K(1048512K), 0.0036254 secs] [Times: user=0.01 sys=0.00, real=0.01 secs] 
11.726: [GC (Allocation Failure) 11.726: [DefNew: 448K->64K(448K), 0.0035450 secs] 351766K->351761K(1048512K), 0.0036133 secs] [Times: user=0.00 sys=0.00, real=0.00 secs] 
11.740: [GC (Allocation Failure) 11.740: [DefNew: 448K->64K(448K), 0.0034885 secs] 352145K->352140K(1048512K), 0.0035579 secs] [Times: user=0.00 sys=0.00, real=0.00 secs] 
11.752: [GC (Allocation Failure) 11.752: [DefNew: 448K->63K(448K), 0.0041037 secs] 352524K->352520K(1048512K), 0.0041945 secs] [Times: user=0.01 sys=0.00, real=0.01 secs] 
11.766: [GC (Allocation Failure) 11.766: [DefNew: 447K->64K(448K), 0.0035970 secs] 352904K->352898K(1048512K), 0.0036657 secs] [Times: user=0.00 sys=0.00, real=0.00 secs] 
11.780: [GC (Allocation Failure) 11.780: [DefNew: 448K->64K(448K), 0.0054322 secs] 353282K->353276K(1048512K), 0.0055471 secs] [Times: user=0.01 sys=0.00, real=0.01 secs] 
11.794: [GC (Allocation Failure) 11.794: [DefNew: 448K->63K(448K), 0.0038205 secs] 353660K->353653K(1048512K), 0.0039715 secs] [Times: user=0.00 sys=0.00, real=0.01 secs] 
11.808: [GC (Allocation Failure) 11.808: [DefNew: 447K->63K(448K), 0.0028700 secs] 354037K->354032K(1048512K), 0.0029255 secs] [Times: user=0.01 sys=0.00, real=0.00 secs] 
11.821: [GC (Allocation Failure) 11.821: [DefNew: 447K->63K(448K), 0.0027916 secs] 354416K->354412K(1048512K), 0.0028483 secs] [Times: user=0.00 sys=0.01, real=0.01 secs] 
11.833: [GC (Allocation Failure) 11.833: [DefNew: 447K->64K(448K), 0.0030100 secs] 354796K->354792K(1048512K), 0.0030693 secs] [Times: user=0.00 sys=0.00, real=0.01 secs] 
11.846: [GC (Allocation Failure) 11.846: [DefNew: 448K->63K(448K), 0.0029014 secs] 355176K->355170K(1048512K), 0.0029597 secs] [Times: user=0.01 sys=0.00, real=0.00 secs] 
11.858: [GC (Allocation Failure) 11.858: [DefNew: 447K->64K(448K), 0.0030590 secs] 355554K->355548K(1048512K), 0.0031310 secs] [Times: user=0.00 sys=0.00, real=0.00 secs] 
11.871: [GC (Allocation Failure) 11.871: [DefNew: 448K->64K(448K), 0.0028610 secs] 355932K->355927K(1048512K), 0.0029154 secs] [Times: user=0.00 sys=0.00, real=0.01 secs] 
11.885: [GC (Allocation Failure) 11.885: [DefNew: 448K->63K(448K), 0.0030353 secs] 356311K->356307K(1048512K), 0.0031256 secs] [Times: user=0.01 sys=0.00, real=0.00 secs] 
11.896: [GC (Allocation Failure) 11.896: [DefNew: 447K->64K(448K), 0.0028491 secs] 356691K->356683K(1048512K), 0.0029063 secs] [Times: user=0.00 sys=0.00, real=0.00 secs] 
11.909: [GC (Allocation Failure) 11.909: [DefNew: 448K->63K(448K), 0.0029373 secs] 357067K->357062K(1048512K), 0.0030011 secs] [Times: user=0.00 sys=0.00, real=0.00 secs] 
11.923: [GC (Allocation Failure) 11.923: [DefNew: 447K->64K(448K), 0.0037426 secs] 357446K->357441K(1048512K), 0.0038242 secs] [Times: user=0.01 sys=0.00, real=0.01 secs] 
11.935: [GC (Allocation Failure) 11.935: [DefNew: 448K->64K(448K), 0.0037199 secs] 357825K->357821K(1048512K), 0.0037935 secs] [Times: user=0.00 sys=0.00, real=0.00 secs] 
11.949: [GC (Allocation Failure) 11.949: [DefNew: 448K->64K(448K), 0.0039579 secs] 358205K->358199K(1048512K), 0.0040511 secs] [Times: user=0.00 sys=0.00, real=0.00 secs] 
11.963: [GC (Allocation Failure) 11.963: [DefNew: 448K->63K(448K), 0.0036156 secs] 358583K->358577K(1048512K), 0.0036909 secs] [Times: user=0.00 sys=0.00, real=0.01 secs] 
11.975: [GC (Allocation Failure) 11.975: [DefNew: 447K->64K(448K), 0.0036373 secs] 358961K->358957K(1048512K), 0.0037097 secs] [Times: user=0.00 sys=0.00, real=0.00 secs] 
11.989: [GC (Allocation Failure) 11.989: [DefNew: 448K->63K(448K), 0.0037670 secs] 359341K->359337K(1048512K), 0.0038502 secs] [Times: user=0.01 sys=0.00, real=0.00 secs] 
12.002: [GC (Allocation Failure) 12.002: [DefNew: 447K->64K(448K), 0.0052817 secs] 359720K->359712K(1048512K), 0.0054675 secs] [Times: user=0.00 sys=0.00, real=0.01 secs] 
12.017: [GC (Allocation Failure) 12.017: [DefNew: 448K->63K(448K), 0.0020958 secs] 360096K->360091K(1048512K), 0.0021579 secs] [Times: user=0.01 sys=0.00, real=0.00 secs] 
12.029: [GC (Allocation Failure) 12.029: [DefNew: 447K->63K(448K), 0.0029765 secs] 360475K->360471K(1048512K), 0.0030571 secs] [Times: user=0.00 sys=0.00, real=0.00 secs] 
12.041: [GC (Allocation Failure) 12.041: [DefNew: 447K->63K(448K), 0.0029077 secs] 360855K->360851K(1048512K), 0.0029615 secs] [Times: user=0.00 sys=0.01, real=0.00 secs] 
12.054: [GC (Allocation Failure) 12.054: [DefNew: 447K->64K(448K), 0.0028376 secs] 361235K->361229K(1048512K), 0.0028922 secs] [Times: user=0.01 sys=0.00, real=0.00 secs] 
12.067: [GC (Allocation Failure) 12.067: [DefNew: 448K->63K(448K), 0.0031239 secs] 361613K->361607K(1048512K), 0.0031832 secs] [Times: user=0.00 sys=0.00, real=0.00 secs] 
12.079: [GC (Allocation Failure) 12.079: [DefNew: 447K->63K(448K), 0.0029931 secs] 361991K->361987K(1048512K), 0.0030610 secs] [Times: user=0.00 sys=0.00, real=0.00 secs] 
12.092: [GC (Allocation Failure) 12.092: [DefNew: 447K->64K(448K), 0.0028759 secs] 362371K->362365K(1048512K), 0.0029347 secs] [Times: user=0.01 sys=0.00, real=0.01 secs] 
12.105: [GC (Allocation Failure) 12.105: [DefNew: 448K->64K(448K), 0.0023418 secs] 362749K->362742K(1048512K), 0.0023955 secs] [Times: user=0.00 sys=0.00, real=0.00 secs] 
12.115: [GC (Allocation Failure) 12.115: [DefNew: 448K->64K(448K), 0.0027886 secs] 363126K->363121K(1048512K), 0.0028470 secs] [Times: user=0.00 sys=0.00, real=0.00 secs] 
12.128: [GC (Allocation Failure) 12.128: [DefNew: 448K->63K(448K), 0.0027433 secs] 363505K->363501K(1048512K), 0.0027990 secs] [Times: user=0.01 sys=0.00, real=0.00 secs] 
12.141: [GC (Allocation Failure) 12.141: [DefNew: 447K->63K(448K), 0.0034954 secs] 363885K->363881K(1048512K), 0.0035613 secs] [Times: user=0.00 sys=0.00, real=0.01 secs] 
12.154: [GC (Allocation Failure) 12.154: [DefNew: 447K->64K(448K), 0.0037368 secs] 364265K->364259K(1048512K), 0.0038114 secs] [Times: user=0.00 sys=0.00, real=0.01 secs] 
12.168: [GC (Allocation Failure) 12.168: [DefNew: 448K->63K(448K), 0.0037765 secs] 364643K->364637K(1048512K), 0.0038546 secs] [Times: user=0.01 sys=0.00, real=0.00 secs] 
12.181: [GC (Allocation Failure) 12.181: [DefNew: 447K->64K(448K), 0.0035795 secs] 365021K->365016K(1048512K), 0.0036464 secs] [Times: user=0.00 sys=0.00, real=0.01 secs] 
12.194: [GC (Allocation Failure) 12.194: [DefNew: 448K->64K(448K), 0.0035858 secs] 365400K->365396K(1048512K), 0.0036673 secs] [Times: user=0.01 sys=0.00, real=0.00 secs] 
12.208: [GC (Allocation Failure) 12.208: [DefNew: 447K->63K(448K), 0.0076316 secs] 365780K->365772K(1048512K), 0.0077285 secs] [Times: user=0.00 sys=0.00, real=0.01 secs] 
12.224: [GC (Allocation Failure) 12.224: [DefNew: 447K->63K(448K), 0.0024586 secs] 366156K->366151K(1048512K), 0.0025162 secs] [Times: user=0.00 sys=0.00, real=0.00 secs] 
12.237: [GC (Allocation Failure) 12.237: [DefNew: 447K->64K(448K), 0.0028394 secs] 366535K->366530K(1048512K), 0.0028929 secs] [Times: user=0.00 sys=0.00, real=0.00 secs] 
12.249: [GC (Allocation Failure) 12.249: [DefNew: 448K->64K(448K), 0.0030159 secs] 366914K->366910K(1048512K), 0.0030742 secs] [Times: user=0.00 sys=0.01, real=0.00 secs] 
12.262: [GC (Allocation Failure) 12.262: [DefNew: 448K->63K(448K), 0.0030034 secs] 367294K->367288K(1048512K), 0.0030569 secs] [Times: user=0.00 sys=0.00, real=0.01 secs] 
12.275: [GC (Allocation Failure) 12.275: [DefNew: 447K->63K(448K), 0.0047939 secs] 367672K->367667K(1048512K), 0.0048683 secs] [Times: user=0.00 sys=0.00, real=0.00 secs] 
12.290: [GC (Allocation Failure) 12.290: [DefNew: 447K->64K(448K), 0.0032052 secs] 368051K->368046K(1048512K), 0.0032951 secs] [Times: user=0.00 sys=0.00, real=0.00 secs] 
12.301: [GC (Allocation Failure) 12.301: [DefNew: 448K->63K(448K), 0.0029792 secs] 368430K->368426K(1048512K), 0.0031064 secs] [Times: user=0.01 sys=0.00, real=0.01 secs] 
12.314: [GC (Allocation Failure) 12.314: [DefNew: 447K->64K(448K), 0.0030619 secs] 368809K->368801K(1048512K), 0.0031265 secs] [Times: user=0.00 sys=0.00, real=0.01 secs] 
12.326: [GC (Allocation Failure) 12.326: [DefNew: 448K->63K(448K), 0.0043574 secs] 369185K->369180K(1048512K), 0.0045058 secs] [Times: user=0.00 sys=0.00, real=0.00 secs] 
12.340: [GC (Allocation Failure) 12.340: [DefNew: 447K->63K(448K), 0.0040978 secs] 369564K->369560K(1048512K), 0.0041808 secs] [Times: user=0.01 sys=0.00, real=0.01 secs] 
12.354: [GC (Allocation Failure) 12.354: [DefNew: 447K->64K(448K), 0.0034258 secs] 369944K->369940K(1048512K), 0.0035039 secs] [Times: user=0.00 sys=0.00, real=0.01 secs] 
12.366: [GC (Allocation Failure) 12.366: [DefNew: 448K->63K(448K), 0.0029157 secs] 370324K->370318K(1048512K), 0.0029796 secs] [Times: user=0.00 sys=0.00, real=0.00 secs] 
12.378: [GC (Allocation Failure) 12.378: [DefNew: 447K->64K(448K), 0.0033904 secs] 370702K->370696K(1048512K), 0.0034529 secs] [Times: user=0.01 sys=0.00, real=0.00 secs] 
12.391: [GC (Allocation Failure) 12.391: [DefNew: 448K->63K(448K), 0.0025734 secs] 371080K->371076K(1048512K), 0.0026273 secs] [Times: user=0.00 sys=0.00, real=0.00 secs] 
12.402: [GC (Allocation Failure) 12.402: [DefNew: 447K->64K(448K), 0.0031002 secs] 371460K->371454K(1048512K), 0.0031639 secs] [Times: user=0.00 sys=0.00, real=0.01 secs] 
12.415: [GC (Allocation Failure) 12.415: [DefNew: 448K->63K(448K), 0.0044451 secs] 371838K->371831K(1048512K), 0.0046039 secs] [Times: user=0.01 sys=0.00, real=0.00 secs] 
12.430: [GC (Allocation Failure) 12.430: [DefNew: 447K->63K(448K), 0.0022758 secs] 372215K->372210K(1048512K), 0.0023503 secs] [Times: user=0.00 sys=0.00, real=0.00 secs] 
12.441: [GC (Allocation Failure) 12.441: [DefNew: 447K->63K(448K), 0.0028805 secs] 372594K->372590K(1048512K), 0.0029737 secs] [Times: user=0.00 sys=0.01, real=0.00 secs] 
12.453: [GC (Allocation Failure) 12.453: [DefNew: 447K->63K(448K), 0.0035510 secs] 372974K->372970K(1048512K), 0.0036181 secs] [Times: user=0.00 sys=0.00, real=0.01 secs] 
12.466: [GC (Allocation Failure) 12.466: [DefNew: 447K->63K(448K), 0.0029340 secs] 373354K->373348K(1048512K), 0.0030552 secs] [Times: user=0.00 sys=0.00, real=0.00 secs] 
12.478: [GC (Allocation Failure) 12.478: [DefNew: 447K->63K(448K), 0.0029110 secs] 373732K->373726K(1048512K), 0.0029866 secs] [Times: user=0.00 sys=0.00, real=0.00 secs] 
12.490: [GC (Allocation Failure) 12.490: [DefNew: 447K->64K(448K), 0.0035427 secs] 374110K->374105K(1048512K), 0.0036066 secs] [Times: user=0.00 sys=0.00, real=0.00 secs] 
12.504: [GC (Allocation Failure) 12.504: [DefNew: 448K->63K(448K), 0.0031222 secs] 374489K->374485K(1048512K), 0.0031882 secs] [Times: user=0.00 sys=0.00, real=0.01 secs] 
12.515: [GC (Allocation Failure) 12.515: [DefNew: 447K->64K(448K), 0.0037759 secs] 374869K->374861K(1048512K), 0.0038371 secs] [Times: user=0.01 sys=0.00, real=0.00 secs] 
12.529: [GC (Allocation Failure) 12.529: [DefNew: 448K->63K(448K), 0.0028852 secs] 375245K->375240K(1048512K), 0.0029406 secs] [Times: user=0.00 sys=0.00, real=0.00 secs] 
12.540: [GC (Allocation Failure) 12.540: [DefNew: 447K->64K(448K), 0.0037851 secs] 375624K->375620K(1048512K), 0.0038644 secs] [Times: user=0.00 sys=0.00, real=0.00 secs] 
12.553: [GC (Allocation Failure) 12.553: [DefNew: 448K->63K(448K), 0.0025103 secs] 376004K->375999K(1048512K), 0.0025548 secs] [Times: user=0.00 sys=0.00, real=0.01 secs] 
12.565: [GC (Allocation Failure) 12.565: [DefNew: 447K->63K(448K), 0.0037851 secs] 376383K->376377K(1048512K), 0.0038457 secs] [Times: user=0.00 sys=0.00, real=0.00 secs] 
12.576: [GC (Allocation Failure) 12.576: [DefNew: 447K->64K(448K), 0.0027626 secs] 376761K->376756K(1048512K), 0.0028143 secs] [Times: user=0.00 sys=0.00, real=0.00 secs] 
12.588: [GC (Allocation Failure) 12.588: [DefNew: 448K->63K(448K), 0.0029517 secs] 377140K->377135K(1048512K), 0.0030095 secs] [Times: user=0.00 sys=0.00, real=0.00 secs] 
12.600: [GC (Allocation Failure) 12.600: [DefNew: 447K->63K(448K), 0.0027783 secs] 377519K->377515K(1048512K), 0.0028483 secs] [Times: user=0.00 sys=0.00, real=0.00 secs] 
12.611: [GC (Allocation Failure) 12.612: [DefNew: 447K->64K(448K), 0.0035497 secs] 377899K->377893K(1048512K), 0.0036180 secs] [Times: user=0.00 sys=0.00, real=0.01 secs] 
12.625: [GC (Allocation Failure) 12.625: [DefNew: 448K->63K(448K), 0.0026406 secs] 378277K->378269K(1048512K), 0.0028166 secs] [Times: user=0.00 sys=0.00, real=0.00 secs] 
12.637: [GC (Allocation Failure) 12.637: [DefNew: 447K->64K(448K), 0.0025050 secs] 378653K->378648K(1048512K), 0.0025764 secs] [Times: user=0.00 sys=0.00, real=0.00 secs] 
12.648: [GC (Allocation Failure) 12.648: [DefNew: 448K->63K(448K), 0.0027530 secs] 379032K->379029K(1048512K), 0.0028147 secs] [Times: user=0.00 sys=0.01, real=0.00 secs] 
12.661: [GC (Allocation Failure) 12.661: [DefNew: 447K->63K(448K), 0.0029695 secs] 379413K->379409K(1048512K), 0.0030278 secs] [Times: user=0.00 sys=0.00, real=0.00 secs] 
12.672: [GC (Allocation Failure) 12.672: [DefNew: 447K->63K(448K), 0.0028134 secs] 379793K->379787K(1048512K), 0.0028677 secs] [Times: user=0.01 sys=0.00, real=0.01 secs] 
12.685: [GC (Allocation Failure) 12.685: [DefNew: 447K->63K(448K), 0.0029762 secs] 380171K->380165K(1048512K), 0.0030392 secs] [Times: user=0.00 sys=0.00, real=0.00 secs] 
12.698: [GC (Allocation Failure) 12.698: [DefNew: 447K->64K(448K), 0.0030763 secs] 380549K->380544K(1048512K), 0.0031489 secs] [Times: user=0.00 sys=0.00, real=0.00 secs] 
12.710: [GC (Allocation Failure) 12.710: [DefNew: 448K->63K(448K), 0.0031192 secs] 380928K->380924K(1048512K), 0.0031951 secs] [Times: user=0.01 sys=0.00, real=0.00 secs] 
12.723: [GC (Allocation Failure) 12.723: [DefNew: 447K->63K(448K), 0.0036881 secs] 381308K->381300K(1048512K), 0.0037484 secs] [Times: user=0.00 sys=0.00, real=0.01 secs] 
12.736: [GC (Allocation Failure) 12.736: [DefNew: 447K->63K(448K), 0.0028780 secs] 381684K->381679K(1048512K), 0.0029325 secs] [Times: user=0.00 sys=0.00, real=0.00 secs] 
12.747: [GC (Allocation Failure) 12.747: [DefNew: 447K->63K(448K), 0.0035248 secs] 382063K->382058K(1048512K), 0.0035910 secs] [Times: user=0.00 sys=0.00, real=0.00 secs] 
12.760: [GC (Allocation Failure) 12.760: [DefNew: 447K->63K(448K), 0.0028160 secs] 382442K->382438K(1048512K), 0.0028782 secs] [Times: user=0.00 sys=0.00, real=0.00 secs] 
12.772: [GC (Allocation Failure) 12.772: [DefNew: 447K->63K(448K), 0.0034403 secs] 382822K->382816K(1048512K), 0.0035028 secs] [Times: user=0.01 sys=0.00, real=0.01 secs] 
12.784: [GC (Allocation Failure) 12.784: [DefNew: 447K->63K(448K), 0.0026888 secs] 383200K->383194K(1048512K), 0.0027405 secs] [Times: user=0.00 sys=0.00, real=0.00 secs] 
12.796: [GC (Allocation Failure) 12.796: [DefNew: 447K->64K(448K), 0.0037556 secs] 383578K->383574K(1048512K), 0.0038191 secs] [Times: user=0.00 sys=0.00, real=0.00 secs] 
12.810: [GC (Allocation Failure) 12.810: [DefNew: 448K->64K(448K), 0.0026525 secs] 383958K->383954K(1048512K), 0.0027051 secs] [Times: user=0.00 sys=0.00, real=0.00 secs] 
12.821: [GC (Allocation Failure) 12.821: [DefNew: 448K->63K(448K), 0.0036978 secs] 384338K->384332K(1048512K), 0.0037880 secs] [Times: user=0.00 sys=0.00, real=0.01 secs] 
12.835: [GC (Allocation Failure) 12.835: [DefNew: 447K->63K(448K), 0.0040315 secs] 384716K->384708K(1048512K), 0.0042202 secs] [Times: user=0.00 sys=0.00, real=0.00 secs] 
12.848: [GC (Allocation Failure) 12.848: [DefNew: 447K->64K(448K), 0.0024493 secs] 385092K->385087K(1048512K), 0.0025054 secs] [Times: user=0.01 sys=0.00, real=0.00 secs] 
12.860: [GC (Allocation Failure) 12.860: [DefNew: 448K->63K(448K), 0.0036411 secs] 385471K->385468K(1048512K), 0.0037030 secs] [Times: user=0.00 sys=0.00, real=0.00 secs] 
12.873: [GC (Allocation Failure) 12.873: [DefNew: 447K->64K(448K), 0.0027114 secs] 385852K->385848K(1048512K), 0.0027628 secs] [Times: user=0.00 sys=0.00, real=0.01 secs] 
12.884: [GC (Allocation Failure) 12.884: [DefNew: 448K->63K(448K), 0.0039026 secs] 386232K->386226K(1048512K), 0.0039670 secs] [Times: user=0.01 sys=0.00, real=0.00 secs] 
12.898: [GC (Allocation Failure) 12.898: [DefNew: 447K->63K(448K), 0.0029474 secs] 386610K->386604K(1048512K), 0.0030020 secs] [Times: user=0.00 sys=0.00, real=0.00 secs] 
12.911: [GC (Allocation Failure) 12.911: [DefNew: 447K->64K(448K), 0.0028170 secs] 386988K->386983K(1048512K), 0.0028719 secs] [Times: user=0.00 sys=0.00, real=0.01 secs] 
12.922: [GC (Allocation Failure) 12.922: [DefNew: 448K->63K(448K), 0.0030899 secs] 387367K->387363K(1048512K), 0.0031650 secs] [Times: user=0.01 sys=0.00, real=0.01 secs] 
12.934: [GC (Allocation Failure) 12.934: [DefNew: 447K->63K(448K), 0.0022395 secs] 387747K->387739K(1048512K), 0.0023032 secs] [Times: user=0.00 sys=0.00, real=0.00 secs] 
12.945: [GC (Allocation Failure) 12.945: [DefNew: 447K->63K(448K), 0.0024065 secs] 388123K->388117K(1048512K), 0.0024621 secs] [Times: user=0.00 sys=0.00, real=0.00 secs] 
12.956: [GC (Allocation Failure) 12.956: [DefNew: 447K->63K(448K), 0.0030886 secs] 388501K->388497K(1048512K), 0.0031596 secs] [Times: user=0.01 sys=0.00, real=0.00 secs] 
12.969: [GC (Allocation Failure) 12.969: [DefNew: 447K->63K(448K), 0.0023639 secs] 388881K->388877K(1048512K), 0.0024152 secs] [Times: user=0.00 sys=0.00, real=0.00 secs] 
12.980: [GC (Allocation Failure) 12.980: [DefNew: 447K->63K(448K), 0.0034442 secs] 389261K->389255K(1048512K), 0.0035089 secs] [Times: user=0.00 sys=0.00, real=0.00 secs] 
12.992: [GC (Allocation Failure) 12.992: [DefNew: 447K->63K(448K), 0.0026622 secs] 389639K->389633K(1048512K), 0.0027361 secs] [Times: user=0.00 sys=0.00, real=0.01 secs] 
13.004: [GC (Allocation Failure) 13.004: [DefNew: 447K->63K(448K), 0.0028812 secs] 390017K->390013K(1048512K), 0.0029677 secs] [Times: user=0.01 sys=0.00, real=0.00 secs] 
13.016: [GC (Allocation Failure) 13.016: [DefNew: 447K->64K(448K), 0.0024043 secs] 390397K->390392K(1048512K), 0.0024512 secs] [Times: user=0.00 sys=0.00, real=0.00 secs] 
13.028: [GC (Allocation Failure) 13.028: [DefNew: 448K->64K(448K), 0.0036393 secs] 390776K->390770K(1048512K), 0.0037032 secs] [Times: user=0.00 sys=0.00, real=0.00 secs] 
13.042: [GC (Allocation Failure) 13.042: [DefNew: 448K->64K(448K), 0.0064560 secs] 391154K->391147K(1048512K), 0.0067527 secs] [Times: user=0.01 sys=0.00, real=0.01 secs] 
13.059: [GC (Allocation Failure) 13.059: [DefNew: 448K->64K(448K), 0.0036630 secs] 391531K->391526K(1048512K), 0.0037108 secs] [Times: user=0.00 sys=0.00, real=0.00 secs] 
13.073: [GC (Allocation Failure) 13.073: [DefNew: 448K->63K(448K), 0.0026872 secs] 391910K->391907K(1048512K), 0.0027386 secs] [Times: user=0.01 sys=0.00, real=0.01 secs] 
13.085: [GC (Allocation Failure) 13.085: [DefNew: 447K->63K(448K), 0.0027683 secs] 392291K->392286K(1048512K), 0.0028333 secs] [Times: user=0.00 sys=0.00, real=0.00 secs] 
13.097: [GC (Allocation Failure) 13.097: [DefNew: 447K->63K(448K), 0.0037704 secs] 392670K->392664K(1048512K), 0.0038615 secs] [Times: user=0.00 sys=0.00, real=0.00 secs] 
13.111: [GC (Allocation Failure) 13.111: [DefNew: 447K->63K(448K), 0.0035807 secs] 393048K->393043K(1048512K), 0.0036509 secs] [Times: user=0.01 sys=0.00, real=0.01 secs] 
13.125: [GC (Allocation Failure) 13.125: [DefNew: 447K->64K(448K), 0.0036926 secs] 393427K->393422K(1048512K), 0.0037722 secs] [Times: user=0.00 sys=0.00, real=0.00 secs] 
13.137: [GC (Allocation Failure) 13.138: [DefNew: 448K->63K(448K), 0.0039388 secs] 393806K->393802K(1048512K), 0.0040153 secs] [Times: user=0.01 sys=0.00, real=0.00 secs] 
13.151: [GC (Allocation Failure) 13.151: [DefNew: 447K->63K(448K), 0.0038290 secs] 394185K->394177K(1048512K), 0.0039044 secs] [Times: user=0.00 sys=0.00, real=0.01 secs] 
13.164: [GC (Allocation Failure) 13.164: [DefNew: 447K->63K(448K), 0.0036658 secs] 394561K->394556K(1048512K), 0.0037429 secs] [Times: user=0.00 sys=0.00, real=0.00 secs] 
13.179: [GC (Allocation Failure) 13.179: [DefNew: 447K->63K(448K), 0.0038304 secs] 394940K->394936K(1048512K), 0.0039115 secs] [Times: user=0.01 sys=0.00, real=0.00 secs] 
13.192: [GC (Allocation Failure) 13.192: [DefNew: 447K->63K(448K), 0.0036714 secs] 395320K->395316K(1048512K), 0.0037418 secs] [Times: user=0.00 sys=0.00, real=0.01 secs] 
13.205: [GC (Allocation Failure) 13.205: [DefNew: 447K->63K(448K), 0.0036206 secs] 395700K->395694K(1048512K), 0.0036931 secs] [Times: user=0.01 sys=0.00, real=0.00 secs] 
13.218: [GC (Allocation Failure) 13.218: [DefNew: 447K->63K(448K), 0.0042323 secs] 396078K->396072K(1048512K), 0.0043119 secs] [Times: user=0.00 sys=0.00, real=0.00 secs] 
13.233: [GC (Allocation Failure) 13.233: [DefNew: 447K->63K(448K), 0.0041802 secs] 396456K->396451K(1048512K), 0.0043322 secs] [Times: user=0.01 sys=0.00, real=0.01 secs] 
13.246: [GC (Allocation Failure) 13.246: [DefNew: 447K->63K(448K), 0.0067232 secs] 396835K->396831K(1048512K), 0.0068998 secs] [Times: user=0.00 sys=0.01, real=0.00 secs] 
13.268: [GC (Allocation Failure) 13.268: [DefNew: 447K->64K(448K), 0.0071036 secs] 397215K->397207K(1048512K), 0.0071587 secs] [Times: user=0.01 sys=0.00, real=0.01 secs] 
13.284: [GC (Allocation Failure) 13.284: [DefNew: 448K->63K(448K), 0.0026548 secs] 397591K->397586K(1048512K), 0.0027153 secs] [Times: user=0.00 sys=0.00, real=0.01 secs] 
13.295: [GC (Allocation Failure) 13.295: [DefNew: 447K->63K(448K), 0.0022707 secs] 397970K->397966K(1048512K), 0.0023390 secs] [Times: user=0.00 sys=0.00, real=0.00 secs] 
13.306: [GC (Allocation Failure) 13.306: [DefNew: 447K->63K(448K), 0.0027870 secs] 398350K->398345K(1048512K), 0.0028887 secs] [Times: user=0.00 sys=0.00, real=0.00 secs] 
13.319: [GC (Allocation Failure) 13.319: [DefNew: 447K->63K(448K), 0.0029353 secs] 398729K->398723K(1048512K), 0.0030035 secs] [Times: user=0.01 sys=0.00, real=0.00 secs] 
13.331: [GC (Allocation Failure) 13.331: [DefNew: 447K->63K(448K), 0.0029151 secs] 399107K->399102K(1048512K), 0.0029713 secs] [Times: user=0.00 sys=0.00, real=0.00 secs] 
13.344: [GC (Allocation Failure) 13.344: [DefNew: 447K->63K(448K), 0.0031580 secs] 399486K->399481K(1048512K), 0.0032217 secs] [Times: user=0.00 sys=0.00, real=0.01 secs] 
13.356: [GC (Allocation Failure) 13.356: [DefNew: 447K->63K(448K), 0.0037433 secs] 399865K->399860K(1048512K), 0.0038128 secs] [Times: user=0.01 sys=0.00, real=0.00 secs] 
13.370: [GC (Allocation Failure) 13.370: [DefNew: 447K->63K(448K), 0.0037879 secs] 400244K->400237K(1048512K), 0.0038646 secs] [Times: user=0.00 sys=0.00, real=0.00 secs] 
13.384: [GC (Allocation Failure) 13.384: [DefNew: 447K->64K(448K), 0.0040252 secs] 400621K->400616K(1048512K), 0.0041026 secs] [Times: user=0.01 sys=0.00, real=0.01 secs] 
13.397: [GC (Allocation Failure) 13.397: [DefNew: 448K->64K(448K), 0.0037975 secs] 401000K->400996K(1048512K), 0.0038733 secs] [Times: user=0.00 sys=0.00, real=0.00 secs] 
13.411: [GC (Allocation Failure) 13.411: [DefNew: 448K->63K(448K), 0.0037193 secs] 401380K->401375K(1048512K), 0.0037914 secs] [Times: user=0.01 sys=0.00, real=0.01 secs] 
13.425: [GC (Allocation Failure) 13.425: [DefNew: 447K->63K(448K), 0.0036737 secs] 401759K->401754K(1048512K), 0.0037408 secs] [Times: user=0.00 sys=0.00, real=0.00 secs] 
13.437: [GC (Allocation Failure) 13.437: [DefNew: 447K->63K(448K), 0.0038322 secs] 402138K->402132K(1048512K), 0.0039135 secs] [Times: user=0.00 sys=0.00, real=0.00 secs] 
13.451: [GC (Allocation Failure) 13.451: [DefNew: 447K->63K(448K), 0.0037706 secs] 402516K->402511K(1048512K), 0.0038388 secs] [Times: user=0.01 sys=0.00, real=0.01 secs] 
13.465: [GC (Allocation Failure) 13.465: [DefNew: 447K->64K(448K), 0.0052156 secs] 402895K->402891K(1048512K), 0.0053529 secs] [Times: user=0.00 sys=0.00, real=0.00 secs] 
13.480: [GC (Allocation Failure) 13.480: [DefNew: 447K->63K(448K), 0.0023753 secs] 403274K->403267K(1048512K), 0.0024546 secs] [Times: user=0.01 sys=0.00, real=0.00 secs] 
13.492: [GC (Allocation Failure) 13.492: [DefNew: 447K->63K(448K), 0.0034894 secs] 403651K->403645K(1048512K), 0.0035579 secs] [Times: user=0.00 sys=0.00, real=0.01 secs] 
13.505: [GC (Allocation Failure) 13.505: [DefNew: 447K->64K(448K), 0.0038030 secs] 404029K->404025K(1048512K), 0.0038831 secs] [Times: user=0.00 sys=0.00, real=0.00 secs] 
13.519: [GC (Allocation Failure) 13.519: [DefNew: 448K->64K(448K), 0.0038562 secs] 404409K->404405K(1048512K), 0.0039277 secs] [Times: user=0.00 sys=0.00, real=0.00 secs] 
13.534: [GC (Allocation Failure) 13.534: [DefNew: 448K->63K(448K), 0.0037692 secs] 404789K->404783K(1048512K), 0.0038457 secs] [Times: user=0.00 sys=0.00, real=0.01 secs] 
13.547: [GC (Allocation Failure) 13.547: [DefNew: 447K->64K(448K), 0.0038826 secs] 405167K->405161K(1048512K), 0.0039613 secs] [Times: user=0.01 sys=0.00, real=0.00 secs] 
13.561: [GC (Allocation Failure) 13.561: [DefNew: 448K->63K(448K), 0.0039489 secs] 405545K->405540K(1048512K), 0.0040440 secs] [Times: user=0.00 sys=0.00, real=0.01 secs] 
13.575: [GC (Allocation Failure) 13.575: [DefNew: 447K->63K(448K), 0.0037380 secs] 405924K->405920K(1048512K), 0.0038158 secs] [Times: user=0.01 sys=0.00, real=0.00 secs] 
13.588: [GC (Allocation Failure) 13.588: [DefNew: 447K->64K(448K), 0.0041259 secs] 406304K->406296K(1048512K), 0.0042064 secs] [Times: user=0.00 sys=0.00, real=0.00 secs] 
13.602: [GC (Allocation Failure) 13.602: [DefNew: 448K->63K(448K), 0.0060274 secs] 406680K->406675K(1048512K), 0.0061123 secs] [Times: user=0.01 sys=0.00, real=0.01 secs] 
13.617: [GC (Allocation Failure) 13.617: [DefNew: 447K->63K(448K), 0.0032144 secs] 407059K->407055K(1048512K), 0.0032789 secs] [Times: user=0.00 sys=0.00, real=0.00 secs] 
13.629: [GC (Allocation Failure) 13.629: [DefNew: 447K->63K(448K), 0.0031459 secs] 407439K->407434K(1048512K), 0.0032073 secs] [Times: user=0.00 sys=0.00, real=0.00 secs] 
13.642: [GC (Allocation Failure) 13.642: [DefNew: 447K->63K(448K), 0.0030308 secs] 407818K->407813K(1048512K), 0.0031408 secs] [Times: user=0.01 sys=0.00, real=0.01 secs] 
13.655: [GC (Allocation Failure) 13.655: [DefNew: 447K->63K(448K), 0.0030708 secs] 408197K->408191K(1048512K), 0.0031363 secs] [Times: user=0.00 sys=0.00, real=0.00 secs] 
13.667: [GC (Allocation Failure) 13.667: [DefNew: 447K->63K(448K), 0.0041663 secs] 408575K->408570K(1048512K), 0.0042475 secs] [Times: user=0.00 sys=0.00, real=0.00 secs] 
13.681: [GC (Allocation Failure) 13.681: [DefNew: 447K->63K(448K), 0.0071310 secs] 408954K->408949K(1048512K), 0.0072722 secs] [Times: user=0.01 sys=0.00, real=0.01 secs] 
13.698: [GC (Allocation Failure) 13.698: [DefNew: 447K->63K(448K), 0.0063404 secs] 409332K->409324K(1048512K), 0.0066837 secs] [Times: user=0.01 sys=0.00, real=0.01 secs] 
13.714: [GC (Allocation Failure) 13.714: [DefNew: 447K->63K(448K), 0.0033468 secs] 409708K->409704K(1048512K), 0.0034638 secs] [Times: user=0.00 sys=0.00, real=0.00 secs] 
13.728: [GC (Allocation Failure) 13.728: [DefNew: 447K->63K(448K), 0.0026613 secs] 410088K->410083K(1048512K), 0.0027235 secs] [Times: user=0.00 sys=0.00, real=0.00 secs] 
13.739: [GC (Allocation Failure) 13.739: [DefNew: 447K->63K(448K), 0.0040240 secs] 410467K->410462K(1048512K), 0.0040897 secs] [Times: user=0.01 sys=0.00, real=0.00 secs] 
13.753: [GC (Allocation Failure) 13.753: [DefNew: 447K->63K(448K), 0.0022849 secs] 410846K->410842K(1048512K), 0.0023375 secs] [Times: user=0.00 sys=0.00, real=0.01 secs] 
13.765: [GC (Allocation Failure) 13.765: [DefNew: 447K->63K(448K), 0.0046436 secs] 411226K->411220K(1048512K), 0.0047074 secs] [Times: user=0.00 sys=0.00, real=0.00 secs] 
13.778: [GC (Allocation Failure) 13.778: [DefNew: 447K->63K(448K), 0.0021326 secs] 411604K->411598K(1048512K), 0.0021833 secs] [Times: user=0.01 sys=0.00, real=0.00 secs] 
13.790: [GC (Allocation Failure) 13.790: [DefNew: 447K->63K(448K), 0.0030103 secs] 411982K->411976K(1048512K), 0.0030700 secs] [Times: user=0.00 sys=0.00, real=0.00 secs] 
13.802: [GC (Allocation Failure) 13.802: [DefNew: 447K->63K(448K), 0.0021469 secs] 412360K->412355K(1048512K), 0.0021928 secs] [Times: user=0.00 sys=0.00, real=0.01 secs] 
13.812: [GC (Allocation Failure) 13.812: [DefNew: 447K->63K(448K), 0.0026541 secs] 412739K->412734K(1048512K), 0.0030192 secs] [Times: user=0.00 sys=0.00, real=0.01 secs] 
13.824: [GC (Allocation Failure) 13.824: [DefNew: 447K->63K(448K), 0.0023937 secs] 413118K->413114K(1048512K), 0.0024477 secs] [Times: user=0.00 sys=0.00, real=0.00 secs] 
13.835: [GC (Allocation Failure) 13.835: [DefNew: 447K->63K(448K), 0.0024373 secs] 413498K->413492K(1048512K), 0.0024937 secs] [Times: user=0.00 sys=0.00, real=0.00 secs] 
13.847: [GC (Allocation Failure) 13.847: [DefNew: 447K->63K(448K), 0.0022363 secs] 413876K->413871K(1048512K), 0.0022860 secs] [Times: user=0.00 sys=0.00, real=0.00 secs] 
13.859: [GC (Allocation Failure) 13.859: [DefNew: 447K->63K(448K), 0.0022348 secs] 414255K->414250K(1048512K), 0.0023066 secs] [Times: user=0.01 sys=0.01, real=0.00 secs] 
13.870: [GC (Allocation Failure) 13.870: [DefNew: 447K->63K(448K), 0.0030630 secs] 414634K->414630K(1048512K), 0.0031851 secs] [Times: user=0.00 sys=0.00, real=0.00 secs] 
13.883: [GC (Allocation Failure) 13.883: [DefNew: 447K->63K(448K), 0.0020822 secs] 415014K->415008K(1048512K), 0.0021383 secs] [Times: user=0.00 sys=0.00, real=0.01 secs] 
13.894: [GC (Allocation Failure) 13.895: [DefNew: 447K->63K(448K), 0.0033997 secs] 415392K->415386K(1048512K), 0.0036486 secs] [Times: user=0.00 sys=0.00, real=0.00 secs] 
13.906: [GC (Allocation Failure) 13.906: [DefNew: 447K->63K(448K), 0.0072088 secs] 415770K->415763K(1048512K), 0.0072809 secs] [Times: user=0.00 sys=0.00, real=0.00 secs] 
13.923: [GC (Allocation Failure) 13.923: [DefNew: 447K->64K(448K), 0.0048183 secs] 416147K->416143K(1048512K), 0.0048876 secs] [Times: user=0.00 sys=0.00, real=0.01 secs] 
13.937: [GC (Allocation Failure) 13.937: [DefNew: 448K->64K(448K), 0.0027207 secs] 416527K->416521K(1048512K), 0.0027839 secs] [Times: user=0.01 sys=0.00, real=0.00 secs] 
13.947: [GC (Allocation Failure) 13.947: [DefNew: 448K->64K(448K), 0.0022257 secs] 416905K->416901K(1048512K), 0.0022740 secs] [Times: user=0.00 sys=0.00, real=0.00 secs] 
13.959: [GC (Allocation Failure) 13.959: [DefNew: 448K->63K(448K), 0.0028712 secs] 417285K->417280K(1048512K), 0.0029873 secs] [Times: user=0.00 sys=0.00, real=0.00 secs] 
13.972: [GC (Allocation Failure) 13.972: [DefNew: 447K->63K(448K), 0.0033559 secs] 417664K->417659K(1048512K), 0.0034285 secs] [Times: user=0.00 sys=0.00, real=0.01 secs] 
13.983: [GC (Allocation Failure) 13.983: [DefNew: 447K->64K(448K), 0.0022115 secs] 418043K->418037K(1048512K), 0.0022714 secs] [Times: user=0.00 sys=0.00, real=0.01 secs] 
13.995: [GC (Allocation Failure) 13.995: [DefNew: 448K->63K(448K), 0.0022121 secs] 418421K->418417K(1048512K), 0.0022660 secs] [Times: user=0.00 sys=0.00, real=0.00 secs] 
14.005: [GC (Allocation Failure) 14.005: [DefNew: 447K->63K(448K), 0.0033710 secs] 418801K->418793K(1048512K), 0.0034473 secs] [Times: user=0.00 sys=0.00, real=0.00 secs] 
14.018: [GC (Allocation Failure) 14.018: [DefNew: 447K->64K(448K), 0.0024759 secs] 419177K->419172K(1048512K), 0.0025326 secs] [Times: user=0.01 sys=0.00, real=0.00 secs] 
14.030: [GC (Allocation Failure) 14.030: [DefNew: 448K->63K(448K), 0.0025962 secs] 419556K->419553K(1048512K), 0.0026665 secs] [Times: user=0.00 sys=0.00, real=0.00 secs] 
14.041: [GC (Allocation Failure) 14.041: [DefNew: 447K->63K(448K), 0.0032228 secs] 419937K->419932K(1048512K), 0.0033033 secs] [Times: user=0.00 sys=0.00, real=0.01 secs] 
14.054: [GC (Allocation Failure) 14.054: [DefNew: 447K->64K(448K), 0.0025406 secs] 420316K->420310K(1048512K), 0.0025970 secs] [Times: user=0.00 sys=0.00, real=0.01 secs] 
14.066: [GC (Allocation Failure) 14.066: [DefNew: 448K->63K(448K), 0.0023567 secs] 420694K->420689K(1048512K), 0.0024078 secs] [Times: user=0.01 sys=0.01, real=0.00 secs] 
14.076: [GC (Allocation Failure) 14.076: [DefNew: 447K->63K(448K), 0.0028314 secs] 421073K->421068K(1048512K), 0.0028858 secs] [Times: user=0.00 sys=0.00, real=0.00 secs] 
14.089: [GC (Allocation Failure) 14.089: [DefNew: 447K->64K(448K), 0.0023682 secs] 421452K->421447K(1048512K), 0.0024221 secs] [Times: user=0.00 sys=0.00, real=0.00 secs] 
14.101: [GC (Allocation Failure) 14.101: [DefNew: 448K->63K(448K), 0.0025719 secs] 421831K->421825K(1048512K), 0.0026295 secs] [Times: user=0.01 sys=0.00, real=0.00 secs] 
14.112: [GC (Allocation Failure) 14.112: [DefNew: 447K->63K(448K), 0.0033555 secs] 422209K->422203K(1048512K), 0.0034854 secs] [Times: user=0.00 sys=0.00, real=0.01 secs] 
14.128: [GC (Allocation Failure) 14.128: [DefNew: 447K->64K(448K), 0.0021481 secs] 422587K->422582K(1048512K), 0.0021966 secs] [Times: user=0.00 sys=0.00, real=0.00 secs] 
14.140: [GC (Allocation Failure) 14.140: [DefNew: 448K->63K(448K), 0.0035511 secs] 422966K->422962K(1048512K), 0.0036178 secs] [Times: user=0.01 sys=0.00, real=0.00 secs] 
14.152: [GC (Allocation Failure) 14.152: [DefNew: 447K->63K(448K), 0.0023693 secs] 423346K->423340K(1048512K), 0.0024176 secs] [Times: user=0.00 sys=0.00, real=0.01 secs] 
14.164: [GC (Allocation Failure) 14.164: [DefNew: 447K->63K(448K), 0.0027403 secs] 423724K->423718K(1048512K), 0.0028179 secs] [Times: user=0.00 sys=0.00, real=0.00 secs] 
14.176: [GC (Allocation Failure) 14.176: [DefNew: 447K->63K(448K), 0.0030046 secs] 424102K->424098K(1048512K), 0.0031010 secs] [Times: user=0.00 sys=0.00, real=0.00 secs] 
14.188: [GC (Allocation Failure) 14.188: [DefNew: 447K->63K(448K), 0.0032950 secs] 424482K->424476K(1048512K), 0.0033744 secs] [Times: user=0.00 sys=0.00, real=0.00 secs] 
14.201: [GC (Allocation Failure) 14.202: [DefNew: 447K->64K(448K), 0.0024342 secs] 424860K->424855K(1048512K), 0.0024858 secs] [Times: user=0.00 sys=0.00, real=0.01 secs] 
14.212: [GC (Allocation Failure) 14.212: [DefNew: 448K->64K(448K), 0.0028389 secs] 425239K->425233K(1048512K), 0.0029010 secs] [Times: user=0.00 sys=0.00, real=0.01 secs] 
14.225: [GC (Allocation Failure) 14.225: [DefNew: 448K->63K(448K), 0.0029735 secs] 425617K->425612K(1048512K), 0.0030291 secs] [Times: user=0.00 sys=0.00, real=0.00 secs] 
14.238: [GC (Allocation Failure) 14.238: [DefNew: 447K->63K(448K), 0.0024236 secs] 425996K->425992K(1048512K), 0.0024733 secs] [Times: user=0.00 sys=0.00, real=0.00 secs] 
14.249: [GC (Allocation Failure) 14.249: [DefNew: 447K->63K(448K), 0.0028940 secs] 426376K->426370K(1048512K), 0.0029488 secs] [Times: user=0.00 sys=0.00, real=0.00 secs] 
14.262: [GC (Allocation Failure) 14.262: [DefNew: 447K->63K(448K), 0.0034274 secs] 426754K->426748K(1048512K), 0.0035281 secs] [Times: user=0.01 sys=0.00, real=0.01 secs] 
14.275: [GC (Allocation Failure) 14.275: [DefNew: 447K->63K(448K), 0.0031974 secs] 427132K->427128K(1048512K), 0.0032747 secs] [Times: user=0.00 sys=0.00, real=0.00 secs] 
14.287: [GC (Allocation Failure) 14.287: [DefNew: 447K->63K(448K), 0.0029609 secs] 427512K->427506K(1048512K), 0.0030177 secs] [Times: user=0.00 sys=0.01, real=0.00 secs] 
14.300: [GC (Allocation Failure) 14.300: [DefNew: 447K->63K(448K), 0.0028819 secs] 427890K->427885K(1048512K), 0.0029374 secs] [Times: user=0.01 sys=0.00, real=0.00 secs] 
14.312: [GC (Allocation Failure) 14.312: [DefNew: 447K->64K(448K), 0.0028932 secs] 428269K->428265K(1048512K), 0.0029629 secs] [Times: user=0.00 sys=0.00, real=0.01 secs] 
14.325: [GC (Allocation Failure) 14.325: [DefNew: 447K->63K(448K), 0.0057371 secs] 428648K->428640K(1048512K), 0.0078509 secs] [Times: user=0.01 sys=0.00, real=0.00 secs] 
14.342: [GC (Allocation Failure) 14.342: [DefNew: 447K->64K(448K), 0.0035460 secs] 429024K->429020K(1048512K), 0.0036117 secs] [Times: user=0.00 sys=0.00, real=0.01 secs] 
14.354: [GC (Allocation Failure) 14.354: [DefNew: 448K->63K(448K), 0.0029021 secs] 429404K->429400K(1048512K), 0.0029888 secs] [Times: user=0.00 sys=0.00, real=0.01 secs] 
14.367: [GC (Allocation Failure) 14.367: [DefNew: 447K->63K(448K), 0.0031165 secs] 429784K->429779K(1048512K), 0.0031935 secs] [Times: user=0.01 sys=0.00, real=0.00 secs] 
14.380: [GC (Allocation Failure) 14.380: [DefNew: 447K->64K(448K), 0.0030271 secs] 430163K->430157K(1048512K), 0.0030916 secs] [Times: user=0.00 sys=0.00, real=0.00 secs] 
14.392: [GC (Allocation Failure) 14.392: [DefNew: 448K->63K(448K), 0.0025123 secs] 430541K->430536K(1048512K), 0.0025628 secs] [Times: user=0.00 sys=0.00, real=0.01 secs] 
14.404: [GC (Allocation Failure) 14.404: [DefNew: 447K->64K(448K), 0.0027447 secs] 430920K->430915K(1048512K), 0.0028041 secs] [Times: user=0.01 sys=0.00, real=0.00 secs] 
14.417: [GC (Allocation Failure) 14.417: [DefNew: 447K->64K(448K), 0.0029307 secs] 431299K->431291K(1048512K), 0.0029861 secs] [Times: user=0.00 sys=0.00, real=0.00 secs] 
14.429: [GC (Allocation Failure) 14.429: [DefNew: 448K->63K(448K), 0.0045555 secs] 431675K->431670K(1048512K), 0.0046163 secs] [Times: user=0.00 sys=0.00, real=0.00 secs] 
14.443: [GC (Allocation Failure) 14.443: [DefNew: 447K->63K(448K), 0.0023297 secs] 432054K->432050K(1048512K), 0.0023914 secs] [Times: user=0.01 sys=0.00, real=0.01 secs] 
14.454: [GC (Allocation Failure) 14.454: [DefNew: 447K->63K(448K), 0.0024905 secs] 432434K->432430K(1048512K), 0.0025585 secs] [Times: user=0.00 sys=0.00, real=0.00 secs] 
14.482: [GC (Allocation Failure) 14.482: [DefNew: 447K->64K(448K), 0.0034607 secs] 432814K->432808K(1048512K), 0.0035340 secs] [Times: user=0.00 sys=0.00, real=0.01 secs] 
14.494: [GC (Allocation Failure) 14.494: [DefNew: 448K->63K(448K), 0.0027166 secs] 433192K->433186K(1048512K), 0.0027733 secs] [Times: user=0.00 sys=0.00, real=0.00 secs] 
14.505: [GC (Allocation Failure) 14.505: [DefNew: 447K->64K(448K), 0.0022739 secs] 433570K->433566K(1048512K), 0.0023317 secs] [Times: user=0.01 sys=0.00, real=0.00 secs] 
14.516: [GC (Allocation Failure) 14.516: [DefNew: 448K->63K(448K), 0.0023945 secs] 433950K->433944K(1048512K), 0.0024572 secs] [Times: user=0.00 sys=0.01, real=0.00 secs] 
14.528: [GC (Allocation Failure) 14.528: [DefNew: 447K->63K(448K), 0.0060066 secs] 434328K->434321K(1048512K), 0.0061600 secs] [Times: user=0.00 sys=0.00, real=0.00 secs] 
14.543: [GC (Allocation Failure) 14.543: [DefNew: 447K->64K(448K), 0.0039294 secs] 434705K->434700K(1048512K), 0.0040433 secs] [Times: user=0.00 sys=0.00, real=0.01 secs] 
14.557: [GC (Allocation Failure) 14.557: [DefNew: 448K->63K(448K), 0.0033748 secs] 435084K->435080K(1048512K), 0.0034396 secs] [Times: user=0.00 sys=0.00, real=0.00 secs] 
14.570: [GC (Allocation Failure) 14.570: [DefNew: 447K->64K(448K), 0.0030821 secs] 435464K->435460K(1048512K), 0.0031446 secs] [Times: user=0.01 sys=0.00, real=0.00 secs] 
14.582: [GC (Allocation Failure) 14.582: [DefNew: 448K->64K(448K), 0.0029809 secs] 435844K->435838K(1048512K), 0.0030470 secs] [Times: user=0.00 sys=0.00, real=0.01 secs] 
14.595: [GC (Allocation Failure) 14.595: [DefNew: 448K->63K(448K), 0.0022677 secs] 436222K->436216K(1048512K), 0.0023173 secs] [Times: user=0.00 sys=0.00, real=0.00 secs] 
14.607: [GC (Allocation Failure) 14.607: [DefNew: 447K->64K(448K), 0.0030871 secs] 436600K->436595K(1048512K), 0.0031565 secs] [Times: user=0.01 sys=0.00, real=0.00 secs] 
14.619: [GC (Allocation Failure) 14.619: [DefNew: 448K->63K(448K), 0.0028381 secs] 436979K->436975K(1048512K), 0.0028926 secs] [Times: user=0.00 sys=0.00, real=0.00 secs] 
14.632: [GC (Allocation Failure) 14.632: [DefNew: 447K->63K(448K), 0.0029365 secs] 437359K->437351K(1048512K), 0.0029901 secs] [Times: user=0.00 sys=0.00, real=0.01 secs] 
14.643: [GC (Allocation Failure) 14.643: [DefNew: 447K->63K(448K), 0.0029233 secs] 437735K->437730K(1048512K), 0.0029823 secs] [Times: user=0.01 sys=0.00, real=0.01 secs] 
14.656: [GC (Allocation Failure) 14.656: [DefNew: 447K->63K(448K), 0.0029464 secs] 438114K->438109K(1048512K), 0.0030056 secs] [Times: user=0.00 sys=0.00, real=0.00 secs] 
14.668: [GC (Allocation Failure) 14.668: [DefNew: 447K->63K(448K), 0.0021839 secs] 438493K->438489K(1048512K), 0.0022289 secs] [Times: user=0.00 sys=0.00, real=0.00 secs] 
14.679: [GC (Allocation Failure) 14.679: [DefNew: 447K->64K(448K), 0.0029695 secs] 438873K->438867K(1048512K), 0.0030241 secs] [Times: user=0.00 sys=0.00, real=0.00 secs] 
14.692: [GC (Allocation Failure) 14.692: [DefNew: 448K->63K(448K), 0.0030442 secs] 439251K->439245K(1048512K), 0.0031235 secs] [Times: user=0.01 sys=0.00, real=0.01 secs] 
14.705: [GC (Allocation Failure) 14.705: [DefNew: 447K->63K(448K), 0.0027845 secs] 439629K->439625K(1048512K), 0.0028406 secs] [Times: user=0.00 sys=0.00, real=0.00 secs] 
14.716: [GC (Allocation Failure) 14.716: [DefNew: 447K->64K(448K), 0.0029427 secs] 440009K->440005K(1048512K), 0.0030022 secs] [Times: user=0.00 sys=0.00, real=0.00 secs] 
14.729: [GC (Allocation Failure) 14.729: [DefNew: 447K->64K(448K), 0.0031858 secs] 440388K->440380K(1048512K), 0.0032557 secs] [Times: user=0.00 sys=0.01, real=0.00 secs] 
14.742: [GC (Allocation Failure) 14.742: [DefNew: 448K->63K(448K), 0.0071962 secs] 440764K->440759K(1048512K), 0.0073318 secs] [Times: user=0.00 sys=0.00, real=0.01 secs] 
14.758: [GC (Allocation Failure) 14.758: [DefNew: 447K->63K(448K), 0.0028328 secs] 441143K->441139K(1048512K), 0.0029221 secs] [Times: user=0.00 sys=0.00, real=0.00 secs] 
14.771: [GC (Allocation Failure) 14.771: [DefNew: 447K->64K(448K), 0.0028542 secs] 441523K->441519K(1048512K), 0.0029113 secs] [Times: user=0.00 sys=0.00, real=0.00 secs] 
14.783: [GC (Allocation Failure) 14.783: [DefNew: 448K->64K(448K), 0.0022418 secs] 441903K->441897K(1048512K), 0.0022864 secs] [Times: user=0.00 sys=0.00, real=0.01 secs] 
14.794: [GC (Allocation Failure) 14.794: [DefNew: 448K->64K(448K), 0.0028400 secs] 442281K->442275K(1048512K), 0.0028995 secs] [Times: user=0.01 sys=0.00, real=0.00 secs] 
14.806: [GC (Allocation Failure) 14.806: [DefNew: 448K->63K(448K), 0.0024845 secs] 442659K->442655K(1048512K), 0.0025377 secs] [Times: user=0.00 sys=0.00, real=0.00 secs] 
14.816: [GC (Allocation Failure) 14.816: [DefNew: 447K->64K(448K), 0.0029011 secs] 443039K->443033K(1048512K), 0.0029531 secs] [Times: user=0.00 sys=0.00, real=0.00 secs] 
14.829: [GC (Allocation Failure) 14.829: [DefNew: 448K->63K(448K), 0.0022077 secs] 443417K->443412K(1048512K), 0.0022852 secs] [Times: user=0.01 sys=0.00, real=0.00 secs] 
14.840: [GC (Allocation Failure) 14.840: [DefNew: 447K->64K(448K), 0.0027149 secs] 443796K->443790K(1048512K), 0.0027743 secs] [Times: user=0.00 sys=0.00, real=0.00 secs] 
14.851: [GC (Allocation Failure) 14.851: [DefNew: 448K->64K(448K), 0.0020613 secs] 444174K->444169K(1048512K), 0.0021103 secs] [Times: user=0.00 sys=0.00, real=0.00 secs] 
14.862: [GC (Allocation Failure) 14.862: [DefNew: 448K->63K(448K), 0.0019815 secs] 444553K->444549K(1048512K), 0.0020304 secs] [Times: user=0.00 sys=0.00, real=0.01 secs] 
14.874: [GC (Allocation Failure) 14.874: [DefNew: 447K->64K(448K), 0.0024558 secs] 444933K->444926K(1048512K), 0.0025076 secs] [Times: user=0.01 sys=0.00, real=0.01 secs] 
14.885: [GC (Allocation Failure) 14.885: [DefNew: 448K->63K(448K), 0.0030420 secs] 445310K->445305K(1048512K), 0.0031153 secs] [Times: user=0.00 sys=0.00, real=0.00 secs] 
14.898: [GC (Allocation Failure) 14.898: [DefNew: 447K->64K(448K), 0.0023797 secs] 445689K->445685K(1048512K), 0.0024290 secs] [Times: user=0.00 sys=0.00, real=0.00 secs] 
14.910: [GC (Allocation Failure) 14.910: [DefNew: 448K->63K(448K), 0.0032034 secs] 446069K->446063K(1048512K), 0.0032650 secs] [Times: user=0.00 sys=0.00, real=0.00 secs] 
14.921: [GC (Allocation Failure) 14.921: [DefNew: 447K->63K(448K), 0.0023152 secs] 446447K->446442K(1048512K), 0.0024120 secs] [Times: user=0.00 sys=0.00, real=0.00 secs] 
14.932: [GC (Allocation Failure) 14.932: [DefNew: 447K->63K(448K), 0.0029271 secs] 446826K->446821K(1048512K), 0.0029947 secs] [Times: user=0.00 sys=0.00, real=0.01 secs] 
14.944: [GC (Allocation Failure) 14.944: [DefNew: 447K->64K(448K), 0.0057142 secs] 447205K->447197K(1048512K), 0.0058526 secs] [Times: user=0.01 sys=0.00, real=0.00 secs] 
14.960: [GC (Allocation Failure) 14.960: [DefNew: 448K->63K(448K), 0.0034530 secs] 447581K->447577K(1048512K), 0.0035204 secs] [Times: user=0.00 sys=0.00, real=0.01 secs] 
14.974: [GC (Allocation Failure) 14.974: [DefNew: 447K->63K(448K), 0.0039094 secs] 447961K->447956K(1048512K), 0.0039785 secs] [Times: user=0.00 sys=0.00, real=0.00 secs] 
14.986: [GC (Allocation Failure) 14.986: [DefNew: 447K->63K(448K), 0.0029645 secs] 448340K->448336K(1048512K), 0.0030258 secs] [Times: user=0.01 sys=0.00, real=0.00 secs] 
14.999: [GC (Allocation Failure) 14.999: [DefNew: 447K->64K(448K), 0.0026342 secs] 448720K->448714K(1048512K), 0.0026893 secs] [Times: user=0.00 sys=0.00, real=0.00 secs] 
15.012: [GC (Allocation Failure) 15.012: [DefNew: 448K->63K(448K), 0.0032487 secs] 449098K->449092K(1048512K), 0.0033926 secs] [Times: user=0.00 sys=0.00, real=0.01 secs] 
15.023: [GC (Allocation Failure) 15.023: [DefNew: 447K->63K(448K), 0.0027331 secs] 449476K->449472K(1048512K), 0.0027884 secs] [Times: user=0.01 sys=0.00, real=0.01 secs] 
15.035: [GC (Allocation Failure) 15.035: [DefNew: 447K->64K(448K), 0.0024720 secs] 449856K->449850K(1048512K), 0.0025220 secs] [Times: user=0.00 sys=0.00, real=0.00 secs] 
15.047: [GC (Allocation Failure) 15.047: [DefNew: 448K->64K(448K), 0.0026429 secs] 450234K->450227K(1048512K), 0.0027039 secs] [Times: user=0.00 sys=0.00, real=0.00 secs] 
15.058: [GC (Allocation Failure) 15.058: [DefNew: 448K->64K(448K), 0.0026413 secs] 450611K->450607K(1048512K), 0.0027108 secs] [Times: user=0.01 sys=0.00, real=0.00 secs] 
15.070: [GC (Allocation Failure) 15.070: [DefNew: 448K->63K(448K), 0.0021026 secs] 450991K->450985K(1048512K), 0.0021659 secs] [Times: user=0.00 sys=0.00, real=0.00 secs] 
15.082: [GC (Allocation Failure) 15.082: [DefNew: 447K->63K(448K), 0.0027886 secs] 451369K->451365K(1048512K), 0.0028511 secs] [Times: user=0.00 sys=0.00, real=0.01 secs] 
15.094: [GC (Allocation Failure) 15.094: [DefNew: 447K->64K(448K), 0.0041130 secs] 451749K->451745K(1048512K), 0.0041805 secs] [Times: user=0.01 sys=0.00, real=0.01 secs] 
15.108: [GC (Allocation Failure) 15.108: [DefNew: 448K->64K(448K), 0.0024798 secs] 452129K->452123K(1048512K), 0.0025527 secs] [Times: user=0.00 sys=0.00, real=0.00 secs] 
15.119: [GC (Allocation Failure) 15.119: [DefNew: 448K->63K(448K), 0.0029617 secs] 452507K->452501K(1048512K), 0.0030269 secs] [Times: user=0.00 sys=0.00, real=0.00 secs] 
15.132: [GC (Allocation Failure) 15.132: [DefNew: 447K->63K(448K), 0.0021775 secs] 452885K->452881K(1048512K), 0.0022295 secs] [Times: user=0.00 sys=0.01, real=0.01 secs] 
15.144: [GC (Allocation Failure) 15.144: [DefNew: 447K->64K(448K), 0.0039575 secs] 453265K->453259K(1048512K), 0.0041046 secs] [Times: user=0.01 sys=0.00, real=0.01 secs] 
15.156: [GC (Allocation Failure) 15.156: [DefNew: 448K->63K(448K), 0.0030316 secs] 453643K->453636K(1048512K), 0.0031107 secs] [Times: user=0.00 sys=0.00, real=0.00 secs] 
15.170: [GC (Allocation Failure) 15.170: [DefNew: 447K->63K(448K), 0.0029890 secs] 454020K->454015K(1048512K), 0.0030657 secs] [Times: user=0.01 sys=0.00, real=0.00 secs] 
15.182: [GC (Allocation Failure) 15.182: [DefNew: 447K->63K(448K), 0.0025650 secs] 454399K->454394K(1048512K), 0.0026229 secs] [Times: user=0.00 sys=0.00, real=0.01 secs] 
15.193: [GC (Allocation Failure) 15.193: [DefNew: 447K->63K(448K), 0.0028823 secs] 454778K->454774K(1048512K), 0.0029424 secs] [Times: user=0.00 sys=0.00, real=0.01 secs] 
15.206: [GC (Allocation Failure) 15.206: [DefNew: 447K->64K(448K), 0.0038785 secs] 455158K->455154K(1048512K), 0.0039613 secs] [Times: user=0.01 sys=0.00, real=0.00 secs] 
15.220: [GC (Allocation Failure) 15.220: [DefNew: 448K->64K(448K), 0.0037740 secs] 455538K->455531K(1048512K), 0.0038434 secs] [Times: user=0.00 sys=0.00, real=0.00 secs] 
15.232: [GC (Allocation Failure) 15.232: [DefNew: 448K->63K(448K), 0.0031913 secs] 455915K->455910K(1048512K), 0.0032547 secs] [Times: user=0.00 sys=0.00, real=0.01 secs] 
15.245: [GC (Allocation Failure) 15.245: [DefNew: 447K->63K(448K), 0.0028442 secs] 456294K->456290K(1048512K), 0.0029069 secs] [Times: user=0.01 sys=0.00, real=0.00 secs] 
15.257: [GC (Allocation Failure) 15.257: [DefNew: 447K->64K(448K), 0.0035310 secs] 456674K->456666K(1048512K), 0.0036081 secs] [Times: user=0.00 sys=0.00, real=0.00 secs] 
15.271: [GC (Allocation Failure) 15.271: [DefNew: 448K->63K(448K), 0.0037131 secs] 457050K->457044K(1048512K), 0.0037944 secs] [Times: user=0.01 sys=0.00, real=0.01 secs] 
15.284: [GC (Allocation Failure) 15.284: [DefNew: 447K->63K(448K), 0.0037638 secs] 457428K->457424K(1048512K), 0.0038465 secs] [Times: user=0.00 sys=0.00, real=0.00 secs] 
15.353: [GC (Allocation Failure) 15.353: [DefNew: 447K->63K(448K), 0.0338862 secs] 466000K->465996K(1048512K), 0.0339463 secs] [Times: user=0.04 sys=0.00, real=0.04 secs] 
15.397: [GC (Allocation Failure) 15.397: [DefNew: 447K->64K(448K), 0.0029238 secs] 466380K->466372K(1048512K), 0.0030058 secs] [Times: user=0.00 sys=0.00, real=0.00 secs] 
15.408: [GC (Allocation Failure) 15.408: [DefNew: 448K->63K(448K), 0.0046788 secs] 466756K->466751K(1048512K), 0.0049158 secs] [Times: user=0.00 sys=0.00, real=0.00 secs] 
15.421: [GC (Allocation Failure) 15.421: [DefNew: 447K->63K(448K), 0.0022215 secs] 467135K->467130K(1048512K), 0.0022825 secs] [Times: user=0.01 sys=0.00, real=0.00 secs] 
15.433: [GC (Allocation Failure) 15.433: [DefNew: 447K->64K(448K), 0.0028621 secs] 467514K->467510K(1048512K), 0.0029292 secs] [Times: user=0.00 sys=0.00, real=0.01 secs] 
15.445: [GC (Allocation Failure) 15.445: [DefNew: 448K->63K(448K), 0.0025486 secs] 467894K->467888K(1048512K), 0.0026208 secs] [Times: user=0.00 sys=0.00, real=0.00 secs] 
15.455: [GC (Allocation Failure) 15.455: [DefNew: 447K->63K(448K), 0.0041574 secs] 468272K->468266K(1048512K), 0.0042209 secs] [Times: user=0.00 sys=0.00, real=0.00 secs] 
15.469: [GC (Allocation Failure) 15.469: [DefNew: 447K->64K(448K), 0.0026181 secs] 468650K->468646K(1048512K), 0.0026790 secs] [Times: user=0.01 sys=0.00, real=0.00 secs] 
15.481: [GC (Allocation Failure) 15.481: [DefNew: 448K->63K(448K), 0.0027533 secs] 469030K->469026K(1048512K), 0.0028144 secs] [Times: user=0.00 sys=0.00, real=0.00 secs] 
15.491: [GC (Allocation Failure) 15.491: [DefNew: 447K->64K(448K), 0.0027194 secs] 469409K->469401K(1048512K), 0.0027756 secs] [Times: user=0.00 sys=0.00, real=0.00 secs] 
15.503: [GC (Allocation Failure) 15.503: [DefNew: 448K->63K(448K), 0.0023270 secs] 469785K->469780K(1048512K), 0.0023814 secs] [Times: user=0.01 sys=0.01, real=0.01 secs] 
15.514: [GC (Allocation Failure) 15.514: [DefNew: 447K->63K(448K), 0.0027599 secs] 470164K->470160K(1048512K), 0.0028222 secs] [Times: user=0.00 sys=0.00, real=0.00 secs] 
15.526: [GC (Allocation Failure) 15.526: [DefNew: 447K->63K(448K), 0.0020980 secs] 470544K->470540K(1048512K), 0.0021479 secs] [Times: user=0.00 sys=0.00, real=0.00 secs] 
15.538: [GC (Allocation Failure) 15.538: [DefNew: 447K->63K(448K), 0.0019652 secs] 470924K->470918K(1048512K), 0.0020117 secs] [Times: user=0.00 sys=0.00, real=0.00 secs] 
15.548: [GC (Allocation Failure) 15.548: [DefNew: 447K->63K(448K), 0.0024186 secs] 471302K->471296K(1048512K), 0.0024676 secs] [Times: user=0.01 sys=0.00, real=0.00 secs] 
15.560: [GC (Allocation Failure) 15.560: [DefNew: 447K->64K(448K), 0.0026198 secs] 471680K->471676K(1048512K), 0.0026742 secs] [Times: user=0.00 sys=0.00, real=0.00 secs] 
15.573: [GC (Allocation Failure) 15.573: [DefNew: 448K->63K(448K), 0.0030013 secs] 472060K->472054K(1048512K), 0.0030674 secs] [Times: user=0.00 sys=0.00, real=0.01 secs] 
15.585: [GC (Allocation Failure) 15.585: [DefNew: 447K->63K(448K), 0.0028667 secs] 472438K->472433K(1048512K), 0.0029275 secs] [Times: user=0.01 sys=0.00, real=0.00 secs] 
15.597: [GC (Allocation Failure) 15.597: [DefNew: 447K->64K(448K), 0.0032099 secs] 472817K->472813K(1048512K), 0.0033126 secs] [Times: user=0.00 sys=0.00, real=0.00 secs] 
15.611: [GC (Allocation Failure) 15.611: [DefNew: 447K->64K(448K), 0.0039944 secs] 473197K->473189K(1048512K), 0.0041275 secs] [Times: user=0.00 sys=0.00, real=0.01 secs] 
15.624: [GC (Allocation Failure) 15.624: [DefNew: 448K->63K(448K), 0.0023299 secs] 473573K->473567K(1048512K), 0.0023872 secs] [Times: user=0.01 sys=0.00, real=0.01 secs] 
15.636: [GC (Allocation Failure) 15.636: [DefNew: 447K->64K(448K), 0.0029118 secs] 473951K->473947K(1048512K), 0.0029739 secs] [Times: user=0.00 sys=0.00, real=0.00 secs] 
15.648: [GC (Allocation Failure) 15.648: [DefNew: 448K->63K(448K), 0.0027308 secs] 474331K->474327K(1048512K), 0.0027863 secs] [Times: user=0.00 sys=0.00, real=0.00 secs] 
15.660: [GC (Allocation Failure) 15.660: [DefNew: 447K->63K(448K), 0.0031209 secs] 474711K->474705K(1048512K), 0.0031848 secs] [Times: user=0.01 sys=0.00, real=0.00 secs] 
15.674: [GC (Allocation Failure) 15.674: [DefNew: 447K->63K(448K), 0.0030187 secs] 475089K->475083K(1048512K), 0.0031292 secs] [Times: user=0.00 sys=0.00, real=0.01 secs] 
15.685: [GC (Allocation Failure) 15.685: [DefNew: 447K->64K(448K), 0.0026948 secs] 475467K->475463K(1048512K), 0.0027619 secs] [Times: user=0.00 sys=0.00, real=0.00 secs] 
15.697: [GC (Allocation Failure) 15.697: [DefNew: 448K->63K(448K), 0.0020372 secs] 475847K->475842K(1048512K), 0.0020815 secs] [Times: user=0.00 sys=0.00, real=0.00 secs] 
15.709: [GC (Allocation Failure) 15.709: [DefNew: 447K->64K(448K), 0.0028195 secs] 476226K->476218K(1048512K), 0.0028832 secs] [Times: user=0.00 sys=0.00, real=0.00 secs] 
15.720: [GC (Allocation Failure) 15.720: [DefNew: 448K->63K(448K), 0.0030880 secs] 476602K->476597K(1048512K), 0.0031584 secs] [Times: user=0.00 sys=0.01, real=0.00 secs] 
15.733: [GC (Allocation Failure) 15.733: [DefNew: 447K->63K(448K), 0.0027857 secs] 476981K->476977K(1048512K), 0.0028613 secs] [Times: user=0.00 sys=0.00, real=0.01 secs] 
15.746: [GC (Allocation Failure) 15.746: [DefNew: 447K->63K(448K), 0.0027601 secs] 477361K->477357K(1048512K), 0.0028376 secs] [Times: user=0.00 sys=0.00, real=0.00 secs] 
15.757: [GC (Allocation Failure) 15.757: [DefNew: 447K->63K(448K), 0.0027564 secs] 477741K->477735K(1048512K), 0.0028140 secs] [Times: user=0.00 sys=0.00, real=0.00 secs] 
15.770: [GC (Allocation Failure) 15.771: [DefNew: 447K->63K(448K), 0.0033828 secs] 478119K->478113K(1048512K), 0.0034435 secs] [Times: user=0.00 sys=0.00, real=0.01 secs] 
15.783: [GC (Allocation Failure) 15.784: [DefNew: 447K->63K(448K), 0.0020424 secs] 478497K->478493K(1048512K), 0.0020892 secs] [Times: user=0.01 sys=0.00, real=0.01 secs] 
15.795: [GC (Allocation Failure) 15.795: [DefNew: 447K->63K(448K), 0.0035474 secs] 478877K->478871K(1048512K), 0.0036250 secs] [Times: user=0.00 sys=0.00, real=0.00 secs] 
15.807: [GC (Allocation Failure) 15.807: [DefNew: 447K->63K(448K), 0.0065369 secs] 479255K->479250K(1048512K), 0.0066423 secs] [Times: user=0.01 sys=0.00, real=0.01 secs] 
15.828: [GC (Allocation Failure) 15.828: [DefNew: 447K->64K(448K), 0.0052657 secs] 479634K->479628K(1048512K), 0.0053756 secs] [Times: user=0.00 sys=0.00, real=0.00 secs] 
15.842: [GC (Allocation Failure) 15.842: [DefNew: 448K->64K(448K), 0.0030819 secs] 480012K->480007K(1048512K), 0.0031494 secs] [Times: user=0.00 sys=0.00, real=0.01 secs] 
15.855: [GC (Allocation Failure) 15.855: [DefNew: 448K->63K(448K), 0.0027891 secs] 480391K->480387K(1048512K), 0.0028517 secs] [Times: user=0.01 sys=0.00, real=0.00 secs] 
15.865: [GC (Allocation Failure) 15.866: [DefNew: 447K->64K(448K), 0.0019159 secs] 480771K->480764K(1048512K), 0.0019635 secs] [Times: user=0.00 sys=0.00, real=0.00 secs] 
15.877: [GC (Allocation Failure) 15.877: [DefNew: 448K->64K(448K), 0.0019866 secs] 481148K->481143K(1048512K), 0.0020401 secs] [Times: user=0.00 sys=0.00, real=0.00 secs] 
15.888: [GC (Allocation Failure) 15.888: [DefNew: 448K->63K(448K), 0.0022680 secs] 481527K->481523K(1048512K), 0.0023234 secs] [Times: user=0.00 sys=0.00, real=0.00 secs] 
15.898: [GC (Allocation Failure) 15.898: [DefNew: 447K->63K(448K), 0.0020663 secs] 481907K->481901K(1048512K), 0.0021164 secs] [Times: user=0.01 sys=0.00, real=0.00 secs] 
15.910: [GC (Allocation Failure) 15.910: [DefNew: 447K->63K(448K), 0.0019829 secs] 482285K->482280K(1048512K), 0.0020357 secs] [Times: user=0.00 sys=0.00, real=0.00 secs] 
15.921: [GC (Allocation Failure) 15.921: [DefNew: 447K->64K(448K), 0.0019500 secs] 482664K->482657K(1048512K), 0.0019997 secs] [Times: user=0.00 sys=0.00, real=0.00 secs] 
15.931: [GC (Allocation Failure) 15.931: [DefNew: 448K->64K(448K), 0.0023072 secs] 483041K->483036K(1048512K), 0.0023659 secs] [Times: user=0.00 sys=0.00, real=0.00 secs] 
15.943: [GC (Allocation Failure) 15.943: [DefNew: 448K->63K(448K), 0.0030153 secs] 483420K->483416K(1048512K), 0.0030841 secs] [Times: user=0.01 sys=0.00, real=0.01 secs] 
15.956: [GC (Allocation Failure) 15.956: [DefNew: 447K->63K(448K), 0.0023408 secs] 483800K->483794K(1048512K), 0.0024193 secs] [Times: user=0.00 sys=0.00, real=0.00 secs] 
15.966: [GC (Allocation Failure) 15.966: [DefNew: 447K->63K(448K), 0.0020825 secs] 484178K->484172K(1048512K), 0.0021332 secs] [Times: user=0.00 sys=0.00, real=0.00 secs] 
15.979: [GC (Allocation Failure) 15.979: [DefNew: 447K->63K(448K), 0.0029573 secs] 484556K->484552K(1048512K), 0.0030213 secs] [Times: user=0.00 sys=0.00, real=0.00 secs] 
15.990: [GC (Allocation Failure) 15.990: [DefNew: 447K->64K(448K), 0.0028976 secs] 484936K->484930K(1048512K), 0.0029738 secs] [Times: user=0.00 sys=0.00, real=0.00 secs] 
16.003: [GC (Allocation Failure) 16.003: [DefNew: 448K->64K(448K), 0.0028090 secs] 485314K->485310K(1048512K), 0.0028652 secs] [Times: user=0.00 sys=0.00, real=0.01 secs] 
16.016: [GC (Allocation Failure) 16.016: [DefNew: 448K->63K(448K), 0.0027645 secs] 485694K->485689K(1048512K), 0.0028298 secs] [Times: user=0.00 sys=0.00, real=0.00 secs] 
16.027: [GC (Allocation Failure) 16.027: [DefNew: 447K->64K(448K), 0.0046022 secs] 486073K->486065K(1048512K), 0.0046790 secs] [Times: user=0.00 sys=0.00, real=0.00 secs] 
16.041: [GC (Allocation Failure) 16.042: [DefNew: 448K->63K(448K), 0.0035253 secs] 486449K->486444K(1048512K), 0.0036868 secs] [Times: user=0.00 sys=0.00, real=0.01 secs] 
16.055: [GC (Allocation Failure) 16.055: [DefNew: 447K->63K(448K), 0.0036310 secs] 486828K->486824K(1048512K), 0.0037020 secs] [Times: user=0.01 sys=0.00, real=0.00 secs] 
16.066: [GC (Allocation Failure) 16.066: [DefNew: 447K->64K(448K), 0.0026853 secs] 487208K->487204K(1048512K), 0.0027525 secs] [Times: user=0.00 sys=0.00, real=0.00 secs] 
16.079: [GC (Allocation Failure) 16.079: [DefNew: 448K->63K(448K), 0.0030649 secs] 487588K->487582K(1048512K), 0.0031218 secs] [Times: user=0.00 sys=0.00, real=0.00 secs] 
16.093: [GC (Allocation Failure) 16.093: [DefNew: 447K->63K(448K), 0.0027754 secs] 487966K->487960K(1048512K), 0.0028353 secs] [Times: user=0.01 sys=0.00, real=0.01 secs] 
16.103: [GC (Allocation Failure) 16.103: [DefNew: 447K->64K(448K), 0.0019892 secs] 488344K->488339K(1048512K), 0.0020379 secs] [Times: user=0.00 sys=0.00, real=0.01 secs] 
16.116: [GC (Allocation Failure) 16.116: [DefNew: 448K->64K(448K), 0.0029608 secs] 488723K->488719K(1048512K), 0.0030245 secs] [Times: user=0.00 sys=0.00, real=0.00 secs] 
16.127: [GC (Allocation Failure) 16.127: [DefNew: 447K->64K(448K), 0.0027031 secs] 489103K->489095K(1048512K), 0.0027620 secs] [Times: user=0.00 sys=0.00, real=0.00 secs] 
16.139: [GC (Allocation Failure) 16.139: [DefNew: 448K->63K(448K), 0.0032821 secs] 489479K->489473K(1048512K), 0.0034085 secs] [Times: user=0.00 sys=0.00, real=0.00 secs] 
16.153: [GC (Allocation Failure) 16.153: [DefNew: 447K->63K(448K), 0.0029187 secs] 489857K->489853K(1048512K), 0.0029849 secs] [Times: user=0.00 sys=0.00, real=0.01 secs] 
16.165: [GC (Allocation Failure) 16.165: [DefNew: 447K->63K(448K), 0.0028071 secs] 490237K->490233K(1048512K), 0.0028629 secs] [Times: user=0.01 sys=0.00, real=0.00 secs] 
16.177: [GC (Allocation Failure) 16.177: [DefNew: 447K->63K(448K), 0.0029287 secs] 490617K->490611K(1048512K), 0.0029882 secs] [Times: user=0.00 sys=0.01, real=0.00 secs] 
16.190: [GC (Allocation Failure) 16.190: [DefNew: 447K->63K(448K), 0.0026290 secs] 490995K->490989K(1048512K), 0.0026875 secs] [Times: user=0.00 sys=0.00, real=0.00 secs] 
16.201: [GC (Allocation Failure) 16.201: [DefNew: 447K->63K(448K), 0.0028855 secs] 491373K->491369K(1048512K), 0.0029491 secs] [Times: user=0.00 sys=0.00, real=0.00 secs] 
16.213: [GC (Allocation Failure) 16.213: [DefNew: 447K->63K(448K), 0.0033125 secs] 491753K->491747K(1048512K), 0.0033825 secs] [Times: user=0.00 sys=0.00, real=0.01 secs] 
16.227: [GC (Allocation Failure) 16.227: [DefNew: 447K->64K(448K), 0.0030753 secs] 492131K->492127K(1048512K), 0.0031477 secs] [Times: user=0.00 sys=0.00, real=0.00 secs] 
16.238: [GC (Allocation Failure) 16.238: [DefNew: 448K->64K(448K), 0.0032506 secs] 492511K->492504K(1048512K), 0.0033619 secs] [Times: user=0.00 sys=0.00, real=0.00 secs] 
16.253: [GC (Allocation Failure) 16.253: [DefNew: 448K->64K(448K), 0.0021913 secs] 492888K->492883K(1048512K), 0.0022448 secs] [Times: user=0.00 sys=0.00, real=0.01 secs] 
16.264: [GC (Allocation Failure) 16.264: [DefNew: 448K->63K(448K), 0.0020774 secs] 493267K->493263K(1048512K), 0.0021267 secs] [Times: user=0.00 sys=0.00, real=0.00 secs] 
16.275: [GC (Allocation Failure) 16.275: [DefNew: 447K->63K(448K), 0.0029135 secs] 493647K->493641K(1048512K), 0.0029773 secs] [Times: user=0.00 sys=0.00, real=0.00 secs] 
16.288: [GC (Allocation Failure) 16.288: [DefNew: 447K->63K(448K), 0.0034141 secs] 494025K->494019K(1048512K), 0.0034796 secs] [Times: user=0.01 sys=0.00, real=0.00 secs] 
16.299: [GC (Allocation Failure) 16.300: [DefNew: 447K->64K(448K), 0.0029975 secs] 494403K->494399K(1048512K), 0.0030600 secs] [Times: user=0.00 sys=0.00, real=0.00 secs] 
16.313: [GC (Allocation Failure) 16.313: [DefNew: 448K->63K(448K), 0.0035896 secs] 494783K->494777K(1048512K), 0.0036694 secs] [Times: user=0.00 sys=0.00, real=0.01 secs] 
16.327: [GC (Allocation Failure) 16.327: [DefNew: 447K->63K(448K), 0.0040541 secs] 495161K->495156K(1048512K), 0.0041395 secs] [Times: user=0.01 sys=0.00, real=0.00 secs] 
16.339: [GC (Allocation Failure) 16.339: [DefNew: 447K->64K(448K), 0.0036847 secs] 495540K->495534K(1048512K), 0.0037563 secs] [Times: user=0.00 sys=0.00, real=0.00 secs] 
16.352: [GC (Allocation Failure) 16.352: [DefNew: 448K->64K(448K), 0.0023028 secs] 495918K->495913K(1048512K), 0.0023563 secs] [Times: user=0.01 sys=0.00, real=0.01 secs] 
16.364: [GC (Allocation Failure) 16.364: [DefNew: 448K->63K(448K), 0.0033148 secs] 496297K->496293K(1048512K), 0.0033835 secs] [Times: user=0.00 sys=0.00, real=0.00 secs] 
16.375: [GC (Allocation Failure) 16.375: [DefNew: 447K->63K(448K), 0.0020387 secs] 496677K->496671K(1048512K), 0.0020932 secs] [Times: user=0.00 sys=0.00, real=0.00 secs] 
16.387: [GC (Allocation Failure) 16.387: [DefNew: 447K->63K(448K), 0.0026583 secs] 497055K->497049K(1048512K), 0.0027196 secs] [Times: user=0.00 sys=0.01, real=0.00 secs] 
16.399: [GC (Allocation Failure) 16.399: [DefNew: 447K->64K(448K), 0.0020472 secs] 497433K->497429K(1048512K), 0.0020995 secs] [Times: user=0.01 sys=0.00, real=0.00 secs] 
16.410: [GC (Allocation Failure) 16.410: [DefNew: 448K->63K(448K), 0.0023868 secs] 497813K->497807K(1048512K), 0.0024405 secs] [Times: user=0.00 sys=0.00, real=0.00 secs] 
16.422: [GC (Allocation Failure) 16.422: [DefNew: 447K->64K(448K), 0.0028141 secs] 498191K->498186K(1048512K), 0.0028784 secs] [Times: user=0.00 sys=0.00, real=0.01 secs] 
16.434: [GC (Allocation Failure) 16.434: [DefNew: 448K->63K(448K), 0.0021015 secs] 498570K->498566K(1048512K), 0.0021484 secs] [Times: user=0.00 sys=0.00, real=0.01 secs] 
16.444: [GC (Allocation Failure) 16.444: [DefNew: 447K->64K(448K), 0.0030968 secs] 498950K->498942K(1048512K), 0.0031920 secs] [Times: user=0.00 sys=0.00, real=0.01 secs] 
16.459: [GC (Allocation Failure) 16.459: [DefNew: 448K->63K(448K), 0.0028356 secs] 499326K->499321K(1048512K), 0.0029143 secs] [Times: user=0.00 sys=0.00, real=0.00 secs] 
16.471: [GC (Allocation Failure) 16.471: [DefNew: 447K->63K(448K), 0.0025218 secs] 499705K->499700K(1048512K), 0.0025896 secs] [Times: user=0.00 sys=0.00, real=0.00 secs] 
16.483: [GC (Allocation Failure) 16.483: [DefNew: 447K->63K(448K), 0.0027325 secs] 500084K->500080K(1048512K), 0.0027991 secs] [Times: user=0.00 sys=0.00, real=0.01 secs] 
16.495: [GC (Allocation Failure) 16.495: [DefNew: 447K->63K(448K), 0.0024987 secs] 500464K->500458K(1048512K), 0.0025592 secs] [Times: user=0.00 sys=0.00, real=0.00 secs] 
16.506: [GC (Allocation Failure) 16.506: [DefNew: 447K->63K(448K), 0.0030078 secs] 500842K->500836K(1048512K), 0.0030706 secs] [Times: user=0.00 sys=0.00, real=0.00 secs] 
16.518: [GC (Allocation Failure) 16.518: [DefNew: 447K->63K(448K), 0.0020722 secs] 501220K->501216K(1048512K), 0.0021171 secs] [Times: user=0.01 sys=0.00, real=0.00 secs] 
16.530: [GC (Allocation Failure) 16.530: [DefNew: 447K->63K(448K), 0.0040768 secs] 501600K->501595K(1048512K), 0.0041589 secs] [Times: user=0.00 sys=0.00, real=0.00 secs] 
16.541: [GC (Allocation Failure) 16.541: [DefNew: 447K->63K(448K), 0.0022359 secs] 501979K->501974K(1048512K), 0.0022938 secs] [Times: user=0.00 sys=0.00, real=0.00 secs] 
16.553: [GC (Allocation Failure) 16.553: [DefNew: 447K->64K(448K), 0.0027001 secs] 502358K->502350K(1048512K), 0.0027532 secs] [Times: user=0.01 sys=0.00, real=0.01 secs] 
16.565: [GC (Allocation Failure) 16.565: [DefNew: 448K->64K(448K), 0.0032928 secs] 502734K->502729K(1048512K), 0.0033622 secs] [Times: user=0.00 sys=0.00, real=0.00 secs] 
16.577: [GC (Allocation Failure) 16.577: [DefNew: 448K->63K(448K), 0.0021739 secs] 503113K->503110K(1048512K), 0.0022252 secs] [Times: user=0.00 sys=0.00, real=0.00 secs] 
16.589: [GC (Allocation Failure) 16.589: [DefNew: 447K->63K(448K), 0.0029096 secs] 503494K->503489K(1048512K), 0.0029692 secs] [Times: user=0.00 sys=0.00, real=0.00 secs] 
16.600: [GC (Allocation Failure) 16.600: [DefNew: 447K->64K(448K), 0.0020506 secs] 503873K->503868K(1048512K), 0.0020969 secs] [Times: user=0.01 sys=0.00, real=0.00 secs] 
16.612: [GC (Allocation Failure) 16.612: [DefNew: 448K->63K(448K), 0.0029712 secs] 504252K->504246K(1048512K), 0.0030413 secs] [Times: user=0.00 sys=0.00, real=0.01 secs] 
16.624: [GC (Allocation Failure) 16.624: [DefNew: 447K->64K(448K), 0.0027265 secs] 504630K->504625K(1048512K), 0.0027791 secs] [Times: user=0.00 sys=0.00, real=0.00 secs] 
16.635: [GC (Allocation Failure) 16.636: [DefNew: 448K->63K(448K), 0.0031356 secs] 505009K->505005K(1048512K), 0.0031982 secs] [Times: user=0.01 sys=0.00, real=0.00 secs] 
16.656: [GC (Allocation Failure) 16.656: [DefNew: 447K->64K(448K), 0.0023253 secs] 505389K->505381K(1048512K), 0.0023864 secs] [Times: user=0.00 sys=0.00, real=0.00 secs] 
16.667: [GC (Allocation Failure) 16.667: [DefNew: 448K->63K(448K), 0.0057595 secs] 505765K->505759K(1048512K), 0.0059843 secs] [Times: user=0.00 sys=0.00, real=0.00 secs] 
16.681: [GC (Allocation Failure) 16.681: [DefNew: 447K->63K(448K), 0.0024371 secs] 506143K->506139K(1048512K), 0.0024946 secs] [Times: user=0.01 sys=0.00, real=0.00 secs] 
16.694: [GC (Allocation Failure) 16.694: [DefNew: 447K->63K(448K), 0.0042411 secs] 506523K->506519K(1048512K), 0.0043372 secs] [Times: user=0.00 sys=0.00, real=0.01 secs] 
16.707: [GC (Allocation Failure) 16.707: [DefNew: 447K->63K(448K), 0.0026591 secs] 506903K->506897K(1048512K), 0.0027136 secs] [Times: user=0.00 sys=0.00, real=0.00 secs] 
16.718: [GC (Allocation Failure) 16.718: [DefNew: 447K->64K(448K), 0.0028011 secs] 507281K->507275K(1048512K), 0.0028600 secs] [Times: user=0.01 sys=0.00, real=0.00 secs] 
16.731: [GC (Allocation Failure) 16.731: [DefNew: 448K->64K(448K), 0.0029044 secs] 507659K->507654K(1048512K), 0.0029659 secs] [Times: user=0.00 sys=0.00, real=0.01 secs] 
16.745: [GC (Allocation Failure) 16.745: [DefNew: 448K->63K(448K), 0.0032181 secs] 508038K->508034K(1048512K), 0.0032906 secs] [Times: user=0.00 sys=0.00, real=0.00 secs] 
16.757: [GC (Allocation Failure) 16.758: [DefNew: 447K->64K(448K), 0.0020721 secs] 508418K->508410K(1048512K), 0.0021294 secs] [Times: user=0.01 sys=0.00, real=0.00 secs] 
16.770: [GC (Allocation Failure) 16.770: [DefNew: 448K->63K(448K), 0.0029905 secs] 508794K->508789K(1048512K), 0.0030515 secs] [Times: user=0.00 sys=0.00, real=0.00 secs] 
16.781: [GC (Allocation Failure) 16.781: [DefNew: 447K->63K(448K), 0.0029833 secs] 509173K->509169K(1048512K), 0.0030523 secs] [Times: user=0.00 sys=0.00, real=0.01 secs] 
16.794: [GC (Allocation Failure) 16.794: [DefNew: 447K->63K(448K), 0.0030104 secs] 509553K->509548K(1048512K), 0.0030651 secs] [Times: user=0.01 sys=0.00, real=0.00 secs] 
16.807: [GC (Allocation Failure) 16.807: [DefNew: 447K->63K(448K), 0.0030742 secs] 509932K->509927K(1048512K), 0.0031467 secs] [Times: user=0.00 sys=0.00, real=0.00 secs] 
16.819: [GC (Allocation Failure) 16.819: [DefNew: 447K->63K(448K), 0.0028826 secs] 510311K->510305K(1048512K), 0.0029472 secs] [Times: user=0.00 sys=0.00, real=0.00 secs] 
16.832: [GC (Allocation Failure) 16.832: [DefNew: 447K->63K(448K), 0.0020958 secs] 510689K->510685K(1048512K), 0.0021425 secs] [Times: user=0.00 sys=0.00, real=0.01 secs] 
16.844: [GC (Allocation Failure) 16.844: [DefNew: 447K->63K(448K), 0.0029587 secs] 511069K->511063K(1048512K), 0.0030213 secs] [Times: user=0.00 sys=0.00, real=0.01 secs] 
16.855: [GC (Allocation Failure) 16.855: [DefNew: 447K->63K(448K), 0.0028599 secs] 511447K->511442K(1048512K), 0.0029233 secs] [Times: user=0.00 sys=0.00, real=0.00 secs] 
16.868: [GC (Allocation Failure) 16.868: [DefNew: 447K->64K(448K), 0.0030094 secs] 511826K->511819K(1048512K), 0.0031141 secs] [Times: user=0.00 sys=0.00, real=0.00 secs] 
16.880: [GC (Allocation Failure) 16.880: [DefNew: 448K->63K(448K), 0.0057131 secs] 512203K->512199K(1048512K), 0.0058326 secs] [Times: user=0.00 sys=0.00, real=0.01 secs] 
16.894: [GC (Allocation Failure) 16.894: [DefNew: 447K->64K(448K), 0.0027787 secs] 512583K->512579K(1048512K), 0.0028369 secs] [Times: user=0.00 sys=0.00, real=0.01 secs] 
16.906: [GC (Allocation Failure) 16.906: [DefNew: 448K->64K(448K), 0.0028236 secs] 512963K->512956K(1048512K), 0.0029048 secs] [Times: user=0.01 sys=0.00, real=0.00 secs] 
16.917: [GC (Allocation Failure) 16.917: [DefNew: 448K->63K(448K), 0.0021049 secs] 513340K->513335K(1048512K), 0.0021626 secs] [Times: user=0.00 sys=0.00, real=0.00 secs] 
16.929: [GC (Allocation Failure) 16.929: [DefNew: 447K->63K(448K), 0.0030202 secs] 513719K->513715K(1048512K), 0.0030899 secs] [Times: user=0.00 sys=0.00, real=0.00 secs] 
16.942: [GC (Allocation Failure) 16.942: [DefNew: 447K->63K(448K), 0.0029412 secs] 514099K->514093K(1048512K), 0.0030008 secs] [Times: user=0.00 sys=0.00, real=0.01 secs] 
16.954: [GC (Allocation Failure) 16.954: [DefNew: 447K->63K(448K), 0.0030409 secs] 514477K->514471K(1048512K), 0.0030945 secs] [Times: user=0.01 sys=0.00, real=0.00 secs] 
16.967: [GC (Allocation Failure) 16.967: [DefNew: 447K->64K(448K), 0.0030422 secs] 514855K->514849K(1048512K), 0.0031288 secs] [Times: user=0.00 sys=0.00, real=0.00 secs] 
16.981: [GC (Allocation Failure) 16.981: [DefNew: 448K->64K(448K), 0.0029573 secs] 515233K->515228K(1048512K), 0.0030140 secs] [Times: user=0.00 sys=0.00, real=0.00 secs] 
16.992: [GC (Allocation Failure) 16.992: [DefNew: 448K->63K(448K), 0.0020754 secs] 515612K->515608K(1048512K), 0.0021218 secs] [Times: user=0.01 sys=0.00, real=0.01 secs] 
17.004: [GC (Allocation Failure) 17.004: [DefNew: 447K->63K(448K), 0.0028521 secs] 515992K->515986K(1048512K), 0.0029095 secs] [Times: user=0.00 sys=0.00, real=0.00 secs] 
17.017: [GC (Allocation Failure) 17.017: [DefNew: 447K->63K(448K), 0.0029311 secs] 516370K->516364K(1048512K), 0.0029898 secs] [Times: user=0.00 sys=0.00, real=0.00 secs] 
17.028: [GC (Allocation Failure) 17.028: [DefNew: 447K->64K(448K), 0.0024059 secs] 516748K->516744K(1048512K), 0.0024600 secs] [Times: user=0.01 sys=0.00, real=0.00 secs] 
17.041: [GC (Allocation Failure) 17.041: [DefNew: 448K->63K(448K), 0.0028331 secs] 517128K->517122K(1048512K), 0.0028906 secs] [Times: user=0.00 sys=0.00, real=0.00 secs] 
17.054: [GC (Allocation Failure) 17.054: [DefNew: 447K->64K(448K), 0.0029810 secs] 517506K->517502K(1048512K), 0.0030612 secs] [Times: user=0.00 sys=0.01, real=0.01 secs] 
17.065: [GC (Allocation Failure) 17.065: [DefNew: 448K->63K(448K), 0.0033286 secs] 517886K->517881K(1048512K), 0.0033921 secs] [Times: user=0.01 sys=0.00, real=0.00 secs] 
17.078: [GC (Allocation Failure) 17.078: [DefNew: 447K->64K(448K), 0.0021370 secs] 518265K->518257K(1048512K), 0.0021824 secs] [Times: user=0.00 sys=0.00, real=0.00 secs] 
17.089: [GC (Allocation Failure) 17.089: [DefNew: 448K->63K(448K), 0.0028301 secs] 518641K->518636K(1048512K), 0.0028917 secs] [Times: user=0.00 sys=0.00, real=0.00 secs] 
17.102: [GC (Allocation Failure) 17.102: [DefNew: 447K->63K(448K), 0.0033811 secs] 519020K->519016K(1048512K), 0.0034739 secs] [Times: user=0.00 sys=0.00, real=0.01 secs] 
17.115: [GC (Allocation Failure) 17.115: [DefNew: 447K->63K(448K), 0.0032926 secs] 519400K->519396K(1048512K), 0.0033633 secs] [Times: user=0.00 sys=0.00, real=0.00 secs] 
17.126: [GC (Allocation Failure) 17.126: [DefNew: 447K->63K(448K), 0.0027840 secs] 519780K->519774K(1048512K), 0.0028416 secs] [Times: user=0.00 sys=0.00, real=0.00 secs] 
17.139: [GC (Allocation Failure) 17.139: [DefNew: 447K->63K(448K), 0.0029160 secs] 520158K->520152K(1048512K), 0.0029822 secs] [Times: user=0.00 sys=0.00, real=0.00 secs] 
17.152: [GC (Allocation Failure) 17.152: [DefNew: 447K->64K(448K), 0.0024355 secs] 520536K->520531K(1048512K), 0.0024968 secs] [Times: user=0.00 sys=0.00, real=0.01 secs] 
17.162: [GC (Allocation Failure) 17.162: [DefNew: 448K->63K(448K), 0.0027658 secs] 520915K->520911K(1048512K), 0.0028211 secs] [Times: user=0.00 sys=0.00, real=0.01 secs] 
17.173: [GC (Allocation Failure) 17.173: [DefNew: 447K->64K(448K), 0.0046526 secs] 521295K->521287K(1048512K), 0.0047656 secs] [Times: user=0.01 sys=0.00, real=0.01 secs] 
17.188: [GC (Allocation Failure) 17.188: [DefNew: 448K->63K(448K), 0.0020715 secs] 521671K->521664K(1048512K), 0.0021220 secs] [Times: user=0.00 sys=0.00, real=0.00 secs] 
17.198: [GC (Allocation Failure) 17.198: [DefNew: 447K->63K(448K), 0.0033545 secs] 522048K->522043K(1048512K), 0.0034194 secs] [Times: user=0.00 sys=0.00, real=0.00 secs] 
17.212: [GC (Allocation Failure) 17.212: [DefNew: 447K->63K(448K), 0.0028800 secs] 522427K->522424K(1048512K), 0.0029385 secs] [Times: user=0.00 sys=0.00, real=0.01 secs] 
17.225: [GC (Allocation Failure) 17.225: [DefNew: 447K->64K(448K), 0.0028511 secs] 522808K->522803K(1048512K), 0.0029192 secs] [Times: user=0.00 sys=0.00, real=0.00 secs] 
17.236: [GC (Allocation Failure) 17.236: [DefNew: 448K->63K(448K), 0.0020619 secs] 523187K->523182K(1048512K), 0.0021079 secs] [Times: user=0.00 sys=0.00, real=0.00 secs] 
17.248: [GC (Allocation Failure) 17.248: [DefNew: 447K->63K(448K), 0.0029246 secs] 523566K->523561K(1048512K), 0.0029855 secs] [Times: user=0.00 sys=0.00, real=0.00 secs] 
17.260: [GC (Allocation Failure) 17.260: [DefNew: 447K->63K(448K), 0.0029307 secs] 523945K->523939K(1048512K), 0.0029925 secs] [Times: user=0.01 sys=0.00, real=0.00 secs] 
17.272: [GC (Allocation Failure) 17.272: [DefNew: 447K->63K(448K), 0.0029857 secs] 524323K->524318K(1048512K), 0.0030531 secs] [Times: user=0.00 sys=0.01, real=0.01 secs] 
17.284: [GC (Allocation Failure) 17.284: [DefNew: 447K->63K(448K), 0.0023661 secs] 524702K->524695K(1048512K), 0.0024204 secs] [Times: user=0.00 sys=0.00, real=0.00 secs] 
17.295: [GC (Allocation Failure) 17.295: [DefNew: 447K->63K(448K), 0.0029512 secs] 525079K->525074K(1048512K), 0.0030097 secs] [Times: user=0.01 sys=0.00, real=0.00 secs] 
17.309: [GC (Allocation Failure) 17.309: [DefNew: 447K->63K(448K), 0.0031625 secs] 525458K->525453K(1048512K), 0.0032417 secs] [Times: user=0.00 sys=0.00, real=0.00 secs] 
17.321: [GC (Allocation Failure) 17.321: [DefNew: 447K->64K(448K), 0.0025127 secs] 525837K->525832K(1048512K), 0.0025883 secs] [Times: user=0.00 sys=0.00, real=0.01 secs] 
17.332: [GC (Allocation Failure) 17.332: [DefNew: 448K->63K(448K), 0.0040233 secs] 526216K->526211K(1048512K), 0.0041340 secs] [Times: user=0.01 sys=0.00, real=0.01 secs] 
17.346: [GC (Allocation Failure) 17.346: [DefNew: 447K->63K(448K), 0.0029683 secs] 526595K->526589K(1048512K), 0.0030316 secs] [Times: user=0.00 sys=0.00, real=0.00 secs] 
17.359: [GC (Allocation Failure) 17.359: [DefNew: 447K->63K(448K), 0.0029000 secs] 526973K->526968K(1048512K), 0.0029576 secs] [Times: user=0.00 sys=0.00, real=0.00 secs] 
17.371: [GC (Allocation Failure) 17.371: [DefNew: 447K->63K(448K), 0.0028694 secs] 527352K->527347K(1048512K), 0.0029393 secs] [Times: user=0.01 sys=0.00, real=0.01 secs] 
17.384: [GC (Allocation Failure) 17.384: [DefNew: 447K->63K(448K), 0.0029273 secs] 527731K->527725K(1048512K), 0.0029919 secs] [Times: user=0.00 sys=0.00, real=0.00 secs] 
17.395: [GC (Allocation Failure) 17.395: [DefNew: 447K->63K(448K), 0.0047187 secs] 528109K->528102K(1048512K), 0.0048776 secs] [Times: user=0.00 sys=0.00, real=0.00 secs] 
17.413: [GC (Allocation Failure) 17.413: [DefNew: 447K->63K(448K), 0.0033103 secs] 528486K->528481K(1048512K), 0.0033824 secs] [Times: user=0.00 sys=0.00, real=0.01 secs] 
17.425: [GC (Allocation Failure) 17.425: [DefNew: 447K->63K(448K), 0.0030329 secs] 528865K->528861K(1048512K), 0.0031112 secs] [Times: user=0.00 sys=0.00, real=0.00 secs] 
17.436: [GC (Allocation Failure) 17.436: [DefNew: 447K->63K(448K), 0.0027901 secs] 529245K->529239K(1048512K), 0.0028540 secs] [Times: user=0.01 sys=0.00, real=0.00 secs] 
17.449: [GC (Allocation Failure) 17.449: [DefNew: 447K->64K(448K), 0.0021252 secs] 529623K->529618K(1048512K), 0.0021839 secs] [Times: user=0.00 sys=0.00, real=0.00 secs] 
17.460: [GC (Allocation Failure) 17.460: [DefNew: 448K->63K(448K), 0.0027190 secs] 530002K->529998K(1048512K), 0.0027815 secs] [Times: user=0.00 sys=0.00, real=0.00 secs] 
17.472: [GC (Allocation Failure) 17.472: [DefNew: 447K->63K(448K), 0.0026798 secs] 530382K->530376K(1048512K), 0.0027370 secs] [Times: user=0.00 sys=0.00, real=0.01 secs] 
17.484: [GC (Allocation Failure) 17.484: [DefNew: 447K->63K(448K), 0.0030005 secs] 530760K->530754K(1048512K), 0.0030714 secs] [Times: user=0.01 sys=0.00, real=0.00 secs] 
17.496: [GC (Allocation Failure) 17.496: [DefNew: 447K->64K(448K), 0.0018472 secs] 531138K->531132K(1048512K), 0.0019048 secs] [Times: user=0.00 sys=0.01, real=0.00 secs] 
17.506: [GC (Allocation Failure) 17.506: [DefNew: 448K->63K(448K), 0.0035776 secs] 531516K->531512K(1048512K), 0.0036662 secs] [Times: user=0.01 sys=0.00, real=0.00 secs] 
17.520: [GC (Allocation Failure) 17.520: [DefNew: 447K->63K(448K), 0.0026498 secs] 531896K->531890K(1048512K), 0.0027124 secs] [Times: user=0.00 sys=0.00, real=0.00 secs] 
17.530: [GC (Allocation Failure) 17.530: [DefNew: 447K->64K(448K), 0.0026573 secs] 532274K->532269K(1048512K), 0.0027235 secs] [Times: user=0.00 sys=0.00, real=0.00 secs] 
17.543: [GC (Allocation Failure) 17.543: [DefNew: 448K->63K(448K), 0.0029979 secs] 532653K->532649K(1048512K), 0.0030769 secs] [Times: user=0.01 sys=0.00, real=0.01 secs] 
17.555: [GC (Allocation Failure) 17.555: [DefNew: 447K->63K(448K), 0.0026959 secs] 533033K->533027K(1048512K), 0.0027587 secs] [Times: user=0.00 sys=0.00, real=0.00 secs] 
17.566: [GC (Allocation Failure) 17.566: [DefNew: 447K->63K(448K), 0.0025622 secs] 533411K->533405K(1048512K), 0.0026225 secs] [Times: user=0.00 sys=0.00, real=0.00 secs] 
17.577: [GC (Allocation Failure) 17.577: [DefNew: 447K->64K(448K), 0.0029051 secs] 533789K->533784K(1048512K), 0.0029755 secs] [Times: user=0.00 sys=0.00, real=0.00 secs] 
17.589: [GC (Allocation Failure) 17.589: [DefNew: 448K->63K(448K), 0.0036329 secs] 534168K->534164K(1048512K), 0.0037029 secs] [Times: user=0.01 sys=0.00, real=0.00 secs] 
17.601: [GC (Allocation Failure) 17.601: [DefNew: 447K->63K(448K), 0.0082480 secs] 534548K->534540K(1048512K), 0.0087523 secs] [Times: user=0.00 sys=0.00, real=0.01 secs] 
17.625: [GC (Allocation Failure) 17.625: [DefNew: 447K->63K(448K), 0.0021772 secs] 534924K->534919K(1048512K), 0.0022411 secs] [Times: user=0.00 sys=0.00, real=0.00 secs] 
17.636: [GC (Allocation Failure) 17.636: [DefNew: 447K->63K(448K), 0.0036201 secs] 535303K->535299K(1048512K), 0.0036823 secs] [Times: user=0.01 sys=0.00, real=0.00 secs] 
17.650: [GC (Allocation Failure) 17.650: [DefNew: 447K->63K(448K), 0.0028779 secs] 535683K->535679K(1048512K), 0.0029387 secs] [Times: user=0.00 sys=0.00, real=0.00 secs] 
17.663: [GC (Allocation Failure) 17.663: [DefNew: 447K->63K(448K), 0.0021786 secs] 536063K->536057K(1048512K), 0.0022393 secs] [Times: user=0.00 sys=0.00, real=0.01 secs] 
17.678: [GC (Allocation Failure) 17.678: [DefNew: 447K->64K(448K), 0.0024016 secs] 536441K->536435K(1048512K), 0.0024559 secs] [Times: user=0.01 sys=0.00, real=0.00 secs] 
17.689: [GC (Allocation Failure) 17.689: [DefNew: 448K->63K(448K), 0.0028297 secs] 536819K->536815K(1048512K), 0.0028892 secs] [Times: user=0.00 sys=0.00, real=0.00 secs] 
17.702: [GC (Allocation Failure) 17.702: [DefNew: 447K->63K(448K), 0.0028199 secs] 537199K->537191K(1048512K), 0.0028830 secs] [Times: user=0.00 sys=0.00, real=0.01 secs] 
17.713: [GC (Allocation Failure) 17.713: [DefNew: 447K->64K(448K), 0.0030988 secs] 537575K->537570K(1048512K), 0.0032732 secs] [Times: user=0.01 sys=0.00, real=0.01 secs] 
17.726: [GC (Allocation Failure) 17.726: [DefNew: 448K->63K(448K), 0.0024989 secs] 537954K->537951K(1048512K), 0.0025452 secs] [Times: user=0.00 sys=0.00, real=0.00 secs] 
17.738: [GC (Allocation Failure) 17.738: [DefNew: 447K->63K(448K), 0.0030701 secs] 538335K->538330K(1048512K), 0.0031277 secs] [Times: user=0.00 sys=0.00, real=0.00 secs] 
17.750: [GC (Allocation Failure) 17.750: [DefNew: 447K->64K(448K), 0.0029889 secs] 538714K->538708K(1048512K), 0.0030509 secs] [Times: user=0.01 sys=0.00, real=0.00 secs] 
17.762: [GC (Allocation Failure) 17.762: [DefNew: 448K->63K(448K), 0.0027910 secs] 539092K->539087K(1048512K), 0.0028445 secs] [Times: user=0.00 sys=0.00, real=0.01 secs] 
17.775: [GC (Allocation Failure) 17.775: [DefNew: 447K->64K(448K), 0.0029545 secs] 539471K->539467K(1048512K), 0.0030142 secs] [Times: user=0.00 sys=0.00, real=0.00 secs] 
17.787: [GC (Allocation Failure) 17.787: [DefNew: 448K->63K(448K), 0.0030222 secs] 539851K->539845K(1048512K), 0.0030794 secs] [Times: user=0.01 sys=0.00, real=0.00 secs] 
17.800: [GC (Allocation Failure) 17.800: [DefNew: 447K->63K(448K), 0.0067148 secs] 540229K->540223K(1048512K), 0.0067766 secs] [Times: user=0.00 sys=0.00, real=0.01 secs] 
17.816: [GC (Allocation Failure) 17.816: [DefNew: 447K->64K(448K), 0.0039333 secs] 540607K->540601K(1048512K), 0.0040540 secs] [Times: user=0.00 sys=0.00, real=0.00 secs] 
17.829: [GC (Allocation Failure) 17.829: [DefNew: 448K->64K(448K), 0.0030898 secs] 540985K->540980K(1048512K), 0.0031574 secs] [Times: user=0.01 sys=0.00, real=0.00 secs] 
17.841: [GC (Allocation Failure) 17.841: [DefNew: 448K->63K(448K), 0.0029125 secs] 541364K->541360K(1048512K), 0.0029803 secs] [Times: user=0.00 sys=0.00, real=0.01 secs] 
17.855: [GC (Allocation Failure) 17.855: [DefNew: 447K->64K(448K), 0.0028571 secs] 541744K->541738K(1048512K), 0.0029153 secs] [Times: user=0.00 sys=0.00, real=0.00 secs] 
17.866: [GC (Allocation Failure) 17.866: [DefNew: 448K->63K(448K), 0.0030452 secs] 542122K->542116K(1048512K), 0.0031053 secs] [Times: user=0.01 sys=0.00, real=0.00 secs] 
17.879: [GC (Allocation Failure) 17.879: [DefNew: 447K->64K(448K), 0.0021416 secs] 542500K->542496K(1048512K), 0.0021885 secs] [Times: user=0.00 sys=0.00, real=0.00 secs] 
17.890: [GC (Allocation Failure) 17.890: [DefNew: 448K->64K(448K), 0.0030863 secs] 542880K->542874K(1048512K), 0.0031817 secs] [Times: user=0.00 sys=0.00, real=0.00 secs] 
17.903: [GC (Allocation Failure) 17.903: [DefNew: 448K->64K(448K), 0.0034405 secs] 543258K->543253K(1048512K), 0.0035070 secs] [Times: user=0.01 sys=0.00, real=0.01 secs] 
17.916: [GC (Allocation Failure) 17.916: [DefNew: 448K->64K(448K), 0.0030847 secs] 543637K->543631K(1048512K), 0.0032117 secs] [Times: user=0.00 sys=0.00, real=0.00 secs] 
17.929: [GC (Allocation Failure) 17.929: [DefNew: 448K->64K(448K), 0.0035952 secs] 544015K->544010K(1048512K), 0.0036653 secs] [Times: user=0.00 sys=0.00, real=0.00 secs] 
17.943: [GC (Allocation Failure) 17.943: [DefNew: 448K->63K(448K), 0.0036202 secs] 544394K->544390K(1048512K), 0.0036906 secs] [Times: user=0.01 sys=0.00, real=0.01 secs] 
17.956: [GC (Allocation Failure) 17.956: [DefNew: 447K->64K(448K), 0.0037083 secs] 544774K->544768K(1048512K), 0.0037919 secs] [Times: user=0.00 sys=0.00, real=0.00 secs] 
17.968: [GC (Allocation Failure) 17.968: [DefNew: 448K->63K(448K), 0.0026878 secs] 545152K->545146K(1048512K), 0.0027737 secs] [Times: user=0.00 sys=0.00, real=0.00 secs] 
17.980: [GC (Allocation Failure) 17.980: [DefNew: 447K->63K(448K), 0.0025760 secs] 545530K->545526K(1048512K), 0.0026279 secs] [Times: user=0.01 sys=0.00, real=0.00 secs] 
17.992: [GC (Allocation Failure) 17.992: [DefNew: 447K->63K(448K), 0.0030570 secs] 545910K->545904K(1048512K), 0.0031193 secs] [Times: user=0.00 sys=0.00, real=0.01 secs] 
18.004: [GC (Allocation Failure) 18.004: [DefNew: 447K->63K(448K), 0.0029034 secs] 546288K->546283K(1048512K), 0.0029589 secs] [Times: user=0.00 sys=0.00, real=0.01 secs] 
18.016: [GC (Allocation Failure) 18.016: [DefNew: 447K->64K(448K), 0.0041796 secs] 546667K->546660K(1048512K), 0.0042763 secs] [Times: user=0.01 sys=0.00, real=0.00 secs] 
18.029: [GC (Allocation Failure) 18.029: [DefNew: 448K->64K(448K), 0.0034912 secs] 547044K->547040K(1048512K), 0.0036760 secs] [Times: user=0.00 sys=0.00, real=0.00 secs] 
18.042: [GC (Allocation Failure) 18.042: [DefNew: 448K->63K(448K), 0.0021800 secs] 547424K->547420K(1048512K), 0.0022298 secs] [Times: user=0.00 sys=0.00, real=0.01 secs] 
18.054: [GC (Allocation Failure) 18.054: [DefNew: 447K->63K(448K), 0.0029818 secs] 547804K->547798K(1048512K), 0.0030427 secs] [Times: user=0.00 sys=0.00, real=0.01 secs] 
18.065: [GC (Allocation Failure) 18.065: [DefNew: 447K->63K(448K), 0.0029280 secs] 548182K->548176K(1048512K), 0.0029881 secs] [Times: user=0.00 sys=0.00, real=0.00 secs] 
18.078: [GC (Allocation Failure) 18.078: [DefNew: 447K->64K(448K), 0.0029192 secs] 548560K->548556K(1048512K), 0.0029724 secs] [Times: user=0.00 sys=0.00, real=0.00 secs] 
18.091: [GC (Allocation Failure) 18.091: [DefNew: 448K->63K(448K), 0.0033688 secs] 548940K->548934K(1048512K), 0.0034378 secs] [Times: user=0.00 sys=0.00, real=0.01 secs] 
18.103: [GC (Allocation Failure) 18.103: [DefNew: 447K->64K(448K), 0.0028837 secs] 549318K->549313K(1048512K), 0.0029447 secs] [Times: user=0.00 sys=0.00, real=0.01 secs] 
18.117: [GC (Allocation Failure) 18.117: [DefNew: 448K->63K(448K), 0.0034144 secs] 549697K->549691K(1048512K), 0.0035224 secs] [Times: user=0.01 sys=0.00, real=0.00 secs] 
18.130: [GC (Allocation Failure) 18.130: [DefNew: 447K->64K(448K), 0.0024868 secs] 550075K->550070K(1048512K), 0.0025470 secs] [Times: user=0.00 sys=0.00, real=0.00 secs] 
18.141: [GC (Allocation Failure) 18.141: [DefNew: 448K->63K(448K), 0.0030961 secs] 550454K->550450K(1048512K), 0.0031546 secs] [Times: user=0.00 sys=0.00, real=0.01 secs] 
18.154: [GC (Allocation Failure) 18.154: [DefNew: 447K->63K(448K), 0.0028627 secs] 550834K->550827K(1048512K), 0.0029256 secs] [Times: user=0.00 sys=0.00, real=0.00 secs] 
18.167: [GC (Allocation Failure) 18.167: [DefNew: 447K->63K(448K), 0.0031014 secs] 551211K->551206K(1048512K), 0.0031646 secs] [Times: user=0.01 sys=0.01, real=0.00 secs] 
18.178: [GC (Allocation Failure) 18.178: [DefNew: 447K->63K(448K), 0.0027619 secs] 551590K->551586K(1048512K), 0.0028176 secs] [Times: user=0.00 sys=0.00, real=0.00 secs] 
18.191: [GC (Allocation Failure) 18.191: [DefNew: 447K->63K(448K), 0.0029894 secs] 551970K->551964K(1048512K), 0.0030569 secs] [Times: user=0.00 sys=0.00, real=0.00 secs] 
18.202: [GC (Allocation Failure) 18.202: [DefNew: 447K->63K(448K), 0.0021708 secs] 552348K->552342K(1048512K), 0.0022211 secs] [Times: user=0.01 sys=0.00, real=0.01 secs] 
18.214: [GC (Allocation Failure) 18.214: [DefNew: 447K->63K(448K), 0.0030814 secs] 552726K->552722K(1048512K), 0.0031460 secs] [Times: user=0.00 sys=0.00, real=0.00 secs] 
18.227: [GC (Allocation Failure) 18.227: [DefNew: 447K->64K(448K), 0.0043296 secs] 553106K->553098K(1048512K), 0.0044652 secs] [Times: user=0.00 sys=0.00, real=0.00 secs] 
18.240: [GC (Allocation Failure) 18.240: [DefNew: 448K->64K(448K), 0.0024553 secs] 553482K->553477K(1048512K), 0.0025072 secs] [Times: user=0.00 sys=0.00, real=0.00 secs] 
18.253: [GC (Allocation Failure) 18.253: [DefNew: 448K->63K(448K), 0.0031718 secs] 553861K->553857K(1048512K), 0.0032752 secs] [Times: user=0.00 sys=0.00, real=0.01 secs] 
18.266: [GC (Allocation Failure) 18.266: [DefNew: 447K->63K(448K), 0.0031277 secs] 554241K->554237K(1048512K), 0.0031951 secs] [Times: user=0.00 sys=0.00, real=0.00 secs] 
18.278: [GC (Allocation Failure) 18.278: [DefNew: 447K->64K(448K), 0.0030857 secs] 554621K->554615K(1048512K), 0.0031460 secs] [Times: user=0.01 sys=0.00, real=0.00 secs] 
18.291: [GC (Allocation Failure) 18.291: [DefNew: 448K->63K(448K), 0.0023447 secs] 554999K->554993K(1048512K), 0.0024049 secs] [Times: user=0.00 sys=0.00, real=0.00 secs] 
18.303: [GC (Allocation Failure) 18.303: [DefNew: 447K->63K(448K), 0.0033504 secs] 555377K->555373K(1048512K), 0.0034235 secs] [Times: user=0.00 sys=0.00, real=0.01 secs] 
18.314: [GC (Allocation Failure) 18.314: [DefNew: 447K->64K(448K), 0.0025922 secs] 555757K->555751K(1048512K), 0.0026509 secs] [Times: user=0.01 sys=0.00, real=0.00 secs] 
18.327: [GC (Allocation Failure) 18.327: [DefNew: 448K->63K(448K), 0.0030137 secs] 556135K->556130K(1048512K), 0.0030714 secs] [Times: user=0.00 sys=0.00, real=0.00 secs] 
18.338: [GC (Allocation Failure) 18.338: [DefNew: 447K->64K(448K), 0.0036049 secs] 556514K->556507K(1048512K), 0.0036773 secs] [Times: user=0.00 sys=0.00, real=0.00 secs] 
18.352: [GC (Allocation Failure) 18.352: [DefNew: 448K->64K(448K), 0.0040195 secs] 556891K->556887K(1048512K), 0.0041070 secs] [Times: user=0.01 sys=0.00, real=0.01 secs] 
18.366: [GC (Allocation Failure) 18.366: [DefNew: 448K->63K(448K), 0.0032241 secs] 557271K->557267K(1048512K), 0.0033001 secs] [Times: user=0.00 sys=0.00, real=0.00 secs] 
18.378: [GC (Allocation Failure) 18.378: [DefNew: 447K->63K(448K), 0.0029170 secs] 557651K->557645K(1048512K), 0.0029707 secs] [Times: user=0.01 sys=0.01, real=0.00 secs] 
18.391: [GC (Allocation Failure) 18.391: [DefNew: 447K->63K(448K), 0.0028922 secs] 558029K->558023K(1048512K), 0.0029475 secs] [Times: user=0.00 sys=0.00, real=0.01 secs] 
18.403: [GC (Allocation Failure) 18.403: [DefNew: 447K->63K(448K), 0.0031763 secs] 558407K->558403K(1048512K), 0.0032427 secs] [Times: user=0.00 sys=0.00, real=0.01 secs] 
18.415: [GC (Allocation Failure) 18.415: [DefNew: 447K->63K(448K), 0.0030165 secs] 558787K->558781K(1048512K), 0.0030742 secs] [Times: user=0.01 sys=0.00, real=0.00 secs] 
18.428: [GC (Allocation Failure) 18.428: [DefNew: 447K->64K(448K), 0.0030694 secs] 559165K->559160K(1048512K), 0.0031408 secs] [Times: user=0.00 sys=0.00, real=0.00 secs] 
18.441: [GC (Allocation Failure) 18.441: [DefNew: 448K->64K(448K), 0.0101381 secs] 559544K->559538K(1048512K), 0.0102821 secs] [Times: user=0.00 sys=0.00, real=0.01 secs] 
18.460: [GC (Allocation Failure) 18.460: [DefNew: 448K->64K(448K), 0.0026280 secs] 559922K->559917K(1048512K), 0.0027212 secs] [Times: user=0.00 sys=0.00, real=0.00 secs] 
18.472: [GC (Allocation Failure) 18.472: [DefNew: 448K->63K(448K), 0.0029848 secs] 560301K->560297K(1048512K), 0.0030505 secs] [Times: user=0.00 sys=0.00, real=0.01 secs] 
18.485: [GC (Allocation Failure) 18.485: [DefNew: 447K->64K(448K), 0.0033097 secs] 560681K->560674K(1048512K), 0.0033866 secs] [Times: user=0.00 sys=0.00, real=0.00 secs] 
18.497: [GC (Allocation Failure) 18.497: [DefNew: 448K->63K(448K), 0.0029258 secs] 561058K->561053K(1048512K), 0.0029839 secs] [Times: user=0.00 sys=0.00, real=0.00 secs] 
18.509: [GC (Allocation Failure) 18.509: [DefNew: 447K->63K(448K), 0.0028245 secs] 561437K->561433K(1048512K), 0.0028812 secs] [Times: user=0.00 sys=0.00, real=0.00 secs] 
18.521: [GC (Allocation Failure) 18.521: [DefNew: 447K->63K(448K), 0.0030634 secs] 561817K->561811K(1048512K), 0.0031249 secs] [Times: user=0.00 sys=0.00, real=0.01 secs] 
18.533: [GC (Allocation Failure) 18.533: [DefNew: 447K->63K(448K), 0.0024246 secs] 562195K->562189K(1048512K), 0.0025001 secs] [Times: user=0.00 sys=0.00, real=0.01 secs] 
18.546: [GC (Allocation Failure) 18.546: [DefNew: 447K->64K(448K), 0.0029440 secs] 562573K->562567K(1048512K), 0.0029992 secs] [Times: user=0.00 sys=0.00, real=0.00 secs] 
18.558: [GC (Allocation Failure) 18.558: [DefNew: 448K->64K(448K), 0.0030506 secs] 562951K->562946K(1048512K), 0.0031145 secs] [Times: user=0.00 sys=0.00, real=0.00 secs] 
18.571: [GC (Allocation Failure) 18.571: [DefNew: 448K->63K(448K), 0.0038297 secs] 563330K->563326K(1048512K), 0.0039143 secs] [Times: user=0.01 sys=0.00, real=0.01 secs] 
18.585: [GC (Allocation Failure) 18.585: [DefNew: 447K->63K(448K), 0.0039755 secs] 563710K->563704K(1048512K), 0.0040549 secs] [Times: user=0.00 sys=0.00, real=0.00 secs] 
18.598: [GC (Allocation Failure) 18.598: [DefNew: 447K->63K(448K), 0.0037453 secs] 564088K->564082K(1048512K), 0.0038289 secs] [Times: user=0.01 sys=0.01, real=0.00 secs] 
18.611: [GC (Allocation Failure) 18.611: [DefNew: 447K->63K(448K), 0.0028250 secs] 564466K->564462K(1048512K), 0.0028790 secs] [Times: user=0.00 sys=0.00, real=0.01 secs] 
18.624: [GC (Allocation Failure) 18.624: [DefNew: 447K->63K(448K), 0.0030403 secs] 564846K->564840K(1048512K), 0.0030966 secs] [Times: user=0.00 sys=0.00, real=0.00 secs] 
18.635: [GC (Allocation Failure) 18.635: [DefNew: 447K->63K(448K), 0.0029882 secs] 565224K->565220K(1048512K), 0.0031063 secs] [Times: user=0.01 sys=0.00, real=0.00 secs] 
18.647: [GC (Allocation Failure) 18.647: [DefNew: 447K->63K(448K), 0.0033544 secs] 565604K->565597K(1048512K), 0.0034843 secs] [Times: user=0.00 sys=0.00, real=0.00 secs] 
18.661: [GC (Allocation Failure) 18.661: [DefNew: 447K->64K(448K), 0.0034240 secs] 565981K->565976K(1048512K), 0.0034967 secs] [Times: user=0.00 sys=0.00, real=0.01 secs] 
18.673: [GC (Allocation Failure) 18.673: [DefNew: 448K->63K(448K), 0.0022595 secs] 566360K->566356K(1048512K), 0.0023098 secs] [Times: user=0.01 sys=0.00, real=0.01 secs] 
18.685: [GC (Allocation Failure) 18.685: [DefNew: 447K->63K(448K), 0.0023625 secs] 566740K->566734K(1048512K), 0.0024106 secs] [Times: user=0.00 sys=0.00, real=0.00 secs] 
18.695: [GC (Allocation Failure) 18.695: [DefNew: 447K->63K(448K), 0.0023843 secs] 567118K->567112K(1048512K), 0.0024518 secs] [Times: user=0.00 sys=0.00, real=0.00 secs] 
18.708: [GC (Allocation Failure) 18.708: [DefNew: 447K->64K(448K), 0.0030373 secs] 567496K->567492K(1048512K), 0.0031013 secs] [Times: user=0.01 sys=0.00, real=0.00 secs] 
18.721: [GC (Allocation Failure) 18.721: [DefNew: 448K->64K(448K), 0.0031990 secs] 567876K->567870K(1048512K), 0.0032637 secs] [Times: user=0.00 sys=0.00, real=0.01 secs] 
18.732: [GC (Allocation Failure) 18.733: [DefNew: 448K->63K(448K), 0.0029981 secs] 568254K->568249K(1048512K), 0.0030648 secs] [Times: user=0.00 sys=0.00, real=0.01 secs] 
18.746: [GC (Allocation Failure) 18.746: [DefNew: 447K->63K(448K), 0.0030706 secs] 568633K->568629K(1048512K), 0.0031264 secs] [Times: user=0.01 sys=0.00, real=0.00 secs] 
18.759: [GC (Allocation Failure) 18.759: [DefNew: 447K->64K(448K), 0.0027925 secs] 569013K->569005K(1048512K), 0.0028491 secs] [Times: user=0.00 sys=0.00, real=0.00 secs] 
18.770: [GC (Allocation Failure) 18.770: [DefNew: 448K->64K(448K), 0.0022332 secs] 569389K->569384K(1048512K), 0.0022814 secs] [Times: user=0.00 sys=0.00, real=0.00 secs] 
18.782: [GC (Allocation Failure) 18.782: [DefNew: 448K->63K(448K), 0.0028573 secs] 569768K->569764K(1048512K), 0.0029113 secs] [Times: user=0.00 sys=0.00, real=0.01 secs] 
18.795: [GC (Allocation Failure) 18.795: [DefNew: 447K->63K(448K), 0.0029394 secs] 570148K->570144K(1048512K), 0.0029964 secs] [Times: user=0.00 sys=0.00, real=0.00 secs] 
18.806: [GC (Allocation Failure) 18.806: [DefNew: 447K->64K(448K), 0.0019439 secs] 570528K->570521K(1048512K), 0.0019939 secs] [Times: user=0.00 sys=0.00, real=0.00 secs] 
18.818: [GC (Allocation Failure) 18.818: [DefNew: 448K->63K(448K), 0.0031480 secs] 570905K->570900K(1048512K), 0.0032150 secs] [Times: user=0.00 sys=0.00, real=0.00 secs] 
18.832: [GC (Allocation Failure) 18.832: [DefNew: 447K->63K(448K), 0.0029345 secs] 571284K->571280K(1048512K), 0.0029921 secs] [Times: user=0.01 sys=0.00, real=0.01 secs] 
18.843: [GC (Allocation Failure) 18.843: [DefNew: 447K->63K(448K), 0.0034275 secs] 571664K->571658K(1048512K), 0.0034861 secs] [Times: user=0.00 sys=0.00, real=0.01 secs] 
18.856: [GC (Allocation Failure) 18.856: [DefNew: 447K->63K(448K), 0.0031465 secs] 572042K->572034K(1048512K), 0.0032217 secs] [Times: user=0.00 sys=0.00, real=0.00 secs] 
18.868: [GC (Allocation Failure) 18.868: [DefNew: 447K->63K(448K), 0.0044519 secs] 572418K->572414K(1048512K), 0.0045548 secs] [Times: user=0.01 sys=0.00, real=0.00 secs] 
18.882: [GC (Allocation Failure) 18.882: [DefNew: 447K->63K(448K), 0.0028120 secs] 572798K->572793K(1048512K), 0.0028812 secs] [Times: user=0.00 sys=0.00, real=0.01 secs] 
18.894: [GC (Allocation Failure) 18.894: [DefNew: 447K->63K(448K), 0.0029860 secs] 573177K->573173K(1048512K), 0.0030427 secs] [Times: user=0.01 sys=0.00, real=0.00 secs] 
18.906: [GC (Allocation Failure) 18.906: [DefNew: 447K->63K(448K), 0.0036718 secs] 573557K->573552K(1048512K), 0.0037553 secs] [Times: user=0.00 sys=0.00, real=0.00 secs] 
18.920: [GC (Allocation Failure) 18.920: [DefNew: 447K->64K(448K), 0.0039525 secs] 573936K->573930K(1048512K), 0.0040359 secs] [Times: user=0.00 sys=0.00, real=0.01 secs] 
18.933: [GC (Allocation Failure) 18.933: [DefNew: 448K->63K(448K), 0.0029761 secs] 574314K->574309K(1048512K), 0.0030314 secs] [Times: user=0.01 sys=0.00, real=0.01 secs] 
18.945: [GC (Allocation Failure) 18.945: [DefNew: 447K->63K(448K), 0.0030349 secs] 574693K->574688K(1048512K), 0.0031001 secs] [Times: user=0.00 sys=0.00, real=0.00 secs] 
18.958: [GC (Allocation Failure) 18.958: [DefNew: 447K->64K(448K), 0.0028954 secs] 575072K->575064K(1048512K), 0.0029938 secs] [Times: user=0.00 sys=0.00, real=0.00 secs] 
18.970: [GC (Allocation Failure) 18.970: [DefNew: 448K->63K(448K), 0.0029594 secs] 575448K->575443K(1048512K), 0.0030243 secs] [Times: user=0.01 sys=0.00, real=0.00 secs] 
18.982: [GC (Allocation Failure) 18.982: [DefNew: 447K->63K(448K), 0.0038973 secs] 575827K->575823K(1048512K), 0.0039930 secs] [Times: user=0.00 sys=0.00, real=0.01 secs] 
18.997: [GC (Allocation Failure) 18.997: [DefNew: 447K->63K(448K), 0.0038570 secs] 576207K->576203K(1048512K), 0.0039634 secs] [Times: user=0.01 sys=0.00, real=0.00 secs] 
19.009: [GC (Allocation Failure) 19.009: [DefNew: 447K->64K(448K), 0.0040007 secs] 576587K->576581K(1048512K), 0.0040823 secs] [Times: user=0.00 sys=0.00, real=0.00 secs] 
19.023: [GC (Allocation Failure) 19.023: [DefNew: 448K->63K(448K), 0.0023003 secs] 576965K->576959K(1048512K), 0.0023485 secs] [Times: user=0.00 sys=0.00, real=0.01 secs] 
19.035: [GC (Allocation Failure) 19.035: [DefNew: 447K->63K(448K), 0.0033644 secs] 577343K->577339K(1048512K), 0.0034271 secs] [Times: user=0.01 sys=0.01, real=0.00 secs] 
19.047: [GC (Allocation Failure) 19.047: [DefNew: 447K->63K(448K), 0.0027026 secs] 577723K->577717K(1048512K), 0.0027815 secs] [Times: user=0.00 sys=0.00, real=0.00 secs] 
19.060: [GC (Allocation Failure) 19.060: [DefNew: 447K->63K(448K), 0.0030542 secs] 578101K->578094K(1048512K), 0.0031179 secs] [Times: user=0.00 sys=0.00, real=0.00 secs] 
19.073: [GC (Allocation Failure) 19.073: [DefNew: 447K->63K(448K), 0.0052011 secs] 578478K->578471K(1048512K), 0.0053109 secs] [Times: user=0.01 sys=0.00, real=0.01 secs] 
19.087: [GC (Allocation Failure) 19.087: [DefNew: 447K->63K(448K), 0.0032549 secs] 578855K->578851K(1048512K), 0.0033218 secs] [Times: user=0.00 sys=0.00, real=0.00 secs] 
19.100: [GC (Allocation Failure) 19.100: [DefNew: 447K->64K(448K), 0.0021461 secs] 579235K->579231K(1048512K), 0.0022249 secs] [Times: user=0.00 sys=0.00, real=0.00 secs] 
19.112: [GC (Allocation Failure) 19.112: [DefNew: 448K->64K(448K), 0.0029888 secs] 579615K->579610K(1048512K), 0.0030646 secs] [Times: user=0.01 sys=0.00, real=0.01 secs] 
19.124: [GC (Allocation Failure) 19.124: [DefNew: 448K->63K(448K), 0.0031228 secs] 579994K->579989K(1048512K), 0.0031985 secs] [Times: user=0.00 sys=0.00, real=0.00 secs] 
19.137: [GC (Allocation Failure) 19.137: [DefNew: 447K->63K(448K), 0.0034071 secs] 580373K->580368K(1048512K), 0.0034729 secs] [Times: user=0.00 sys=0.00, real=0.00 secs] 
19.149: [GC (Allocation Failure) 19.149: [DefNew: 447K->64K(448K), 0.0030776 secs] 580752K->580746K(1048512K), 0.0031385 secs] [Times: user=0.01 sys=0.00, real=0.00 secs] 
19.162: [GC (Allocation Failure) 19.162: [DefNew: 448K->63K(448K), 0.0029439 secs] 581130K->581125K(1048512K), 0.0030037 secs] [Times: user=0.00 sys=0.00, real=0.01 secs] 
19.175: [GC (Allocation Failure) 19.175: [DefNew: 447K->63K(448K), 0.0022052 secs] 581509K->581502K(1048512K), 0.0022508 secs] [Times: user=0.00 sys=0.00, real=0.00 secs] 
19.185: [GC (Allocation Failure) 19.185: [DefNew: 447K->63K(448K), 0.0030982 secs] 581886K->581881K(1048512K), 0.0031559 secs] [Times: user=0.01 sys=0.00, real=0.00 secs] 
19.198: [GC (Allocation Failure) 19.198: [DefNew: 447K->63K(448K), 0.0033331 secs] 582265K->582260K(1048512K), 0.0033968 secs] [Times: user=0.00 sys=0.00, real=0.00 secs] 
19.212: [GC (Allocation Failure) 19.212: [DefNew: 447K->63K(448K), 0.0029108 secs] 582644K->582639K(1048512K), 0.0029739 secs] [Times: user=0.00 sys=0.00, real=0.01 secs] 
19.223: [GC (Allocation Failure) 19.223: [DefNew: 447K->63K(448K), 0.0019584 secs] 583023K->583017K(1048512K), 0.0020045 secs] [Times: user=0.01 sys=0.00, real=0.01 secs] 
19.234: [GC (Allocation Failure) 19.234: [DefNew: 447K->63K(448K), 0.0039362 secs] 583401K->583397K(1048512K), 0.0040199 secs] [Times: user=0.00 sys=0.00, real=0.00 secs] 
19.248: [GC (Allocation Failure) 19.248: [DefNew: 447K->63K(448K), 0.0037174 secs] 583781K->583775K(1048512K), 0.0037928 secs] [Times: user=0.00 sys=0.00, real=0.00 secs] 
19.260: [GC (Allocation Failure) 19.260: [DefNew: 447K->63K(448K), 0.0037420 secs] 584159K->584154K(1048512K), 0.0038124 secs] [Times: user=0.01 sys=0.00, real=0.01 secs] 
19.274: [GC (Allocation Failure) 19.274: [DefNew: 447K->64K(448K), 0.0027898 secs] 584538K->584531K(1048512K), 0.0028537 secs] [Times: user=0.00 sys=0.00, real=0.00 secs] 
19.287: [GC (Allocation Failure) 19.287: [DefNew: 448K->63K(448K), 0.0050187 secs] 584915K->584911K(1048512K), 0.0051167 secs] [Times: user=0.01 sys=0.00, real=0.00 secs] 
19.300: [GC (Allocation Failure) 19.300: [DefNew: 447K->63K(448K), 0.0029240 secs] 585295K->585289K(1048512K), 0.0029889 secs] [Times: user=0.00 sys=0.00, real=0.00 secs] 
19.313: [GC (Allocation Failure) 19.313: [DefNew: 447K->64K(448K), 0.0037305 secs] 585673K->585669K(1048512K), 0.0038042 secs] [Times: user=0.00 sys=0.00, real=0.01 secs] 
19.325: [GC (Allocation Failure) 19.325: [DefNew: 448K->64K(448K), 0.0037455 secs] 586053K->586049K(1048512K), 0.0039698 secs] [Times: user=0.01 sys=0.00, real=0.00 secs] 
19.339: [GC (Allocation Failure) 19.339: [DefNew: 448K->63K(448K), 0.0028076 secs] 586433K->586427K(1048512K), 0.0028656 secs] [Times: user=0.00 sys=0.00, real=0.00 secs] 
19.352: [GC (Allocation Failure) 19.352: [DefNew: 447K->63K(448K), 0.0029221 secs] 586811K->586805K(1048512K), 0.0029782 secs] [Times: user=0.00 sys=0.00, real=0.01 secs] 
19.364: [GC (Allocation Failure) 19.364: [DefNew: 447K->63K(448K), 0.0030229 secs] 587189K->587184K(1048512K), 0.0030919 secs] [Times: user=0.00 sys=0.00, real=0.01 secs] 
19.376: [GC (Allocation Failure) 19.376: [DefNew: 447K->63K(448K), 0.0021586 secs] 587568K->587562K(1048512K), 0.0022979 secs] [Times: user=0.00 sys=0.00, real=0.00 secs] 
19.389: [GC (Allocation Failure) 19.389: [DefNew: 447K->64K(448K), 0.0037802 secs] 587946K->587941K(1048512K), 0.0038634 secs] [Times: user=0.00 sys=0.00, real=0.00 secs] 
19.401: [GC (Allocation Failure) 19.401: [DefNew: 448K->64K(448K), 0.0036689 secs] 588325K->588321K(1048512K), 0.0037410 secs] [Times: user=0.00 sys=0.00, real=0.01 secs] 
19.415: [GC (Allocation Failure) 19.415: [DefNew: 448K->63K(448K), 0.0033822 secs] 588705K->588698K(1048512K), 0.0034489 secs] [Times: user=0.00 sys=0.00, real=0.00 secs] 
19.428: [GC (Allocation Failure) 19.428: [DefNew: 447K->63K(448K), 0.0027938 secs] 589082K->589077K(1048512K), 0.0028477 secs] [Times: user=0.01 sys=0.00, real=0.00 secs] 
19.440: [GC (Allocation Failure) 19.440: [DefNew: 447K->63K(448K), 0.0037740 secs] 589461K->589457K(1048512K), 0.0038446 secs] [Times: user=0.00 sys=0.00, real=0.01 secs] 
19.454: [GC (Allocation Failure) 19.454: [DefNew: 447K->63K(448K), 0.0038537 secs] 589841K->589835K(1048512K), 0.0039362 secs] [Times: user=0.00 sys=0.00, real=0.01 secs] 
19.466: [GC (Allocation Failure) 19.466: [DefNew: 447K->63K(448K), 0.0030297 secs] 590219K->590213K(1048512K), 0.0030873 secs] [Times: user=0.01 sys=0.01, real=0.00 secs] 
19.479: [GC (Allocation Failure) 19.479: [DefNew: 447K->64K(448K), 0.0031701 secs] 590597K->590591K(1048512K), 0.0032512 secs] [Times: user=0.00 sys=0.00, real=0.00 secs] 
19.492: [GC (Allocation Failure) 19.492: [DefNew: 448K->64K(448K), 0.0054174 secs] 590975K->590970K(1048512K), 0.0055796 secs] [Times: user=0.01 sys=0.00, real=0.01 secs] 
19.505: [GC (Allocation Failure) 19.506: [DefNew: 448K->64K(448K), 0.0019586 secs] 591354K->591350K(1048512K), 0.0020023 secs] [Times: user=0.00 sys=0.00, real=0.00 secs] 
19.517: [GC (Allocation Failure) 19.518: [DefNew: 448K->64K(448K), 0.0029598 secs] 591734K->591728K(1048512K), 0.0030174 secs] [Times: user=0.00 sys=0.00, real=0.00 secs] 
19.530: [GC (Allocation Failure) 19.531: [DefNew: 448K->63K(448K), 0.0029974 secs] 592112K->592106K(1048512K), 0.0030660 secs] [Times: user=0.01 sys=0.00, real=0.00 secs] 
19.541: [GC (Allocation Failure) 19.541: [DefNew: 447K->63K(448K), 0.0026660 secs] 592490K->592486K(1048512K), 0.0027288 secs] [Times: user=0.00 sys=0.00, real=0.00 secs] 
19.553: [GC (Allocation Failure) 19.553: [DefNew: 447K->63K(448K), 0.0032341 secs] 592870K->592864K(1048512K), 0.0033003 secs] [Times: user=0.00 sys=0.00, real=0.01 secs] 
19.567: [GC (Allocation Failure) 19.567: [DefNew: 447K->64K(448K), 0.0029624 secs] 593248K->593244K(1048512K), 0.0030191 secs] [Times: user=0.01 sys=0.00, real=0.00 secs] 
19.578: [GC (Allocation Failure) 19.578: [DefNew: 448K->63K(448K), 0.0021470 secs] 593628K->593623K(1048512K), 0.0021942 secs] [Times: user=0.00 sys=0.00, real=0.00 secs] 
19.589: [GC (Allocation Failure) 19.589: [DefNew: 447K->63K(448K), 0.0028848 secs] 594007K->593999K(1048512K), 0.0029470 secs] [Times: user=0.00 sys=0.00, real=0.00 secs] 
19.603: [GC (Allocation Failure) 19.603: [DefNew: 447K->63K(448K), 0.0029106 secs] 594383K->594378K(1048512K), 0.0029691 secs] [Times: user=0.00 sys=0.00, real=0.01 secs] 
19.614: [GC (Allocation Failure) 19.614: [DefNew: 447K->63K(448K), 0.0021782 secs] 594762K->594758K(1048512K), 0.0022255 secs] [Times: user=0.01 sys=0.00, real=0.01 secs] 
19.625: [GC (Allocation Failure) 19.625: [DefNew: 447K->64K(448K), 0.0024315 secs] 595142K->595138K(1048512K), 0.0024873 secs] [Times: user=0.00 sys=0.00, real=0.00 secs] 
19.637: [GC (Allocation Failure) 19.637: [DefNew: 448K->63K(448K), 0.0031937 secs] 595522K->595516K(1048512K), 0.0032892 secs] [Times: user=0.00 sys=0.00, real=0.00 secs] 
19.649: [GC (Allocation Failure) 19.649: [DefNew: 447K->63K(448K), 0.0030492 secs] 595900K->595894K(1048512K), 0.0031065 secs] [Times: user=0.01 sys=0.00, real=0.00 secs] 
19.662: [GC (Allocation Failure) 19.662: [DefNew: 447K->64K(448K), 0.0021413 secs] 596278K->596273K(1048512K), 0.0021951 secs] [Times: user=0.00 sys=0.00, real=0.01 secs] 
19.673: [GC (Allocation Failure) 19.673: [DefNew: 448K->63K(448K), 0.0029771 secs] 596657K->596653K(1048512K), 0.0030351 secs] [Times: user=0.00 sys=0.00, real=0.01 secs] 
19.686: [GC (Allocation Failure) 19.686: [DefNew: 447K->64K(448K), 0.0036937 secs] 597037K->597029K(1048512K), 0.0037654 secs] [Times: user=0.01 sys=0.01, real=0.00 secs] 
19.699: [GC (Allocation Failure) 19.699: [DefNew: 448K->63K(448K), 0.0039196 secs] 597413K->597406K(1048512K), 0.0040650 secs] [Times: user=0.00 sys=0.00, real=0.00 secs] 
19.711: [GC (Allocation Failure) 19.712: [DefNew: 447K->63K(448K), 0.0034639 secs] 597790K->597786K(1048512K), 0.0035519 secs] [Times: user=0.00 sys=0.00, real=0.01 secs] 
19.725: [GC (Allocation Failure) 19.725: [DefNew: 447K->63K(448K), 0.0030535 secs] 598170K->598166K(1048512K), 0.0031077 secs] [Times: user=0.01 sys=0.00, real=0.00 secs] 
19.737: [GC (Allocation Failure) 19.737: [DefNew: 447K->64K(448K), 0.0024225 secs] 598550K->598545K(1048512K), 0.0024736 secs] [Times: user=0.00 sys=0.00, real=0.00 secs] 
19.748: [GC (Allocation Failure) 19.748: [DefNew: 448K->63K(448K), 0.0024838 secs] 598929K->598924K(1048512K), 0.0025426 secs] [Times: user=0.00 sys=0.00, real=0.00 secs] 
19.760: [GC (Allocation Failure) 19.760: [DefNew: 447K->63K(448K), 0.0030925 secs] 599308K->599303K(1048512K), 0.0031763 secs] [Times: user=0.01 sys=0.00, real=0.00 secs] 
19.773: [GC (Allocation Failure) 19.773: [DefNew: 447K->63K(448K), 0.0037217 secs] 599687K->599681K(1048512K), 0.0037871 secs] [Times: user=0.00 sys=0.00, real=0.01 secs] 
19.786: [GC (Allocation Failure) 19.786: [DefNew: 447K->63K(448K), 0.0030433 secs] 600065K->600060K(1048512K), 0.0031041 secs] [Times: user=0.00 sys=0.00, real=0.00 secs] 
19.799: [GC (Allocation Failure) 19.799: [DefNew: 447K->63K(448K), 0.0029877 secs] 600444K->600437K(1048512K), 0.0030457 secs] [Times: user=0.01 sys=0.00, real=0.00 secs] 
19.811: [GC (Allocation Failure) 19.811: [DefNew: 447K->63K(448K), 0.0033912 secs] 600821K->600816K(1048512K), 0.0034558 secs] [Times: user=0.00 sys=0.00, real=0.01 secs] 
19.824: [GC (Allocation Failure) 19.824: [DefNew: 447K->64K(448K), 0.0029222 secs] 601200K->601195K(1048512K), 0.0029935 secs] [Times: user=0.00 sys=0.00, real=0.00 secs] 
19.837: [GC (Allocation Failure) 19.837: [DefNew: 448K->64K(448K), 0.0035327 secs] 601579K->601574K(1048512K), 0.0036015 secs] [Times: user=0.01 sys=0.00, real=0.00 secs] 
19.849: [GC (Allocation Failure) 19.849: [DefNew: 448K->63K(448K), 0.0031482 secs] 601958K->601953K(1048512K), 0.0032232 secs] [Times: user=0.00 sys=0.00, real=0.00 secs] 
19.861: [GC (Allocation Failure) 19.861: [DefNew: 447K->63K(448K), 0.0024143 secs] 602337K->602331K(1048512K), 0.0024607 secs] [Times: user=0.00 sys=0.00, real=0.00 secs] 
19.874: [GC (Allocation Failure) 19.874: [DefNew: 447K->63K(448K), 0.0029830 secs] 602715K->602710K(1048512K), 0.0030597 secs] [Times: user=0.01 sys=0.00, real=0.00 secs] 
19.886: [GC (Allocation Failure) 19.886: [DefNew: 447K->63K(448K), 0.0029648 secs] 603094K->603089K(1048512K), 0.0030240 secs] [Times: user=0.00 sys=0.00, real=0.00 secs] 
19.898: [GC (Allocation Failure) 19.898: [DefNew: 447K->63K(448K), 0.0025321 secs] 603473K->603468K(1048512K), 0.0026044 secs] [Times: user=0.00 sys=0.00, real=0.00 secs] 
19.911: [GC (Allocation Failure) 19.911: [DefNew: 447K->63K(448K), 0.0048472 secs] 603852K->603845K(1048512K), 0.0049593 secs] [Times: user=0.01 sys=0.00, real=0.01 secs] 
19.924: [GC (Allocation Failure) 19.924: [DefNew: 447K->63K(448K), 0.0031493 secs] 604229K->604223K(1048512K), 0.0032392 secs] [Times: user=0.00 sys=0.00, real=0.00 secs] 
19.937: [GC (Allocation Failure) 19.937: [DefNew: 447K->63K(448K), 0.0022657 secs] 604607K->604603K(1048512K), 0.0023209 secs] [Times: user=0.00 sys=0.00, real=0.00 secs] 
19.947: [GC (Allocation Failure) 19.947: [DefNew: 447K->63K(448K), 0.0024045 secs] 604987K->604981K(1048512K), 0.0024545 secs] [Times: user=0.01 sys=0.00, real=0.00 secs] 
19.959: [GC (Allocation Failure) 19.959: [DefNew: 447K->63K(448K), 0.0024038 secs] 605365K->605360K(1048512K), 0.0024730 secs] [Times: user=0.00 sys=0.00, real=0.00 secs] 
19.970: [GC (Allocation Failure) 19.970: [DefNew: 447K->64K(448K), 0.0022324 secs] 605744K->605740K(1048512K), 0.0022813 secs] [Times: user=0.00 sys=0.00, real=0.00 secs] 
19.980: [GC (Allocation Failure) 19.980: [DefNew: 448K->63K(448K), 0.0029242 secs] 606124K->606118K(1048512K), 0.0029899 secs] [Times: user=0.01 sys=0.00, real=0.00 secs] 
19.993: [GC (Allocation Failure) 19.993: [DefNew: 447K->63K(448K), 0.0023793 secs] 606502K->606496K(1048512K), 0.0038617 secs] [Times: user=0.00 sys=0.00, real=0.01 secs] 
20.006: [GC (Allocation Failure) 20.008: [DefNew: 447K->64K(448K), 0.0021363 secs] 606880K->606874K(1048512K), 0.0040309 secs] [Times: user=0.00 sys=0.00, real=0.00 secs] 
20.018: [GC (Allocation Failure) 20.018: [DefNew: 448K->63K(448K), 0.0021950 secs] 607258K->607254K(1048512K), 0.0022455 secs] [Times: user=0.00 sys=0.00, real=0.00 secs] 
20.029: [GC (Allocation Failure) 20.029: [DefNew: 447K->63K(448K), 0.0023257 secs] 607638K->607632K(1048512K), 0.0023800 secs] [Times: user=0.01 sys=0.00, real=0.00 secs] 
20.041: [GC (Allocation Failure) 20.041: [DefNew: 447K->63K(448K), 0.0021061 secs] 608016K->608011K(1048512K), 0.0021615 secs] [Times: user=0.00 sys=0.00, real=0.00 secs] 
20.051: [GC (Allocation Failure) 20.051: [DefNew: 447K->63K(448K), 0.0024869 secs] 608395K->608391K(1048512K), 0.0025415 secs] [Times: user=0.00 sys=0.00, real=0.00 secs] 
20.063: [GC (Allocation Failure) 20.063: [DefNew: 447K->63K(448K), 0.0028697 secs] 608775K->608769K(1048512K), 0.0029287 secs] [Times: user=0.00 sys=0.00, real=0.01 secs] 
20.074: [GC (Allocation Failure) 20.074: [DefNew: 447K->63K(448K), 0.0021771 secs] 609153K->609147K(1048512K), 0.0022311 secs] [Times: user=0.01 sys=0.00, real=0.00 secs] 
20.085: [GC (Allocation Failure) 20.085: [DefNew: 447K->64K(448K), 0.0020839 secs] 609531K->609527K(1048512K), 0.0021429 secs] [Times: user=0.00 sys=0.00, real=0.00 secs] 
20.097: [GC (Allocation Failure) 20.097: [DefNew: 448K->63K(448K), 0.0022476 secs] 609911K->609906K(1048512K), 0.0023105 secs] [Times: user=0.00 sys=0.00, real=0.00 secs] 
20.107: [GC (Allocation Failure) 20.107: [DefNew: 447K->63K(448K), 0.0029271 secs] 610290K->610285K(1048512K), 0.0029948 secs] [Times: user=0.00 sys=0.00, real=0.00 secs] 
20.121: [GC (Allocation Failure) 20.121: [DefNew: 447K->63K(448K), 0.0090194 secs] 610669K->610661K(1048512K), 0.0093044 secs] [Times: user=0.00 sys=0.00, real=0.01 secs] 
20.140: [GC (Allocation Failure) 20.140: [DefNew: 447K->64K(448K), 0.0033343 secs] 611045K->611040K(1048512K), 0.0034313 secs] [Times: user=0.00 sys=0.00, real=0.00 secs] 
20.151: [GC (Allocation Failure) 20.151: [DefNew: 448K->63K(448K), 0.0025313 secs] 611424K->611421K(1048512K), 0.0025903 secs] [Times: user=0.01 sys=0.00, real=0.01 secs] 
20.163: [GC (Allocation Failure) 20.163: [DefNew: 447K->63K(448K), 0.0021247 secs] 611805K->611800K(1048512K), 0.0021767 secs] [Times: user=0.00 sys=0.00, real=0.01 secs] 
20.174: [GC (Allocation Failure) 20.174: [DefNew: 447K->63K(448K), 0.0039618 secs] 612184K->612179K(1048512K), 0.0040438 secs] [Times: user=0.00 sys=0.00, real=0.00 secs] 
20.186: [GC (Allocation Failure) 20.186: [DefNew: 447K->63K(448K), 0.0020302 secs] 612563K->612557K(1048512K), 0.0020815 secs] [Times: user=0.00 sys=0.00, real=0.00 secs] 
20.197: [GC (Allocation Failure) 20.197: [DefNew: 447K->64K(448K), 0.0021234 secs] 612941K->612936K(1048512K), 0.0021866 secs] [Times: user=0.01 sys=0.00, real=0.00 secs] 
20.209: [GC (Allocation Failure) 20.209: [DefNew: 448K->63K(448K), 0.0028714 secs] 613320K->613316K(1048512K), 0.0029327 secs] [Times: user=0.00 sys=0.00, real=0.00 secs] 
20.220: [GC (Allocation Failure) 20.220: [DefNew: 447K->64K(448K), 0.0025408 secs] 613699K->613692K(1048512K), 0.0025922 secs] [Times: user=0.00 sys=0.00, real=0.00 secs] 
20.232: [GC (Allocation Failure) 20.232: [DefNew: 448K->63K(448K), 0.0028338 secs] 614076K->614070K(1048512K), 0.0028875 secs] [Times: user=0.01 sys=0.00, real=0.01 secs] 
20.244: [GC (Allocation Failure) 20.244: [DefNew: 447K->63K(448K), 0.0030924 secs] 614454K->614450K(1048512K), 0.0031577 secs] [Times: user=0.00 sys=0.00, real=0.00 secs] 
20.257: [GC (Allocation Failure) 20.257: [DefNew: 447K->63K(448K), 0.0043567 secs] 614834K->614830K(1048512K), 0.0044412 secs] [Times: user=0.00 sys=0.00, real=0.00 secs] 
20.272: [GC (Allocation Failure) 20.272: [DefNew: 447K->63K(448K), 0.0042734 secs] 615214K->615208K(1048512K), 0.0044026 secs] [Times: user=0.01 sys=0.00, real=0.01 secs] 
20.285: [GC (Allocation Failure) 20.285: [DefNew: 447K->63K(448K), 0.0037486 secs] 615592K->615586K(1048512K), 0.0038216 secs] [Times: user=0.00 sys=0.00, real=0.00 secs] 
20.299: [GC (Allocation Failure) 20.299: [DefNew: 447K->63K(448K), 0.0038597 secs] 615970K->615965K(1048512K), 0.0039304 secs] [Times: user=0.01 sys=0.00, real=0.00 secs] 
20.312: [GC (Allocation Failure) 20.312: [DefNew: 447K->63K(448K), 0.0021657 secs] 616349K->616345K(1048512K), 0.0022251 secs] [Times: user=0.00 sys=0.00, real=0.01 secs] 
20.322: [GC (Allocation Failure) 20.322: [DefNew: 447K->64K(448K), 0.0061051 secs] 616729K->616721K(1048512K), 0.0063107 secs] [Times: user=0.00 sys=0.00, real=0.01 secs] 
20.338: [GC (Allocation Failure) 20.338: [DefNew: 448K->63K(448K), 0.0037869 secs] 617105K->617100K(1048512K), 0.0038501 secs] [Times: user=0.00 sys=0.00, real=0.00 secs] 
20.352: [GC (Allocation Failure) 20.352: [DefNew: 447K->64K(448K), 0.0031860 secs] 617484K->617480K(1048512K), 0.0032527 secs] [Times: user=0.00 sys=0.00, real=0.01 secs] 
20.364: [GC (Allocation Failure) 20.364: [DefNew: 448K->63K(448K), 0.0037945 secs] 617864K->617859K(1048512K), 0.0038985 secs] [Times: user=0.01 sys=0.00, real=0.00 secs] 
20.378: [GC (Allocation Failure) 20.378: [DefNew: 447K->63K(448K), 0.0039026 secs] 618243K->618238K(1048512K), 0.0039790 secs] [Times: user=0.00 sys=0.01, real=0.00 secs] 
20.392: [GC (Allocation Failure) 20.392: [DefNew: 447K->63K(448K), 0.0023627 secs] 618622K->618616K(1048512K), 0.0024148 secs] [Times: user=0.00 sys=0.00, real=0.01 secs] 
20.402: [GC (Allocation Failure) 20.402: [DefNew: 447K->63K(448K), 0.0031095 secs] 619000K->618995K(1048512K), 0.0031651 secs] [Times: user=0.01 sys=0.00, real=0.01 secs] 
20.416: [GC (Allocation Failure) 20.416: [DefNew: 447K->64K(448K), 0.0027605 secs] 619379K->619374K(1048512K), 0.0028164 secs] [Times: user=0.00 sys=0.00, real=0.00 secs] 
20.427: [GC (Allocation Failure) 20.427: [DefNew: 448K->63K(448K), 0.0029782 secs] 619758K->619751K(1048512K), 0.0030410 secs] [Times: user=0.00 sys=0.00, real=0.00 secs] 
20.440: [GC (Allocation Failure) 20.440: [DefNew: 447K->64K(448K), 0.0035005 secs] 620135K->620130K(1048512K), 0.0035601 secs] [Times: user=0.01 sys=0.00, real=0.01 secs] 
20.453: [GC (Allocation Failure) 20.453: [DefNew: 448K->63K(448K), 0.0029704 secs] 620514K->620510K(1048512K), 0.0030299 secs] [Times: user=0.00 sys=0.00, real=0.01 secs] 
20.464: [GC (Allocation Failure) 20.464: [DefNew: 447K->63K(448K), 0.0028023 secs] 620894K->620889K(1048512K), 0.0028593 secs] [Times: user=0.00 sys=0.00, real=0.00 secs] 
20.477: [GC (Allocation Failure) 20.477: [DefNew: 447K->64K(448K), 0.0029198 secs] 621273K->621268K(1048512K), 0.0029971 secs] [Times: user=0.01 sys=0.00, real=0.00 secs] 
20.490: [GC (Allocation Failure) 20.490: [DefNew: 448K->63K(448K), 0.0031576 secs] 621652K->621646K(1048512K), 0.0032266 secs] [Times: user=0.00 sys=0.00, real=0.00 secs] 
20.501: [GC (Allocation Failure) 20.501: [DefNew: 447K->64K(448K), 0.0030425 secs] 622030K->622025K(1048512K), 0.0031030 secs] [Times: user=0.00 sys=0.00, real=0.01 secs] 
20.514: [GC (Allocation Failure) 20.514: [DefNew: 448K->63K(448K), 0.0038441 secs] 622409K->622405K(1048512K), 0.0039330 secs] [Times: user=0.01 sys=0.00, real=0.00 secs] 
20.527: [GC (Allocation Failure) 20.527: [DefNew: 447K->63K(448K), 0.0026984 secs] 622789K->622783K(1048512K), 0.0027770 secs] [Times: user=0.00 sys=0.00, real=0.00 secs] 
20.539: [GC (Allocation Failure) 20.539: [DefNew: 447K->63K(448K), 0.0022492 secs] 623167K->623159K(1048512K), 0.0023073 secs] [Times: user=0.00 sys=0.00, real=0.00 secs] 
20.551: [GC (Allocation Failure) 20.551: [DefNew: 447K->64K(448K), 0.0020594 secs] 623543K->623539K(1048512K), 0.0021097 secs] [Times: user=0.00 sys=0.00, real=0.00 secs] 
20.561: [GC (Allocation Failure) 20.561: [DefNew: 448K->63K(448K), 0.0029303 secs] 623923K->623919K(1048512K), 0.0029878 secs] [Times: user=0.00 sys=0.00, real=0.01 secs] 
20.574: [GC (Allocation Failure) 20.574: [DefNew: 447K->63K(448K), 0.0032813 secs] 624303K->624299K(1048512K), 0.0033471 secs] [Times: user=0.01 sys=0.00, real=0.00 secs] 
20.588: [GC (Allocation Failure) 20.588: [DefNew: 447K->63K(448K), 0.0031046 secs] 624683K->624677K(1048512K), 0.0031585 secs] [Times: user=0.00 sys=0.00, real=0.00 secs] 
20.600: [GC (Allocation Failure) 20.600: [DefNew: 447K->63K(448K), 0.0029954 secs] 625061K->625055K(1048512K), 0.0030535 secs] [Times: user=0.00 sys=0.00, real=0.00 secs] 
20.613: [GC (Allocation Failure) 20.613: [DefNew: 447K->64K(448K), 0.0034139 secs] 625439K->625434K(1048512K), 0.0034746 secs] [Times: user=0.00 sys=0.00, real=0.01 secs] 
20.626: [GC (Allocation Failure) 20.626: [DefNew: 448K->63K(448K), 0.0032754 secs] 625818K->625814K(1048512K), 0.0033478 secs] [Times: user=0.00 sys=0.00, real=0.00 secs] 
20.638: [GC (Allocation Failure) 20.638: [DefNew: 447K->64K(448K), 0.0027760 secs] 626198K->626190K(1048512K), 0.0028299 secs] [Times: user=0.01 sys=0.00, real=0.00 secs] 
20.651: [GC (Allocation Failure) 20.651: [DefNew: 448K->63K(448K), 0.0030387 secs] 626574K->626569K(1048512K), 0.0031316 secs] [Times: user=0.00 sys=0.00, real=0.01 secs] 
20.664: [GC (Allocation Failure) 20.664: [DefNew: 447K->64K(448K), 0.0024639 secs] 626953K->626948K(1048512K), 0.0025153 secs] [Times: user=0.00 sys=0.00, real=0.00 secs] 
20.676: [GC (Allocation Failure) 20.676: [DefNew: 448K->63K(448K), 0.0031848 secs] 627332K->627328K(1048512K), 0.0032522 secs] [Times: user=0.01 sys=0.00, real=0.00 secs] 
20.689: [GC (Allocation Failure) 20.689: [DefNew: 447K->63K(448K), 0.0029716 secs] 627712K->627706K(1048512K), 0.0030391 secs] [Times: user=0.00 sys=0.00, real=0.00 secs] 
20.701: [GC (Allocation Failure) 20.701: [DefNew: 447K->63K(448K), 0.0029065 secs] 628090K->628085K(1048512K), 0.0029632 secs] [Times: user=0.00 sys=0.00, real=0.01 secs] 
20.712: [GC (Allocation Failure) 20.712: [DefNew: 447K->63K(448K), 0.0019316 secs] 628469K->628464K(1048512K), 0.0019758 secs] [Times: user=0.00 sys=0.00, real=0.01 secs] 
20.724: [GC (Allocation Failure) 20.724: [DefNew: 447K->64K(448K), 0.0030131 secs] 628848K->628844K(1048512K), 0.0030954 secs] [Times: user=0.01 sys=0.00, real=0.00 secs] 
20.736: [GC (Allocation Failure) 20.736: [DefNew: 448K->63K(448K), 0.0032357 secs] 629228K->629222K(1048512K), 0.0033015 secs] [Times: user=0.00 sys=0.00, real=0.00 secs] 
20.748: [GC (Allocation Failure) 20.749: [DefNew: 447K->63K(448K), 0.0034876 secs] 629606K->629598K(1048512K), 0.0035839 secs] [Times: user=0.01 sys=0.00, real=0.00 secs] 
20.762: [GC (Allocation Failure) 20.762: [DefNew: 447K->63K(448K), 0.0032561 secs] 629982K->629977K(1048512K), 0.0033349 secs] [Times: user=0.00 sys=0.00, real=0.01 secs] 
20.774: [GC (Allocation Failure) 20.774: [DefNew: 447K->63K(448K), 0.0031182 secs] 630361K->630358K(1048512K), 0.0032051 secs] [Times: user=0.00 sys=0.00, real=0.00 secs] 
20.787: [GC (Allocation Failure) 20.787: [DefNew: 447K->63K(448K), 0.0022743 secs] 630742K->630738K(1048512K), 0.0023292 secs] [Times: user=0.01 sys=0.00, real=0.00 secs] 
20.799: [GC (Allocation Failure) 20.799: [DefNew: 447K->63K(448K), 0.0029952 secs] 631122K->631116K(1048512K), 0.0030544 secs] [Times: user=0.00 sys=0.00, real=0.00 secs] 
20.811: [GC (Allocation Failure) 20.811: [DefNew: 447K->63K(448K), 0.0032925 secs] 631500K->631494K(1048512K), 0.0033591 secs] [Times: user=0.00 sys=0.00, real=0.01 secs] 
20.824: [GC (Allocation Failure) 20.824: [DefNew: 447K->64K(448K), 0.0041953 secs] 631878K->631873K(1048512K), 0.0042798 secs] [Times: user=0.01 sys=0.01, real=0.00 secs] 
20.838: [GC (Allocation Failure) 20.838: [DefNew: 448K->63K(448K), 0.0030419 secs] 632257K->632253K(1048512K), 0.0030958 secs] [Times: user=0.00 sys=0.00, real=0.00 secs] 
20.850: [GC (Allocation Failure) 20.850: [DefNew: 447K->63K(448K), 0.0028966 secs] 632637K->632629K(1048512K), 0.0029571 secs] [Times: user=0.00 sys=0.00, real=0.00 secs] 
20.863: [GC (Allocation Failure) 20.863: [DefNew: 447K->63K(448K), 0.0027611 secs] 633013K->633007K(1048512K), 0.0028164 secs] [Times: user=0.01 sys=0.00, real=0.01 secs] 
20.875: [GC (Allocation Failure) 20.875: [DefNew: 447K->64K(448K), 0.0025457 secs] 633391K->633387K(1048512K), 0.0026156 secs] [Times: user=0.00 sys=0.00, real=0.00 secs] 
20.886: [GC (Allocation Failure) 20.886: [DefNew: 448K->63K(448K), 0.0031387 secs] 633771K->633767K(1048512K), 0.0031935 secs] [Times: user=0.00 sys=0.00, real=0.00 secs] 
20.900: [GC (Allocation Failure) 20.900: [DefNew: 447K->63K(448K), 0.0030321 secs] 634151K->634145K(1048512K), 0.0031028 secs] [Times: user=0.01 sys=0.00, real=0.00 secs] 
20.911: [GC (Allocation Failure) 20.911: [DefNew: 447K->63K(448K), 0.0028733 secs] 634529K->634523K(1048512K), 0.0029274 secs] [Times: user=0.00 sys=0.00, real=0.01 secs] 
20.924: [GC (Allocation Failure) 20.924: [DefNew: 447K->64K(448K), 0.0030434 secs] 634907K->634903K(1048512K), 0.0031084 secs] [Times: user=0.00 sys=0.00, real=0.00 secs] 
20.937: [GC (Allocation Failure) 20.937: [DefNew: 448K->63K(448K), 0.0030731 secs] 635287K->635282K(1048512K), 0.0031306 secs] [Times: user=0.01 sys=0.00, real=0.00 secs] 
20.948: [GC (Allocation Failure) 20.948: [DefNew: 447K->64K(448K), 0.0031747 secs] 635666K->635658K(1048512K), 0.0032455 secs] [Times: user=0.00 sys=0.00, real=0.00 secs] 
20.962: [GC (Allocation Failure) 20.962: [DefNew: 448K->63K(448K), 0.0024221 secs] 636042K->636037K(1048512K), 0.0024861 secs] [Times: user=0.00 sys=0.00, real=0.01 secs] 
20.975: [GC (Allocation Failure) 20.975: [DefNew: 447K->63K(448K), 0.0033617 secs] 636421K->636417K(1048512K), 0.0034219 secs] [Times: user=0.01 sys=0.00, real=0.00 secs] 
20.987: [GC (Allocation Failure) 20.987: [DefNew: 447K->63K(448K), 0.0032985 secs] 636801K->636797K(1048512K), 0.0033715 secs] [Times: user=0.00 sys=0.00, real=0.00 secs] 
20.999: [GC (Allocation Failure) 21.000: [DefNew: 447K->64K(448K), 0.0022152 secs] 637181K->637175K(1048512K), 0.0022618 secs] [Times: user=0.00 sys=0.00, real=0.00 secs] 
21.012: [GC (Allocation Failure) 21.012: [DefNew: 448K->63K(448K), 0.0037272 secs] 637559K->637553K(1048512K), 0.0037977 secs] [Times: user=0.01 sys=0.00, real=0.01 secs] 
21.024: [GC (Allocation Failure) 21.024: [DefNew: 447K->63K(448K), 0.0038760 secs] 637937K->637933K(1048512K), 0.0039555 secs] [Times: user=0.00 sys=0.00, real=0.00 secs] 
21.038: [GC (Allocation Failure) 21.038: [DefNew: 447K->63K(448K), 0.0026776 secs] 638317K->638311K(1048512K), 0.0027416 secs] [Times: user=0.00 sys=0.00, real=0.00 secs] 
21.050: [GC (Allocation Failure) 21.050: [DefNew: 447K->64K(448K), 0.0030511 secs] 638695K->638690K(1048512K), 0.0031217 secs] [Times: user=0.00 sys=0.00, real=0.00 secs] 
21.063: [GC (Allocation Failure) 21.063: [DefNew: 448K->63K(448K), 0.0029962 secs] 639074K->639068K(1048512K), 0.0030574 secs] [Times: user=0.00 sys=0.00, real=0.01 secs] 
21.076: [GC (Allocation Failure) 21.076: [DefNew: 447K->64K(448K), 0.0032210 secs] 639452K->639447K(1048512K), 0.0033208 secs] [Times: user=0.01 sys=0.00, real=0.00 secs] 
21.088: [GC (Allocation Failure) 21.088: [DefNew: 448K->63K(448K), 0.0030955 secs] 639831K->639827K(1048512K), 0.0031541 secs] [Times: user=0.00 sys=0.00, real=0.00 secs] 
21.102: [GC (Allocation Failure) 21.102: [DefNew: 447K->64K(448K), 0.0034317 secs] 640211K->640204K(1048512K), 0.0034882 secs] [Times: user=0.00 sys=0.00, real=0.01 secs] 
21.115: [GC (Allocation Failure) 21.115: [DefNew: 448K->63K(448K), 0.0021209 secs] 640588K->640583K(1048512K), 0.0021685 secs] [Times: user=0.00 sys=0.00, real=0.00 secs] 
21.126: [GC (Allocation Failure) 21.126: [DefNew: 447K->63K(448K), 0.0032915 secs] 640967K->640963K(1048512K), 0.0033625 secs] [Times: user=0.00 sys=0.00, real=0.00 secs] 
21.140: [GC (Allocation Failure) 21.140: [DefNew: 447K->63K(448K), 0.0040691 secs] 641347K->641341K(1048512K), 0.0041521 secs] [Times: user=0.00 sys=0.00, real=0.01 secs] 
21.153: [GC (Allocation Failure) 21.153: [DefNew: 447K->63K(448K), 0.0041254 secs] 641725K->641720K(1048512K), 0.0042845 secs] [Times: user=0.01 sys=0.00, real=0.01 secs] 
21.170: [GC (Allocation Failure) 21.170: [DefNew: 447K->64K(448K), 0.0027891 secs] 642104K->642097K(1048512K), 0.0029084 secs] [Times: user=0.00 sys=0.00, real=0.00 secs] 
21.182: [GC (Allocation Failure) 21.182: [DefNew: 448K->64K(448K), 0.0024545 secs] 642481K->642476K(1048512K), 0.0025142 secs] [Times: user=0.00 sys=0.00, real=0.01 secs] 
21.194: [GC (Allocation Failure) 21.194: [DefNew: 448K->63K(448K), 0.0022836 secs] 642860K->642856K(1048512K), 0.0023402 secs] [Times: user=0.01 sys=0.00, real=0.00 secs] 
21.205: [GC (Allocation Failure) 21.205: [DefNew: 447K->63K(448K), 0.0037290 secs] 643240K->643234K(1048512K), 0.0037974 secs] [Times: user=0.00 sys=0.00, real=0.00 secs] 
21.219: [GC (Allocation Failure) 21.219: [DefNew: 447K->64K(448K), 0.0030236 secs] 643618K->643612K(1048512K), 0.0030902 secs] [Times: user=0.00 sys=0.00, real=0.00 secs] 
21.230: [GC (Allocation Failure) 21.230: [DefNew: 448K->63K(448K), 0.0028203 secs] 643996K->643992K(1048512K), 0.0028722 secs] [Times: user=0.01 sys=0.00, real=0.00 secs] 
21.243: [GC (Allocation Failure) 21.243: [DefNew: 447K->63K(448K), 0.0032815 secs] 644376K->644370K(1048512K), 0.0033589 secs] [Times: user=0.00 sys=0.00, real=0.01 secs] 
21.257: [GC (Allocation Failure) 21.257: [DefNew: 447K->64K(448K), 0.0032165 secs] 644754K->644750K(1048512K), 0.0032832 secs] [Times: user=0.00 sys=0.00, real=0.00 secs] 
21.268: [GC (Allocation Failure) 21.268: [DefNew: 448K->64K(448K), 0.0023917 secs] 645134K->645127K(1048512K), 0.0024387 secs] [Times: user=0.01 sys=0.00, real=0.00 secs] 
21.280: [GC (Allocation Failure) 21.281: [DefNew: 448K->63K(448K), 0.0028560 secs] 645511K->645506K(1048512K), 0.0029129 secs] [Times: user=0.00 sys=0.00, real=0.00 secs] 
21.294: [GC (Allocation Failure) 21.294: [DefNew: 447K->63K(448K), 0.0037366 secs] 645890K->645886K(1048512K), 0.0038097 secs] [Times: user=0.00 sys=0.00, real=0.00 secs] 
21.306: [GC (Allocation Failure) 21.306: [DefNew: 447K->64K(448K), 0.0038168 secs] 646270K->646264K(1048512K), 0.0039113 secs] [Times: user=0.01 sys=0.00, real=0.00 secs] 
21.320: [GC (Allocation Failure) 21.320: [DefNew: 448K->63K(448K), 0.0039233 secs] 646648K->646642K(1048512K), 0.0040039 secs] [Times: user=0.00 sys=0.00, real=0.01 secs] 
21.333: [GC (Allocation Failure) 21.333: [DefNew: 447K->63K(448K), 0.0051477 secs] 647026K->647022K(1048512K), 0.0052448 secs] [Times: user=0.01 sys=0.00, real=0.01 secs] 
21.347: [GC (Allocation Failure) 21.347: [DefNew: 447K->63K(448K), 0.0042622 secs] 647406K->647400K(1048512K), 0.0043382 secs] [Times: user=0.00 sys=0.00, real=0.00 secs] 
21.361: [GC (Allocation Failure) 21.361: [DefNew: 447K->63K(448K), 0.0020514 secs] 647784K->647779K(1048512K), 0.0020977 secs] [Times: user=0.00 sys=0.00, real=0.00 secs] 
21.371: [GC (Allocation Failure) 21.371: [DefNew: 447K->64K(448K), 0.0043519 secs] 648163K->648157K(1048512K), 0.0044365 secs] [Times: user=0.00 sys=0.00, real=0.01 secs] 
21.386: [GC (Allocation Failure) 21.386: [DefNew: 448K->64K(448K), 0.0032341 secs] 648541K->648536K(1048512K), 0.0033123 secs] [Times: user=0.00 sys=0.00, real=0.00 secs] 
21.399: [GC (Allocation Failure) 21.399: [DefNew: 448K->63K(448K), 0.0030916 secs] 648920K->648916K(1048512K), 0.0031460 secs] [Times: user=0.01 sys=0.00, real=0.00 secs] 
21.411: [GC (Allocation Failure) 21.411: [DefNew: 447K->63K(448K), 0.0030686 secs] 649300K->649294K(1048512K), 0.0031323 secs] [Times: user=0.00 sys=0.00, real=0.01 secs] 
21.424: [GC (Allocation Failure) 21.424: [DefNew: 447K->64K(448K), 0.0035778 secs] 649678K->649672K(1048512K), 0.0036469 secs] [Times: user=0.00 sys=0.00, real=0.00 secs] 
21.437: [GC (Allocation Failure) 21.437: [DefNew: 448K->63K(448K), 0.0029704 secs] 650056K->650052K(1048512K), 0.0030274 secs] [Times: user=0.01 sys=0.00, real=0.00 secs] 
21.449: [GC (Allocation Failure) 21.449: [DefNew: 447K->63K(448K), 0.0029977 secs] 650436K->650430K(1048512K), 0.0030530 secs] [Times: user=0.00 sys=0.00, real=0.00 secs] 
21.463: [GC (Allocation Failure) 21.463: [DefNew: 447K->63K(448K), 0.0029790 secs] 650814K->650809K(1048512K), 0.0030599 secs] [Times: user=0.00 sys=0.00, real=0.01 secs] 
21.475: [GC (Allocation Failure) 21.475: [DefNew: 447K->64K(448K), 0.0028470 secs] 651193K->651187K(1048512K), 0.0029242 secs] [Times: user=0.01 sys=0.01, real=0.00 secs] 
21.487: [GC (Allocation Failure) 21.487: [DefNew: 448K->64K(448K), 0.0029940 secs] 651571K->651566K(1048512K), 0.0030532 secs] [Times: user=0.00 sys=0.00, real=0.00 secs] 
21.500: [GC (Allocation Failure) 21.500: [DefNew: 448K->63K(448K), 0.0029953 secs] 651950K->651946K(1048512K), 0.0030594 secs] [Times: user=0.00 sys=0.00, real=0.00 secs] 
21.512: [GC (Allocation Failure) 21.513: [DefNew: 447K->63K(448K), 0.0021670 secs] 652330K->652323K(1048512K), 0.0022128 secs] [Times: user=0.01 sys=0.00, real=0.01 secs] 
21.523: [GC (Allocation Failure) 21.523: [DefNew: 447K->63K(448K), 0.0030544 secs] 652707K->652702K(1048512K), 0.0031067 secs] [Times: user=0.00 sys=0.00, real=0.01 secs] 
21.535: [GC (Allocation Failure) 21.535: [DefNew: 447K->63K(448K), 0.0028877 secs] 653086K->653082K(1048512K), 0.0029413 secs] [Times: user=0.00 sys=0.00, real=0.00 secs] 
21.547: [GC (Allocation Failure) 21.547: [DefNew: 447K->63K(448K), 0.0028764 secs] 653466K->653460K(1048512K), 0.0029434 secs] [Times: user=0.01 sys=0.00, real=0.00 secs] 
21.559: [GC (Allocation Failure) 21.559: [DefNew: 447K->63K(448K), 0.0034041 secs] 653844K->653839K(1048512K), 0.0034690 secs] [Times: user=0.00 sys=0.00, real=0.00 secs] 
21.573: [GC (Allocation Failure) 21.573: [DefNew: 447K->63K(448K), 0.0045551 secs] 654223K->654219K(1048512K), 0.0046400 secs] [Times: user=0.00 sys=0.00, real=0.01 secs] 
21.587: [GC (Allocation Failure) 21.587: [DefNew: 447K->64K(448K), 0.0064418 secs] 654602K->654594K(1048512K), 0.0068182 secs] [Times: user=0.00 sys=0.00, real=0.01 secs] 
21.604: [GC (Allocation Failure) 21.604: [DefNew: 448K->64K(448K), 0.0025583 secs] 654978K->654974K(1048512K), 0.0026083 secs] [Times: user=0.00 sys=0.00, real=0.00 secs] 
21.616: [GC (Allocation Failure) 21.616: [DefNew: 448K->63K(448K), 0.0022575 secs] 655358K->655353K(1048512K), 0.0023063 secs] [Times: user=0.01 sys=0.00, real=0.00 secs] 
21.627: [GC (Allocation Failure) 21.627: [DefNew: 447K->63K(448K), 0.0029453 secs] 655737K->655733K(1048512K), 0.0030469 secs] [Times: user=0.00 sys=0.00, real=0.00 secs] 
21.640: [GC (Allocation Failure) 21.640: [DefNew: 447K->64K(448K), 0.0035197 secs] 656117K->656111K(1048512K), 0.0035829 secs] [Times: user=0.00 sys=0.00, real=0.00 secs] 
21.653: [GC (Allocation Failure) 21.653: [DefNew: 448K->63K(448K), 0.0030020 secs] 656495K->656490K(1048512K), 0.0030709 secs] [Times: user=0.01 sys=0.00, real=0.01 secs] 
21.665: [GC (Allocation Failure) 21.665: [DefNew: 447K->63K(448K), 0.0035179 secs] 656874K->656869K(1048512K), 0.0035820 secs] [Times: user=0.00 sys=0.00, real=0.00 secs] 
21.678: [GC (Allocation Failure) 21.678: [DefNew: 447K->63K(448K), 0.0024541 secs] 657253K->657247K(1048512K), 0.0025194 secs] [Times: user=0.00 sys=0.00, real=0.00 secs] 
21.690: [GC (Allocation Failure) 21.690: [DefNew: 447K->63K(448K), 0.0038595 secs] 657631K->657624K(1048512K), 0.0039425 secs] [Times: user=0.01 sys=0.00, real=0.01 secs] 
21.704: [GC (Allocation Failure) 21.704: [DefNew: 447K->63K(448K), 0.0038282 secs] 658008K->658004K(1048512K), 0.0039086 secs] [Times: user=0.00 sys=0.00, real=0.00 secs] 
21.717: [GC (Allocation Failure) 21.717: [DefNew: 447K->63K(448K), 0.0038833 secs] 658388K->658382K(1048512K), 0.0039547 secs] [Times: user=0.01 sys=0.00, real=0.00 secs] 
21.730: [GC (Allocation Failure) 21.730: [DefNew: 447K->63K(448K), 0.0039620 secs] 658766K->658762K(1048512K), 0.0040451 secs] [Times: user=0.00 sys=0.00, real=0.01 secs] 
21.744: [GC (Allocation Failure) 21.744: [DefNew: 447K->63K(448K), 0.0040965 secs] 659146K->659142K(1048512K), 0.0041801 secs] [Times: user=0.00 sys=0.00, real=0.00 secs] 
21.758: [GC (Allocation Failure) 21.758: [DefNew: 447K->64K(448K), 0.0032037 secs] 659526K->659520K(1048512K), 0.0032748 secs] [Times: user=0.01 sys=0.00, real=0.00 secs] 
21.770: [GC (Allocation Failure) 21.770: [DefNew: 448K->63K(448K), 0.0031215 secs] 659904K->659898K(1048512K), 0.0031810 secs] [Times: user=0.00 sys=0.00, real=0.00 secs] 
21.783: [GC (Allocation Failure) 21.783: [DefNew: 447K->63K(448K), 0.0032835 secs] 660282K->660278K(1048512K), 0.0033610 secs] [Times: user=0.00 sys=0.00, real=0.01 secs] 
21.801: [GC (Allocation Failure) 21.801: [DefNew: 447K->64K(448K), 0.0037218 secs] 660662K->660654K(1048512K), 0.0039923 secs] [Times: user=0.00 sys=0.00, real=0.01 secs] 
21.813: [GC (Allocation Failure) 21.813: [DefNew: 448K->63K(448K), 0.0030592 secs] 661038K->661033K(1048512K), 0.0031259 secs] [Times: user=0.00 sys=0.00, real=0.01 secs] 
21.827: [GC (Allocation Failure) 21.827: [DefNew: 447K->63K(448K), 0.0035095 secs] 661417K->661412K(1048512K), 0.0035770 secs] [Times: user=0.01 sys=0.00, real=0.00 secs] 
21.840: [GC (Allocation Failure) 21.840: [DefNew: 447K->63K(448K), 0.0022040 secs] 661796K->661792K(1048512K), 0.0022533 secs] [Times: user=0.00 sys=0.00, real=0.00 secs] 
21.850: [GC (Allocation Failure) 21.850: [DefNew: 447K->63K(448K), 0.0032008 secs] 662176K->662170K(1048512K), 0.0032703 secs] [Times: user=0.00 sys=0.00, real=0.00 secs] 
21.864: [GC (Allocation Failure) 21.864: [DefNew: 447K->63K(448K), 0.0030958 secs] 662554K->662549K(1048512K), 0.0031630 secs] [Times: user=0.01 sys=0.00, real=0.00 secs] 
21.875: [GC (Allocation Failure) 21.875: [DefNew: 447K->64K(448K), 0.0026295 secs] 662933K->662928K(1048512K), 0.0026882 secs] [Times: user=0.00 sys=0.00, real=0.00 secs] 
21.888: [GC (Allocation Failure) 21.888: [DefNew: 448K->63K(448K), 0.0032502 secs] 663312K->663306K(1048512K), 0.0033141 secs] [Times: user=0.00 sys=0.00, real=0.00 secs] 
21.902: [GC (Allocation Failure) 21.902: [DefNew: 447K->63K(448K), 0.0033663 secs] 663690K->663684K(1048512K), 0.0034280 secs] [Times: user=0.01 sys=0.01, real=0.01 secs] 
21.914: [GC (Allocation Failure) 21.914: [DefNew: 447K->63K(448K), 0.0024339 secs] 664068K->664063K(1048512K), 0.0024873 secs] [Times: user=0.00 sys=0.00, real=0.00 secs] 
21.926: [GC (Allocation Failure) 21.926: [DefNew: 447K->63K(448K), 0.0029250 secs] 664447K->664443K(1048512K), 0.0029880 secs] [Times: user=0.00 sys=0.00, real=0.00 secs] 
21.939: [GC (Allocation Failure) 21.939: [DefNew: 447K->63K(448K), 0.0030766 secs] 664827K->664822K(1048512K), 0.0031459 secs] [Times: user=0.01 sys=0.00, real=0.00 secs] 
21.951: [GC (Allocation Failure) 21.951: [DefNew: 447K->63K(448K), 0.0033656 secs] 665206K->665200K(1048512K), 0.0034323 secs] [Times: user=0.00 sys=0.00, real=0.01 secs] 
21.964: [GC (Allocation Failure) 21.964: [DefNew: 447K->64K(448K), 0.0029770 secs] 665584K->665579K(1048512K), 0.0030392 secs] [Times: user=0.00 sys=0.00, real=0.00 secs] 
21.977: [GC (Allocation Failure) 21.977: [DefNew: 448K->63K(448K), 0.0030388 secs] 665963K->665958K(1048512K), 0.0031191 secs] [Times: user=0.01 sys=0.00, real=0.00 secs] 
21.989: [GC (Allocation Failure) 21.989: [DefNew: 447K->63K(448K), 0.0037209 secs] 666342K->666338K(1048512K), 0.0037948 secs] [Times: user=0.00 sys=0.00, real=0.00 secs] 
22.003: [GC (Allocation Failure) 22.003: [DefNew: 447K->64K(448K), 0.0055062 secs] 666721K->666714K(1048512K), 0.0056904 secs] [Times: user=0.01 sys=0.00, real=0.01 secs] 
22.018: [GC (Allocation Failure) 22.018: [DefNew: 448K->63K(448K), 0.0033138 secs] 667098K->667092K(1048512K), 0.0034037 secs] [Times: user=0.00 sys=0.00, real=0.00 secs] 
22.030: [GC (Allocation Failure) 22.030: [DefNew: 447K->63K(448K), 0.0032125 secs] 667476K->667472K(1048512K), 0.0032810 secs] [Times: user=0.00 sys=0.00, real=0.01 secs] 
22.043: [GC (Allocation Failure) 22.044: [DefNew: 447K->63K(448K), 0.0031571 secs] 667856K->667852K(1048512K), 0.0032224 secs] [Times: user=0.01 sys=0.00, real=0.01 secs] 
22.056: [GC (Allocation Failure) 22.056: [DefNew: 447K->63K(448K), 0.0032255 secs] 668236K->668230K(1048512K), 0.0032839 secs] [Times: user=0.00 sys=0.00, real=0.00 secs] 
22.069: [GC (Allocation Failure) 22.069: [DefNew: 447K->63K(448K), 0.0036174 secs] 668614K->668608K(1048512K), 0.0036849 secs] [Times: user=0.00 sys=0.00, real=0.00 secs] 
22.082: [GC (Allocation Failure) 22.082: [DefNew: 447K->64K(448K), 0.0022461 secs] 668992K->668987K(1048512K), 0.0023049 secs] [Times: user=0.01 sys=0.00, real=0.01 secs] 
22.093: [GC (Allocation Failure) 22.093: [DefNew: 448K->63K(448K), 0.0033954 secs] 669371K->669367K(1048512K), 0.0034687 secs] [Times: user=0.00 sys=0.00, real=0.01 secs] 
22.107: [GC (Allocation Failure) 22.107: [DefNew: 447K->64K(448K), 0.0032809 secs] 669751K->669743K(1048512K), 0.0033360 secs] [Times: user=0.00 sys=0.00, real=0.00 secs] 
22.120: [GC (Allocation Failure) 22.120: [DefNew: 448K->63K(448K), 0.0026794 secs] 670127K->670122K(1048512K), 0.0027321 secs] [Times: user=0.01 sys=0.00, real=0.00 secs] 
22.132: [GC (Allocation Failure) 22.132: [DefNew: 447K->63K(448K), 0.0030625 secs] 670506K->670502K(1048512K), 0.0031284 secs] [Times: user=0.00 sys=0.00, real=0.01 secs] 
22.145: [GC (Allocation Failure) 22.145: [DefNew: 447K->64K(448K), 0.0032781 secs] 670886K->670881K(1048512K), 0.0033444 secs] [Times: user=0.00 sys=0.00, real=0.00 secs] 
22.157: [GC (Allocation Failure) 22.157: [DefNew: 448K->63K(448K), 0.0022448 secs] 671265K->671259K(1048512K), 0.0022990 secs] [Times: user=0.01 sys=0.00, real=0.00 secs] 
22.168: [GC (Allocation Failure) 22.168: [DefNew: 447K->64K(448K), 0.0030319 secs] 671643K->671638K(1048512K), 0.0030969 secs] [Times: user=0.00 sys=0.00, real=0.00 secs] 
22.181: [GC (Allocation Failure) 22.181: [DefNew: 448K->63K(448K), 0.0031821 secs] 672022K->672017K(1048512K), 0.0032444 secs] [Times: user=0.00 sys=0.00, real=0.01 secs] 
22.193: [GC (Allocation Failure) 22.193: [DefNew: 447K->63K(448K), 0.0032411 secs] 672401K->672396K(1048512K), 0.0033133 secs] [Times: user=0.01 sys=0.00, real=0.01 secs] 
22.206: [GC (Allocation Failure) 22.206: [DefNew: 447K->64K(448K), 0.0037819 secs] 672780K->672775K(1048512K), 0.0038882 secs] [Times: user=0.00 sys=0.00, real=0.00 secs] 
22.220: [GC (Allocation Failure) 22.220: [DefNew: 448K->63K(448K), 0.0045998 secs] 673159K->673152K(1048512K), 0.0047073 secs] [Times: user=0.00 sys=0.00, real=0.01 secs] 
22.233: [GC (Allocation Failure) 22.233: [DefNew: 447K->64K(448K), 0.0033578 secs] 673536K->673532K(1048512K), 0.0034588 secs] [Times: user=0.01 sys=0.00, real=0.01 secs] 
22.246: [GC (Allocation Failure) 22.246: [DefNew: 448K->64K(448K), 0.0022786 secs] 673916K->673911K(1048512K), 0.0023275 secs] [Times: user=0.00 sys=0.00, real=0.00 secs] 
22.258: [GC (Allocation Failure) 22.258: [DefNew: 448K->64K(448K), 0.0040469 secs] 674295K->674289K(1048512K), 0.0041301 secs] [Times: user=0.00 sys=0.00, real=0.00 secs] 
22.271: [GC (Allocation Failure) 22.272: [DefNew: 448K->63K(448K), 0.0039328 secs] 674673K->674668K(1048512K), 0.0040176 secs] [Times: user=0.01 sys=0.00, real=0.01 secs] 
22.285: [GC (Allocation Failure) 22.285: [DefNew: 447K->63K(448K), 0.0040327 secs] 675052K->675047K(1048512K), 0.0041132 secs] [Times: user=0.00 sys=0.00, real=0.00 secs] 
22.299: [GC (Allocation Failure) 22.299: [DefNew: 447K->63K(448K), 0.0037748 secs] 675431K->675426K(1048512K), 0.0038754 secs] [Times: user=0.01 sys=0.00, real=0.00 secs] 
22.311: [GC (Allocation Failure) 22.311: [DefNew: 447K->63K(448K), 0.0045664 secs] 675810K->675804K(1048512K), 0.0046477 secs] [Times: user=0.00 sys=0.00, real=0.01 secs] 
22.325: [GC (Allocation Failure) 22.326: [DefNew: 447K->64K(448K), 0.0063229 secs] 676188K->676182K(1048512K), 0.0064359 secs] [Times: user=0.01 sys=0.01, real=0.00 secs] 
22.342: [GC (Allocation Failure) 22.342: [DefNew: 448K->64K(448K), 0.0036099 secs] 676566K->676561K(1048512K), 0.0036762 secs] [Times: user=0.00 sys=0.00, real=0.01 secs] 
22.354: [GC (Allocation Failure) 22.354: [DefNew: 448K->63K(448K), 0.0030699 secs] 676945K->676941K(1048512K), 0.0031386 secs] [Times: user=0.00 sys=0.00, real=0.00 secs] 
22.367: [GC (Allocation Failure) 22.367: [DefNew: 447K->63K(448K), 0.0025773 secs] 677325K->677319K(1048512K), 0.0026360 secs] [Times: user=0.01 sys=0.00, real=0.00 secs] 
22.378: [GC (Allocation Failure) 22.378: [DefNew: 447K->63K(448K), 0.0032451 secs] 677703K->677697K(1048512K), 0.0033056 secs] [Times: user=0.00 sys=0.00, real=0.00 secs] 
22.391: [GC (Allocation Failure) 22.391: [DefNew: 447K->63K(448K), 0.0030133 secs] 678081K->678077K(1048512K), 0.0030775 secs] [Times: user=0.00 sys=0.00, real=0.01 secs] 
22.404: [GC (Allocation Failure) 22.404: [DefNew: 447K->63K(448K), 0.0022777 secs] 678461K->678455K(1048512K), 0.0023276 secs] [Times: user=0.01 sys=0.00, real=0.00 secs] 
22.414: [GC (Allocation Failure) 22.414: [DefNew: 447K->64K(448K), 0.0031181 secs] 678839K->678834K(1048512K), 0.0031744 secs] [Times: user=0.00 sys=0.00, real=0.00 secs] 
22.427: [GC (Allocation Failure) 22.427: [DefNew: 448K->64K(448K), 0.0058756 secs] 679218K->679212K(1048512K), 0.0064312 secs] [Times: user=0.01 sys=0.00, real=0.00 secs] 
22.442: [GC (Allocation Failure) 22.442: [DefNew: 448K->64K(448K), 0.0028365 secs] 679596K->679591K(1048512K), 0.0029320 secs] [Times: user=0.00 sys=0.00, real=0.01 secs] 
22.454: [GC (Allocation Failure) 22.454: [DefNew: 448K->63K(448K), 0.0030132 secs] 679975K->679971K(1048512K), 0.0030664 secs] [Times: user=0.00 sys=0.00, real=0.00 secs] 
22.467: [GC (Allocation Failure) 22.467: [DefNew: 447K->63K(448K), 0.0029391 secs] 680355K->680349K(1048512K), 0.0029961 secs] [Times: user=0.01 sys=0.00, real=0.00 secs] 
22.480: [GC (Allocation Failure) 22.480: [DefNew: 447K->63K(448K), 0.0022884 secs] 680733K->680727K(1048512K), 0.0023383 secs] [Times: user=0.00 sys=0.00, real=0.00 secs] 
22.490: [GC (Allocation Failure) 22.490: [DefNew: 447K->63K(448K), 0.0028147 secs] 681111K->681107K(1048512K), 0.0028722 secs] [Times: user=0.00 sys=0.00, real=0.00 secs] 
22.503: [GC (Allocation Failure) 22.503: [DefNew: 447K->63K(448K), 0.0031457 secs] 681491K->681485K(1048512K), 0.0031986 secs] [Times: user=0.00 sys=0.00, real=0.01 secs] 
22.516: [GC (Allocation Failure) 22.517: [DefNew: 447K->63K(448K), 0.0032631 secs] 681869K->681864K(1048512K), 0.0033274 secs] [Times: user=0.00 sys=0.00, real=0.00 secs] 
22.528: [GC (Allocation Failure) 22.528: [DefNew: 447K->64K(448K), 0.0026303 secs] 682248K->682241K(1048512K), 0.0026909 secs] [Times: user=0.00 sys=0.01, real=0.00 secs] 
22.541: [GC (Allocation Failure) 22.541: [DefNew: 448K->64K(448K), 0.0030457 secs] 682625K->682621K(1048512K), 0.0031122 secs] [Times: user=0.00 sys=0.00, real=0.01 secs] 
22.553: [GC (Allocation Failure) 22.553: [DefNew: 448K->63K(448K), 0.0040466 secs] 683005K->683000K(1048512K), 0.0041321 secs] [Times: user=0.00 sys=0.00, real=0.01 secs] 
22.566: [GC (Allocation Failure) 22.566: [DefNew: 447K->63K(448K), 0.0033808 secs] 683384K->683379K(1048512K), 0.0034572 secs] [Times: user=0.00 sys=0.00, real=0.00 secs] 
22.580: [GC (Allocation Failure) 22.580: [DefNew: 447K->63K(448K), 0.0032542 secs] 683763K->683757K(1048512K), 0.0033113 secs] [Times: user=0.01 sys=0.00, real=0.00 secs] 
22.591: [GC (Allocation Failure) 22.591: [DefNew: 447K->63K(448K), 0.0023011 secs] 684141K->684137K(1048512K), 0.0023485 secs] [Times: user=0.00 sys=0.00, real=0.00 secs] 
22.603: [GC (Allocation Failure) 22.603: [DefNew: 447K->64K(448K), 0.0025948 secs] 684521K->684515K(1048512K), 0.0026536 secs] [Times: user=0.00 sys=0.00, real=0.01 secs] 
22.616: [GC (Allocation Failure) 22.616: [DefNew: 448K->63K(448K), 0.0029753 secs] 684899K->684894K(1048512K), 0.0030314 secs] [Times: user=0.01 sys=0.00, real=0.00 secs] 
22.628: [GC (Allocation Failure) 22.628: [DefNew: 447K->63K(448K), 0.0034126 secs] 685278K->685274K(1048512K), 0.0034819 secs] [Times: user=0.00 sys=0.00, real=0.00 secs] 
22.641: [GC (Allocation Failure) 22.642: [DefNew: 447K->64K(448K), 0.0081071 secs] 685657K->685650K(1048512K), 0.0082455 secs] [Times: user=0.00 sys=0.00, real=0.01 secs] 
22.659: [GC (Allocation Failure) 22.659: [DefNew: 448K->63K(448K), 0.0034768 secs] 686034K->686028K(1048512K), 0.0035328 secs] [Times: user=0.00 sys=0.00, real=0.00 secs] 
22.670: [GC (Allocation Failure) 22.670: [DefNew: 447K->63K(448K), 0.0024898 secs] 686412K->686408K(1048512K), 0.0025523 secs] [Times: user=0.00 sys=0.00, real=0.00 secs] 
22.683: [GC (Allocation Failure) 22.683: [DefNew: 447K->63K(448K), 0.0030866 secs] 686792K->686788K(1048512K), 0.0031489 secs] [Times: user=0.00 sys=0.00, real=0.01 secs] 
22.694: [GC (Allocation Failure) 22.694: [DefNew: 447K->63K(448K), 0.0022571 secs] 687172K->687166K(1048512K), 0.0023063 secs] [Times: user=0.01 sys=0.00, real=0.01 secs] 
22.705: [GC (Allocation Failure) 22.705: [DefNew: 447K->63K(448K), 0.0023983 secs] 687550K->687544K(1048512K), 0.0024515 secs] [Times: user=0.00 sys=0.00, real=0.00 secs] 
22.717: [GC (Allocation Failure) 22.717: [DefNew: 447K->64K(448K), 0.0028497 secs] 687928K->687923K(1048512K), 0.0029172 secs] [Times: user=0.00 sys=0.00, real=0.00 secs] 
22.728: [GC (Allocation Failure) 22.728: [DefNew: 448K->63K(448K), 0.0027527 secs] 688307K->688303K(1048512K), 0.0028245 secs] [Times: user=0.01 sys=0.00, real=0.00 secs] 
22.741: [GC (Allocation Failure) 22.741: [DefNew: 447K->64K(448K), 0.0022227 secs] 688687K->688679K(1048512K), 0.0022712 secs] [Times: user=0.00 sys=0.00, real=0.00 secs] 
22.753: [GC (Allocation Failure) 22.753: [DefNew: 448K->63K(448K), 0.0021074 secs] 689063K->689058K(1048512K), 0.0021556 secs] [Times: user=0.00 sys=0.00, real=0.01 secs] 
22.763: [GC (Allocation Failure) 22.763: [DefNew: 447K->63K(448K), 0.0031393 secs] 689442K->689438K(1048512K), 0.0032002 secs] [Times: user=0.00 sys=0.00, real=0.01 secs] 
22.775: [GC (Allocation Failure) 22.775: [DefNew: 447K->63K(448K), 0.0024000 secs] 689822K->689817K(1048512K), 0.0024564 secs] [Times: user=0.01 sys=0.01, real=0.00 secs] 
22.788: [GC (Allocation Failure) 22.788: [DefNew: 447K->63K(448K), 0.0031853 secs] 690201K->690196K(1048512K), 0.0032550 secs] [Times: user=0.00 sys=0.00, real=0.00 secs] 
22.799: [GC (Allocation Failure) 22.799: [DefNew: 447K->63K(448K), 0.0029766 secs] 690580K->690574K(1048512K), 0.0030336 secs] [Times: user=0.00 sys=0.00, real=0.00 secs] 
22.812: [GC (Allocation Failure) 22.812: [DefNew: 447K->64K(448K), 0.0021307 secs] 690958K->690953K(1048512K), 0.0021854 secs] [Times: user=0.01 sys=0.00, real=0.01 secs] 
22.824: [GC (Allocation Failure) 22.824: [DefNew: 448K->63K(448K), 0.0029455 secs] 691337K->691332K(1048512K), 0.0030177 secs] [Times: user=0.00 sys=0.00, real=0.01 secs] 
22.835: [GC (Allocation Failure) 22.835: [DefNew: 447K->64K(448K), 0.0021326 secs] 691716K->691711K(1048512K), 0.0021827 secs] [Times: user=0.00 sys=0.00, real=0.00 secs] 
22.846: [GC (Allocation Failure) 22.846: [DefNew: 448K->64K(448K), 0.0101962 secs] 692095K->692088K(1048512K), 0.0103199 secs] [Times: user=0.01 sys=0.00, real=0.01 secs] 
22.864: [GC (Allocation Failure) 22.864: [DefNew: 448K->64K(448K), 0.0023815 secs] 692472K->692468K(1048512K), 0.0024439 secs] [Times: user=0.00 sys=0.00, real=0.00 secs] 
22.876: [GC (Allocation Failure) 22.876: [DefNew: 448K->63K(448K), 0.0023911 secs] 692852K->692848K(1048512K), 0.0024557 secs] [Times: user=0.00 sys=0.00, real=0.00 secs] 
22.888: [GC (Allocation Failure) 22.888: [DefNew: 447K->64K(448K), 0.0028056 secs] 693232K->693225K(1048512K), 0.0028616 secs] [Times: user=0.01 sys=0.00, real=0.00 secs] 
22.899: [GC (Allocation Failure) 22.899: [DefNew: 448K->63K(448K), 0.0022185 secs] 693609K->693604K(1048512K), 0.0022742 secs] [Times: user=0.00 sys=0.00, real=0.00 secs] 
22.911: [GC (Allocation Failure) 22.911: [DefNew: 447K->63K(448K), 0.0023025 secs] 693988K->693984K(1048512K), 0.0023614 secs] [Times: user=0.00 sys=0.00, real=0.00 secs] 
22.924: [GC (Allocation Failure) 22.924: [DefNew: 447K->63K(448K), 0.0038670 secs] 694368K->694362K(1048512K), 0.0039437 secs] [Times: user=0.00 sys=0.00, real=0.01 secs] 
22.936: [GC (Allocation Failure) 22.936: [DefNew: 447K->63K(448K), 0.0039264 secs] 694746K->694740K(1048512K), 0.0039997 secs] [Times: user=0.00 sys=0.00, real=0.00 secs] 
22.950: [GC (Allocation Failure) 22.950: [DefNew: 447K->63K(448K), 0.0039355 secs] 695124K->695118K(1048512K), 0.0040190 secs] [Times: user=0.00 sys=0.00, real=0.01 secs] 
22.964: [GC (Allocation Failure) 22.964: [DefNew: 447K->64K(448K), 0.0037125 secs] 695502K->695497K(1048512K), 0.0037832 secs] [Times: user=0.01 sys=0.00, real=0.00 secs] 
22.976: [GC (Allocation Failure) 22.976: [DefNew: 448K->63K(448K), 0.0028333 secs] 695881K->695877K(1048512K), 0.0028876 secs] [Times: user=0.00 sys=0.00, real=0.00 secs] 
22.990: [GC (Allocation Failure) 22.990: [DefNew: 447K->63K(448K), 0.0031621 secs] 696261K->696255K(1048512K), 0.0032255 secs] [Times: user=0.00 sys=0.00, real=0.00 secs] 
23.001: [GC (Allocation Failure) 23.001: [DefNew: 447K->63K(448K), 0.0031124 secs] 696639K->696633K(1048512K), 0.0031726 secs] [Times: user=0.01 sys=0.00, real=0.01 secs] 
23.014: [GC (Allocation Failure) 23.014: [DefNew: 447K->63K(448K), 0.0034949 secs] 697017K->697013K(1048512K), 0.0035585 secs] [Times: user=0.00 sys=0.01, real=0.00 secs] 
23.028: [GC (Allocation Failure) 23.028: [DefNew: 447K->63K(448K), 0.0031275 secs] 697397K->697391K(1048512K), 0.0031925 secs] [Times: user=0.00 sys=0.00, real=0.00 secs] 
23.040: [GC (Allocation Failure) 23.040: [DefNew: 447K->64K(448K), 0.0033768 secs] 697775K->697770K(1048512K), 0.0035099 secs] [Times: user=0.00 sys=0.00, real=0.00 secs] 
23.053: [GC (Allocation Failure) 23.053: [DefNew: 448K->64K(448K), 0.0033179 secs] 698154K->698148K(1048512K), 0.0033785 secs] [Times: user=0.00 sys=0.00, real=0.01 secs] 
23.067: [GC (Allocation Failure) 23.067: [DefNew: 448K->64K(448K), 0.0029024 secs] 698532K->698527K(1048512K), 0.0029923 secs] [Times: user=0.01 sys=0.00, real=0.00 secs] 
23.078: [GC (Allocation Failure) 23.078: [DefNew: 448K->63K(448K), 0.0031827 secs] 698911K->698907K(1048512K), 0.0032432 secs] [Times: user=0.00 sys=0.00, real=0.00 secs] 
23.092: [GC (Allocation Failure) 23.092: [DefNew: 447K->64K(448K), 0.0026897 secs] 699291K->699285K(1048512K), 0.0027665 secs] [Times: user=0.00 sys=0.00, real=0.01 secs] 
23.103: [GC (Allocation Failure) 23.103: [DefNew: 448K->63K(448K), 0.0030055 secs] 699669K->699663K(1048512K), 0.0030640 secs] [Times: user=0.01 sys=0.00, real=0.01 secs] 
23.115: [GC (Allocation Failure) 23.115: [DefNew: 447K->63K(448K), 0.0032459 secs] 700047K->700043K(1048512K), 0.0033059 secs] [Times: user=0.00 sys=0.00, real=0.00 secs] 
23.128: [GC (Allocation Failure) 23.128: [DefNew: 447K->64K(448K), 0.0022292 secs] 700427K->700421K(1048512K), 0.0022762 secs] [Times: user=0.00 sys=0.00, real=0.00 secs] 
23.141: [GC (Allocation Failure) 23.141: [DefNew: 448K->64K(448K), 0.0030557 secs] 700805K->700800K(1048512K), 0.0031360 secs] [Times: user=0.00 sys=0.00, real=0.01 secs] 
23.153: [GC (Allocation Failure) 23.153: [DefNew: 448K->63K(448K), 0.0029711 secs] 701184K->701177K(1048512K), 0.0030260 secs] [Times: user=0.00 sys=0.00, real=0.01 secs] 
23.166: [GC (Allocation Failure) 23.166: [DefNew: 447K->64K(448K), 0.0032077 secs] 701561K->701557K(1048512K), 0.0032695 secs] [Times: user=0.00 sys=0.00, real=0.00 secs] 
23.177: [GC (Allocation Failure) 23.177: [DefNew: 448K->63K(448K), 0.0030550 secs] 701941K->701937K(1048512K), 0.0031078 secs] [Times: user=0.01 sys=0.00, real=0.00 secs] 
23.190: [GC (Allocation Failure) 23.191: [DefNew: 447K->63K(448K), 0.0039646 secs] 702321K->702315K(1048512K), 0.0040463 secs] [Times: user=0.00 sys=0.00, real=0.01 secs] 
23.204: [GC (Allocation Failure) 23.204: [DefNew: 447K->63K(448K), 0.0039499 secs] 702699K->702693K(1048512K), 0.0040206 secs] [Times: user=0.00 sys=0.00, real=0.00 secs] 
23.216: [GC (Allocation Failure) 23.216: [DefNew: 447K->63K(448K), 0.0037285 secs] 703077K->703073K(1048512K), 0.0037893 secs] [Times: user=0.01 sys=0.00, real=0.00 secs] 
23.230: [GC (Allocation Failure) 23.230: [DefNew: 447K->63K(448K), 0.0039279 secs] 703457K->703451K(1048512K), 0.0039985 secs] [Times: user=0.00 sys=0.00, real=0.01 secs] 
23.243: [GC (Allocation Failure) 23.243: [DefNew: 447K->64K(448K), 0.0028919 secs] 703835K->703830K(1048512K), 0.0029474 secs] [Times: user=0.01 sys=0.00, real=0.01 secs] 
23.254: [GC (Allocation Failure) 23.254: [DefNew: 448K->63K(448K), 0.0037878 secs] 704214K->704210K(1048512K), 0.0039288 secs] [Times: user=0.00 sys=0.00, real=0.00 secs] 
23.268: [GC (Allocation Failure) 23.268: [DefNew: 447K->64K(448K), 0.0035838 secs] 704594K->704586K(1048512K), 0.0036699 secs] [Times: user=0.00 sys=0.00, real=0.00 secs] 
23.282: [GC (Allocation Failure) 23.282: [DefNew: 448K->63K(448K), 0.0033658 secs] 704970K->704964K(1048512K), 0.0034303 secs] [Times: user=0.01 sys=0.00, real=0.01 secs] 
23.293: [GC (Allocation Failure) 23.293: [DefNew: 447K->63K(448K), 0.0026512 secs] 705348K->705344K(1048512K), 0.0027083 secs] [Times: user=0.00 sys=0.00, real=0.01 secs] 
23.306: [GC (Allocation Failure) 23.306: [DefNew: 447K->64K(448K), 0.0032869 secs] 705728K->705724K(1048512K), 0.0033529 secs] [Times: user=0.00 sys=0.00, real=0.00 secs] 
23.319: [GC (Allocation Failure) 23.319: [DefNew: 448K->63K(448K), 0.0030904 secs] 706108K->706102K(1048512K), 0.0031534 secs] [Times: user=0.01 sys=0.00, real=0.00 secs] 
23.331: [GC (Allocation Failure) 23.331: [DefNew: 447K->63K(448K), 0.0035555 secs] 706486K->706480K(1048512K), 0.0036204 secs] [Times: user=0.00 sys=0.00, real=0.01 secs] 
23.344: [GC (Allocation Failure) 23.344: [DefNew: 447K->64K(448K), 0.0030461 secs] 706864K->706860K(1048512K), 0.0031114 secs] [Times: user=0.00 sys=0.00, real=0.00 secs] 
23.356: [GC (Allocation Failure) 23.356: [DefNew: 448K->64K(448K), 0.0030265 secs] 707244K->707239K(1048512K), 0.0030832 secs] [Times: user=0.01 sys=0.00, real=0.00 secs] 
23.368: [GC (Allocation Failure) 23.368: [DefNew: 447K->64K(448K), 0.0022698 secs] 707623K->707615K(1048512K), 0.0023219 secs] [Times: user=0.00 sys=0.00, real=0.00 secs] 
23.381: [GC (Allocation Failure) 23.381: [DefNew: 448K->63K(448K), 0.0037273 secs] 707999K->707994K(1048512K), 0.0037908 secs] [Times: user=0.00 sys=0.00, real=0.01 secs] 
23.393: [GC (Allocation Failure) 23.393: [DefNew: 447K->63K(448K), 0.0030167 secs] 708378K->708374K(1048512K), 0.0030772 secs] [Times: user=0.01 sys=0.00, real=0.01 secs] 
23.406: [GC (Allocation Failure) 23.406: [DefNew: 447K->64K(448K), 0.0032418 secs] 708758K->708754K(1048512K), 0.0033078 secs] [Times: user=0.00 sys=0.00, real=0.00 secs] 
23.419: [GC (Allocation Failure) 23.419: [DefNew: 448K->63K(448K), 0.0026129 secs] 709138K->709132K(1048512K), 0.0026608 secs] [Times: user=0.00 sys=0.00, real=0.00 secs] 
23.431: [GC (Allocation Failure) 23.431: [DefNew: 447K->63K(448K), 0.0040197 secs] 709516K->709510K(1048512K), 0.0040981 secs] [Times: user=0.01 sys=0.00, real=0.01 secs] 
23.445: [GC (Allocation Failure) 23.445: [DefNew: 447K->63K(448K), 0.0040840 secs] 709894K->709890K(1048512K), 0.0041598 secs] [Times: user=0.00 sys=0.00, real=0.00 secs] 
23.458: [GC (Allocation Failure) 23.458: [DefNew: 447K->63K(448K), 0.0023601 secs] 710274K->710268K(1048512K), 0.0024073 secs] [Times: user=0.01 sys=0.00, real=0.00 secs] 
23.469: [GC (Allocation Failure) 23.469: [DefNew: 447K->63K(448K), 0.0031386 secs] 710652K->710645K(1048512K), 0.0031970 secs] [Times: user=0.00 sys=0.00, real=0.00 secs] 
23.482: [GC (Allocation Failure) 23.482: [DefNew: 447K->63K(448K), 0.0035571 secs] 711029K->711024K(1048512K), 0.0036921 secs] [Times: user=0.00 sys=0.00, real=0.01 secs] 
23.495: [GC (Allocation Failure) 23.495: [DefNew: 447K->64K(448K), 0.0031841 secs] 711408K->711404K(1048512K), 0.0032914 secs] [Times: user=0.01 sys=0.00, real=0.00 secs] 
23.508: [GC (Allocation Failure) 23.508: [DefNew: 448K->64K(448K), 0.0033296 secs] 711788K->711784K(1048512K), 0.0033923 secs] [Times: user=0.00 sys=0.00, real=0.00 secs] 
23.521: [GC (Allocation Failure) 23.521: [DefNew: 448K->63K(448K), 0.0036175 secs] 712168K->712162K(1048512K), 0.0036795 secs] [Times: user=0.00 sys=0.00, real=0.01 secs] 
23.533: [GC (Allocation Failure) 23.533: [DefNew: 447K->63K(448K), 0.0024430 secs] 712546K->712540K(1048512K), 0.0024978 secs] [Times: user=0.01 sys=0.00, real=0.01 secs] 
23.545: [GC (Allocation Failure) 23.546: [DefNew: 447K->64K(448K), 0.0033802 secs] 712924K->712919K(1048512K), 0.0034427 secs] [Times: user=0.00 sys=0.00, real=0.00 secs] 
23.559: [GC (Allocation Failure) 23.559: [DefNew: 448K->63K(448K), 0.0033077 secs] 713303K->713299K(1048512K), 0.0033769 secs] [Times: user=0.00 sys=0.00, real=0.00 secs] 
23.571: [GC (Allocation Failure) 23.571: [DefNew: 447K->63K(448K), 0.0033254 secs] 713683K->713677K(1048512K), 0.0033839 secs] [Times: user=0.01 sys=0.00, real=0.01 secs] 
23.584: [GC (Allocation Failure) 23.584: [DefNew: 447K->63K(448K), 0.0034037 secs] 714061K->714053K(1048512K), 0.0034709 secs] [Times: user=0.00 sys=0.00, real=0.00 secs] 
23.597: [GC (Allocation Failure) 23.597: [DefNew: 447K->64K(448K), 0.0032784 secs] 714437K->714433K(1048512K), 0.0033532 secs] [Times: user=0.00 sys=0.00, real=0.00 secs] 
23.609: [GC (Allocation Failure) 23.609: [DefNew: 448K->63K(448K), 0.0022487 secs] 714817K->714813K(1048512K), 0.0023018 secs] [Times: user=0.01 sys=0.00, real=0.00 secs] 
23.620: [GC (Allocation Failure) 23.620: [DefNew: 447K->63K(448K), 0.0024149 secs] 715197K->715193K(1048512K), 0.0024725 secs] [Times: user=0.00 sys=0.00, real=0.00 secs] 
23.633: [GC (Allocation Failure) 23.633: [DefNew: 447K->63K(448K), 0.0030698 secs] 715577K->715571K(1048512K), 0.0031328 secs] [Times: user=0.00 sys=0.00, real=0.01 secs] 
23.645: [GC (Allocation Failure) 23.645: [DefNew: 447K->63K(448K), 0.0035340 secs] 715955K->715949K(1048512K), 0.0036003 secs] [Times: user=0.01 sys=0.00, real=0.00 secs] 
23.658: [GC (Allocation Failure) 23.658: [DefNew: 447K->64K(448K), 0.0027462 secs] 716333K->716328K(1048512K), 0.0027994 secs] [Times: user=0.00 sys=0.00, real=0.00 secs] 
23.668: [GC (Allocation Failure) 23.668: [DefNew: 448K->63K(448K), 0.0026795 secs] 716712K->716708K(1048512K), 0.0027348 secs] [Times: user=0.00 sys=0.00, real=0.00 secs] 
23.680: [GC (Allocation Failure) 23.681: [DefNew: 447K->64K(448K), 0.0068898 secs] 717092K->717084K(1048512K), 0.0070290 secs] [Times: user=0.01 sys=0.00, real=0.01 secs] 
23.697: [GC (Allocation Failure) 23.697: [DefNew: 448K->63K(448K), 0.0020990 secs] 717468K->717463K(1048512K), 0.0021445 secs] [Times: user=0.00 sys=0.00, real=0.00 secs] 
23.706: [GC (Allocation Failure) 23.706: [DefNew: 447K->63K(448K), 0.0022495 secs] 717847K->717843K(1048512K), 0.0023037 secs] [Times: user=0.00 sys=0.00, real=0.00 secs] 
23.718: [GC (Allocation Failure) 23.718: [DefNew: 447K->64K(448K), 0.0021761 secs] 718227K->718222K(1048512K), 0.0022277 secs] [Times: user=0.01 sys=0.00, real=0.00 secs] 
23.730: [GC (Allocation Failure) 23.730: [DefNew: 448K->63K(448K), 0.0026803 secs] 718606K->718601K(1048512K), 0.0027421 secs] [Times: user=0.00 sys=0.00, real=0.00 secs] 
23.741: [GC (Allocation Failure) 23.741: [DefNew: 447K->63K(448K), 0.0027782 secs] 718985K->718979K(1048512K), 0.0028992 secs] [Times: user=0.00 sys=0.00, real=0.00 secs] 
23.753: [GC (Allocation Failure) 23.753: [DefNew: 447K->64K(448K), 0.0027218 secs] 719363K->719358K(1048512K), 0.0027798 secs] [Times: user=0.00 sys=0.00, real=0.01 secs] 
23.766: [GC (Allocation Failure) 23.766: [DefNew: 448K->63K(448K), 0.0033270 secs] 719742K->719738K(1048512K), 0.0033877 secs] [Times: user=0.00 sys=0.00, real=0.00 secs] 
23.777: [GC (Allocation Failure) 23.777: [DefNew: 447K->63K(448K), 0.0035064 secs] 720122K->720116K(1048512K), 0.0035963 secs] [Times: user=0.00 sys=0.00, real=0.00 secs] 
23.790: [GC (Allocation Failure) 23.790: [DefNew: 447K->64K(448K), 0.0023712 secs] 720500K->720492K(1048512K), 0.0024366 secs] [Times: user=0.00 sys=0.00, real=0.00 secs] 
23.801: [GC (Allocation Failure) 23.801: [DefNew: 448K->63K(448K), 0.0030344 secs] 720876K->720872K(1048512K), 0.0031004 secs] [Times: user=0.00 sys=0.00, real=0.01 secs] 
23.815: [GC (Allocation Failure) 23.815: [DefNew: 447K->63K(448K), 0.0033597 secs] 721256K->721252K(1048512K), 0.0034149 secs] [Times: user=0.00 sys=0.00, real=0.00 secs] 
23.827: [GC (Allocation Failure) 23.827: [DefNew: 447K->63K(448K), 0.0024951 secs] 721636K->721632K(1048512K), 0.0025434 secs] [Times: user=0.00 sys=0.00, real=0.00 secs] 
23.838: [GC (Allocation Failure) 23.838: [DefNew: 447K->64K(448K), 0.0023417 secs] 722016K->722010K(1048512K), 0.0023972 secs] [Times: user=0.01 sys=0.00, real=0.00 secs] 
23.850: [GC (Allocation Failure) 23.850: [DefNew: 448K->63K(448K), 0.0032847 secs] 722394K->722388K(1048512K), 0.0033486 secs] [Times: user=0.00 sys=0.00, real=0.00 secs] 
23.863: [GC (Allocation Failure) 23.863: [DefNew: 447K->63K(448K), 0.0030405 secs] 722772K->722767K(1048512K), 0.0030995 secs] [Times: user=0.00 sys=0.01, real=0.01 secs] 
23.875: [GC (Allocation Failure) 23.875: [DefNew: 447K->63K(448K), 0.0039618 secs] 723151K->723147K(1048512K), 0.0040368 secs] [Times: user=0.01 sys=0.00, real=0.00 secs] 
23.889: [GC (Allocation Failure) 23.889: [DefNew: 447K->63K(448K), 0.0053328 secs] 723531K->723523K(1048512K), 0.0054485 secs] [Times: user=0.00 sys=0.00, real=0.01 secs] 
23.905: [GC (Allocation Failure) 23.905: [DefNew: 447K->63K(448K), 0.0037839 secs] 723907K->723902K(1048512K), 0.0038519 secs] [Times: user=0.01 sys=0.00, real=0.00 secs] 
23.917: [GC (Allocation Failure) 23.917: [DefNew: 447K->63K(448K), 0.0027173 secs] 724286K->724281K(1048512K), 0.0027778 secs] [Times: user=0.00 sys=0.00, real=0.00 secs] 
23.930: [GC (Allocation Failure) 23.930: [DefNew: 447K->63K(448K), 0.0034690 secs] 724665K->724661K(1048512K), 0.0035380 secs] [Times: user=0.00 sys=0.00, real=0.00 secs] 
23.944: [GC (Allocation Failure) 23.944: [DefNew: 447K->63K(448K), 0.0032066 secs] 725045K->725039K(1048512K), 0.0032644 secs] [Times: user=0.00 sys=0.00, real=0.00 secs] 
23.956: [GC (Allocation Failure) 23.956: [DefNew: 447K->63K(448K), 0.0035071 secs] 725423K->725417K(1048512K), 0.0035813 secs] [Times: user=0.00 sys=0.00, real=0.00 secs] 
23.969: [GC (Allocation Failure) 23.969: [DefNew: 447K->64K(448K), 0.0030055 secs] 725801K->725797K(1048512K), 0.0030671 secs] [Times: user=0.01 sys=0.00, real=0.00 secs] 
23.982: [GC (Allocation Failure) 23.982: [DefNew: 448K->63K(448K), 0.0031710 secs] 726181K->726177K(1048512K), 0.0032324 secs] [Times: user=0.00 sys=0.00, real=0.01 secs] 
23.993: [GC (Allocation Failure) 23.993: [DefNew: 447K->63K(448K), 0.0023107 secs] 726560K->726552K(1048512K), 0.0023582 secs] [Times: user=0.00 sys=0.00, real=0.01 secs] 
24.005: [GC (Allocation Failure) 24.005: [DefNew: 447K->63K(448K), 0.0023605 secs] 726936K->726931K(1048512K), 0.0024109 secs] [Times: user=0.00 sys=0.00, real=0.00 secs] 
24.017: [GC (Allocation Failure) 24.017: [DefNew: 447K->63K(448K), 0.0032678 secs] 727315K->727311K(1048512K), 0.0033405 secs] [Times: user=0.01 sys=0.00, real=0.00 secs] 
24.030: [GC (Allocation Failure) 24.030: [DefNew: 447K->63K(448K), 0.0033054 secs] 727695K->727691K(1048512K), 0.0033699 secs] [Times: user=0.00 sys=0.00, real=0.00 secs] 
24.043: [GC (Allocation Failure) 24.043: [DefNew: 447K->63K(448K), 0.0030326 secs] 728075K->728069K(1048512K), 0.0030917 secs] [Times: user=0.00 sys=0.00, real=0.01 secs] 
24.055: [GC (Allocation Failure) 24.055: [DefNew: 447K->63K(448K), 0.0030924 secs] 728453K->728447K(1048512K), 0.0031465 secs] [Times: user=0.00 sys=0.00, real=0.00 secs] 
24.067: [GC (Allocation Failure) 24.067: [DefNew: 447K->63K(448K), 0.0025790 secs] 728831K->728827K(1048512K), 0.0026313 secs] [Times: user=0.00 sys=0.01, real=0.00 secs] 
24.080: [GC (Allocation Failure) 24.080: [DefNew: 447K->63K(448K), 0.0035799 secs] 729211K->729205K(1048512K), 0.0036733 secs] [Times: user=0.00 sys=0.00, real=0.00 secs] 
24.092: [GC (Allocation Failure) 24.092: [DefNew: 447K->63K(448K), 0.0034642 secs] 729589K->729584K(1048512K), 0.0035292 secs] [Times: user=0.01 sys=0.00, real=0.01 secs] 
24.105: [GC (Allocation Failure) 24.105: [DefNew: 447K->64K(448K), 0.0051900 secs] 729968K->729962K(1048512K), 0.0054077 secs] [Times: user=0.00 sys=0.00, real=0.00 secs] 
24.121: [GC (Allocation Failure) 24.121: [DefNew: 448K->64K(448K), 0.0036153 secs] 730346K->730341K(1048512K), 0.0037063 secs] [Times: user=0.01 sys=0.00, real=0.01 secs] 
24.132: [GC (Allocation Failure) 24.132: [DefNew: 448K->64K(448K), 0.0025801 secs] 730725K->730721K(1048512K), 0.0026416 secs] [Times: user=0.00 sys=0.00, real=0.01 secs] 
24.145: [GC (Allocation Failure) 24.145: [DefNew: 448K->63K(448K), 0.0026692 secs] 731105K->731098K(1048512K), 0.0027174 secs] [Times: user=0.00 sys=0.00, real=0.00 secs] 
24.156: [GC (Allocation Failure) 24.156: [DefNew: 447K->63K(448K), 0.0032420 secs] 731482K->731477K(1048512K), 0.0033075 secs] [Times: user=0.01 sys=0.00, real=0.00 secs] 
24.169: [GC (Allocation Failure) 24.169: [DefNew: 447K->63K(448K), 0.0033978 secs] 731861K->731857K(1048512K), 0.0034677 secs] [Times: user=0.00 sys=0.00, real=0.00 secs] 
24.183: [GC (Allocation Failure) 24.183: [DefNew: 447K->63K(448K), 0.0039906 secs] 732241K->732235K(1048512K), 0.0040687 secs] [Times: user=0.00 sys=0.00, real=0.01 secs] 
24.196: [GC (Allocation Failure) 24.196: [DefNew: 447K->63K(448K), 0.0040129 secs] 732619K->732614K(1048512K), 0.0040962 secs] [Times: user=0.01 sys=0.00, real=0.00 secs] 
24.210: [GC (Allocation Failure) 24.210: [DefNew: 447K->64K(448K), 0.0040835 secs] 732998K->732991K(1048512K), 0.0041651 secs] [Times: user=0.00 sys=0.00, real=0.01 secs] 
24.224: [GC (Allocation Failure) 24.224: [DefNew: 448K->64K(448K), 0.0039929 secs] 733375K->733370K(1048512K), 0.0040713 secs] [Times: user=0.01 sys=0.00, real=0.00 secs] 
24.236: [GC (Allocation Failure) 24.236: [DefNew: 448K->64K(448K), 0.0023844 secs] 733754K->733750K(1048512K), 0.0024343 secs] [Times: user=0.00 sys=0.00, real=0.00 secs] 
24.248: [GC (Allocation Failure) 24.248: [DefNew: 448K->63K(448K), 0.0030840 secs] 734134K->734128K(1048512K), 0.0031473 secs] [Times: user=0.00 sys=0.00, real=0.00 secs] 
24.261: [GC (Allocation Failure) 24.261: [DefNew: 447K->64K(448K), 0.0038031 secs] 734512K->734507K(1048512K), 0.0038723 secs] [Times: user=0.01 sys=0.00, real=0.01 secs] 
24.274: [GC (Allocation Failure) 24.274: [DefNew: 448K->63K(448K), 0.0039569 secs] 734891K->734886K(1048512K), 0.0040388 secs] [Times: user=0.00 sys=0.01, real=0.00 secs] 
24.288: [GC (Allocation Failure) 24.288: [DefNew: 447K->63K(448K), 0.0041258 secs] 735270K->735264K(1048512K), 0.0042062 secs] [Times: user=0.01 sys=0.00, real=0.00 secs] 
24.303: [GC (Allocation Failure) 24.303: [DefNew: 447K->63K(448K), 0.0063857 secs] 735648K->735644K(1048512K), 0.0066130 secs] [Times: user=0.00 sys=0.00, real=0.01 secs] 
24.323: [GC (Allocation Failure) 24.323: [DefNew: 447K->64K(448K), 0.0048696 secs] 736028K->736021K(1048512K), 0.0050741 secs] [Times: user=0.01 sys=0.00, real=0.01 secs] 
24.337: [GC (Allocation Failure) 24.337: [DefNew: 448K->64K(448K), 0.0027166 secs] 736405K->736401K(1048512K), 0.0027662 secs] [Times: user=0.00 sys=0.00, real=0.00 secs] 
24.348: [GC (Allocation Failure) 24.348: [DefNew: 448K->63K(448K), 0.0030861 secs] 736785K->736780K(1048512K), 0.0031513 secs] [Times: user=0.00 sys=0.00, real=0.00 secs] 
24.361: [GC (Allocation Failure) 24.361: [DefNew: 447K->64K(448K), 0.0039315 secs] 737164K->737158K(1048512K), 0.0040140 secs] [Times: user=0.01 sys=0.00, real=0.01 secs] 
24.375: [GC (Allocation Failure) 24.375: [DefNew: 448K->63K(448K), 0.0040759 secs] 737542K->737537K(1048512K), 0.0041558 secs] [Times: user=0.00 sys=0.00, real=0.00 secs] 
24.388: [GC (Allocation Failure) 24.388: [DefNew: 447K->63K(448K), 0.0043696 secs] 737921K->737916K(1048512K), 0.0044938 secs] [Times: user=0.01 sys=0.00, real=0.00 secs] 
24.402: [GC (Allocation Failure) 24.402: [DefNew: 447K->63K(448K), 0.0039578 secs] 738300K->738295K(1048512K), 0.0040308 secs] [Times: user=0.00 sys=0.00, real=0.01 secs] 
24.416: [GC (Allocation Failure) 24.416: [DefNew: 447K->63K(448K), 0.0040684 secs] 738679K->738671K(1048512K), 0.0041408 secs] [Times: user=0.01 sys=0.00, real=0.00 secs] 
24.429: [GC (Allocation Failure) 24.429: [DefNew: 447K->63K(448K), 0.0030299 secs] 739055K->739051K(1048512K), 0.0030869 secs] [Times: user=0.00 sys=0.00, real=0.00 secs] 
24.442: [GC (Allocation Failure) 24.442: [DefNew: 447K->63K(448K), 0.0033704 secs] 739435K->739429K(1048512K), 0.0034324 secs] [Times: user=0.00 sys=0.00, real=0.01 secs] 
24.456: [GC (Allocation Failure) 24.456: [DefNew: 447K->63K(448K), 0.0031075 secs] 739813K->739809K(1048512K), 0.0031678 secs] [Times: user=0.01 sys=0.00, real=0.00 secs] 
24.467: [GC (Allocation Failure) 24.467: [DefNew: 447K->63K(448K), 0.0026560 secs] 740193K->740189K(1048512K), 0.0027109 secs] [Times: user=0.00 sys=0.00, real=0.00 secs] 
24.479: [GC (Allocation Failure) 24.479: [DefNew: 447K->64K(448K), 0.0029621 secs] 740573K->740567K(1048512K), 0.0030230 secs] [Times: user=0.00 sys=0.01, real=0.00 secs] 
24.491: [GC (Allocation Failure) 24.491: [DefNew: 448K->63K(448K), 0.0031824 secs] 740951K->740945K(1048512K), 0.0032428 secs] [Times: user=0.01 sys=0.00, real=0.01 secs] 
24.504: [GC (Allocation Failure) 24.504: [DefNew: 447K->63K(448K), 0.0030979 secs] 741329K->741325K(1048512K), 0.0032185 secs] [Times: user=0.00 sys=0.00, real=0.00 secs] 
24.516: [GC (Allocation Failure) 24.516: [DefNew: 447K->63K(448K), 0.0028702 secs] 741709K->741703K(1048512K), 0.0029282 secs] [Times: user=0.00 sys=0.00, real=0.00 secs] 
24.527: [GC (Allocation Failure) 24.527: [DefNew: 447K->63K(448K), 0.0055754 secs] 742087K->742080K(1048512K), 0.0057053 secs] [Times: user=0.01 sys=0.00, real=0.00 secs] 
24.543: [GC (Allocation Failure) 24.543: [DefNew: 447K->63K(448K), 0.0033476 secs] 742464K->742460K(1048512K), 0.0034053 secs] [Times: user=0.00 sys=0.00, real=0.01 secs] 
24.556: [GC (Allocation Failure) 24.556: [DefNew: 447K->63K(448K), 0.0024438 secs] 742844K->742838K(1048512K), 0.0024949 secs] [Times: user=0.00 sys=0.00, real=0.00 secs] 
24.567: [GC (Allocation Failure) 24.567: [DefNew: 447K->63K(448K), 0.0031981 secs] 743222K->743218K(1048512K), 0.0032557 secs] [Times: user=0.00 sys=0.00, real=0.00 secs] 
24.580: [GC (Allocation Failure) 24.580: [DefNew: 447K->63K(448K), 0.0030398 secs] 743602K->743598K(1048512K), 0.0030917 secs] [Times: user=0.00 sys=0.00, real=0.00 secs] 
24.594: [GC (Allocation Failure) 24.594: [DefNew: 447K->64K(448K), 0.0030787 secs] 743982K->743975K(1048512K), 0.0031320 secs] [Times: user=0.01 sys=0.00, real=0.00 secs] 
24.605: [GC (Allocation Failure) 24.605: [DefNew: 448K->63K(448K), 0.0029783 secs] 744359K->744354K(1048512K), 0.0030376 secs] [Times: user=0.00 sys=0.00, real=0.00 secs] 
24.619: [GC (Allocation Failure) 24.619: [DefNew: 447K->63K(448K), 0.0033173 secs] 744738K->744734K(1048512K), 0.0033900 secs] [Times: user=0.00 sys=0.00, real=0.00 secs] 
24.630: [GC (Allocation Failure) 24.630: [DefNew: 447K->64K(448K), 0.0022086 secs] 745118K->745110K(1048512K), 0.0022553 secs] [Times: user=0.00 sys=0.00, real=0.00 secs] 
24.642: [GC (Allocation Failure) 24.642: [DefNew: 448K->63K(448K), 0.0030219 secs] 745494K->745488K(1048512K), 0.0030805 secs] [Times: user=0.00 sys=0.00, real=0.01 secs] 
24.655: [GC (Allocation Failure) 24.655: [DefNew: 447K->63K(448K), 0.0030566 secs] 745872K->745868K(1048512K), 0.0031191 secs] [Times: user=0.00 sys=0.00, real=0.00 secs] 
24.667: [GC (Allocation Failure) 24.667: [DefNew: 447K->63K(448K), 0.0035312 secs] 746252K->746248K(1048512K), 0.0036055 secs] [Times: user=0.01 sys=0.00, real=0.00 secs] 
24.681: [GC (Allocation Failure) 24.681: [DefNew: 447K->63K(448K), 0.0031934 secs] 746632K->746626K(1048512K), 0.0032499 secs] [Times: user=0.00 sys=0.00, real=0.01 secs] 
24.694: [GC (Allocation Failure) 24.694: [DefNew: 447K->63K(448K), 0.0031549 secs] 747010K->747004K(1048512K), 0.0032209 secs] [Times: user=0.00 sys=0.00, real=0.00 secs] 
24.706: [GC (Allocation Failure) 24.706: [DefNew: 447K->63K(448K), 0.0031166 secs] 747388K->747384K(1048512K), 0.0031750 secs] [Times: user=0.01 sys=0.00, real=0.00 secs] 
24.718: [GC (Allocation Failure) 24.718: [DefNew: 447K->63K(448K), 0.0026022 secs] 747768K->747762K(1048512K), 0.0026482 secs] [Times: user=0.00 sys=0.00, real=0.00 secs] 
24.731: [GC (Allocation Failure) 24.731: [DefNew: 447K->63K(448K), 0.0045659 secs] 748146K->748140K(1048512K), 0.0047157 secs] [Times: user=0.00 sys=0.00, real=0.01 secs] 
24.744: [GC (Allocation Failure) 24.745: [DefNew: 447K->64K(448K), 0.0026776 secs] 748524K->748519K(1048512K), 0.0027631 secs] [Times: user=0.01 sys=0.00, real=0.00 secs] 
24.757: [GC (Allocation Failure) 24.757: [DefNew: 448K->63K(448K), 0.0028592 secs] 748903K->748898K(1048512K), 0.0029852 secs] [Times: user=0.00 sys=0.00, real=0.00 secs] 
24.770: [GC (Allocation Failure) 24.770: [DefNew: 447K->64K(448K), 0.0031898 secs] 749282K->749278K(1048512K), 0.0032528 secs] [Times: user=0.00 sys=0.00, real=0.00 secs] 
24.782: [GC (Allocation Failure) 24.782: [DefNew: 448K->63K(448K), 0.0030144 secs] 749662K->749656K(1048512K), 0.0030722 secs] [Times: user=0.01 sys=0.00, real=0.01 secs] 
24.794: [GC (Allocation Failure) 24.794: [DefNew: 447K->63K(448K), 0.0022223 secs] 750040K->750034K(1048512K), 0.0022692 secs] [Times: user=0.00 sys=0.00, real=0.00 secs] 
24.805: [GC (Allocation Failure) 24.805: [DefNew: 447K->64K(448K), 0.0031759 secs] 750418K->750414K(1048512K), 0.0032328 secs] [Times: user=0.00 sys=0.00, real=0.00 secs] 
24.819: [GC (Allocation Failure) 24.819: [DefNew: 448K->63K(448K), 0.0027374 secs] 750798K->750794K(1048512K), 0.0028101 secs] [Times: user=0.01 sys=0.00, real=0.00 secs] 
24.832: [GC (Allocation Failure) 24.832: [DefNew: 447K->64K(448K), 0.0031471 secs] 751177K->751169K(1048512K), 0.0032013 secs] [Times: user=0.00 sys=0.00, real=0.01 secs] 
24.844: [GC (Allocation Failure) 24.844: [DefNew: 448K->63K(448K), 0.0030207 secs] 751553K->751548K(1048512K), 0.0030771 secs] [Times: user=0.00 sys=0.00, real=0.00 secs] 
24.857: [GC (Allocation Failure) 24.857: [DefNew: 447K->64K(448K), 0.0030440 secs] 751932K->751928K(1048512K), 0.0031049 secs] [Times: user=0.01 sys=0.00, real=0.00 secs] 
24.870: [GC (Allocation Failure) 24.870: [DefNew: 448K->63K(448K), 0.0027463 secs] 752312K->752308K(1048512K), 0.0027974 secs] [Times: user=0.00 sys=0.00, real=0.00 secs] 
24.881: [GC (Allocation Failure) 24.881: [DefNew: 447K->63K(448K), 0.0025361 secs] 752692K->752686K(1048512K), 0.0025832 secs] [Times: user=0.00 sys=0.00, real=0.00 secs] 
24.894: [GC (Allocation Failure) 24.894: [DefNew: 447K->63K(448K), 0.0033134 secs] 753070K->753064K(1048512K), 0.0033769 secs] [Times: user=0.01 sys=0.00, real=0.01 secs] 
24.907: [GC (Allocation Failure) 24.907: [DefNew: 447K->64K(448K), 0.0026698 secs] 753448K->753443K(1048512K), 0.0027239 secs] [Times: user=0.00 sys=0.00, real=0.00 secs] 
24.918: [GC (Allocation Failure) 24.918: [DefNew: 448K->63K(448K), 0.0037073 secs] 753827K->753823K(1048512K), 0.0038004 secs] [Times: user=0.00 sys=0.01, real=0.00 secs] 
24.931: [GC (Allocation Failure) 24.931: [DefNew: 447K->63K(448K), 0.0022461 secs] 754207K->754201K(1048512K), 0.0023086 secs] [Times: user=0.01 sys=0.00, real=0.01 secs] 
24.941: [GC (Allocation Failure) 24.941: [DefNew: 447K->63K(448K), 0.0053632 secs] 754585K->754578K(1048512K), 0.0055232 secs] [Times: user=0.00 sys=0.00, real=0.01 secs] 
24.956: [GC (Allocation Failure) 24.956: [DefNew: 447K->64K(448K), 0.0029198 secs] 754962K->754957K(1048512K), 0.0029688 secs] [Times: user=0.00 sys=0.00, real=0.00 secs] 
24.970: [GC (Allocation Failure) 24.970: [DefNew: 448K->63K(448K), 0.0034055 secs] 755341K->755337K(1048512K), 0.0034712 secs] [Times: user=0.01 sys=0.00, real=0.00 secs] 
24.981: [GC (Allocation Failure) 24.981: [DefNew: 447K->63K(448K), 0.0023905 secs] 755721K->755717K(1048512K), 0.0024362 secs] [Times: user=0.00 sys=0.00, real=0.00 secs] 
24.994: [GC (Allocation Failure) 24.994: [DefNew: 447K->63K(448K), 0.0030680 secs] 756101K->756095K(1048512K), 0.0031222 secs] [Times: user=0.00 sys=0.00, real=0.00 secs] 
25.007: [GC (Allocation Failure) 25.007: [DefNew: 447K->63K(448K), 0.0031674 secs] 756479K->756473K(1048512K), 0.0032531 secs] [Times: user=0.01 sys=0.00, real=0.00 secs] 
25.019: [GC (Allocation Failure) 25.019: [DefNew: 447K->64K(448K), 0.0031905 secs] 756857K->756853K(1048512K), 0.0032553 secs] [Times: user=0.00 sys=0.00, real=0.00 secs] 
25.032: [GC (Allocation Failure) 25.032: [DefNew: 448K->63K(448K), 0.0025494 secs] 757237K->757232K(1048512K), 0.0025997 secs] [Times: user=0.00 sys=0.00, real=0.01 secs] 
25.045: [GC (Allocation Failure) 25.045: [DefNew: 447K->63K(448K), 0.0033014 secs] 757616K->757608K(1048512K), 0.0034341 secs] [Times: user=0.01 sys=0.00, real=0.00 secs] 
25.057: [GC (Allocation Failure) 25.057: [DefNew: 447K->63K(448K), 0.0033817 secs] 757992K->757987K(1048512K), 0.0034471 secs] [Times: user=0.00 sys=0.00, real=0.00 secs] 
25.070: [GC (Allocation Failure) 25.070: [DefNew: 447K->63K(448K), 0.0034649 secs] 758371K->758367K(1048512K), 0.0035366 secs] [Times: user=0.00 sys=0.00, real=0.00 secs] 
25.084: [GC (Allocation Failure) 25.084: [DefNew: 447K->63K(448K), 0.0033828 secs] 758751K->758747K(1048512K), 0.0034524 secs] [Times: user=0.00 sys=0.00, real=0.01 secs] 
25.096: [GC (Allocation Failure) 25.096: [DefNew: 447K->63K(448K), 0.0032097 secs] 759131K->759125K(1048512K), 0.0032646 secs] [Times: user=0.00 sys=0.00, real=0.00 secs] 
25.109: [GC (Allocation Failure) 25.109: [DefNew: 447K->63K(448K), 0.0032584 secs] 759509K->759503K(1048512K), 0.0033217 secs] [Times: user=0.01 sys=0.00, real=0.00 secs] 
25.122: [GC (Allocation Failure) 25.122: [DefNew: 447K->64K(448K), 0.0025750 secs] 759887K->759882K(1048512K), 0.0026307 secs] [Times: user=0.00 sys=0.00, real=0.01 secs] 
25.134: [GC (Allocation Failure) 25.134: [DefNew: 448K->63K(448K), 0.0031479 secs] 760266K->760262K(1048512K), 0.0032151 secs] [Times: user=0.00 sys=0.00, real=0.01 secs] 
25.146: [GC (Allocation Failure) 25.146: [DefNew: 447K->64K(448K), 0.0032059 secs] 760646K->760638K(1048512K), 0.0033041 secs] [Times: user=0.01 sys=0.00, real=0.00 secs] 
25.159: [GC (Allocation Failure) 25.159: [DefNew: 448K->63K(448K), 0.0034854 secs] 761022K->761016K(1048512K), 0.0035647 secs] [Times: user=0.00 sys=0.00, real=0.00 secs] 
25.173: [GC (Allocation Failure) 25.173: [DefNew: 447K->63K(448K), 0.0037004 secs] 761400K->761396K(1048512K), 0.0037816 secs] [Times: user=0.00 sys=0.00, real=0.01 secs] 
25.186: [GC (Allocation Failure) 25.186: [DefNew: 447K->63K(448K), 0.0034260 secs] 761780K->761776K(1048512K), 0.0056730 secs] [Times: user=0.01 sys=0.00, real=0.00 secs] 
25.200: [GC (Allocation Failure) 25.202: [DefNew: 447K->63K(448K), 0.0024574 secs] 762160K->762154K(1048512K), 0.0052621 secs] [Times: user=0.00 sys=0.00, real=0.01 secs] 
25.215: [GC (Allocation Failure) 25.215: [DefNew: 447K->63K(448K), 0.0031055 secs] 762538K->762532K(1048512K), 0.0031697 secs] [Times: user=0.00 sys=0.00, real=0.00 secs] 
25.228: [GC (Allocation Failure) 25.228: [DefNew: 447K->64K(448K), 0.0028938 secs] 762916K->762912K(1048512K), 0.0029462 secs] [Times: user=0.01 sys=0.00, real=0.00 secs] 
25.240: [GC (Allocation Failure) 25.240: [DefNew: 448K->64K(448K), 0.0032952 secs] 763296K->763290K(1048512K), 0.0033583 secs] [Times: user=0.00 sys=0.00, real=0.00 secs] 
25.253: [GC (Allocation Failure) 25.253: [DefNew: 448K->63K(448K), 0.0031788 secs] 763674K->763668K(1048512K), 0.0032412 secs] [Times: user=0.00 sys=0.00, real=0.01 secs] 
25.267: [GC (Allocation Failure) 25.267: [DefNew: 447K->64K(448K), 0.0038735 secs] 764052K->764046K(1048512K), 0.0039578 secs] [Times: user=0.01 sys=0.00, real=0.00 secs] 
25.279: [GC (Allocation Failure) 25.279: [DefNew: 448K->63K(448K), 0.0031452 secs] 764430K->764426K(1048512K), 0.0032028 secs] [Times: user=0.00 sys=0.00, real=0.00 secs] 
25.292: [GC (Allocation Failure) 25.292: [DefNew: 447K->63K(448K), 0.0037334 secs] 764810K->764806K(1048512K), 0.0038052 secs] [Times: user=0.01 sys=0.00, real=0.01 secs] 
25.304: [GC (Allocation Failure) 25.304: [DefNew: 447K->63K(448K), 0.0044920 secs] 765190K->765184K(1048512K), 0.0045780 secs] [Times: user=0.00 sys=0.00, real=0.00 secs] 
25.318: [GC (Allocation Failure) 25.318: [DefNew: 447K->63K(448K), 0.0042272 secs] 765568K->765562K(1048512K), 0.0043104 secs] [Times: user=0.01 sys=0.00, real=0.00 secs] 
25.333: [GC (Allocation Failure) 25.333: [DefNew: 447K->64K(448K), 0.0039505 secs] 765946K->765942K(1048512K), 0.0040336 secs] [Times: user=0.00 sys=0.00, real=0.01 secs] 
25.346: [GC (Allocation Failure) 25.346: [DefNew: 448K->63K(448K), 0.0043694 secs] 766326K->766321K(1048512K), 0.0044530 secs] [Times: user=0.00 sys=0.00, real=0.00 secs] 
25.361: [GC (Allocation Failure) 25.361: [DefNew: 447K->63K(448K), 0.0081458 secs] 766705K->766697K(1048512K), 0.0083979 secs] [Times: user=0.00 sys=0.01, real=0.01 secs] 
25.379: [GC (Allocation Failure) 25.379: [DefNew: 447K->63K(448K), 0.0031088 secs] 767081K->767076K(1048512K), 0.0031743 secs] [Times: user=0.00 sys=0.00, real=0.00 secs] 
25.390: [GC (Allocation Failure) 25.390: [DefNew: 447K->63K(448K), 0.0029612 secs] 767460K->767456K(1048512K), 0.0030247 secs] [Times: user=0.00 sys=0.00, real=0.00 secs] 
25.403: [GC (Allocation Failure) 25.403: [DefNew: 447K->63K(448K), 0.0032269 secs] 767840K->767836K(1048512K), 0.0032929 secs] [Times: user=0.00 sys=0.00, real=0.01 secs] 
25.417: [GC (Allocation Failure) 25.417: [DefNew: 447K->63K(448K), 0.0030183 secs] 768220K->768214K(1048512K), 0.0030789 secs] [Times: user=0.01 sys=0.00, real=0.00 secs] 
25.429: [GC (Allocation Failure) 25.429: [DefNew: 447K->64K(448K), 0.0034754 secs] 768598K->768592K(1048512K), 0.0035648 secs] [Times: user=0.00 sys=0.00, real=0.00 secs] 
25.443: [GC (Allocation Failure) 25.443: [DefNew: 448K->63K(448K), 0.0026992 secs] 768976K->768971K(1048512K), 0.0027574 secs] [Times: user=0.00 sys=0.00, real=0.01 secs] 
25.455: [GC (Allocation Failure) 25.455: [DefNew: 447K->63K(448K), 0.0032945 secs] 769355K->769351K(1048512K), 0.0033693 secs] [Times: user=0.01 sys=0.00, real=0.00 secs] 
25.466: [GC (Allocation Failure) 25.466: [DefNew: 447K->64K(448K), 0.0027054 secs] 769735K->769727K(1048512K), 0.0027589 secs] [Times: user=0.00 sys=0.00, real=0.00 secs] 
25.478: [GC (Allocation Failure) 25.478: [DefNew: 448K->63K(448K), 0.0031025 secs] 770111K->770105K(1048512K), 0.0031587 secs] [Times: user=0.00 sys=0.00, real=0.00 secs] 
25.490: [GC (Allocation Failure) 25.490: [DefNew: 447K->64K(448K), 0.0031581 secs] 770489K->770485K(1048512K), 0.0032132 secs] [Times: user=0.01 sys=0.00, real=0.00 secs] 
25.503: [GC (Allocation Failure) 25.503: [DefNew: 448K->63K(448K), 0.0034845 secs] 770869K->770865K(1048512K), 0.0035580 secs] [Times: user=0.00 sys=0.00, real=0.01 secs] 
25.517: [GC (Allocation Failure) 25.517: [DefNew: 447K->63K(448K), 0.0026554 secs] 771249K->771243K(1048512K), 0.0027098 secs] [Times: user=0.00 sys=0.00, real=0.00 secs] 
25.528: [GC (Allocation Failure) 25.528: [DefNew: 447K->63K(448K), 0.0025394 secs] 771627K->771621K(1048512K), 0.0025888 secs] [Times: user=0.01 sys=0.00, real=0.00 secs] 
25.541: [GC (Allocation Failure) 25.541: [DefNew: 447K->63K(448K), 0.0032747 secs] 772005K->772001K(1048512K), 0.0033363 secs] [Times: user=0.00 sys=0.00, real=0.01 secs] 
25.554: [GC (Allocation Failure) 25.554: [DefNew: 447K->63K(448K), 0.0035694 secs] 772385K->772379K(1048512K), 0.0036286 secs] [Times: user=0.00 sys=0.00, real=0.00 secs] 
25.566: [GC (Allocation Failure) 25.566: [DefNew: 447K->63K(448K), 0.0030470 secs] 772763K->772757K(1048512K), 0.0031295 secs] [Times: user=0.01 sys=0.00, real=0.00 secs] 
25.584: [GC (Allocation Failure) 25.584: [DefNew: 447K->63K(448K), 0.0027294 secs] 773141K->773136K(1048512K), 0.0028114 secs] [Times: user=0.00 sys=0.00, real=0.00 secs] 
25.597: [GC (Allocation Failure) 25.597: [DefNew: 447K->64K(448K), 0.0026909 secs] 773520K->773515K(1048512K), 0.0027519 secs] [Times: user=0.00 sys=0.00, real=0.00 secs] 
25.607: [GC (Allocation Failure) 25.607: [DefNew: 448K->64K(448K), 0.0023890 secs] 773899K->773895K(1048512K), 0.0024406 secs] [Times: user=0.01 sys=0.00, real=0.00 secs] 
25.620: [GC (Allocation Failure) 25.620: [DefNew: 448K->63K(448K), 0.0038843 secs] 774279K->774273K(1048512K), 0.0039566 secs] [Times: user=0.00 sys=0.00, real=0.01 secs] 
25.632: [GC (Allocation Failure) 25.632: [DefNew: 447K->63K(448K), 0.0024822 secs] 774657K->774651K(1048512K), 0.0025488 secs] [Times: user=0.00 sys=0.00, real=0.01 secs] 
25.645: [GC (Allocation Failure) 25.645: [DefNew: 447K->64K(448K), 0.0029818 secs] 775035K->775031K(1048512K), 0.0030384 secs] [Times: user=0.01 sys=0.00, real=0.00 secs] 
25.658: [GC (Allocation Failure) 25.658: [DefNew: 448K->63K(448K), 0.0032516 secs] 775415K->775411K(1048512K), 0.0033048 secs] [Times: user=0.00 sys=0.00, real=0.00 secs] 
25.670: [GC (Allocation Failure) 25.670: [DefNew: 447K->64K(448K), 0.0044691 secs] 775794K->775786K(1048512K), 0.0045505 secs] [Times: user=0.00 sys=0.00, real=0.01 secs] 
25.684: [GC (Allocation Failure) 25.684: [DefNew: 448K->63K(448K), 0.0027785 secs] 776170K->776165K(1048512K), 0.0028311 secs] [Times: user=0.00 sys=0.00, real=0.00 secs] 
25.697: [GC (Allocation Failure) 25.697: [DefNew: 447K->63K(448K), 0.0030558 secs] 776549K->776545K(1048512K), 0.0031134 secs] [Times: user=0.00 sys=0.00, real=0.00 secs] 
25.708: [GC (Allocation Failure) 25.708: [DefNew: 447K->63K(448K), 0.0026686 secs] 776929K->776925K(1048512K), 0.0027219 secs] [Times: user=0.00 sys=0.00, real=0.00 secs] 
25.721: [GC (Allocation Failure) 25.721: [DefNew: 447K->63K(448K), 0.0043891 secs] 777309K->777303K(1048512K), 0.0044729 secs] [Times: user=0.00 sys=0.00, real=0.01 secs] 
25.735: [GC (Allocation Failure) 25.735: [DefNew: 447K->63K(448K), 0.0040924 secs] 777687K->777681K(1048512K), 0.0041728 secs] [Times: user=0.00 sys=0.00, real=0.00 secs] 
25.748: [GC (Allocation Failure) 25.748: [DefNew: 447K->64K(448K), 0.0031796 secs] 778065K->778060K(1048512K), 0.0032357 secs] [Times: user=0.01 sys=0.00, real=0.00 secs] 
25.761: [GC (Allocation Failure) 25.761: [DefNew: 448K->63K(448K), 0.0022285 secs] 778444K->778440K(1048512K), 0.0022722 secs] [Times: user=0.00 sys=0.00, real=0.00 secs] 
25.772: [GC (Allocation Failure) 25.772: [DefNew: 447K->64K(448K), 0.0031822 secs] 778824K->778816K(1048512K), 0.0032584 secs] [Times: user=0.00 sys=0.00, real=0.01 secs] 
25.784: [GC (Allocation Failure) 25.785: [DefNew: 448K->63K(448K), 0.0038214 secs] 779200K->779195K(1048512K), 0.0040054 secs] [Times: user=0.01 sys=0.00, real=0.00 secs] 
25.798: [GC (Allocation Failure) 25.798: [DefNew: 447K->63K(448K), 0.0032741 secs] 779579K->779574K(1048512K), 0.0033284 secs] [Times: user=0.00 sys=0.01, real=0.00 secs] 
25.810: [GC (Allocation Failure) 25.810: [DefNew: 447K->63K(448K), 0.0032556 secs] 779958K->779954K(1048512K), 0.0033092 secs] [Times: user=0.01 sys=0.00, real=0.01 secs] 
25.824: [GC (Allocation Failure) 25.824: [DefNew: 447K->63K(448K), 0.0038503 secs] 780338K->780332K(1048512K), 0.0039243 secs] [Times: user=0.00 sys=0.00, real=0.00 secs] 
25.838: [GC (Allocation Failure) 25.838: [DefNew: 447K->63K(448K), 0.0041395 secs] 780716K->780710K(1048512K), 0.0042091 secs] [Times: user=0.00 sys=0.00, real=0.00 secs] 
25.850: [GC (Allocation Failure) 25.850: [DefNew: 447K->63K(448K), 0.0021487 secs] 781094K->781090K(1048512K), 0.0021963 secs] [Times: user=0.01 sys=0.00, real=0.00 secs] 
25.863: [GC (Allocation Failure) 25.863: [DefNew: 447K->63K(448K), 0.0039862 secs] 781474K->781468K(1048512K), 0.0040686 secs] [Times: user=0.00 sys=0.00, real=0.01 secs] 
25.876: [GC (Allocation Failure) 25.876: [DefNew: 447K->63K(448K), 0.0026906 secs] 781852K->781846K(1048512K), 0.0027421 secs] [Times: user=0.00 sys=0.00, real=0.00 secs] 
25.887: [GC (Allocation Failure) 25.887: [DefNew: 447K->64K(448K), 0.0031915 secs] 782230K->782225K(1048512K), 0.0032580 secs] [Times: user=0.01 sys=0.00, real=0.00 secs] 
25.901: [GC (Allocation Failure) 25.901: [DefNew: 448K->63K(448K), 0.0042167 secs] 782609K->782604K(1048512K), 0.0042945 secs] [Times: user=0.00 sys=0.00, real=0.01 secs] 
25.915: [GC (Allocation Failure) 25.915: [DefNew: 447K->63K(448K), 0.0045043 secs] 782988K->782984K(1048512K), 0.0045758 secs] [Times: user=0.01 sys=0.00, real=0.00 secs] 
25.928: [GC (Allocation Failure) 25.928: [DefNew: 447K->64K(448K), 0.0024996 secs] 783368K->783362K(1048512K), 0.0026079 secs] [Times: user=0.00 sys=0.00, real=0.00 secs] 
25.941: [GC (Allocation Failure) 25.941: [DefNew: 448K->63K(448K), 0.0030806 secs] 783746K->783740K(1048512K), 0.0031355 secs] [Times: user=0.00 sys=0.00, real=0.01 secs] 
25.952: [GC (Allocation Failure) 25.952: [DefNew: 447K->64K(448K), 0.0025753 secs] 784124K->784120K(1048512K), 0.0026325 secs] [Times: user=0.01 sys=0.00, real=0.01 secs] 
25.965: [GC (Allocation Failure) 25.965: [DefNew: 448K->63K(448K), 0.0028250 secs] 784504K->784500K(1048512K), 0.0028795 secs] [Times: user=0.00 sys=0.00, real=0.00 secs] 
25.978: [GC (Allocation Failure) 25.978: [DefNew: 447K->63K(448K), 0.0033746 secs] 784884K->784878K(1048512K), 0.0034478 secs] [Times: user=0.00 sys=0.00, real=0.00 secs] 
25.990: [GC (Allocation Failure) 25.990: [DefNew: 447K->63K(448K), 0.0053296 secs] 785262K->785254K(1048512K), 0.0055235 secs] [Times: user=0.01 sys=0.00, real=0.01 secs] 
26.005: [GC (Allocation Failure) 26.005: [DefNew: 447K->64K(448K), 0.0024671 secs] 785638K->785633K(1048512K), 0.0025188 secs] [Times: user=0.00 sys=0.00, real=0.00 secs] 
26.017: [GC (Allocation Failure) 26.017: [DefNew: 448K->63K(448K), 0.0030616 secs] 786017K->786014K(1048512K), 0.0031228 secs] [Times: user=0.00 sys=0.00, real=0.00 secs] 
26.029: [GC (Allocation Failure) 26.029: [DefNew: 447K->63K(448K), 0.0034851 secs] 786398K->786394K(1048512K), 0.0035470 secs] [Times: user=0.00 sys=0.00, real=0.00 secs] 
26.042: [GC (Allocation Failure) 26.042: [DefNew: 447K->63K(448K), 0.0029783 secs] 786778K->786772K(1048512K), 0.0030331 secs] [Times: user=0.00 sys=0.00, real=0.01 secs] 
26.055: [GC (Allocation Failure) 26.055: [DefNew: 447K->63K(448K), 0.0042252 secs] 787156K->787150K(1048512K), 0.0043051 secs] [Times: user=0.01 sys=0.00, real=0.00 secs] 
26.068: [GC (Allocation Failure) 26.068: [DefNew: 447K->64K(448K), 0.0039806 secs] 787534K->787529K(1048512K), 0.0040535 secs] [Times: user=0.00 sys=0.00, real=0.00 secs] 
26.082: [GC (Allocation Failure) 26.082: [DefNew: 448K->63K(448K), 0.0044615 secs] 787913K->787909K(1048512K), 0.0045532 secs] [Times: user=0.00 sys=0.00, real=0.01 secs] 
26.095: [GC (Allocation Failure) 26.095: [DefNew: 447K->63K(448K), 0.0021509 secs] 788293K->788285K(1048512K), 0.0022066 secs] [Times: user=0.00 sys=0.00, real=0.00 secs] 
26.106: [GC (Allocation Failure) 26.106: [DefNew: 447K->63K(448K), 0.0034655 secs] 788669K->788663K(1048512K), 0.0035367 secs] [Times: user=0.00 sys=0.00, real=0.00 secs] 
26.119: [GC (Allocation Failure) 26.119: [DefNew: 447K->63K(448K), 0.0032779 secs] 789047K->789043K(1048512K), 0.0033456 secs] [Times: user=0.00 sys=0.00, real=0.00 secs] 
26.132: [GC (Allocation Failure) 26.132: [DefNew: 447K->63K(448K), 0.0031274 secs] 789427K->789423K(1048512K), 0.0031937 secs] [Times: user=0.00 sys=0.00, real=0.01 secs] 
26.145: [GC (Allocation Failure) 26.145: [DefNew: 447K->63K(448K), 0.0031859 secs] 789807K->789801K(1048512K), 0.0032545 secs] [Times: user=0.00 sys=0.00, real=0.00 secs] 
26.159: [GC (Allocation Failure) 26.159: [DefNew: 447K->63K(448K), 0.0030733 secs] 790185K->790179K(1048512K), 0.0031297 secs] [Times: user=0.01 sys=0.00, real=0.00 secs] 
26.170: [GC (Allocation Failure) 26.170: [DefNew: 447K->64K(448K), 0.0024712 secs] 790563K->790559K(1048512K), 0.0025189 secs] [Times: user=0.00 sys=0.00, real=0.00 secs] 
26.183: [GC (Allocation Failure) 26.183: [DefNew: 448K->64K(448K), 0.0031477 secs] 790943K->790938K(1048512K), 0.0032034 secs] [Times: user=0.00 sys=0.00, real=0.01 secs] 
26.195: [GC (Allocation Failure) 26.196: [DefNew: 447K->63K(448K), 0.0043179 secs] 791322K->791314K(1048512K), 0.0044586 secs] [Times: user=0.01 sys=0.00, real=0.00 secs] 
26.209: [GC (Allocation Failure) 26.209: [DefNew: 447K->64K(448K), 0.0029522 secs] 791698K->791693K(1048512K), 0.0030185 secs] [Times: user=0.00 sys=0.00, real=0.00 secs] 
26.222: [GC (Allocation Failure) 26.222: [DefNew: 448K->63K(448K), 0.0032890 secs] 792077K->792073K(1048512K), 0.0033574 secs] [Times: user=0.00 sys=0.00, real=0.01 secs] 
26.236: [GC (Allocation Failure) 26.236: [DefNew: 447K->63K(448K), 0.0037026 secs] 792457K->792453K(1048512K), 0.0037626 secs] [Times: user=0.01 sys=0.00, real=0.00 secs] 
26.247: [GC (Allocation Failure) 26.247: [DefNew: 447K->63K(448K), 0.0023932 secs] 792837K->792831K(1048512K), 0.0024408 secs] [Times: user=0.00 sys=0.00, real=0.00 secs] 
26.260: [GC (Allocation Failure) 26.260: [DefNew: 447K->63K(448K), 0.0031857 secs] 793215K->793209K(1048512K), 0.0032411 secs] [Times: user=0.00 sys=0.00, real=0.00 secs] 
26.273: [GC (Allocation Failure) 26.273: [DefNew: 447K->64K(448K), 0.0030067 secs] 793593K->793589K(1048512K), 0.0030708 secs] [Times: user=0.01 sys=0.00, real=0.01 secs] 
26.285: [GC (Allocation Failure) 26.285: [DefNew: 448K->64K(448K), 0.0038493 secs] 793973K->793967K(1048512K), 0.0039312 secs] [Times: user=0.00 sys=0.00, real=0.00 secs] 
26.298: [GC (Allocation Failure) 26.298: [DefNew: 448K->63K(448K), 0.0040751 secs] 794351K->794344K(1048512K), 0.0041581 secs] [Times: user=0.00 sys=0.00, real=0.00 secs] 
26.311: [GC (Allocation Failure) 26.311: [DefNew: 447K->64K(448K), 0.0039609 secs] 794728K->794723K(1048512K), 0.0040365 secs] [Times: user=0.00 sys=0.00, real=0.01 secs] 
26.324: [GC (Allocation Failure) 26.324: [DefNew: 448K->63K(448K), 0.0023512 secs] 795107K->795103K(1048512K), 0.0023989 secs] [Times: user=0.00 sys=0.00, real=0.00 secs] 
26.336: [GC (Allocation Failure) 26.336: [DefNew: 447K->63K(448K), 0.0031510 secs] 795487K->795483K(1048512K), 0.0032165 secs] [Times: user=0.01 sys=0.00, real=0.00 secs] 
26.347: [GC (Allocation Failure) 26.347: [DefNew: 447K->63K(448K), 0.0041818 secs] 795867K->795861K(1048512K), 0.0042562 secs] [Times: user=0.00 sys=0.00, real=0.00 secs] 
26.362: [GC (Allocation Failure) 26.362: [DefNew: 447K->63K(448K), 0.0041074 secs] 796245K->796239K(1048512K), 0.0041816 secs] [Times: user=0.00 sys=0.00, real=0.01 secs] 
26.376: [GC (Allocation Failure) 26.376: [DefNew: 447K->63K(448K), 0.0039606 secs] 796623K->796618K(1048512K), 0.0040334 secs] [Times: user=0.00 sys=0.00, real=0.00 secs] 
26.389: [GC (Allocation Failure) 26.389: [DefNew: 447K->63K(448K), 0.0041014 secs] 797002K->796998K(1048512K), 0.0041802 secs] [Times: user=0.00 sys=0.00, real=0.00 secs] 
26.402: [GC (Allocation Failure) 26.402: [DefNew: 447K->64K(448K), 0.0052053 secs] 797382K->797374K(1048512K), 0.0053320 secs] [Times: user=0.01 sys=0.00, real=0.01 secs] 
26.419: [GC (Allocation Failure) 26.419: [DefNew: 448K->64K(448K), 0.0025499 secs] 797758K->797752K(1048512K), 0.0025990 secs] [Times: user=0.00 sys=0.00, real=0.00 secs] 
26.430: [GC (Allocation Failure) 26.430: [DefNew: 448K->63K(448K), 0.0034131 secs] 798136K->798132K(1048512K), 0.0034867 secs] [Times: user=0.01 sys=0.00, real=0.01 secs] 
26.444: [GC (Allocation Failure) 26.444: [DefNew: 447K->63K(448K), 0.0030370 secs] 798516K->798512K(1048512K), 0.0030927 secs] [Times: user=0.00 sys=0.00, real=0.00 secs] 
26.456: [GC (Allocation Failure) 26.456: [DefNew: 447K->63K(448K), 0.0032822 secs] 798896K->798890K(1048512K), 0.0033479 secs] [Times: user=0.00 sys=0.00, real=0.00 secs] 
26.469: [GC (Allocation Failure) 26.469: [DefNew: 447K->63K(448K), 0.0033195 secs] 799274K->799268K(1048512K), 0.0033780 secs] [Times: user=0.01 sys=0.00, real=0.00 secs] 
26.482: [GC (Allocation Failure) 26.482: [DefNew: 447K->64K(448K), 0.0025541 secs] 799652K->799648K(1048512K), 0.0026012 secs] [Times: user=0.00 sys=0.00, real=0.01 secs] 
26.493: [GC (Allocation Failure) 26.493: [DefNew: 448K->64K(448K), 0.0029325 secs] 800032K->800027K(1048512K), 0.0029993 secs] [Times: user=0.00 sys=0.00, real=0.01 secs] 
26.506: [GC (Allocation Failure) 26.506: [DefNew: 447K->64K(448K), 0.0039136 secs] 800411K->800403K(1048512K), 0.0039857 secs] [Times: user=0.01 sys=0.00, real=0.00 secs] 
26.519: [GC (Allocation Failure) 26.519: [DefNew: 448K->63K(448K), 0.0040073 secs] 800787K->800782K(1048512K), 0.0040907 secs] [Times: user=0.00 sys=0.00, real=0.01 secs] 
26.532: [GC (Allocation Failure) 26.532: [DefNew: 447K->63K(448K), 0.0041153 secs] 801166K->801162K(1048512K), 0.0041858 secs] [Times: user=0.01 sys=0.00, real=0.01 secs] 
26.547: [GC (Allocation Failure) 26.547: [DefNew: 447K->63K(448K), 0.0039462 secs] 801546K->801542K(1048512K), 0.0040516 secs] [Times: user=0.00 sys=0.00, real=0.00 secs] 
26.561: [GC (Allocation Failure) 26.561: [DefNew: 447K->63K(448K), 0.0042201 secs] 801926K->801920K(1048512K), 0.0043113 secs] [Times: user=0.01 sys=0.00, real=0.01 secs] 
26.574: [GC (Allocation Failure) 26.574: [DefNew: 447K->63K(448K), 0.0049905 secs] 802304K->802298K(1048512K), 0.0050994 secs] [Times: user=0.00 sys=0.00, real=0.00 secs] 
26.589: [GC (Allocation Failure) 26.589: [DefNew: 447K->63K(448K), 0.0036395 secs] 802682K->802678K(1048512K), 0.0037087 secs] [Times: user=0.00 sys=0.00, real=0.00 secs] 
26.603: [GC (Allocation Failure) 26.603: [DefNew: 447K->63K(448K), 0.0031010 secs] 803062K->803056K(1048512K), 0.0031629 secs] [Times: user=0.01 sys=0.00, real=0.01 secs] 
26.614: [GC (Allocation Failure) 26.614: [DefNew: 447K->63K(448K), 0.0049354 secs] 803440K->803433K(1048512K), 0.0050738 secs] [Times: user=0.00 sys=0.00, real=0.00 secs] 
26.628: [GC (Allocation Failure) 26.628: [DefNew: 447K->63K(448K), 0.0025267 secs] 803817K->803812K(1048512K), 0.0025752 secs] [Times: user=0.00 sys=0.00, real=0.00 secs] 
26.639: [GC (Allocation Failure) 26.639: [DefNew: 447K->63K(448K), 0.0033570 secs] 804196K->804192K(1048512K), 0.0035045 secs] [Times: user=0.00 sys=0.01, real=0.00 secs] 
26.652: [GC (Allocation Failure) 26.652: [DefNew: 447K->63K(448K), 0.0024202 secs] 804576K->804572K(1048512K), 0.0024685 secs] [Times: user=0.00 sys=0.00, real=0.01 secs] 
26.664: [GC (Allocation Failure) 26.664: [DefNew: 447K->63K(448K), 0.0034790 secs] 804956K->804950K(1048512K), 0.0035508 secs] [Times: user=0.00 sys=0.00, real=0.00 secs] 
26.676: [GC (Allocation Failure) 26.676: [DefNew: 447K->63K(448K), 0.0037545 secs] 805334K->805328K(1048512K), 0.0038138 secs] [Times: user=0.00 sys=0.00, real=0.00 secs] 
26.690: [GC (Allocation Failure) 26.690: [DefNew: 447K->64K(448K), 0.0034987 secs] 805712K->805707K(1048512K), 0.0035630 secs] [Times: user=0.00 sys=0.00, real=0.01 secs] 
26.704: [GC (Allocation Failure) 26.704: [DefNew: 448K->63K(448K), 0.0031048 secs] 806091K->806087K(1048512K), 0.0031629 secs] [Times: user=0.01 sys=0.00, real=0.00 secs] 
26.716: [GC (Allocation Failure) 26.716: [DefNew: 447K->64K(448K), 0.0031080 secs] 806471K->806463K(1048512K), 0.0031773 secs] [Times: user=0.00 sys=0.00, real=0.00 secs] 
26.728: [GC (Allocation Failure) 26.728: [DefNew: 448K->63K(448K), 0.0022620 secs] 806847K->806842K(1048512K), 0.0023132 secs] [Times: user=0.00 sys=0.00, real=0.00 secs] 
26.741: [GC (Allocation Failure) 26.741: [DefNew: 447K->63K(448K), 0.0032072 secs] 807226K->807221K(1048512K), 0.0032654 secs] [Times: user=0.01 sys=0.00, real=0.01 secs] 
26.753: [GC (Allocation Failure) 26.753: [DefNew: 447K->63K(448K), 0.0032671 secs] 807605K->807601K(1048512K), 0.0033451 secs] [Times: user=0.00 sys=0.00, real=0.01 secs] 
26.766: [GC (Allocation Failure) 26.766: [DefNew: 447K->63K(448K), 0.0030421 secs] 807985K->807979K(1048512K), 0.0030973 secs] [Times: user=0.00 sys=0.00, real=0.00 secs] 
26.778: [GC (Allocation Failure) 26.778: [DefNew: 447K->63K(448K), 0.0031151 secs] 808363K->808357K(1048512K), 0.0031769 secs] [Times: user=0.01 sys=0.00, real=0.00 secs] 
26.792: [GC (Allocation Failure) 26.792: [DefNew: 447K->64K(448K), 0.0032719 secs] 808741K->808737K(1048512K), 0.0033323 secs] [Times: user=0.00 sys=0.00, real=0.01 secs] 
26.805: [GC (Allocation Failure) 26.805: [DefNew: 448K->64K(448K), 0.0023778 secs] 809121K->809117K(1048512K), 0.0024240 secs] [Times: user=0.00 sys=0.00, real=0.00 secs] 
26.816: [GC (Allocation Failure) 26.816: [DefNew: 447K->64K(448K), 0.0029301 secs] 809500K->809492K(1048512K), 0.0029946 secs] [Times: user=0.01 sys=0.00, real=0.00 secs] 
26.828: [GC (Allocation Failure) 26.828: [DefNew: 448K->63K(448K), 0.0052113 secs] 809876K->809871K(1048512K), 0.0053703 secs] [Times: user=0.00 sys=0.00, real=0.00 secs] 
26.843: [GC (Allocation Failure) 26.843: [DefNew: 447K->64K(448K), 0.0031516 secs] 810255K->810251K(1048512K), 0.0032252 secs] [Times: user=0.00 sys=0.00, real=0.01 secs] 
26.854: [GC (Allocation Failure) 26.854: [DefNew: 448K->63K(448K), 0.0022978 secs] 810635K->810631K(1048512K), 0.0023622 secs] [Times: user=0.01 sys=0.00, real=0.00 secs] 
26.867: [GC (Allocation Failure) 26.867: [DefNew: 447K->64K(448K), 0.0032482 secs] 811015K->811009K(1048512K), 0.0033024 secs] [Times: user=0.00 sys=0.01, real=0.00 secs] 
26.880: [GC (Allocation Failure) 26.880: [DefNew: 448K->63K(448K), 0.0032774 secs] 811393K->811387K(1048512K), 0.0033381 secs] [Times: user=0.00 sys=0.00, real=0.00 secs] 
26.891: [GC (Allocation Failure) 26.892: [DefNew: 447K->63K(448K), 0.0027078 secs] 811771K->811767K(1048512K), 0.0027610 secs] [Times: user=0.01 sys=0.00, real=0.01 secs] 
26.904: [GC (Allocation Failure) 26.904: [DefNew: 447K->64K(448K), 0.0030820 secs] 812151K->812145K(1048512K), 0.0031460 secs] [Times: user=0.00 sys=0.00, real=0.00 secs] 
26.917: [GC (Allocation Failure) 26.918: [DefNew: 448K->63K(448K), 0.0044857 secs] 812529K->812524K(1048512K), 0.0045668 secs] [Times: user=0.01 sys=0.00, real=0.00 secs] 
26.930: [GC (Allocation Failure) 26.930: [DefNew: 447K->64K(448K), 0.0040213 secs] 812908K->812902K(1048512K), 0.0040934 secs] [Times: user=0.00 sys=0.00, real=0.01 secs] 
26.944: [GC (Allocation Failure) 26.944: [DefNew: 448K->64K(448K), 0.0038999 secs] 813286K->813281K(1048512K), 0.0039736 secs] [Times: user=0.00 sys=0.00, real=0.00 secs] 
26.957: [GC (Allocation Failure) 26.957: [DefNew: 448K->63K(448K), 0.0040309 secs] 813665K->813661K(1048512K), 0.0041023 secs] [Times: user=0.01 sys=0.00, real=0.00 secs] 
26.971: [GC (Allocation Failure) 26.971: [DefNew: 447K->64K(448K), 0.0032273 secs] 814045K->814038K(1048512K), 0.0032960 secs] [Times: user=0.00 sys=0.00, real=0.01 secs] 
26.984: [GC (Allocation Failure) 26.984: [DefNew: 448K->63K(448K), 0.0032522 secs] 814422K->814417K(1048512K), 0.0033075 secs] [Times: user=0.01 sys=0.00, real=0.00 secs] 
26.996: [GC (Allocation Failure) 26.996: [DefNew: 447K->63K(448K), 0.0031723 secs] 814801K->814797K(1048512K), 0.0032324 secs] [Times: user=0.00 sys=0.00, real=0.00 secs] 
27.009: [GC (Allocation Failure) 27.009: [DefNew: 447K->63K(448K), 0.0033689 secs] 815181K->815175K(1048512K), 0.0034372 secs] [Times: user=0.00 sys=0.00, real=0.00 secs] 
27.023: [GC (Allocation Failure) 27.023: [DefNew: 447K->63K(448K), 0.0036025 secs] 815559K->815554K(1048512K), 0.0036872 secs] [Times: user=0.01 sys=0.00, real=0.01 secs] 
27.036: [GC (Allocation Failure) 27.036: [DefNew: 447K->64K(448K), 0.0022919 secs] 815938K->815931K(1048512K), 0.0023490 secs] [Times: user=0.00 sys=0.00, real=0.00 secs] 
27.048: [GC (Allocation Failure) 27.048: [DefNew: 448K->64K(448K), 0.0022688 secs] 816315K->816310K(1048512K), 0.0023159 secs] [Times: user=0.00 sys=0.00, real=0.00 secs] 
27.060: [GC (Allocation Failure) 27.060: [DefNew: 448K->64K(448K), 0.0028920 secs] 816694K->816690K(1048512K), 0.0029491 secs] [Times: user=0.01 sys=0.00, real=0.00 secs] 
27.072: [GC (Allocation Failure) 27.072: [DefNew: 448K->64K(448K), 0.0039246 secs] 817074K->817068K(1048512K), 0.0040061 secs] [Times: user=0.00 sys=0.00, real=0.01 secs] 
27.085: [GC (Allocation Failure) 27.085: [DefNew: 448K->63K(448K), 0.0033461 secs] 817452K->817447K(1048512K), 0.0034013 secs] [Times: user=0.00 sys=0.01, real=0.00 secs] 
27.098: [GC (Allocation Failure) 27.098: [DefNew: 447K->63K(448K), 0.0031662 secs] 817831K->817826K(1048512K), 0.0032221 secs] [Times: user=0.01 sys=0.00, real=0.00 secs] 
27.110: [GC (Allocation Failure) 27.110: [DefNew: 447K->63K(448K), 0.0031130 secs] 818210K->818204K(1048512K), 0.0031723 secs] [Times: user=0.00 sys=0.00, real=0.01 secs] 
27.124: [GC (Allocation Failure) 27.124: [DefNew: 447K->63K(448K), 0.0036904 secs] 818588K->818584K(1048512K), 0.0037465 secs] [Times: user=0.00 sys=0.00, real=0.00 secs] 
27.135: [GC (Allocation Failure) 27.136: [DefNew: 447K->64K(448K), 0.0026541 secs] 818968K->818961K(1048512K), 0.0027059 secs] [Times: user=0.00 sys=0.00, real=0.00 secs] 
27.148: [GC (Allocation Failure) 27.148: [DefNew: 448K->64K(448K), 0.0032053 secs] 819345K->819341K(1048512K), 0.0032587 secs] [Times: user=0.00 sys=0.00, real=0.00 secs] 
27.162: [GC (Allocation Failure) 27.162: [DefNew: 448K->64K(448K), 0.0045708 secs] 819725K->819720K(1048512K), 0.0048803 secs] [Times: user=0.00 sys=0.00, real=0.01 secs] 
27.175: [GC (Allocation Failure) 27.175: [DefNew: 448K->64K(448K), 0.0034958 secs] 820104K->820098K(1048512K), 0.0035627 secs] [Times: user=0.00 sys=0.00, real=0.00 secs] 
27.189: [GC (Allocation Failure) 27.189: [DefNew: 448K->63K(448K), 0.0032583 secs] 820482K->820477K(1048512K), 0.0033379 secs] [Times: user=0.00 sys=0.00, real=0.00 secs] 
27.202: [GC (Allocation Failure) 27.202: [DefNew: 447K->64K(448K), 0.0036813 secs] 820861K->820856K(1048512K), 0.0037500 secs] [Times: user=0.01 sys=0.00, real=0.01 secs] 
27.214: [GC (Allocation Failure) 27.214: [DefNew: 448K->63K(448K), 0.0024099 secs] 821240K->821235K(1048512K), 0.0024570 secs] [Times: user=0.00 sys=0.00, real=0.00 secs] 
27.226: [GC (Allocation Failure) 27.226: [DefNew: 447K->63K(448K), 0.0031456 secs] 821619K->821613K(1048512K), 0.0032020 secs] [Times: user=0.00 sys=0.00, real=0.00 secs] 
27.239: [GC (Allocation Failure) 27.239: [DefNew: 447K->64K(448K), 0.0068684 secs] 821997K->821991K(1048512K), 0.0070073 secs] [Times: user=0.00 sys=0.00, real=0.01 secs] 
27.257: [GC (Allocation Failure) 27.257: [DefNew: 448K->64K(448K), 0.0036717 secs] 822375K->822370K(1048512K), 0.0038298 secs] [Times: user=0.00 sys=0.00, real=0.00 secs] 
27.271: [GC (Allocation Failure) 27.271: [DefNew: 448K->63K(448K), 0.0032329 secs] 822754K->822750K(1048512K), 0.0032905 secs] [Times: user=0.00 sys=0.00, real=0.01 secs] 
27.283: [GC (Allocation Failure) 27.283: [DefNew: 447K->63K(448K), 0.0033205 secs] 823134K->823128K(1048512K), 0.0033868 secs] [Times: user=0.01 sys=0.00, real=0.01 secs] 
27.296: [GC (Allocation Failure) 27.296: [DefNew: 447K->63K(448K), 0.0021629 secs] 823512K->823506K(1048512K), 0.0022405 secs] [Times: user=0.00 sys=0.00, real=0.00 secs] 
27.308: [GC (Allocation Failure) 27.308: [DefNew: 447K->63K(448K), 0.0031358 secs] 823890K->823886K(1048512K), 0.0031914 secs] [Times: user=0.00 sys=0.00, real=0.00 secs] 
27.320: [GC (Allocation Failure) 27.320: [DefNew: 447K->63K(448K), 0.0032966 secs] 824270K->824264K(1048512K), 0.0034237 secs] [Times: user=0.01 sys=0.00, real=0.01 secs] 
27.334: [GC (Allocation Failure) 27.334: [DefNew: 447K->64K(448K), 0.0054796 secs] 824648K->824643K(1048512K), 0.0058419 secs] [Times: user=0.00 sys=0.00, real=0.00 secs] 
27.350: [GC (Allocation Failure) 27.350: [DefNew: 448K->64K(448K), 0.0030448 secs] 825027K->825021K(1048512K), 0.0031024 secs] [Times: user=0.01 sys=0.00, real=0.00 secs] 
27.361: [GC (Allocation Failure) 27.361: [DefNew: 448K->64K(448K), 0.0031337 secs] 825405K->825400K(1048512K), 0.0031881 secs] [Times: user=0.00 sys=0.00, real=0.01 secs] 
27.374: [GC (Allocation Failure) 27.374: [DefNew: 448K->63K(448K), 0.0031556 secs] 825784K->825780K(1048512K), 0.0032213 secs] [Times: user=0.00 sys=0.00, real=0.00 secs] 
27.387: [GC (Allocation Failure) 27.387: [DefNew: 447K->64K(448K), 0.0023532 secs] 826164K->826157K(1048512K), 0.0024107 secs] [Times: user=0.00 sys=0.00, real=0.00 secs] 
27.398: [GC (Allocation Failure) 27.398: [DefNew: 448K->63K(448K), 0.0030483 secs] 826541K->826536K(1048512K), 0.0031084 secs] [Times: user=0.00 sys=0.00, real=0.00 secs] 
27.411: [GC (Allocation Failure) 27.411: [DefNew: 447K->63K(448K), 0.0030555 secs] 826920K->826916K(1048512K), 0.0031218 secs] [Times: user=0.00 sys=0.00, real=0.01 secs] 
27.424: [GC (Allocation Failure) 27.424: [DefNew: 447K->64K(448K), 0.0034081 secs] 827300K->827294K(1048512K), 0.0034759 secs] [Times: user=0.01 sys=0.00, real=0.00 secs] 
27.436: [GC (Allocation Failure) 27.436: [DefNew: 448K->63K(448K), 0.0034545 secs] 827678K->827673K(1048512K), 0.0035349 secs] [Times: user=0.00 sys=0.00, real=0.00 secs] 
27.449: [GC (Allocation Failure) 27.449: [DefNew: 447K->63K(448K), 0.0064466 secs] 828057K->828050K(1048512K), 0.0065168 secs] [Times: user=0.00 sys=0.00, real=0.01 secs] 
27.468: [GC (Allocation Failure) 27.468: [DefNew: 447K->63K(448K), 0.0023658 secs] 828434K->828430K(1048512K), 0.0024158 secs] [Times: user=0.01 sys=0.00, real=0.00 secs] 
27.480: [GC (Allocation Failure) 27.480: [DefNew: 447K->63K(448K), 0.0032781 secs] 828814K->828809K(1048512K), 0.0033406 secs] [Times: user=0.00 sys=0.00, real=0.01 secs] 
27.493: [GC (Allocation Failure) 27.493: [DefNew: 447K->63K(448K), 0.0030394 secs] 829193K->829188K(1048512K), 0.0030999 secs] [Times: user=0.00 sys=0.00, real=0.01 secs] 
27.505: [GC (Allocation Failure) 27.505: [DefNew: 447K->63K(448K), 0.0031905 secs] 829572K->829566K(1048512K), 0.0032535 secs] [Times: user=0.01 sys=0.01, real=0.00 secs] 
27.518: [GC (Allocation Failure) 27.518: [DefNew: 447K->63K(448K), 0.0031491 secs] 829950K->829945K(1048512K), 0.0032036 secs] [Times: user=0.00 sys=0.00, real=0.00 secs] 
27.532: [GC (Allocation Failure) 27.532: [DefNew: 447K->63K(448K), 0.0025016 secs] 830329K->830324K(1048512K), 0.0025493 secs] [Times: user=0.00 sys=0.00, real=0.01 secs] 
27.543: [GC (Allocation Failure) 27.543: [DefNew: 447K->63K(448K), 0.0028244 secs] 830708K->830703K(1048512K), 0.0028726 secs] [Times: user=0.01 sys=0.00, real=0.01 secs] 
27.555: [GC (Allocation Failure) 27.556: [DefNew: 447K->64K(448K), 0.0032065 secs] 831087K->831080K(1048512K), 0.0032616 secs] [Times: user=0.00 sys=0.00, real=0.00 secs] 
27.568: [GC (Allocation Failure) 27.568: [DefNew: 448K->63K(448K), 0.0029049 secs] 831464K->831460K(1048512K), 0.0029638 secs] [Times: user=0.00 sys=0.00, real=0.00 secs] 
27.580: [GC (Allocation Failure) 27.580: [DefNew: 447K->64K(448K), 0.0032292 secs] 831844K->831840K(1048512K), 0.0032855 secs] [Times: user=0.01 sys=0.00, real=0.00 secs] 
27.593: [GC (Allocation Failure) 27.593: [DefNew: 448K->64K(448K), 0.0033774 secs] 832224K->832217K(1048512K), 0.0034384 secs] [Times: user=0.00 sys=0.00, real=0.01 secs] 
27.604: [GC (Allocation Failure) 27.604: [DefNew: 448K->63K(448K), 0.0031449 secs] 832601K->832596K(1048512K), 0.0032087 secs] [Times: user=0.00 sys=0.00, real=0.00 secs] 
27.617: [GC (Allocation Failure) 27.617: [DefNew: 447K->63K(448K), 0.0031575 secs] 832980K->832976K(1048512K), 0.0032080 secs] [Times: user=0.01 sys=0.00, real=0.00 secs] 
27.629: [GC (Allocation Failure) 27.629: [DefNew: 447K->63K(448K), 0.0032549 secs] 833360K->833354K(1048512K), 0.0033150 secs] [Times: user=0.00 sys=0.00, real=0.00 secs] 
27.641: [GC (Allocation Failure) 27.641: [DefNew: 447K->63K(448K), 0.0041689 secs] 833738K->833732K(1048512K), 0.0042312 secs] [Times: user=0.00 sys=0.00, real=0.01 secs] 
27.654: [GC (Allocation Failure) 27.654: [DefNew: 447K->64K(448K), 0.0050043 secs] 834116K->834110K(1048512K), 0.0051194 secs] [Times: user=0.00 sys=0.00, real=0.00 secs] 
27.669: [GC (Allocation Failure) 27.669: [DefNew: 448K->64K(448K), 0.0031021 secs] 834494K->834489K(1048512K), 0.0031655 secs] [Times: user=0.00 sys=0.00, real=0.00 secs] 
27.681: [GC (Allocation Failure) 27.681: [DefNew: 448K->63K(448K), 0.0029742 secs] 834873K->834869K(1048512K), 0.0030327 secs] [Times: user=0.01 sys=0.00, real=0.01 secs] 
27.694: [GC (Allocation Failure) 27.694: [DefNew: 447K->63K(448K), 0.0023208 secs] 835253K->835247K(1048512K), 0.0023692 secs] [Times: user=0.00 sys=0.00, real=0.00 secs] 
27.706: [GC (Allocation Failure) 27.706: [DefNew: 447K->63K(448K), 0.0035141 secs] 835631K->835625K(1048512K), 0.0035833 secs] [Times: user=0.00 sys=0.00, real=0.00 secs] 
27.717: [GC (Allocation Failure) 27.717: [DefNew: 447K->63K(448K), 0.0026520 secs] 836009K->836005K(1048512K), 0.0026999 secs] [Times: user=0.01 sys=0.00, real=0.00 secs] 
27.730: [GC (Allocation Failure) 27.730: [DefNew: 447K->63K(448K), 0.0025791 secs] 836389K->836383K(1048512K), 0.0026357 secs] [Times: user=0.00 sys=0.01, real=0.00 secs] 
27.742: [GC (Allocation Failure) 27.742: [DefNew: 447K->63K(448K), 0.0036491 secs] 836767K->836762K(1048512K), 0.0037449 secs] [Times: user=0.00 sys=0.00, real=0.01 secs] 
27.754: [GC (Allocation Failure) 27.754: [DefNew: 447K->63K(448K), 0.0036614 secs] 837146K->837142K(1048512K), 0.0037335 secs] [Times: user=0.01 sys=0.00, real=0.00 secs] 
27.768: [GC (Allocation Failure) 27.768: [DefNew: 447K->64K(448K), 0.0036292 secs] 837526K->837518K(1048512K), 0.0037013 secs] [Times: user=0.00 sys=0.00, real=0.00 secs] 
27.779: [GC (Allocation Failure) 27.779: [DefNew: 448K->63K(448K), 0.0026148 secs] 837902K->837897K(1048512K), 0.0026623 secs] [Times: user=0.00 sys=0.00, real=0.00 secs] 
27.792: [GC (Allocation Failure) 27.792: [DefNew: 447K->63K(448K), 0.0028654 secs] 838281K->838277K(1048512K), 0.0029248 secs] [Times: user=0.01 sys=0.00, real=0.01 secs] 
27.804: [GC (Allocation Failure) 27.804: [DefNew: 447K->63K(448K), 0.0033183 secs] 838661K->838656K(1048512K), 0.0033748 secs] [Times: user=0.00 sys=0.00, real=0.00 secs] 
27.815: [GC (Allocation Failure) 27.815: [DefNew: 447K->64K(448K), 0.0026065 secs] 839040K->839035K(1048512K), 0.0026551 secs] [Times: user=0.00 sys=0.00, real=0.00 secs] 
27.827: [GC (Allocation Failure) 27.827: [DefNew: 448K->63K(448K), 0.0038305 secs] 839419K->839413K(1048512K), 0.0038957 secs] [Times: user=0.01 sys=0.00, real=0.00 secs] 
27.841: [GC (Allocation Failure) 27.841: [DefNew: 447K->63K(448K), 0.0028882 secs] 839797K->839792K(1048512K), 0.0029490 secs] [Times: user=0.00 sys=0.00, real=0.01 secs] 
27.852: [GC (Allocation Failure) 27.852: [DefNew: 447K->63K(448K), 0.0033669 secs] 840176K->840172K(1048512K), 0.0034213 secs] [Times: user=0.00 sys=0.00, real=0.01 secs] 
27.865: [GC (Allocation Failure) 27.865: [DefNew: 447K->63K(448K), 0.0039054 secs] 840555K->840548K(1048512K), 0.0040437 secs] [Times: user=0.01 sys=0.00, real=0.00 secs] 
27.880: [GC (Allocation Failure) 27.880: [DefNew: 447K->63K(448K), 0.0022689 secs] 840932K->840926K(1048512K), 0.0023172 secs] [Times: user=0.00 sys=0.00, real=0.00 secs] 
27.890: [GC (Allocation Failure) 27.891: [DefNew: 447K->63K(448K), 0.0042219 secs] 841310K->841306K(1048512K), 0.0042896 secs] [Times: user=0.00 sys=0.00, real=0.01 secs] 
27.905: [GC (Allocation Failure) 27.905: [DefNew: 447K->63K(448K), 0.0021385 secs] 841690K->841686K(1048512K), 0.0021900 secs] [Times: user=0.01 sys=0.00, real=0.00 secs] 
27.917: [GC (Allocation Failure) 27.917: [DefNew: 447K->64K(448K), 0.0033611 secs] 842070K->842064K(1048512K), 0.0035112 secs] [Times: user=0.00 sys=0.00, real=0.00 secs] 
27.929: [GC (Allocation Failure) 27.929: [DefNew: 448K->63K(448K), 0.0029980 secs] 842448K->842442K(1048512K), 0.0030585 secs] [Times: user=0.00 sys=0.00, real=0.00 secs] 
27.941: [GC (Allocation Failure) 27.941: [DefNew: 447K->63K(448K), 0.0027281 secs] 842826K->842822K(1048512K), 0.0028106 secs] [Times: user=0.01 sys=0.01, real=0.01 secs] 
27.953: [GC (Allocation Failure) 27.953: [DefNew: 447K->63K(448K), 0.0026291 secs] 843206K->843200K(1048512K), 0.0026816 secs] [Times: user=0.00 sys=0.00, real=0.01 secs] 
27.965: [GC (Allocation Failure) 27.965: [DefNew: 447K->64K(448K), 0.0034836 secs] 843584K->843579K(1048512K), 0.0035471 secs] [Times: user=0.00 sys=0.00, real=0.00 secs] 
27.978: [GC (Allocation Failure) 27.978: [DefNew: 448K->64K(448K), 0.0026476 secs] 843963K->843957K(1048512K), 0.0027108 secs] [Times: user=0.01 sys=0.00, real=0.00 secs] 
27.989: [GC (Allocation Failure) 27.989: [DefNew: 448K->64K(448K), 0.0037965 secs] 844341K->844336K(1048512K), 0.0038602 secs] [Times: user=0.00 sys=0.00, real=0.00 secs] 
28.002: [GC (Allocation Failure) 28.002: [DefNew: 448K->63K(448K), 0.0037188 secs] 844720K->844716K(1048512K), 0.0037885 secs] [Times: user=0.00 sys=0.00, real=0.01 secs] 
28.016: [GC (Allocation Failure) 28.016: [DefNew: 447K->64K(448K), 0.0023928 secs] 845100K->845094K(1048512K), 0.0024410 secs] [Times: user=0.01 sys=0.00, real=0.00 secs] 
28.026: [GC (Allocation Failure) 28.026: [DefNew: 448K->63K(448K), 0.0038118 secs] 845478K->845472K(1048512K), 0.0038765 secs] [Times: user=0.00 sys=0.00, real=0.00 secs] 
28.040: [GC (Allocation Failure) 28.040: [DefNew: 447K->63K(448K), 0.0029605 secs] 845856K->845852K(1048512K), 0.0030211 secs] [Times: user=0.00 sys=0.00, real=0.00 secs] 
28.053: [GC (Allocation Failure) 28.053: [DefNew: 447K->63K(448K), 0.0024161 secs] 846236K->846230K(1048512K), 0.0024795 secs] [Times: user=0.01 sys=0.00, real=0.01 secs] 
28.064: [GC (Allocation Failure) 28.064: [DefNew: 447K->63K(448K), 0.0032094 secs] 846614K->846609K(1048512K), 0.0032660 secs] [Times: user=0.00 sys=0.00, real=0.00 secs] 
28.076: [GC (Allocation Failure) 28.076: [DefNew: 447K->64K(448K), 0.0074547 secs] 846993K->846986K(1048512K), 0.0075952 secs] [Times: user=0.01 sys=0.00, real=0.01 secs] 
28.092: [GC (Allocation Failure) 28.092: [DefNew: 448K->64K(448K), 0.0052939 secs] 847370K->847366K(1048512K), 0.0053437 secs] [Times: user=0.00 sys=0.00, real=0.01 secs] 
28.107: [GC (Allocation Failure) 28.107: [DefNew: 448K->63K(448K), 0.0032716 secs] 847750K->847746K(1048512K), 0.0033384 secs] [Times: user=0.00 sys=0.00, real=0.00 secs] 
28.120: [GC (Allocation Failure) 28.120: [DefNew: 447K->63K(448K), 0.0036787 secs] 848130K->848124K(1048512K), 0.0037497 secs] [Times: user=0.00 sys=0.00, real=0.01 secs] 
28.133: [GC (Allocation Failure) 28.133: [DefNew: 447K->64K(448K), 0.0024359 secs] 848508K->848502K(1048512K), 0.0024886 secs] [Times: user=0.00 sys=0.00, real=0.01 secs] 
28.145: [GC (Allocation Failure) 28.145: [DefNew: 448K->63K(448K), 0.0033420 secs] 848886K->848882K(1048512K), 0.0034066 secs] [Times: user=0.01 sys=0.00, real=0.00 secs] 
28.158: [GC (Allocation Failure) 28.159: [DefNew: 447K->64K(448K), 0.0039804 secs] 849266K->849260K(1048512K), 0.0040580 secs] [Times: user=0.00 sys=0.00, real=0.00 secs] 
28.172: [GC (Allocation Failure) 28.172: [DefNew: 448K->64K(448K), 0.0042613 secs] 849644K->849639K(1048512K), 0.0044257 secs] [Times: user=0.00 sys=0.00, real=0.01 secs] 
28.185: [GC (Allocation Failure) 28.185: [DefNew: 448K->64K(448K), 0.0023577 secs] 850023K->850017K(1048512K), 0.0024060 secs] [Times: user=0.01 sys=0.00, real=0.00 secs] 
28.198: [GC (Allocation Failure) 28.198: [DefNew: 448K->64K(448K), 0.0032494 secs] 850401K->850396K(1048512K), 0.0033161 secs] [Times: user=0.00 sys=0.00, real=0.00 secs] 
28.210: [GC (Allocation Failure) 28.210: [DefNew: 448K->63K(448K), 0.0041056 secs] 850780K->850776K(1048512K), 0.0041792 secs] [Times: user=0.00 sys=0.00, real=0.01 secs] 
28.224: [GC (Allocation Failure) 28.224: [DefNew: 447K->64K(448K), 0.0036706 secs] 851160K->851153K(1048512K), 0.0037494 secs] [Times: user=0.01 sys=0.00, real=0.00 secs] 
28.238: [GC (Allocation Failure) 28.238: [DefNew: 448K->63K(448K), 0.0029044 secs] 851537K->851532K(1048512K), 0.0029622 secs] [Times: user=0.00 sys=0.00, real=0.00 secs] 
28.250: [GC (Allocation Failure) 28.250: [DefNew: 447K->64K(448K), 0.0049102 secs] 851916K->851912K(1048512K), 0.0050198 secs] [Times: user=0.01 sys=0.00, real=0.01 secs] 
28.264: [GC (Allocation Failure) 28.264: [DefNew: 448K->64K(448K), 0.0022442 secs] 852296K->852290K(1048512K), 0.0023011 secs] [Times: user=0.00 sys=0.00, real=0.00 secs] 
28.275: [GC (Allocation Failure) 28.275: [DefNew: 448K->63K(448K), 0.0036402 secs] 852674K->852668K(1048512K), 0.0037062 secs] [Times: user=0.00 sys=0.00, real=0.00 secs] 
28.288: [GC (Allocation Failure) 28.288: [DefNew: 447K->64K(448K), 0.0098137 secs] 853052K->853046K(1048512K), 0.0100455 secs] [Times: user=0.01 sys=0.00, real=0.01 secs] 
28.308: [GC (Allocation Failure) 28.308: [DefNew: 448K->64K(448K), 0.0051347 secs] 853430K->853425K(1048512K), 0.0052049 secs] [Times: user=0.00 sys=0.00, real=0.00 secs] 
28.321: [GC (Allocation Failure) 28.322: [DefNew: 448K->64K(448K), 0.0030213 secs] 853809K->853805K(1048512K), 0.0030826 secs] [Times: user=0.01 sys=0.00, real=0.01 secs] 
28.335: [GC (Allocation Failure) 28.335: [DefNew: 448K->63K(448K), 0.0032921 secs] 854189K->854183K(1048512K), 0.0033916 secs] [Times: user=0.00 sys=0.00, real=0.00 secs] 
28.348: [GC (Allocation Failure) 28.348: [DefNew: 447K->63K(448K), 0.0042867 secs] 854567K->854561K(1048512K), 0.0043590 secs] [Times: user=0.00 sys=0.01, real=0.00 secs] 
28.360: [GC (Allocation Failure) 28.360: [DefNew: 447K->64K(448K), 0.0027995 secs] 854945K->854941K(1048512K), 0.0028483 secs] [Times: user=0.01 sys=0.00, real=0.00 secs] 
28.372: [GC (Allocation Failure) 28.372: [DefNew: 448K->63K(448K), 0.0036877 secs] 855325K->855319K(1048512K), 0.0037821 secs] [Times: user=0.00 sys=0.00, real=0.01 secs] 
28.386: [GC (Allocation Failure) 28.386: [DefNew: 447K->63K(448K), 0.0033774 secs] 855703K->855699K(1048512K), 0.0035492 secs] [Times: user=0.00 sys=0.00, real=0.00 secs] 
28.397: [GC (Allocation Failure) 28.398: [DefNew: 447K->63K(448K), 0.0027891 secs] 856083K->856076K(1048512K), 0.0029228 secs] [Times: user=0.01 sys=0.00, real=0.00 secs] 
28.411: [GC (Allocation Failure) 28.411: [DefNew: 447K->64K(448K), 0.0035105 secs] 856460K->856455K(1048512K), 0.0035703 secs] [Times: user=0.00 sys=0.00, real=0.01 secs] 
28.423: [GC (Allocation Failure) 28.423: [DefNew: 448K->63K(448K), 0.0022069 secs] 856839K->856835K(1048512K), 0.0022519 secs] [Times: user=0.00 sys=0.00, real=0.01 secs] 
28.434: [GC (Allocation Failure) 28.434: [DefNew: 447K->64K(448K), 0.0037623 secs] 857219K->857213K(1048512K), 0.0038338 secs] [Times: user=0.01 sys=0.00, real=0.00 secs] 
28.449: [GC (Allocation Failure) 28.449: [DefNew: 448K->63K(448K), 0.0034167 secs] 857597K->857591K(1048512K), 0.0034818 secs] [Times: user=0.00 sys=0.00, real=0.00 secs] 
28.461: [GC (Allocation Failure) 28.461: [DefNew: 447K->63K(448K), 0.0029116 secs] 857975K->857971K(1048512K), 0.0029652 secs] [Times: user=0.00 sys=0.00, real=0.01 secs] 
28.474: [GC (Allocation Failure) 28.474: [DefNew: 447K->63K(448K), 0.0030884 secs] 858355K->858349K(1048512K), 0.0031526 secs] [Times: user=0.01 sys=0.00, real=0.00 secs] 
28.487: [GC (Allocation Failure) 28.488: [DefNew: 447K->63K(448K), 0.0079587 secs] 858733K->858728K(1048512K), 0.0165462 secs] [Times: user=0.00 sys=0.00, real=0.02 secs] 
28.513: [GC (Allocation Failure) 28.513: [DefNew: 447K->64K(448K), 0.0040780 secs] 859112K->859106K(1048512K), 0.0042204 secs] [Times: user=0.01 sys=0.00, real=0.01 secs] 
28.526: [GC (Allocation Failure) 28.526: [DefNew: 448K->64K(448K), 0.0032366 secs] 859490K->859485K(1048512K), 0.0033093 secs] [Times: user=0.00 sys=0.00, real=0.00 secs] 
28.540: [GC (Allocation Failure) 28.540: [DefNew: 448K->63K(448K), 0.0030860 secs] 859869K->859865K(1048512K), 0.0031396 secs] [Times: user=0.00 sys=0.00, real=0.00 secs] 
28.551: [GC (Allocation Failure) 28.551: [DefNew: 447K->63K(448K), 0.0031455 secs] 860249K->860243K(1048512K), 0.0032053 secs] [Times: user=0.01 sys=0.00, real=0.01 secs] 
28.564: [GC (Allocation Failure) 28.564: [DefNew: 447K->63K(448K), 0.0033028 secs] 860627K->860621K(1048512K), 0.0033664 secs] [Times: user=0.00 sys=0.01, real=0.00 secs] 
28.578: [GC (Allocation Failure) 28.578: [DefNew: 447K->63K(448K), 0.0031526 secs] 861005K->861001K(1048512K), 0.0032123 secs] [Times: user=0.00 sys=0.00, real=0.00 secs] 
28.589: [GC (Allocation Failure) 28.589: [DefNew: 447K->63K(448K), 0.0024267 secs] 861385K->861379K(1048512K), 0.0024802 secs] [Times: user=0.00 sys=0.00, real=0.00 secs] 
28.602: [GC (Allocation Failure) 28.602: [DefNew: 447K->64K(448K), 0.0032103 secs] 861763K->861758K(1048512K), 0.0032688 secs] [Times: user=0.00 sys=0.00, real=0.01 secs] 
28.614: [GC (Allocation Failure) 28.614: [DefNew: 448K->63K(448K), 0.0040608 secs] 862142K->862136K(1048512K), 0.0041263 secs] [Times: user=0.00 sys=0.00, real=0.00 secs] 
28.627: [GC (Allocation Failure) 28.627: [DefNew: 447K->63K(448K), 0.0038016 secs] 862520K->862515K(1048512K), 0.0038711 secs] [Times: user=0.00 sys=0.00, real=0.00 secs] 
28.641: [GC (Allocation Failure) 28.641: [DefNew: 447K->63K(448K), 0.0029761 secs] 862899K->862895K(1048512K), 0.0030330 secs] [Times: user=0.00 sys=0.00, real=0.01 secs] 
28.652: [GC (Allocation Failure) 28.652: [DefNew: 447K->64K(448K), 0.0040085 secs] 863279K->863272K(1048512K), 0.0040714 secs] [Times: user=0.01 sys=0.00, real=0.01 secs] 
28.666: [GC (Allocation Failure) 28.666: [DefNew: 448K->63K(448K), 0.0024240 secs] 863656K->863651K(1048512K), 0.0024820 secs] [Times: user=0.00 sys=0.00, real=0.00 secs] 
28.678: [GC (Allocation Failure) 28.678: [DefNew: 447K->63K(448K), 0.0041197 secs] 864035K->864031K(1048512K), 0.0042052 secs] [Times: user=0.00 sys=0.00, real=0.00 secs] 
28.691: [GC (Allocation Failure) 28.691: [DefNew: 447K->63K(448K), 0.0048597 secs] 864415K->864409K(1048512K), 0.0049449 secs] [Times: user=0.01 sys=0.00, real=0.01 secs] 
28.705: [GC (Allocation Failure) 28.705: [DefNew: 447K->63K(448K), 0.0033831 secs] 864793K->864788K(1048512K), 0.0035432 secs] [Times: user=0.00 sys=0.00, real=0.00 secs] 
28.719: [GC (Allocation Failure) 28.719: [DefNew: 447K->64K(448K), 0.0025912 secs] 865172K->865165K(1048512K), 0.0026526 secs] [Times: user=0.00 sys=0.00, real=0.00 secs] 
28.730: [GC (Allocation Failure) 28.730: [DefNew: 448K->64K(448K), 0.0073595 secs] 865549K->865544K(1048512K), 0.0075269 secs] [Times: user=0.00 sys=0.00, real=0.01 secs] 
28.748: [GC (Allocation Failure) 28.748: [DefNew: 448K->63K(448K), 0.0047276 secs] 865928K->865924K(1048512K), 0.0049015 secs] [Times: user=0.00 sys=0.00, real=0.00 secs] 
28.761: [GC (Allocation Failure) 28.761: [DefNew: 447K->63K(448K), 0.0029825 secs] 866308K->866302K(1048512K), 0.0030692 secs] [Times: user=0.00 sys=0.01, real=0.01 secs] 
28.773: [GC (Allocation Failure) 28.773: [DefNew: 447K->64K(448K), 0.0062194 secs] 866686K->866680K(1048512K), 0.0063056 secs] [Times: user=0.00 sys=0.00, real=0.01 secs] 
28.789: [GC (Allocation Failure) 28.789: [DefNew: 448K->64K(448K), 0.0040099 secs] 867064K->867060K(1048512K), 0.0041118 secs] [Times: user=0.01 sys=0.00, real=0.00 secs] 
28.801: [GC (Allocation Failure) 28.802: [DefNew: 448K->63K(448K), 0.0029420 secs] 867444K->867438K(1048512K), 0.0029964 secs] [Times: user=0.00 sys=0.00, real=0.01 secs] 
28.814: [GC (Allocation Failure) 28.814: [DefNew: 447K->64K(448K), 0.0033740 secs] 867822K->867818K(1048512K), 0.0034601 secs] [Times: user=0.00 sys=0.00, real=0.00 secs] 
28.828: [GC (Allocation Failure) 28.828: [DefNew: 448K->63K(448K), 0.0028809 secs] 868202K->868195K(1048512K), 0.0029349 secs] [Times: user=0.01 sys=0.00, real=0.00 secs] 
28.839: [GC (Allocation Failure) 28.839: [DefNew: 447K->64K(448K), 0.0029161 secs] 868579K->868574K(1048512K), 0.0029742 secs] [Times: user=0.00 sys=0.00, real=0.00 secs] 
28.852: [GC (Allocation Failure) 28.852: [DefNew: 448K->63K(448K), 0.0039823 secs] 868958K->868954K(1048512K), 0.0040635 secs] [Times: user=0.01 sys=0.00, real=0.01 secs] 
28.866: [GC (Allocation Failure) 28.866: [DefNew: 447K->64K(448K), 0.0038541 secs] 869338K->869332K(1048512K), 0.0039250 secs] [Times: user=0.00 sys=0.00, real=0.00 secs] 
28.878: [GC (Allocation Failure) 28.878: [DefNew: 448K->63K(448K), 0.0042207 secs] 869716K->869711K(1048512K), 0.0043023 secs] [Times: user=0.00 sys=0.00, real=0.00 secs] 
28.893: [GC (Allocation Failure) 28.893: [DefNew: 447K->64K(448K), 0.0047699 secs] 870095K->870090K(1048512K), 0.0048549 secs] [Times: user=0.01 sys=0.00, real=0.01 secs] 
28.907: [GC (Allocation Failure) 28.907: [DefNew: 448K->63K(448K), 0.0031860 secs] 870474K->870468K(1048512K), 0.0032456 secs] [Times: user=0.00 sys=0.00, real=0.00 secs] 
28.919: [GC (Allocation Failure) 28.919: [DefNew: 447K->63K(448K), 0.0030511 secs] 870852K->870847K(1048512K), 0.0031130 secs] [Times: user=0.01 sys=0.00, real=0.00 secs] 
28.931: [GC (Allocation Failure) 28.931: [DefNew: 447K->64K(448K), 0.0044571 secs] 871231K->871225K(1048512K), 0.0045425 secs] [Times: user=0.00 sys=0.00, real=0.01 secs] 
28.947: [GC (Allocation Failure) 28.947: [DefNew: 448K->63K(448K), 0.0043253 secs] 871609K->871604K(1048512K), 0.0043893 secs] [Times: user=0.00 sys=0.00, real=0.00 secs] 
28.962: [GC (Allocation Failure) 28.962: [DefNew: 447K->63K(448K), 0.0051905 secs] 871988K->871984K(1048512K), 0.0052826 secs] [Times: user=0.00 sys=0.01, real=0.01 secs] 
28.978: [GC (Allocation Failure) 28.978: [DefNew: 447K->63K(448K), 0.0026751 secs] 872368K->872362K(1048512K), 0.0027451 secs] [Times: user=0.00 sys=0.00, real=0.00 secs] 
28.990: [GC (Allocation Failure) 28.990: [DefNew: 447K->63K(448K), 0.0069241 secs] 872746K->872740K(1048512K), 0.0070644 secs] [Times: user=0.01 sys=0.00, real=0.01 secs] 
29.007: [GC (Allocation Failure) 29.007: [DefNew: 447K->63K(448K), 0.0052112 secs] 873124K->873120K(1048512K), 0.0053527 secs] [Times: user=0.00 sys=0.00, real=0.00 secs] 
29.022: [GC (Allocation Failure) 29.022: [DefNew: 447K->63K(448K), 0.0049113 secs] 873504K->873498K(1048512K), 0.0051183 secs] [Times: user=0.00 sys=0.00, real=0.01 secs] 
29.035: [GC (Allocation Failure) 29.035: [DefNew: 447K->63K(448K), 0.0030764 secs] 873882K->873875K(1048512K), 0.0031527 secs] [Times: user=0.00 sys=0.00, real=0.00 secs] 
29.049: [GC (Allocation Failure) 29.049: [DefNew: 447K->64K(448K), 0.0031053 secs] 874259K->874254K(1048512K), 0.0032359 secs] [Times: user=0.01 sys=0.00, real=0.00 secs] 
29.065: [GC (Allocation Failure) 29.065: [DefNew: 448K->63K(448K), 0.0034612 secs] 874638K->874634K(1048512K), 0.0035325 secs] [Times: user=0.00 sys=0.00, real=0.00 secs] 
29.077: [GC (Allocation Failure) 29.077: [DefNew: 447K->63K(448K), 0.0064365 secs] 875018K->875014K(1048512K), 0.0065265 secs] [Times: user=0.01 sys=0.00, real=0.00 secs] 
29.096: [GC (Allocation Failure) 29.096: [DefNew: 447K->64K(448K), 0.0051939 secs] 875398K->875392K(1048512K), 0.0052598 secs] [Times: user=0.00 sys=0.00, real=0.00 secs] 
29.112: [GC (Allocation Failure) 29.112: [DefNew: 448K->63K(448K), 0.0033348 secs] 875776K->875770K(1048512K), 0.0034481 secs] [Times: user=0.01 sys=0.00, real=0.01 secs] 
29.123: [GC (Allocation Failure) 29.123: [DefNew: 447K->63K(448K), 0.0056954 secs] 876154K->876149K(1048512K), 0.0057511 secs] [Times: user=0.00 sys=0.00, real=0.01 secs] 
29.146: [GC (Allocation Failure) 29.146: [DefNew: 447K->64K(448K), 0.0051566 secs] 876533K->876527K(1048512K), 0.0052284 secs] [Times: user=0.00 sys=0.00, real=0.00 secs] 
29.159: [GC (Allocation Failure) 29.159: [DefNew: 448K->64K(448K), 0.0039496 secs] 876911K->876906K(1048512K), 0.0040973 secs] [Times: user=0.00 sys=0.00, real=0.01 secs] 
29.173: [GC (Allocation Failure) 29.173: [DefNew: 448K->63K(448K), 0.0039648 secs] 877290K->877286K(1048512K), 0.0040299 secs] [Times: user=0.00 sys=0.00, real=0.01 secs] 
29.186: [GC (Allocation Failure) 29.186: [DefNew: 447K->64K(448K), 0.0029011 secs] 877670K->877664K(1048512K), 0.0029570 secs] [Times: user=0.01 sys=0.00, real=0.00 secs] 
29.198: [GC (Allocation Failure) 29.198: [DefNew: 448K->63K(448K), 0.0031175 secs] 878048K->878042K(1048512K), 0.0031846 secs] [Times: user=0.00 sys=0.00, real=0.00 secs] 
29.211: [GC (Allocation Failure) 29.211: [DefNew: 447K->64K(448K), 0.0032762 secs] 878426K->878422K(1048512K), 0.0033342 secs] [Times: user=0.00 sys=0.00, real=0.01 secs] 
29.224: [GC (Allocation Failure) 29.224: [DefNew: 448K->63K(448K), 0.0023874 secs] 878806K->878800K(1048512K), 0.0024357 secs] [Times: user=0.01 sys=0.00, real=0.00 secs] 
29.235: [GC (Allocation Failure) 29.235: [DefNew: 447K->63K(448K), 0.0059349 secs] 879184K->879179K(1048512K), 0.0060599 secs] [Times: user=0.00 sys=0.00, real=0.00 secs] 
29.252: [GC (Allocation Failure) 29.252: [DefNew: 447K->64K(448K), 0.0037070 secs] 879563K->879556K(1048512K), 0.0038198 secs] [Times: user=0.00 sys=0.00, real=0.01 secs] 
29.265: [GC (Allocation Failure) 29.265: [DefNew: 448K->63K(448K), 0.0023614 secs] 879940K->879936K(1048512K), 0.0024126 secs] [Times: user=0.00 sys=0.00, real=0.00 secs] 
29.276: [GC (Allocation Failure) 29.276: [DefNew: 447K->63K(448K), 0.0032883 secs] 880320K->880315K(1048512K), 0.0033556 secs] [Times: user=0.00 sys=0.00, real=0.00 secs] 
29.290: [GC (Allocation Failure) 29.290: [DefNew: 447K->64K(448K), 0.0031192 secs] 880699K->880694K(1048512K), 0.0031862 secs] [Times: user=0.00 sys=0.00, real=0.00 secs] 
29.301: [GC (Allocation Failure) 29.301: [DefNew: 448K->64K(448K), 0.0033335 secs] 881078K->881072K(1048512K), 0.0033973 secs] [Times: user=0.00 sys=0.00, real=0.01 secs] 
29.314: [GC (Allocation Failure) 29.314: [DefNew: 448K->64K(448K), 0.0027949 secs] 881456K->881452K(1048512K), 0.0028484 secs] [Times: user=0.00 sys=0.00, real=0.00 secs] 
29.327: [GC (Allocation Failure) 29.327: [DefNew: 448K->63K(448K), 0.0043493 secs] 881836K->881830K(1048512K), 0.0044239 secs] [Times: user=0.01 sys=0.00, real=0.00 secs] 
29.340: [GC (Allocation Failure) 29.340: [DefNew: 447K->64K(448K), 0.0076028 secs] 882214K->882209K(1048512K), 0.0077451 secs] [Times: user=0.00 sys=0.00, real=0.01 secs] 
29.383: [GC (Allocation Failure) 29.383: [DefNew: 448K->64K(448K), 0.0040984 secs] 882593K->882586K(1048512K), 0.0041768 secs] [Times: user=0.00 sys=0.01, real=0.01 secs] 
29.396: [GC (Allocation Failure) 29.396: [DefNew: 448K->64K(448K), 0.0042362 secs] 882970K->882966K(1048512K), 0.0043093 secs] [Times: user=0.01 sys=0.00, real=0.00 secs] 
29.409: [GC (Allocation Failure) 29.409: [DefNew: 448K->63K(448K), 0.0032927 secs] 883350K->883346K(1048512K), 0.0033982 secs] [Times: user=0.00 sys=0.00, real=0.00 secs] 
29.421: [GC (Allocation Failure) 29.421: [DefNew: 447K->64K(448K), 0.0040894 secs] 883730K->883723K(1048512K), 0.0042402 secs] [Times: user=0.00 sys=0.00, real=0.01 secs] 
29.435: [GC (Allocation Failure) 29.435: [DefNew: 448K->63K(448K), 0.0073823 secs] 884107K->884102K(1048512K), 0.0075198 secs] [Times: user=0.01 sys=0.00, real=0.00 secs] 
29.451: [GC (Allocation Failure) 29.451: [DefNew: 447K->63K(448K), 0.0032080 secs] 884486K->884482K(1048512K), 0.0033001 secs] [Times: user=0.00 sys=0.00, real=0.01 secs] 
29.463: [GC (Allocation Failure) 29.463: [DefNew: 447K->64K(448K), 0.0031713 secs] 884865K->884857K(1048512K), 0.0032456 secs] [Times: user=0.00 sys=0.00, real=0.01 secs] 
29.475: [GC (Allocation Failure) 29.475: [DefNew: 448K->63K(448K), 0.0053736 secs] 885241K->885236K(1048512K), 0.0054946 secs] [Times: user=0.00 sys=0.00, real=0.00 secs] 
29.490: [GC (Allocation Failure) 29.490: [DefNew: 447K->63K(448K), 0.0034142 secs] 885620K->885616K(1048512K), 0.0034917 secs] [Times: user=0.00 sys=0.00, real=0.01 secs] 
29.504: [GC (Allocation Failure) 29.504: [DefNew: 447K->63K(448K), 0.0046180 secs] 886000K->885996K(1048512K), 0.0046885 secs] [Times: user=0.01 sys=0.00, real=0.00 secs] 
29.517: [GC (Allocation Failure) 29.518: [DefNew: 447K->63K(448K), 0.0042162 secs] 886380K->886374K(1048512K), 0.0043620 secs] [Times: user=0.00 sys=0.00, real=0.00 secs] 
29.532: [GC (Allocation Failure) 29.532: [DefNew: 447K->63K(448K), 0.0063722 secs] 886758K->886752K(1048512K), 0.0065440 secs] [Times: user=0.01 sys=0.00, real=0.01 secs] 
29.551: [GC (Allocation Failure) 29.551: [DefNew: 447K->63K(448K), 0.0033430 secs] 887136K->887132K(1048512K), 0.0034060 secs] [Times: user=0.00 sys=0.00, real=0.01 secs] 
29.563: [GC (Allocation Failure) 29.563: [DefNew: 447K->63K(448K), 0.0049933 secs] 887516K->887508K(1048512K), 0.0050456 secs] [Times: user=0.01 sys=0.00, real=0.01 secs] 
29.578: [GC (Allocation Failure) 29.578: [DefNew: 447K->63K(448K), 0.0035380 secs] 887892K->887888K(1048512K), 0.0036468 secs] [Times: user=0.00 sys=0.00, real=0.00 secs] 
29.592: [GC (Allocation Failure) 29.592: [DefNew: 447K->63K(448K), 0.0053010 secs] 888272K->888268K(1048512K), 0.0053699 secs] [Times: user=0.01 sys=0.00, real=0.01 secs] 
29.606: [GC (Allocation Failure) 29.606: [DefNew: 447K->63K(448K), 0.0034654 secs] 888652K->888648K(1048512K), 0.0035335 secs] [Times: user=0.00 sys=0.00, real=0.00 secs] 
29.621: [GC (Allocation Failure) 29.621: [DefNew: 447K->64K(448K), 0.0034201 secs] 889032K->889025K(1048512K), 0.0034853 secs] [Times: user=0.00 sys=0.00, real=0.01 secs] 
29.634: [GC (Allocation Failure) 29.634: [DefNew: 448K->63K(448K), 0.0063606 secs] 889409K->889404K(1048512K), 0.0065207 secs] [Times: user=0.00 sys=0.00, real=0.00 secs] 
29.654: [GC (Allocation Failure) 29.654: [DefNew: 447K->63K(448K), 0.0031704 secs] 889788K->889784K(1048512K), 0.0032547 secs] [Times: user=0.00 sys=0.00, real=0.00 secs] 
29.667: [GC (Allocation Failure) 29.667: [DefNew: 447K->64K(448K), 0.0046471 secs] 890168K->890160K(1048512K), 0.0048718 secs] [Times: user=0.00 sys=0.00, real=0.00 secs] 
29.680: [GC (Allocation Failure) 29.680: [DefNew: 448K->63K(448K), 0.0054440 secs] 890544K->890538K(1048512K), 0.0055140 secs] [Times: user=0.00 sys=0.00, real=0.01 secs] 
29.695: [GC (Allocation Failure) 29.695: [DefNew: 447K->63K(448K), 0.0024464 secs] 890922K->890918K(1048512K), 0.0025009 secs] [Times: user=0.01 sys=0.00, real=0.00 secs] 
29.707: [GC (Allocation Failure) 29.707: [DefNew: 447K->63K(448K), 0.0043886 secs] 891302K->891298K(1048512K), 0.0045184 secs] [Times: user=0.00 sys=0.00, real=0.00 secs] 
29.719: [GC (Allocation Failure) 29.719: [DefNew: 447K->63K(448K), 0.0035302 secs] 891682K->891676K(1048512K), 0.0036025 secs] [Times: user=0.00 sys=0.00, real=0.00 secs] 
29.732: [GC (Allocation Failure) 29.732: [DefNew: 447K->63K(448K), 0.0034273 secs] 892060K->892054K(1048512K), 0.0034800 secs] [Times: user=0.00 sys=0.00, real=0.01 secs] 
29.746: [GC (Allocation Failure) 29.746: [DefNew: 447K->63K(448K), 0.0027596 secs] 892438K->892434K(1048512K), 0.0028665 secs] [Times: user=0.00 sys=0.00, real=0.00 secs] 
29.757: [GC (Allocation Failure) 29.757: [DefNew: 447K->63K(448K), 0.0094518 secs] 892818K->892812K(1048512K), 0.0096729 secs] [Times: user=0.01 sys=0.00, real=0.01 secs] 
29.776: [GC (Allocation Failure) 29.776: [DefNew: 447K->63K(448K), 0.0055874 secs] 893196K->893190K(1048512K), 0.0056614 secs] [Times: user=0.00 sys=0.00, real=0.00 secs] 
29.791: [GC (Allocation Failure) 29.791: [DefNew: 447K->64K(448K), 0.0031244 secs] 893574K->893568K(1048512K), 0.0032226 secs] [Times: user=0.01 sys=0.00, real=0.01 secs] 
29.802: [GC (Allocation Failure) 29.802: [DefNew: 448K->63K(448K), 0.0030497 secs] 893952K->893948K(1048512K), 0.0031709 secs] [Times: user=0.00 sys=0.00, real=0.01 secs] 
29.815: [GC (Allocation Failure) 29.815: [DefNew: 447K->63K(448K), 0.0032182 secs] 894332K->894328K(1048512K), 0.0032821 secs] [Times: user=0.00 sys=0.00, real=0.00 secs] 
29.828: [GC (Allocation Failure) 29.828: [DefNew: 447K->63K(448K), 0.0030231 secs] 894712K->894706K(1048512K), 0.0030951 secs] [Times: user=0.01 sys=0.00, real=0.00 secs] 
29.839: [GC (Allocation Failure) 29.839: [DefNew: 447K->63K(448K), 0.0048678 secs] 895090K->895084K(1048512K), 0.0049755 secs] [Times: user=0.00 sys=0.00, real=0.01 secs] 
29.854: [GC (Allocation Failure) 29.854: [DefNew: 447K->64K(448K), 0.0031946 secs] 895468K->895464K(1048512K), 0.0032507 secs] [Times: user=0.00 sys=0.00, real=0.00 secs] 
29.865: [GC (Allocation Failure) 29.865: [DefNew: 448K->64K(448K), 0.0025742 secs] 895848K->895843K(1048512K), 0.0026541 secs] [Times: user=0.00 sys=0.00, real=0.00 secs] 
29.878: [GC (Allocation Failure) 29.878: [DefNew: 447K->64K(448K), 0.0087868 secs] 896227K->896219K(1048512K), 0.0089799 secs] [Times: user=0.01 sys=0.00, real=0.01 secs] 
29.897: [GC (Allocation Failure) 29.897: [DefNew: 448K->63K(448K), 0.0035128 secs] 896603K->896598K(1048512K), 0.0036251 secs] [Times: user=0.00 sys=0.00, real=0.00 secs] 
29.911: [GC (Allocation Failure) 29.911: [DefNew: 447K->63K(448K), 0.0064792 secs] 896982K->896978K(1048512K), 0.0065951 secs] [Times: user=0.00 sys=0.00, real=0.01 secs] 
29.927: [GC (Allocation Failure) 29.927: [DefNew: 447K->63K(448K), 0.0064453 secs] 897362K->897358K(1048512K), 0.0065866 secs] [Times: user=0.01 sys=0.01, real=0.01 secs] 
29.946: [GC (Allocation Failure) 29.946: [DefNew: 447K->63K(448K), 0.0032254 secs] 897742K->897736K(1048512K), 0.0032923 secs] [Times: user=0.00 sys=0.00, real=0.00 secs] 
29.958: [GC (Allocation Failure) 29.958: [DefNew: 447K->63K(448K), 0.0057200 secs] 898120K->898114K(1048512K), 0.0058891 secs] [Times: user=0.01 sys=0.00, real=0.01 secs] 
29.973: [GC (Allocation Failure) 29.973: [DefNew: 447K->64K(448K), 0.0097830 secs] 898498K->898493K(1048512K), 0.0099317 secs] [Times: user=0.00 sys=0.00, real=0.01 secs] 
29.993: [GC (Allocation Failure) 29.993: [DefNew: 448K->64K(448K), 0.0049639 secs] 898877K->898871K(1048512K), 0.0050311 secs] [Times: user=0.01 sys=0.00, real=0.01 secs] 
30.007: [GC (Allocation Failure) 30.007: [DefNew: 448K->64K(448K), 0.0071198 secs] 899255K->899250K(1048512K), 0.0072531 secs] [Times: user=0.00 sys=0.00, real=0.01 secs] 
30.025: [GC (Allocation Failure) 30.025: [DefNew: 448K->63K(448K), 0.0045787 secs] 899634K->899630K(1048512K), 0.0046578 secs] [Times: user=0.01 sys=0.00, real=0.00 secs] 
30.039: [GC (Allocation Failure) 30.039: [DefNew: 447K->63K(448K), 0.0036277 secs] 900014K->900007K(1048512K), 0.0037136 secs] [Times: user=0.00 sys=0.00, real=0.00 secs] 
30.052: [GC (Allocation Failure) 30.052: [DefNew: 447K->63K(448K), 0.0042082 secs] 900391K->900386K(1048512K), 0.0042873 secs] [Times: user=0.01 sys=0.00, real=0.01 secs] 
30.068: [GC (Allocation Failure) 30.068: [DefNew: 447K->63K(448K), 0.0032256 secs] 900770K->900766K(1048512K), 0.0033153 secs] [Times: user=0.00 sys=0.00, real=0.00 secs] 
30.081: [GC (Allocation Failure) 30.081: [DefNew: 447K->63K(448K), 0.0031406 secs] 901150K->901144K(1048512K), 0.0032130 secs] [Times: user=0.00 sys=0.00, real=0.01 secs] 
30.096: [GC (Allocation Failure) 30.096: [DefNew: 447K->63K(448K), 0.0037675 secs] 901528K->901520K(1048512K), 0.0039372 secs] [Times: user=0.01 sys=0.00, real=0.00 secs] 
30.115: [GC (Allocation Failure) 30.115: [DefNew: 447K->64K(448K), 0.0047808 secs] 901904K->901900K(1048512K), 0.0081573 secs] [Times: user=0.00 sys=0.00, real=0.00 secs] 
30.132: [GC (Allocation Failure) 30.132: [DefNew: 448K->63K(448K), 0.0065120 secs] 902284K->902279K(1048512K), 0.0065804 secs] [Times: user=0.00 sys=0.00, real=0.01 secs] 
30.148: [GC (Allocation Failure) 30.148: [DefNew: 447K->63K(448K), 0.0037357 secs] 902663K->902659K(1048512K), 0.0038387 secs] [Times: user=0.00 sys=0.01, real=0.00 secs] 
30.163: [GC (Allocation Failure) 30.163: [DefNew: 447K->64K(448K), 0.0143233 secs] 903043K->903038K(1048512K), 0.0143817 secs] [Times: user=0.00 sys=0.00, real=0.02 secs] 
30.186: [GC (Allocation Failure) 30.186: [DefNew: 448K->64K(448K), 0.0044065 secs] 903422K->903416K(1048512K), 0.0045314 secs] [Times: user=0.01 sys=0.00, real=0.00 secs] 
30.201: [GC (Allocation Failure) 30.201: [DefNew: 448K->63K(448K), 0.0072682 secs] 903800K->903793K(1048512K), 0.0075134 secs] [Times: user=0.00 sys=0.00, real=0.01 secs] 
30.218: [GC (Allocation Failure) 30.218: [DefNew: 447K->63K(448K), 0.0156589 secs] 904177K->904173K(1048512K), 0.0157402 secs] [Times: user=0.01 sys=0.00, real=0.02 secs] 
30.243: [GC (Allocation Failure) 30.243: [DefNew: 447K->63K(448K), 0.0075930 secs] 904557K->904551K(1048512K), 0.0077073 secs] [Times: user=0.00 sys=0.00, real=0.01 secs] 
30.260: [GC (Allocation Failure) 30.261: [DefNew: 447K->63K(448K), 0.0048676 secs] 904935K->904931K(1048512K), 0.0049648 secs] [Times: user=0.01 sys=0.00, real=0.01 secs] 
30.274: [GC (Allocation Failure) 30.274: [DefNew: 447K->63K(448K), 0.0046886 secs] 905315K->905309K(1048512K), 0.0048108 secs] [Times: user=0.00 sys=0.00, real=0.00 secs] 
30.289: [GC (Allocation Failure) 30.289: [DefNew: 447K->63K(448K), 0.0050778 secs] 905693K->905688K(1048512K), 0.0052040 secs] [Times: user=0.01 sys=0.00, real=0.01 secs] 
30.304: [GC (Allocation Failure) 30.304: [DefNew: 447K->64K(448K), 0.0056689 secs] 906072K->906066K(1048512K), 0.0057709 secs] [Times: user=0.00 sys=0.00, real=0.00 secs] 
30.319: [GC (Allocation Failure) 30.319: [DefNew: 448K->63K(448K), 0.0122472 secs] 906450K->906446K(1048512K), 0.0125938 secs] [Times: user=0.01 sys=0.00, real=0.01 secs] 
30.343: [GC (Allocation Failure) 30.343: [DefNew: 447K->63K(448K), 0.0073831 secs] 906830K->906824K(1048512K), 0.0074565 secs] [Times: user=0.00 sys=0.00, real=0.01 secs] 
30.360: [GC (Allocation Failure) 30.360: [DefNew: 447K->63K(448K), 0.0045561 secs] 907208K->907203K(1048512K), 0.0046295 secs] [Times: user=0.01 sys=0.01, real=0.01 secs] 
30.373: [GC (Allocation Failure) 30.373: [DefNew: 447K->63K(448K), 0.0049322 secs] 907587K->907583K(1048512K), 0.0050593 secs] [Times: user=0.00 sys=0.00, real=0.01 secs] 
30.388: [GC (Allocation Failure) 30.388: [DefNew: 447K->63K(448K), 0.0044060 secs] 907967K->907961K(1048512K), 0.0044817 secs] [Times: user=0.01 sys=0.00, real=0.00 secs] 
30.403: [GC (Allocation Failure) 30.403: [DefNew: 447K->63K(448K), 0.0048776 secs] 908345K->908337K(1048512K), 0.0049759 secs] [Times: user=0.00 sys=0.00, real=0.01 secs] 
30.417: [GC (Allocation Failure) 30.417: [DefNew: 447K->64K(448K), 0.0074670 secs] 908721K->908716K(1048512K), 0.0076504 secs] [Times: user=0.01 sys=0.00, real=0.01 secs] 
30.436: [GC (Allocation Failure) 30.436: [DefNew: 448K->63K(448K), 0.0051581 secs] 909100K->909097K(1048512K), 0.0052295 secs] [Times: user=0.00 sys=0.00, real=0.00 secs] 
30.453: [GC (Allocation Failure) 30.453: [DefNew: 447K->63K(448K), 0.0032509 secs] 909481K->909477K(1048512K), 0.0033248 secs] [Times: user=0.01 sys=0.00, real=0.01 secs] 
30.467: [GC (Allocation Failure) 30.467: [DefNew: 447K->63K(448K), 0.0032621 secs] 909861K->909855K(1048512K), 0.0033342 secs] [Times: user=0.00 sys=0.00, real=0.00 secs] 
30.485: [GC (Allocation Failure) 30.485: [DefNew: 447K->63K(448K), 0.0035192 secs] 910239K->910233K(1048512K), 0.0036381 secs] [Times: user=0.00 sys=0.00, real=0.00 secs] 
30.498: [GC (Allocation Failure) 30.498: [DefNew: 447K->64K(448K), 0.0030693 secs] 910617K->910612K(1048512K), 0.0031325 secs] [Times: user=0.01 sys=0.00, real=0.00 secs] 
30.512: [GC (Allocation Failure) 30.512: [DefNew: 448K->64K(448K), 0.0065290 secs] 910996K->910990K(1048512K), 0.0066926 secs] [Times: user=0.00 sys=0.00, real=0.01 secs] 
30.538: [GC (Allocation Failure) 30.538: [DefNew: 448K->64K(448K), 0.0037519 secs] 911374K->911369K(1048512K), 0.0038217 secs] [Times: user=0.01 sys=0.00, real=0.00 secs] 
30.552: [GC (Allocation Failure) 30.552: [DefNew: 448K->63K(448K), 0.0131066 secs] 911753K->911749K(1048512K), 0.0158750 secs] [Times: user=0.00 sys=0.00, real=0.02 secs] 
30.581: [GC (Allocation Failure) 30.581: [DefNew: 447K->63K(448K), 0.0032641 secs] 912133K->912126K(1048512K), 0.0033293 secs] [Times: user=0.01 sys=0.00, real=0.01 secs] 
30.596: [GC (Allocation Failure) 30.596: [DefNew: 447K->63K(448K), 0.0032868 secs] 912510K->912505K(1048512K), 0.0033543 secs] [Times: user=0.00 sys=0.00, real=0.00 secs] 
30.612: [GC (Allocation Failure) 30.612: [DefNew: 447K->64K(448K), 0.0031592 secs] 912889K->912883K(1048512K), 0.0032324 secs] [Times: user=0.00 sys=0.01, real=0.01 secs] 
30.626: [GC (Allocation Failure) 30.626: [DefNew: 448K->63K(448K), 0.0038160 secs] 913267K->913262K(1048512K), 0.0039165 secs] [Times: user=0.00 sys=0.00, real=0.00 secs] 
30.641: [GC (Allocation Failure) 30.641: [DefNew: 447K->63K(448K), 0.0045214 secs] 913646K->913642K(1048512K), 0.0046327 secs] [Times: user=0.00 sys=0.00, real=0.01 secs] 
30.654: [GC (Allocation Failure) 30.654: [DefNew: 447K->63K(448K), 0.0031855 secs] 914026K->914020K(1048512K), 0.0032589 secs] [Times: user=0.01 sys=0.00, real=0.00 secs] 
30.798: [GC (Allocation Failure) 30.798: [DefNew: 447K->63K(448K), 0.1470638 secs] 930788K->930780K(1048512K), 0.1471842 secs] [Times: user=0.08 sys=0.00, real=0.15 secs] 
30.953: [GC (Allocation Failure) 30.953: [DefNew: 447K->63K(448K), 0.0095653 secs] 931164K->931158K(1048512K), 0.0096514 secs] [Times: user=0.01 sys=0.00, real=0.00 secs] 
30.972: [GC (Allocation Failure) 30.972: [DefNew: 447K->63K(448K), 0.0049516 secs] 931542K->931536K(1048512K), 0.0051824 secs] [Times: user=0.00 sys=0.00, real=0.01 secs] 
30.987: [GC (Allocation Failure) 30.987: [DefNew: 447K->63K(448K), 0.0042808 secs] 931920K->931915K(1048512K), 0.0043622 secs] [Times: user=0.01 sys=0.01, real=0.00 secs] 
30.999: [GC (Allocation Failure) 30.999: [DefNew: 447K->64K(448K), 0.0072048 secs] 932299K->932294K(1048512K), 0.0073214 secs] [Times: user=0.00 sys=0.00, real=0.01 secs] 
31.016: [GC (Allocation Failure) 31.016: [DefNew: 448K->64K(448K), 0.0030382 secs] 932678K->932673K(1048512K), 0.0031075 secs] [Times: user=0.01 sys=0.00, real=0.00 secs] 
31.028: [GC (Allocation Failure) 31.028: [DefNew: 448K->63K(448K), 0.0032445 secs] 933057K->933052K(1048512K), 0.0033445 secs] [Times: user=0.00 sys=0.00, real=0.00 secs] 
31.040: [GC (Allocation Failure) 31.040: [DefNew: 447K->63K(448K), 0.0030449 secs] 933436K->933430K(1048512K), 0.0030972 secs] [Times: user=0.00 sys=0.00, real=0.00 secs] 
31.053: [GC (Allocation Failure) 31.053: [DefNew: 447K->63K(448K), 0.0040479 secs] 933814K->933807K(1048512K), 0.0041712 secs] [Times: user=0.01 sys=0.00, real=0.01 secs] 
31.066: [GC (Allocation Failure) 31.066: [DefNew: 447K->63K(448K), 0.0035762 secs] 934191K->934186K(1048512K), 0.0036865 secs] [Times: user=0.00 sys=0.00, real=0.00 secs] 
31.078: [GC (Allocation Failure) 31.078: [DefNew: 447K->64K(448K), 0.0035295 secs] 934570K->934565K(1048512K), 0.0037389 secs] [Times: user=0.00 sys=0.00, real=0.00 secs] 
31.091: [GC (Allocation Failure) 31.091: [DefNew: 448K->63K(448K), 0.0028183 secs] 934949K->934945K(1048512K), 0.0028739 secs] [Times: user=0.00 sys=0.00, real=0.01 secs] 
31.102: [GC (Allocation Failure) 31.102: [DefNew: 447K->63K(448K), 0.0035420 secs] 935329K->935323K(1048512K), 0.0036329 secs] [Times: user=0.00 sys=0.00, real=0.01 secs] 
31.115: [GC (Allocation Failure) 31.115: [DefNew: 447K->63K(448K), 0.0031400 secs] 935707K->935702K(1048512K), 0.0032069 secs] [Times: user=0.01 sys=0.00, real=0.00 secs] 
31.129: [GC (Allocation Failure) 31.129: [DefNew: 447K->63K(448K), 0.0024063 secs] 936086K->936081K(1048512K), 0.0024600 secs] [Times: user=0.00 sys=0.00, real=0.00 secs] 
31.140: [GC (Allocation Failure) 31.140: [DefNew: 447K->63K(448K), 0.0030170 secs] 936465K->936459K(1048512K), 0.0030742 secs] [Times: user=0.00 sys=0.00, real=0.00 secs] 
31.153: [GC (Allocation Failure) 31.153: [DefNew: 447K->63K(448K), 0.0046575 secs] 936843K->936836K(1048512K), 0.0047944 secs] [Times: user=0.01 sys=0.00, real=0.01 secs] 
31.167: [GC (Allocation Failure) 31.167: [DefNew: 447K->63K(448K), 0.0046183 secs] 937220K->937215K(1048512K), 0.0047462 secs] [Times: user=0.00 sys=0.00, real=0.00 secs] 
31.181: [GC (Allocation Failure) 31.181: [DefNew: 447K->63K(448K), 0.0039838 secs] 937599K->937595K(1048512K), 0.0040658 secs] [Times: user=0.01 sys=0.01, real=0.01 secs] 
31.195: [GC (Allocation Failure) 31.195: [DefNew: 447K->63K(448K), 0.0043479 secs] 937979K->937973K(1048512K), 0.0044250 secs] [Times: user=0.00 sys=0.00, real=0.00 secs] 
31.209: [GC (Allocation Failure) 31.209: [DefNew: 447K->63K(448K), 0.0040981 secs] 938357K->938352K(1048512K), 0.0041811 secs] [Times: user=0.00 sys=0.00, real=0.01 secs] 
31.222: [GC (Allocation Failure) 31.222: [DefNew: 447K->63K(448K), 0.0041888 secs] 938736K->938732K(1048512K), 0.0042600 secs] [Times: user=0.01 sys=0.00, real=0.01 secs] 
31.236: [GC (Allocation Failure) 31.236: [DefNew: 447K->64K(448K), 0.0040852 secs] 939116K->939110K(1048512K), 0.0041663 secs] [Times: user=0.00 sys=0.00, real=0.00 secs] 
31.249: [GC (Allocation Failure) 31.249: [DefNew: 448K->63K(448K), 0.0039437 secs] 939494K->939488K(1048512K), 0.0040327 secs] [Times: user=0.01 sys=0.00, real=0.00 secs] 
31.263: [GC (Allocation Failure) 31.263: [DefNew: 447K->63K(448K), 0.0040396 secs] 939872K->939866K(1048512K), 0.0041286 secs] [Times: user=0.00 sys=0.00, real=0.00 secs] 
31.277: [GC (Allocation Failure) 31.277: [DefNew: 447K->64K(448K), 0.0039798 secs] 940250K->940246K(1048512K), 0.0040903 secs] [Times: user=0.01 sys=0.00, real=0.00 secs] 
31.289: [GC (Allocation Failure) 31.289: [DefNew: 448K->63K(448K), 0.0022373 secs] 940630K->940624K(1048512K), 0.0022944 secs] [Times: user=0.00 sys=0.00, real=0.00 secs] 
31.301: [GC (Allocation Failure) 31.301: [DefNew: 447K->64K(448K), 0.0032167 secs] 941008K->941003K(1048512K), 0.0032760 secs] [Times: user=0.00 sys=0.00, real=0.01 secs] 
31.314: [GC (Allocation Failure) 31.314: [DefNew: 448K->63K(448K), 0.0033902 secs] 941387K->941383K(1048512K), 0.0034563 secs] [Times: user=0.01 sys=0.00, real=0.00 secs] 
31.326: [GC (Allocation Failure) 31.326: [DefNew: 447K->63K(448K), 0.0041776 secs] 941767K->941761K(1048512K), 0.0042502 secs] [Times: user=0.00 sys=0.00, real=0.00 secs] 
31.340: [GC (Allocation Failure) 31.340: [DefNew: 447K->64K(448K), 0.0054402 secs] 942145K->942139K(1048512K), 0.0055977 secs] [Times: user=0.01 sys=0.00, real=0.01 secs] 
31.356: [GC (Allocation Failure) 31.356: [DefNew: 448K->64K(448K), 0.0084407 secs] 942523K->942518K(1048512K), 0.0085559 secs] [Times: user=0.00 sys=0.00, real=0.01 secs] 
31.373: [GC (Allocation Failure) 31.373: [DefNew: 448K->63K(448K), 0.0033123 secs] 942902K->942896K(1048512K), 0.0034192 secs] [Times: user=0.00 sys=0.01, real=0.01 secs] 
31.385: [GC (Allocation Failure) 31.386: [DefNew: 447K->64K(448K), 0.0070639 secs] 943280K->943275K(1048512K), 0.0071927 secs] [Times: user=0.00 sys=0.00, real=0.00 secs] 
31.403: [GC (Allocation Failure) 31.403: [DefNew: 448K->63K(448K), 0.0033521 secs] 943659K->943655K(1048512K), 0.0034207 secs] [Times: user=0.00 sys=0.00, real=0.01 secs] 
31.415: [GC (Allocation Failure) 31.415: [DefNew: 447K->64K(448K), 0.0039906 secs] 944039K->944033K(1048512K), 0.0040796 secs] [Times: user=0.00 sys=0.00, real=0.00 secs] 
31.429: [GC (Allocation Failure) 31.429: [DefNew: 448K->63K(448K), 0.0056469 secs] 944417K->944411K(1048512K), 0.0058730 secs] [Times: user=0.00 sys=0.00, real=0.01 secs] 
31.443: [GC (Allocation Failure) 31.444: [DefNew: 447K->63K(448K), 0.0051340 secs] 944795K->944791K(1048512K), 0.0053119 secs] [Times: user=0.01 sys=0.00, real=0.00 secs] 
31.458: [GC (Allocation Failure) 31.458: [DefNew: 447K->63K(448K), 0.0038905 secs] 945175K->945169K(1048512K), 0.0039780 secs] [Times: user=0.00 sys=0.00, real=0.00 secs] 
31.472: [GC (Allocation Failure) 31.472: [DefNew: 447K->63K(448K), 0.0046812 secs] 945553K->945546K(1048512K), 0.0048916 secs] [Times: user=0.01 sys=0.00, real=0.01 secs] 
31.485: [GC (Allocation Failure) 31.485: [DefNew: 447K->63K(448K), 0.0053615 secs] 945930K->945925K(1048512K), 0.0054570 secs] [Times: user=0.00 sys=0.00, real=0.00 secs] 
31.500: [GC (Allocation Failure) 31.500: [DefNew: 447K->63K(448K), 0.0044847 secs] 946309K->946304K(1048512K), 0.0045575 secs] [Times: user=0.01 sys=0.00, real=0.01 secs] 
31.514: [GC (Allocation Failure) 31.514: [DefNew: 447K->63K(448K), 0.0034345 secs] 946688K->946684K(1048512K), 0.0038288 secs] [Times: user=0.00 sys=0.00, real=0.00 secs] 
31.526: [GC (Allocation Failure) 31.527: [DefNew: 447K->63K(448K), 0.0055738 secs] 947068K->947064K(1048512K), 0.0057076 secs] [Times: user=0.01 sys=0.00, real=0.00 secs] 
31.541: [GC (Allocation Failure) 31.541: [DefNew: 447K->64K(448K), 0.0061256 secs] 947448K->947441K(1048512K), 0.0061866 secs] [Times: user=0.00 sys=0.00, real=0.01 secs] 
31.557: [GC (Allocation Failure) 31.557: [DefNew: 448K->63K(448K), 0.0034771 secs] 947825K->947820K(1048512K), 0.0035657 secs] [Times: user=0.01 sys=0.00, real=0.00 secs] 
31.569: [GC (Allocation Failure) 31.569: [DefNew: 447K->63K(448K), 0.0036344 secs] 948204K->948200K(1048512K), 0.0037299 secs] [Times: user=0.00 sys=0.00, real=0.00 secs] 
31.583: [GC (Allocation Failure) 31.583: [DefNew: 447K->64K(448K), 0.0032624 secs] 948584K->948576K(1048512K), 0.0033722 secs] [Times: user=0.00 sys=0.00, real=0.01 secs] 
31.594: [GC (Allocation Failure) 31.594: [DefNew: 448K->63K(448K), 0.0024505 secs] 948960K->948954K(1048512K), 0.0025031 secs] [Times: user=0.01 sys=0.00, real=0.00 secs] 
31.606: [GC (Allocation Failure) 31.606: [DefNew: 447K->63K(448K), 0.0028040 secs] 949338K->949334K(1048512K), 0.0028702 secs] [Times: user=0.00 sys=0.00, real=0.00 secs] 
31.618: [GC (Allocation Failure) 31.618: [DefNew: 447K->63K(448K), 0.0023892 secs] 949718K->949714K(1048512K), 0.0024490 secs] [Times: user=0.00 sys=0.00, real=0.00 secs] 
31.629: [GC (Allocation Failure) 31.629: [DefNew: 447K->64K(448K), 0.0029808 secs] 950098K->950092K(1048512K), 0.0030479 secs] [Times: user=0.01 sys=0.00, real=0.00 secs] 
31.642: [GC (Allocation Failure) 31.642: [DefNew: 448K->63K(448K), 0.0027492 secs] 950476K->950470K(1048512K), 0.0028038 secs] [Times: user=0.00 sys=0.00, real=0.01 secs] 
31.655: [GC (Allocation Failure) 31.655: [DefNew: 447K->63K(448K), 0.0033003 secs] 950854K->950850K(1048512K), 0.0033654 secs] [Times: user=0.00 sys=0.00, real=0.00 secs] 
31.667: [GC (Allocation Failure) 31.667: [DefNew: 447K->64K(448K), 0.0028025 secs] 951234K->951228K(1048512K), 0.0028577 secs] [Times: user=0.01 sys=0.00, real=0.00 secs] 
31.680: [GC (Allocation Failure) 31.680: [DefNew: 448K->63K(448K), 0.0030101 secs] 951612K->951606K(1048512K), 0.0030739 secs] [Times: user=0.00 sys=0.00, real=0.00 secs] 
31.692: [GC (Allocation Failure) 31.692: [DefNew: 447K->64K(448K), 0.0023669 secs] 951990K->951984K(1048512K), 0.0024160 secs] [Times: user=0.00 sys=0.00, real=0.01 secs] 
31.703: [GC (Allocation Failure) 31.703: [DefNew: 448K->63K(448K), 0.0030636 secs] 952368K->952364K(1048512K), 0.0031209 secs] [Times: user=0.00 sys=0.00, real=0.01 secs] 
31.716: [GC (Allocation Failure) 31.716: [DefNew: 447K->63K(448K), 0.0032096 secs] 952748K->952744K(1048512K), 0.0032730 secs] [Times: user=0.00 sys=0.00, real=0.00 secs] 
31.729: [GC (Allocation Failure) 31.729: [DefNew: 447K->63K(448K), 0.0031541 secs] 953128K->953122K(1048512K), 0.0032376 secs] [Times: user=0.00 sys=0.00, real=0.00 secs] 
31.741: [GC (Allocation Failure) 31.741: [DefNew: 447K->63K(448K), 0.0029202 secs] 953506K->953500K(1048512K), 0.0030050 secs] [Times: user=0.01 sys=0.00, real=0.01 secs] 
31.753: [GC (Allocation Failure) 31.754: [DefNew: 447K->64K(448K), 0.0028762 secs] 953884K->953880K(1048512K), 0.0029607 secs] [Times: user=0.00 sys=0.01, real=0.00 secs] 
31.764: [GC (Allocation Failure) 31.764: [DefNew: 448K->63K(448K), 0.0021058 secs] 954264K->954259K(1048512K), 0.0021510 secs] [Times: user=0.00 sys=0.00, real=0.00 secs] 
31.776: [GC (Allocation Failure) 31.776: [DefNew: 447K->63K(448K), 0.0031357 secs] 954643K->954638K(1048512K), 0.0032012 secs] [Times: user=0.00 sys=0.00, real=0.00 secs] 
31.789: [GC (Allocation Failure) 31.789: [DefNew: 447K->63K(448K), 0.0040149 secs] 955022K->955014K(1048512K), 0.0041336 secs] [Times: user=0.00 sys=0.00, real=0.00 secs] 
31.802: [GC (Allocation Failure) 31.802: [DefNew: 447K->64K(448K), 0.0029599 secs] 955398K->955393K(1048512K), 0.0030245 secs] [Times: user=0.00 sys=0.00, real=0.01 secs] 
31.815: [GC (Allocation Failure) 31.815: [DefNew: 448K->63K(448K), 0.0032189 secs] 955777K->955774K(1048512K), 0.0032781 secs] [Times: user=0.01 sys=0.00, real=0.00 secs] 
31.828: [GC (Allocation Failure) 31.828: [DefNew: 447K->63K(448K), 0.0030209 secs] 956158K->956153K(1048512K), 0.0030778 secs] [Times: user=0.00 sys=0.00, real=0.00 secs] 
31.840: [GC (Allocation Failure) 31.840: [DefNew: 447K->63K(448K), 0.0037345 secs] 956537K->956532K(1048512K), 0.0037994 secs] [Times: user=0.00 sys=0.00, real=0.01 secs] 
31.853: [GC (Allocation Failure) 31.853: [DefNew: 447K->63K(448K), 0.0021465 secs] 956916K->956910K(1048512K), 0.0022018 secs] [Times: user=0.00 sys=0.00, real=0.01 secs] 
31.864: [GC (Allocation Failure) 31.864: [DefNew: 447K->64K(448K), 0.0042509 secs] 957294K->957289K(1048512K), 0.0043163 secs] [Times: user=0.00 sys=0.00, real=0.00 secs] 
31.877: [GC (Allocation Failure) 31.877: [DefNew: 448K->63K(448K), 0.0022101 secs] 957673K->957669K(1048512K), 0.0022601 secs] [Times: user=0.00 sys=0.00, real=0.00 secs] 
31.889: [GC (Allocation Failure) 31.889: [DefNew: 447K->63K(448K), 0.0048039 secs] 958052K->958045K(1048512K), 0.0049841 secs] [Times: user=0.01 sys=0.00, real=0.01 secs] 
31.903: [GC (Allocation Failure) 31.903: [DefNew: 447K->63K(448K), 0.0060826 secs] 958429K->958423K(1048512K), 0.0061779 secs] [Times: user=0.00 sys=0.00, real=0.01 secs] 
31.919: [GC (Allocation Failure) 31.919: [DefNew: 447K->63K(448K), 0.0071211 secs] 958807K->958803K(1048512K), 0.0072481 secs] [Times: user=0.01 sys=0.00, real=0.01 secs] 
31.937: [GC (Allocation Failure) 31.937: [DefNew: 447K->63K(448K), 0.0058448 secs] 959187K->959183K(1048512K), 0.0059975 secs] [Times: user=0.00 sys=0.01, real=0.00 secs] 
31.951: [GC (Allocation Failure) 31.951: [DefNew: 447K->63K(448K), 0.0047674 secs] 959567K->959561K(1048512K), 0.0048396 secs] [Times: user=0.01 sys=0.00, real=0.01 secs] 
31.965: [GC (Allocation Failure) 31.965: [DefNew: 447K->63K(448K), 0.0045911 secs] 959945K->959939K(1048512K), 0.0047107 secs] [Times: user=0.00 sys=0.00, real=0.00 secs] 
31.982: [GC (Allocation Failure) 31.982: [DefNew: 447K->64K(448K), 0.0026757 secs] 960323K->960318K(1048512K), 0.0027390 secs] [Times: user=0.01 sys=0.00, real=0.01 secs] 
31.993: [GC (Allocation Failure) 31.993: [DefNew: 448K->63K(448K), 0.0053056 secs] 960702K->960698K(1048512K), 0.0053798 secs] [Times: user=0.00 sys=0.00, real=0.01 secs] 
32.009: [GC (Allocation Failure) 32.009: [DefNew: 447K->64K(448K), 0.0065445 secs] 961082K->961074K(1048512K), 0.0066720 secs] [Times: user=0.01 sys=0.00, real=0.01 secs] 
32.026: [GC (Allocation Failure) 32.026: [DefNew: 448K->63K(448K), 0.0048352 secs] 961458K->961453K(1048512K), 0.0049033 secs] [Times: user=0.00 sys=0.00, real=0.00 secs] 
32.039: [GC (Allocation Failure) 32.039: [DefNew: 447K->63K(448K), 0.0043862 secs] 961837K->961833K(1048512K), 0.0045265 secs] [Times: user=0.00 sys=0.00, real=0.01 secs] 
32.054: [GC (Allocation Failure) 32.054: [DefNew: 447K->63K(448K), 0.0026556 secs] 962217K->962212K(1048512K), 0.0028206 secs] [Times: user=0.00 sys=0.00, real=0.00 secs] 
32.066: [GC (Allocation Failure) 32.066: [DefNew: 447K->63K(448K), 0.0040236 secs] 962596K->962591K(1048512K), 0.0041135 secs] [Times: user=0.00 sys=0.00, real=0.00 secs] 
32.078: [GC (Allocation Failure) 32.078: [DefNew: 447K->63K(448K), 0.0025910 secs] 962975K->962969K(1048512K), 0.0026681 secs] [Times: user=0.01 sys=0.00, real=0.00 secs] 
32.091: [GC (Allocation Failure) 32.091: [DefNew: 447K->63K(448K), 0.0056580 secs] 963353K->963349K(1048512K), 0.0059625 secs] [Times: user=0.00 sys=0.00, real=0.01 secs] 
32.106: [GC (Allocation Failure) 32.106: [DefNew: 447K->63K(448K), 0.0052002 secs] 963733K->963725K(1048512K), 0.0052920 secs] [Times: user=0.01 sys=0.01, real=0.00 secs] 
32.121: [GC (Allocation Failure) 32.121: [DefNew: 447K->64K(448K), 0.0038471 secs] 964109K->964104K(1048512K), 0.0039297 secs] [Times: user=0.00 sys=0.00, real=0.01 secs] 
32.139: [GC (Allocation Failure) 32.139: [DefNew: 448K->63K(448K), 0.0030097 secs] 964488K->964485K(1048512K), 0.0030774 secs] [Times: user=0.00 sys=0.00, real=0.00 secs] 
32.150: [GC (Allocation Failure) 32.150: [DefNew: 447K->63K(448K), 0.0039168 secs] 964869K->964864K(1048512K), 0.0040633 secs] [Times: user=0.01 sys=0.00, real=0.01 secs] 
32.164: [GC (Allocation Failure) 32.164: [DefNew: 447K->64K(448K), 0.0034360 secs] 965248K->965242K(1048512K), 0.0034993 secs] [Times: user=0.00 sys=0.00, real=0.00 secs] 
32.177: [GC (Allocation Failure) 32.177: [DefNew: 448K->63K(448K), 0.0033739 secs] 965626K->965621K(1048512K), 0.0034476 secs] [Times: user=0.00 sys=0.00, real=0.00 secs] 
32.188: [GC (Allocation Failure) 32.189: [DefNew: 447K->64K(448K), 0.0024030 secs] 966005K->966000K(1048512K), 0.0024566 secs] [Times: user=0.01 sys=0.00, real=0.00 secs] 
32.201: [GC (Allocation Failure) 32.201: [DefNew: 448K->63K(448K), 0.0030611 secs] 966384K->966379K(1048512K), 0.0031220 secs] [Times: user=0.00 sys=0.00, real=0.01 secs] 
32.213: [GC (Allocation Failure) 32.213: [DefNew: 447K->63K(448K), 0.0042638 secs] 966763K->966755K(1048512K), 0.0043757 secs] [Times: user=0.01 sys=0.00, real=0.01 secs] 
32.226: [GC (Allocation Failure) 32.226: [DefNew: 447K->63K(448K), 0.0032420 secs] 967139K->967135K(1048512K), 0.0033289 secs] [Times: user=0.00 sys=0.00, real=0.00 secs] 
32.239: [GC (Allocation Failure) 32.239: [DefNew: 447K->63K(448K), 0.0029006 secs] 967519K->967514K(1048512K), 0.0029687 secs] [Times: user=0.00 sys=0.00, real=0.00 secs] 
32.251: [GC (Allocation Failure) 32.251: [DefNew: 447K->63K(448K), 0.0022808 secs] 967898K->967893K(1048512K), 0.0023266 secs] [Times: user=0.00 sys=0.00, real=0.01 secs] 
32.262: [GC (Allocation Failure) 32.262: [DefNew: 447K->63K(448K), 0.0030350 secs] 968277K->968273K(1048512K), 0.0030893 secs] [Times: user=0.01 sys=0.00, real=0.01 secs] 
32.275: [GC (Allocation Failure) 32.275: [DefNew: 447K->64K(448K), 0.0031717 secs] 968657K->968651K(1048512K), 0.0032382 secs] [Times: user=0.00 sys=0.00, real=0.00 secs] 
32.287: [GC (Allocation Failure) 32.287: [DefNew: 448K->63K(448K), 0.0032268 secs] 969035K->969029K(1048512K), 0.0032967 secs] [Times: user=0.00 sys=0.00, real=0.00 secs] 
32.300: [GC (Allocation Failure) 32.300: [DefNew: 447K->63K(448K), 0.0033414 secs] 969413K->969409K(1048512K), 0.0034145 secs] [Times: user=0.00 sys=0.00, real=0.01 secs] 
32.313: [GC (Allocation Failure) 32.313: [DefNew: 447K->64K(448K), 0.0033710 secs] 969793K->969785K(1048512K), 0.0034371 secs] [Times: user=0.00 sys=0.00, real=0.00 secs] 
32.325: [GC (Allocation Failure) 32.325: [DefNew: 448K->63K(448K), 0.0030421 secs] 970169K->970164K(1048512K), 0.0031003 secs] [Times: user=0.00 sys=0.01, real=0.00 secs] 
32.338: [GC (Allocation Failure) 32.338: [DefNew: 447K->63K(448K), 0.0028814 secs] 970548K->970544K(1048512K), 0.0029442 secs] [Times: user=0.00 sys=0.00, real=0.00 secs] 
32.351: [GC (Allocation Failure) 32.351: [DefNew: 447K->63K(448K), 0.0031323 secs] 970928K->970923K(1048512K), 0.0031914 secs] [Times: user=0.00 sys=0.00, real=0.01 secs] 
32.363: [GC (Allocation Failure) 32.363: [DefNew: 447K->63K(448K), 0.0031798 secs] 971307K->971302K(1048512K), 0.0032698 secs] [Times: user=0.01 sys=0.00, real=0.01 secs] 
32.376: [GC (Allocation Failure) 32.376: [DefNew: 447K->63K(448K), 0.0031331 secs] 971686K->971680K(1048512K), 0.0031960 secs] [Times: user=0.00 sys=0.00, real=0.00 secs] 
32.389: [GC (Allocation Failure) 32.389: [DefNew: 447K->63K(448K), 0.0047529 secs] 972064K->972059K(1048512K), 0.0048649 secs] [Times: user=0.00 sys=0.00, real=0.01 secs] 
32.401: [GC (Allocation Failure) 32.401: [DefNew: 447K->63K(448K), 0.0028479 secs] 972443K->972438K(1048512K), 0.0029107 secs] [Times: user=0.01 sys=0.00, real=0.01 secs] 
32.414: [GC (Allocation Failure) 32.414: [DefNew: 447K->63K(448K), 0.0022085 secs] 972822K->972815K(1048512K), 0.0022531 secs] [Times: user=0.00 sys=0.00, real=0.00 secs] 
32.424: [GC (Allocation Failure) 32.424: [DefNew: 447K->64K(448K), 0.0057855 secs] 973199K->973194K(1048512K), 0.0059648 secs] [Times: user=0.00 sys=0.00, real=0.00 secs] 
32.440: [GC (Allocation Failure) 32.440: [DefNew: 448K->63K(448K), 0.0034292 secs] 973578K->973574K(1048512K), 0.0034940 secs] [Times: user=0.00 sys=0.00, real=0.00 secs] 
32.453: [GC (Allocation Failure) 32.453: [DefNew: 447K->63K(448K), 0.0031476 secs] 973958K->973953K(1048512K), 0.0032173 secs] [Times: user=0.00 sys=0.00, real=0.01 secs] 
32.465: [GC (Allocation Failure) 32.465: [DefNew: 447K->63K(448K), 0.0030669 secs] 974337K->974332K(1048512K), 0.0031242 secs] [Times: user=0.00 sys=0.00, real=0.00 secs] 
32.478: [GC (Allocation Failure) 32.478: [DefNew: 447K->63K(448K), 0.0028399 secs] 974716K->974710K(1048512K), 0.0029009 secs] [Times: user=0.00 sys=0.00, real=0.00 secs] 
32.491: [GC (Allocation Failure) 32.491: [DefNew: 447K->64K(448K), 0.0032536 secs] 975094K->975089K(1048512K), 0.0033168 secs] [Times: user=0.00 sys=0.00, real=0.01 secs] 
32.502: [GC (Allocation Failure) 32.502: [DefNew: 448K->63K(448K), 0.0023187 secs] 975473K->975469K(1048512K), 0.0023757 secs] [Times: user=0.00 sys=0.00, real=0.01 secs] 
32.515: [GC (Allocation Failure) 32.515: [DefNew: 447K->63K(448K), 0.0029627 secs] 975853K->975847K(1048512K), 0.0030203 secs] [Times: user=0.01 sys=0.00, real=0.00 secs] 
32.528: [GC (Allocation Failure) 32.528: [DefNew: 447K->63K(448K), 0.0031077 secs] 976231K->976223K(1048512K), 0.0031648 secs] [Times: user=0.00 sys=0.00, real=0.00 secs] 
32.540: [GC (Allocation Failure) 32.540: [DefNew: 447K->64K(448K), 0.0031774 secs] 976607K->976603K(1048512K), 0.0032363 secs] [Times: user=0.00 sys=0.00, real=0.00 secs] 
32.553: [GC (Allocation Failure) 32.553: [DefNew: 448K->63K(448K), 0.0030558 secs] 976987K->976983K(1048512K), 0.0031659 secs] [Times: user=0.00 sys=0.00, real=0.00 secs] 
32.566: [GC (Allocation Failure) 32.566: [DefNew: 447K->63K(448K), 0.0037170 secs] 977367K->977363K(1048512K), 0.0037850 secs] [Times: user=0.00 sys=0.00, real=0.00 secs] 
32.578: [GC (Allocation Failure) 32.578: [DefNew: 447K->63K(448K), 0.0024182 secs] 977747K->977741K(1048512K), 0.0024694 secs] [Times: user=0.00 sys=0.00, real=0.00 secs] 
32.589: [GC (Allocation Failure) 32.589: [DefNew: 447K->63K(448K), 0.0025946 secs] 978125K->978119K(1048512K), 0.0026606 secs] [Times: user=0.00 sys=0.00, real=0.00 secs] 
32.600: [GC (Allocation Failure) 32.600: [DefNew: 447K->64K(448K), 0.0024668 secs] 978503K->978498K(1048512K), 0.0025197 secs] [Times: user=0.00 sys=0.00, real=0.00 secs] 
32.613: [GC (Allocation Failure) 32.613: [DefNew: 448K->63K(448K), 0.0031999 secs] 978882K->978878K(1048512K), 0.0032720 secs] [Times: user=0.00 sys=0.00, real=0.01 secs] 
32.626: [GC (Allocation Failure) 32.626: [DefNew: 447K->64K(448K), 0.0037896 secs] 979262K->979254K(1048512K), 0.0039040 secs] [Times: user=0.01 sys=0.00, real=0.00 secs] 
32.638: [GC (Allocation Failure) 32.638: [DefNew: 448K->63K(448K), 0.0038796 secs] 979638K->979633K(1048512K), 0.0039846 secs] [Times: user=0.00 sys=0.00, real=0.00 secs] 
32.651: [GC (Allocation Failure) 32.651: [DefNew: 447K->63K(448K), 0.0028560 secs] 980017K->980012K(1048512K), 0.0029124 secs] [Times: user=0.01 sys=0.00, real=0.01 secs] 
32.664: [GC (Allocation Failure) 32.664: [DefNew: 447K->64K(448K), 0.0021678 secs] 980396K->980392K(1048512K), 0.0022293 secs] [Times: user=0.00 sys=0.00, real=0.00 secs] 
32.674: [GC (Allocation Failure) 32.674: [DefNew: 448K->63K(448K), 0.0028882 secs] 980776K->980770K(1048512K), 0.0029455 secs] [Times: user=0.00 sys=0.00, real=0.00 secs] 
32.687: [GC (Allocation Failure) 32.687: [DefNew: 447K->63K(448K), 0.0030586 secs] 981154K->981149K(1048512K), 0.0031198 secs] [Times: user=0.00 sys=0.00, real=0.00 secs] 
32.700: [GC (Allocation Failure) 32.700: [DefNew: 447K->64K(448K), 0.0038528 secs] 981533K->981528K(1048512K), 0.0039350 secs] [Times: user=0.00 sys=0.00, real=0.01 secs] 
32.712: [GC (Allocation Failure) 32.712: [DefNew: 448K->63K(448K), 0.0038116 secs] 981912K->981908K(1048512K), 0.0038861 secs] [Times: user=0.00 sys=0.00, real=0.01 secs] 
32.725: [GC (Allocation Failure) 32.725: [DefNew: 447K->64K(448K), 0.0044430 secs] 982291K->982283K(1048512K), 0.0045243 secs] [Times: user=0.01 sys=0.00, real=0.00 secs] 
32.740: [GC (Allocation Failure) 32.740: [DefNew: 448K->63K(448K), 0.0028463 secs] 982667K->982662K(1048512K), 0.0029034 secs] [Times: user=0.00 sys=0.00, real=0.00 secs] 
32.751: [GC (Allocation Failure) 32.751: [DefNew: 447K->63K(448K), 0.0030899 secs] 983046K->983042K(1048512K), 0.0031536 secs] [Times: user=0.00 sys=0.00, real=0.01 secs] 
32.764: [GC (Allocation Failure) 32.764: [DefNew: 447K->63K(448K), 0.0032567 secs] 983426K->983422K(1048512K), 0.0033227 secs] [Times: user=0.01 sys=0.00, real=0.00 secs] 
32.776: [GC (Allocation Failure) 32.776: [DefNew: 447K->63K(448K), 0.0029973 secs] 983806K->983800K(1048512K), 0.0030539 secs] [Times: user=0.00 sys=0.00, real=0.00 secs] 
32.789: [GC (Allocation Failure) 32.789: [DefNew: 447K->63K(448K), 0.0033305 secs] 984184K->984178K(1048512K), 0.0033945 secs] [Times: user=0.00 sys=0.00, real=0.00 secs] 
32.802: [GC (Allocation Failure) 32.802: [DefNew: 447K->63K(448K), 0.0036773 secs] 984562K->984558K(1048512K), 0.0037386 secs] [Times: user=0.00 sys=0.00, real=0.01 secs] 
32.814: [GC (Allocation Failure) 32.814: [DefNew: 447K->63K(448K), 0.0022949 secs] 984942K->984936K(1048512K), 0.0023419 secs] [Times: user=0.00 sys=0.00, real=0.00 secs] 
32.826: [GC (Allocation Failure) 32.826: [DefNew: 447K->64K(448K), 0.0029235 secs] 985320K->985315K(1048512K), 0.0029839 secs] [Times: user=0.00 sys=0.00, real=0.00 secs] 
32.838: [GC (Allocation Failure) 32.838: [DefNew: 448K->63K(448K), 0.0056157 secs] 985699K->985693K(1048512K), 0.0057495 secs] [Times: user=0.00 sys=0.00, real=0.01 secs] 
32.853: [GC (Allocation Failure) 32.853: [DefNew: 447K->64K(448K), 0.0031033 secs] 986077K->986072K(1048512K), 0.0031608 secs] [Times: user=0.00 sys=0.00, real=0.01 secs] 
32.865: [GC (Allocation Failure) 32.865: [DefNew: 448K->63K(448K), 0.0025278 secs] 986456K->986452K(1048512K), 0.0025783 secs] [Times: user=0.01 sys=0.00, real=0.00 secs] 
32.878: [GC (Allocation Failure) 32.878: [DefNew: 447K->64K(448K), 0.0031217 secs] 986836K->986829K(1048512K), 0.0032036 secs] [Times: user=0.00 sys=0.00, real=0.00 secs] 
32.890: [GC (Allocation Failure) 32.890: [DefNew: 448K->63K(448K), 0.0104987 secs] 987213K->987208K(1048512K), 0.0105898 secs] [Times: user=0.00 sys=0.00, real=0.01 secs] 
32.915: [GC (Allocation Failure) 32.915: [DefNew: 447K->63K(448K), 0.0053477 secs] 987592K->987588K(1048512K), 0.0054486 secs] [Times: user=0.00 sys=0.00, real=0.00 secs] 
32.930: [GC (Allocation Failure) 32.931: [DefNew: 447K->63K(448K), 0.0059708 secs] 987972K->987966K(1048512K), 0.0060653 secs] [Times: user=0.01 sys=0.00, real=0.01 secs] 
32.945: [GC (Allocation Failure) 32.945: [DefNew: 447K->63K(448K), 0.0040255 secs] 988350K->988342K(1048512K), 0.0041335 secs] [Times: user=0.00 sys=0.01, real=0.00 secs] 
32.960: [GC (Allocation Failure) 32.960: [DefNew: 447K->63K(448K), 0.0094519 secs] 988726K->988722K(1048512K), 0.0096824 secs] [Times: user=0.00 sys=0.00, real=0.01 secs] 
32.978: [GC (Allocation Failure) 32.978: [DefNew: 447K->63K(448K), 0.0107990 secs] 989106K->989101K(1048512K), 0.0108697 secs] [Times: user=0.00 sys=0.00, real=0.01 secs] 
32.998: [GC (Allocation Failure) 32.998: [DefNew: 447K->63K(448K), 0.0051613 secs] 989485K->989481K(1048512K), 0.0053120 secs] [Times: user=0.00 sys=0.00, real=0.01 secs] 
33.014: [GC (Allocation Failure) 33.014: [DefNew: 447K->63K(448K), 0.0054450 secs] 989865K->989861K(1048512K), 0.0055555 secs] [Times: user=0.01 sys=0.00, real=0.00 secs] 
33.027: [GC (Allocation Failure) 33.027: [DefNew: 447K->64K(448K), 0.0093580 secs] 990245K->990238K(1048512K), 0.0095505 secs] [Times: user=0.00 sys=0.00, real=0.01 secs] 
33.048: [GC (Allocation Failure) 33.048: [DefNew: 448K->63K(448K), 0.0037049 secs] 990622K->990615K(1048512K), 0.0038277 secs] [Times: user=0.01 sys=0.00, real=0.00 secs] 
33.061: [GC (Allocation Failure) 33.061: [DefNew: 447K->63K(448K), 0.0052344 secs] 990999K->990995K(1048512K), 0.0053706 secs] [Times: user=0.00 sys=0.00, real=0.01 secs] 
33.075: [GC (Allocation Failure) 33.075: [DefNew: 447K->63K(448K), 0.0050684 secs] 991379K->991374K(1048512K), 0.0052000 secs] [Times: user=0.00 sys=0.00, real=0.00 secs] 
33.090: [GC (Allocation Failure) 33.090: [DefNew: 447K->64K(448K), 0.0029935 secs] 991758K->991753K(1048512K), 0.0030678 secs] [Times: user=0.00 sys=0.00, real=0.00 secs] 
33.102: [GC (Allocation Failure) 33.103: [DefNew: 448K->63K(448K), 0.0028932 secs] 992137K->992132K(1048512K), 0.0029864 secs] [Times: user=0.00 sys=0.00, real=0.01 secs] 
33.113: [GC (Allocation Failure) 33.113: [DefNew: 447K->63K(448K), 0.0033718 secs] 992516K->992510K(1048512K), 0.0034491 secs] [Times: user=0.01 sys=0.00, real=0.01 secs] 
33.126: [GC (Allocation Failure) 33.126: [DefNew: 447K->64K(448K), 0.0051206 secs] 992894K->992890K(1048512K), 0.0051994 secs] [Times: user=0.00 sys=0.00, real=0.00 secs] 
33.139: [GC (Allocation Failure) 33.139: [DefNew: 448K->63K(448K), 0.0092815 secs] 993274K->993268K(1048512K), 0.0093390 secs] [Times: user=0.00 sys=0.00, real=0.01 secs] 
33.164: [GC (Allocation Failure) 33.164: [DefNew: 447K->63K(448K), 0.0041085 secs] 993652K->993645K(1048512K), 0.0042526 secs] [Times: user=0.01 sys=0.00, real=0.00 secs] 
33.178: [GC (Allocation Failure) 33.178: [DefNew: 447K->63K(448K), 0.0036348 secs] 994029K->994024K(1048512K), 0.0037436 secs] [Times: user=0.00 sys=0.00, real=0.00 secs] 
33.193: [GC (Allocation Failure) 33.194: [DefNew: 447K->63K(448K), 0.0039764 secs] 994408K->994403K(1048512K), 0.0040826 secs] [Times: user=0.01 sys=0.00, real=0.00 secs] 
33.207: [GC (Allocation Failure) 33.207: [DefNew: 447K->63K(448K), 0.0029256 secs] 994787K->994783K(1048512K), 0.0030073 secs] [Times: user=0.00 sys=0.00, real=0.00 secs] 
33.221: [GC (Allocation Failure) 33.221: [DefNew: 447K->63K(448K), 0.0071870 secs] 995167K->995163K(1048512K), 0.0073464 secs] [Times: user=0.00 sys=0.00, real=0.01 secs] 
33.237: [GC (Allocation Failure) 33.237: [DefNew: 447K->64K(448K), 0.0025635 secs] 995547K->995540K(1048512K), 0.0026139 secs] [Times: user=0.01 sys=0.00, real=0.00 secs] 
33.249: [GC (Allocation Failure) 33.249: [DefNew: 448K->63K(448K), 0.0034274 secs] 995924K->995919K(1048512K), 0.0034783 secs] [Times: user=0.00 sys=0.00, real=0.00 secs] 
33.262: [GC (Allocation Failure) 33.262: [DefNew: 447K->64K(448K), 0.0040473 secs] 996303K->996297K(1048512K), 0.0041182 secs] [Times: user=0.00 sys=0.00, real=0.01 secs] 
33.274: [GC (Allocation Failure) 33.274: [DefNew: 448K->64K(448K), 0.0044670 secs] 996681K->996676K(1048512K), 0.0045474 secs] [Times: user=0.01 sys=0.00, real=0.00 secs] 
33.288: [GC (Allocation Failure) 33.288: [DefNew: 448K->63K(448K), 0.0022476 secs] 997060K->997056K(1048512K), 0.0023112 secs] [Times: user=0.00 sys=0.00, real=0.00 secs] 
33.300: [GC (Allocation Failure) 33.300: [DefNew: 447K->63K(448K), 0.0046925 secs] 997440K->997434K(1048512K), 0.0048203 secs] [Times: user=0.01 sys=0.00, real=0.01 secs] 
33.313: [GC (Allocation Failure) 33.313: [DefNew: 447K->63K(448K), 0.0030317 secs] 997818K->997812K(1048512K), 0.0031657 secs] [Times: user=0.00 sys=0.00, real=0.00 secs] 
33.326: [GC (Allocation Failure) 33.326: [DefNew: 447K->64K(448K), 0.0045108 secs] 998196K->998191K(1048512K), 0.0045938 secs] [Times: user=0.00 sys=0.00, real=0.00 secs] 
33.343: [GC (Allocation Failure) 33.343: [DefNew: 448K->63K(448K), 0.0034528 secs] 998575K->998571K(1048512K), 0.0035980 secs] [Times: user=0.01 sys=0.00, real=0.01 secs] 
33.356: [GC (Allocation Failure) 33.356: [DefNew: 447K->64K(448K), 0.0025047 secs] 998955K->998947K(1048512K), 0.0025774 secs] [Times: user=0.00 sys=0.00, real=0.00 secs] 
33.368: [GC (Allocation Failure) 33.368: [DefNew: 448K->63K(448K), 0.0050794 secs] 999331K->999326K(1048512K), 0.0052175 secs] [Times: user=0.01 sys=0.00, real=0.01 secs] 
33.385: [GC (Allocation Failure) 33.385: [DefNew: 447K->63K(448K), 0.0035484 secs] 999710K->999705K(1048512K), 0.0036577 secs] [Times: user=0.00 sys=0.00, real=0.00 secs] 
33.399: [GC (Allocation Failure) 33.399: [DefNew: 447K->63K(448K), 0.0066546 secs] 1000089K->1000085K(1048512K), 0.0067683 secs] [Times: user=0.01 sys=0.00, real=0.01 secs] 
33.415: [GC (Allocation Failure) 33.415: [DefNew: 447K->63K(448K), 0.0030058 secs] 1000469K->1000463K(1048512K), 0.0031635 secs] [Times: user=0.00 sys=0.00, real=0.00 secs] 
33.427: [GC (Allocation Failure) 33.427: [DefNew: 447K->64K(448K), 0.0039466 secs] 1000847K->1000841K(1048512K), 0.0040733 secs] [Times: user=0.00 sys=0.00, real=0.00 secs] 
33.440: [GC (Allocation Failure) 33.440: [DefNew: 448K->64K(448K), 0.0021862 secs] 1001225K->1001221K(1048512K), 0.0022343 secs] [Times: user=0.01 sys=0.00, real=0.00 secs] 
33.451: [GC (Allocation Failure) 33.451: [DefNew: 448K->63K(448K), 0.0043692 secs] 1001605K->1001601K(1048512K), 0.0045758 secs] [Times: user=0.00 sys=0.00, real=0.01 secs] 
33.464: [GC (Allocation Failure) 33.464: [DefNew: 447K->64K(448K), 0.0041468 secs] 1001984K->1001976K(1048512K), 0.0042065 secs] [Times: user=0.01 sys=0.00, real=0.00 secs] 
33.477: [GC (Allocation Failure) 33.477: [DefNew: 448K->63K(448K), 0.0046923 secs] 1002360K->1002355K(1048512K), 0.0048282 secs] [Times: user=0.00 sys=0.00, real=0.00 secs] 
33.490: [GC (Allocation Failure) 33.490: [DefNew: 447K->63K(448K), 0.0024011 secs] 1002739K->1002735K(1048512K), 0.0024668 secs] [Times: user=0.00 sys=0.00, real=0.00 secs] 
33.503: [GC (Allocation Failure) 33.503: [DefNew: 447K->63K(448K), 0.0053482 secs] 1003119K->1003115K(1048512K), 0.0054827 secs] [Times: user=0.01 sys=0.00, real=0.01 secs] 
33.518: [GC (Allocation Failure) 33.518: [DefNew: 447K->63K(448K), 0.0024160 secs] 1003499K->1003493K(1048512K), 0.0024693 secs] [Times: user=0.00 sys=0.00, real=0.00 secs] 
33.528: [GC (Allocation Failure) 33.528: [DefNew: 447K->63K(448K), 0.0022855 secs] 1003877K->1003871K(1048512K), 0.0023406 secs] [Times: user=0.00 sys=0.01, real=0.00 secs] 
33.539: [GC (Allocation Failure) 33.539: [DefNew: 447K->63K(448K), 0.0022128 secs] 1004255K->1004251K(1048512K), 0.0022833 secs] [Times: user=0.01 sys=0.00, real=0.00 secs] 
33.550: [GC (Allocation Failure) 33.550: [DefNew: 447K->63K(448K), 0.0051563 secs] 1004635K->1004629K(1048512K), 0.0052304 secs] [Times: user=0.00 sys=0.00, real=0.01 secs] 
33.564: [GC (Allocation Failure) 33.564: [DefNew: 447K->63K(448K), 0.0034357 secs] 1005013K->1005006K(1048512K), 0.0035262 secs] [Times: user=0.00 sys=0.00, real=0.00 secs] 
33.577: [GC (Allocation Failure) 33.577: [DefNew: 447K->64K(448K), 0.0060164 secs] 1005390K->1005385K(1048512K), 0.0061099 secs] [Times: user=0.00 sys=0.00, real=0.00 secs] 
33.592: [GC (Allocation Failure) 33.592: [DefNew: 448K->63K(448K), 0.0052608 secs] 1005769K->1005765K(1048512K), 0.0055689 secs] [Times: user=0.01 sys=0.00, real=0.01 secs] 
33.606: [GC (Allocation Failure) 33.606: [DefNew: 447K->64K(448K), 0.0079816 secs] 1006149K->1006145K(1048512K), 0.0083998 secs] [Times: user=0.00 sys=0.00, real=0.01 secs] 
33.628: [GC (Allocation Failure) 33.629: [DefNew: 448K->63K(448K), 0.0049775 secs] 1006529K->1006523K(1048512K), 0.0050927 secs] [Times: user=0.01 sys=0.00, real=0.01 secs] 
33.643: [GC (Allocation Failure) 33.643: [DefNew: 447K->63K(448K), 0.0095145 secs] 1006907K->1006901K(1048512K), 0.0096108 secs] [Times: user=0.00 sys=0.00, real=0.01 secs] 
33.661: [GC (Allocation Failure) 33.661: [DefNew: 447K->64K(448K), 0.0035600 secs] 1007285K->1007280K(1048512K), 0.0037729 secs] [Times: user=0.00 sys=0.00, real=0.01 secs] 
33.674: [GC (Allocation Failure) 33.674: [DefNew: 448K->64K(448K), 0.0069187 secs] 1007664K->1007658K(1048512K), 0.0069903 secs] [Times: user=0.01 sys=0.00, real=0.00 secs] 
33.690: [GC (Allocation Failure) 33.690: [DefNew: 448K->63K(448K), 0.0077161 secs] 1008042K->1008037K(1048512K), 0.0078106 secs] [Times: user=0.00 sys=0.00, real=0.01 secs] 
33.706: [GC (Allocation Failure) 33.706: [DefNew: 447K->63K(448K), 0.0026311 secs] 1008421K->1008417K(1048512K), 0.0026861 secs] [Times: user=0.01 sys=0.00, real=0.00 secs] 
33.718: [GC (Allocation Failure) 33.718: [DefNew: 447K->64K(448K), 0.0023594 secs] 1008801K->1008794K(1048512K), 0.0024169 secs] [Times: user=0.00 sys=0.00, real=0.00 secs] 
33.729: [GC (Allocation Failure) 33.729: [DefNew: 448K->63K(448K), 0.0027496 secs] 1009178K->1009173K(1048512K), 0.0028041 secs] [Times: user=0.00 sys=0.00, real=0.00 secs] 
33.741: [GC (Allocation Failure) 33.741: [DefNew: 447K->64K(448K), 0.0029462 secs] 1009557K->1009553K(1048512K), 0.0030161 secs] [Times: user=0.01 sys=0.00, real=0.01 secs] 
33.753: [GC (Allocation Failure) 33.753: [DefNew: 448K->63K(448K), 0.0030536 secs] 1009937K->1009931K(1048512K), 0.0031069 secs] [Times: user=0.00 sys=0.00, real=0.00 secs] 
33.765: [GC (Allocation Failure) 33.765: [DefNew: 447K->63K(448K), 0.0032134 secs] 1010315K->1010310K(1048512K), 0.0032745 secs] [Times: user=0.00 sys=0.00, real=0.00 secs] 
33.777: [GC (Allocation Failure) 33.777: [DefNew: 447K->64K(448K), 0.0032958 secs] 1010694K->1010687K(1048512K), 0.0033571 secs] [Times: user=0.01 sys=0.00, real=0.00 secs] 
33.789: [GC (Allocation Failure) 33.789: [DefNew: 448K->63K(448K), 0.0023994 secs] 1011071K->1011067K(1048512K), 0.0024497 secs] [Times: user=0.00 sys=0.00, real=0.00 secs] 
33.800: [GC (Allocation Failure) 33.800: [DefNew: 447K->63K(448K), 0.0031627 secs] 1011451K->1011446K(1048512K), 0.0032224 secs] [Times: user=0.00 sys=0.00, real=0.01 secs] 
33.813: [GC (Allocation Failure) 33.813: [DefNew: 447K->63K(448K), 0.0029162 secs] 1011830K->1011825K(1048512K), 0.0029842 secs] [Times: user=0.01 sys=0.00, real=0.01 secs] 
33.825: [GC (Allocation Failure) 33.825: [DefNew: 447K->63K(448K), 0.0032656 secs] 1012209K->1012203K(1048512K), 0.0033449 secs] [Times: user=0.00 sys=0.00, real=0.00 secs] 
33.837: [GC (Allocation Failure) 33.837: [DefNew: 447K->63K(448K), 0.0038621 secs] 1012587K->1012582K(1048512K), 0.0039601 secs] [Times: user=0.00 sys=0.00, real=0.00 secs] 
33.852: [GC (Allocation Failure) 33.852: [DefNew: 447K->63K(448K), 0.0047623 secs] 1012966K->1012961K(1048512K), 0.0048396 secs] [Times: user=0.01 sys=0.00, real=0.01 secs] 
33.865: [GC (Allocation Failure) 33.865: [DefNew: 447K->63K(448K), 0.0032556 secs] 1013345K->1013340K(1048512K), 0.0033220 secs] [Times: user=0.00 sys=0.00, real=0.00 secs] 
33.878: [GC (Allocation Failure) 33.878: [DefNew: 447K->63K(448K), 0.0044097 secs] 1013724K->1013717K(1048512K), 0.0044828 secs] [Times: user=0.01 sys=0.00, real=0.00 secs] 
33.892: [GC (Allocation Failure) 33.892: [DefNew: 447K->64K(448K), 0.0043356 secs] 1014101K->1014097K(1048512K), 0.0043914 secs] [Times: user=0.00 sys=0.00, real=0.01 secs] 
33.906: [GC (Allocation Failure) 33.906: [DefNew: 448K->63K(448K), 0.0057121 secs] 1014481K->1014476K(1048512K), 0.0059029 secs] [Times: user=0.01 sys=0.00, real=0.00 secs] 
33.921: [GC (Allocation Failure) 33.921: [DefNew: 447K->64K(448K), 0.0025416 secs] 1014860K->1014854K(1048512K), 0.0025947 secs] [Times: user=0.00 sys=0.00, real=0.01 secs] 
33.934: [GC (Allocation Failure) 33.934: [DefNew: 448K->63K(448K), 0.0025797 secs] 1015238K->1015233K(1048512K), 0.0026332 secs] [Times: user=0.00 sys=0.00, real=0.00 secs] 
33.944: [GC (Allocation Failure) 33.944: [DefNew: 447K->63K(448K), 0.0024902 secs] 1015617K->1015613K(1048512K), 0.0025481 secs] [Times: user=0.01 sys=0.01, real=0.00 secs] 
33.956: [GC (Allocation Failure) 33.956: [DefNew: 447K->64K(448K), 0.0027952 secs] 1015997K->1015991K(1048512K), 0.0028560 secs] [Times: user=0.00 sys=0.00, real=0.00 secs] 
33.968: [GC (Allocation Failure) 33.968: [DefNew: 448K->63K(448K), 0.0025618 secs] 1016375K->1016369K(1048512K), 0.0026109 secs] [Times: user=0.00 sys=0.00, real=0.00 secs] 
33.979: [GC (Allocation Failure) 33.979: [DefNew: 447K->64K(448K), 0.0026288 secs] 1016753K->1016747K(1048512K), 0.0026827 secs] [Times: user=0.00 sys=0.00, real=0.00 secs] 
33.991: [GC (Allocation Failure) 33.991: [DefNew: 448K->64K(448K), 0.0025373 secs] 1017131K->1017126K(1048512K), 0.0026001 secs] [Times: user=0.01 sys=0.00, real=0.01 secs] 
34.002: [GC (Allocation Failure) 34.002: [DefNew: 448K->63K(448K), 0.0026159 secs] 1017510K->1017506K(1048512K), 0.0026709 secs] [Times: user=0.00 sys=0.00, real=0.01 secs] 
34.014: [GC (Allocation Failure) 34.014: [DefNew: 447K->63K(448K), 0.0024651 secs] 1017890K->1017884K(1048512K), 0.0025201 secs] [Times: user=0.00 sys=0.00, real=0.00 secs] 
34.026: [GC (Allocation Failure) 34.026: [DefNew: 447K->63K(448K), 0.0028672 secs] 1018268K->1018262K(1048512K), 0.0029283 secs] [Times: user=0.01 sys=0.00, real=0.00 secs] 
34.037: [GC (Allocation Failure) 34.037: [DefNew: 447K->63K(448K), 0.0023713 secs] 1018646K->1018642K(1048512K), 0.0024333 secs] [Times: user=0.00 sys=0.00, real=0.00 secs] 
34.049: [GC (Allocation Failure) 34.049: [DefNew: 447K->63K(448K), 0.0030511 secs] 1019026K->1019020K(1048512K), 0.0031088 secs] [Times: user=0.00 sys=0.00, real=0.00 secs] 
34.062: [GC (Allocation Failure) 34.062: [DefNew: 447K->63K(448K), 0.0027438 secs] 1019404K->1019399K(1048512K), 0.0028062 secs] [Times: user=0.00 sys=0.00, real=0.01 secs] 
34.073: [GC (Allocation Failure) 34.073: [DefNew: 447K->63K(448K), 0.0025701 secs] 1019783K->1019779K(1048512K), 0.0026235 secs] [Times: user=0.00 sys=0.00, real=0.01 secs] 
34.085: [GC (Allocation Failure) 34.085: [DefNew: 447K->64K(448K), 0.0032476 secs] 1020163K->1020155K(1048512K), 0.0033093 secs] [Times: user=0.00 sys=0.00, real=0.00 secs] 
34.098: [GC (Allocation Failure) 34.098: [DefNew: 448K->63K(448K), 0.0042322 secs] 1020539K->1020534K(1048512K), 0.0043635 secs] [Times: user=0.01 sys=0.00, real=0.00 secs] 
34.111: [GC (Allocation Failure) 34.111: [DefNew: 447K->63K(448K), 0.0031381 secs] 1020918K->1020914K(1048512K), 0.0032464 secs] [Times: user=0.00 sys=0.00, real=0.01 secs] 
34.123: [GC (Allocation Failure) 34.123: [DefNew: 447K->63K(448K), 0.0029752 secs] 1021298K->1021293K(1048512K), 0.0030377 secs] [Times: user=0.01 sys=0.00, real=0.01 secs] 
34.136: [GC (Allocation Failure) 34.136: [DefNew: 447K->63K(448K), 0.0053685 secs] 1021677K->1021672K(1048512K), 0.0054302 secs] [Times: user=0.00 sys=0.00, real=0.00 secs] 
34.149: [GC (Allocation Failure) 34.149: [DefNew: 447K->63K(448K), 0.0025257 secs] 1022056K->1022050K(1048512K), 0.0025838 secs] [Times: user=0.00 sys=0.00, real=0.00 secs] 
34.161: [GC (Allocation Failure) 34.161: [DefNew: 447K->63K(448K), 0.0030962 secs] 1022434K->1022429K(1048512K), 0.0031527 secs] [Times: user=0.01 sys=0.00, real=0.01 secs] 
34.172: [GC (Allocation Failure) 34.172: [DefNew: 447K->63K(448K), 0.0030973 secs] 1022813K->1022809K(1048512K), 0.0031493 secs] [Times: user=0.00 sys=0.00, real=0.01 secs] 
34.184: [GC (Allocation Failure) 34.184: [DefNew: 447K->63K(448K), 0.0027739 secs] 1023193K->1023187K(1048512K), 0.0028310 secs] [Times: user=0.00 sys=0.00, real=0.00 secs] 
34.196: [GC (Allocation Failure) 34.196: [DefNew: 447K->63K(448K), 0.0023113 secs] 1023571K->1023563K(1048512K), 0.0023577 secs] [Times: user=0.01 sys=0.00, real=0.00 secs] 
34.207: [GC (Allocation Failure) 34.207: [DefNew: 447K->64K(448K), 0.0031378 secs] 1023947K->1023943K(1048512K), 0.0031900 secs] [Times: user=0.00 sys=0.00, real=0.00 secs] 
34.220: [GC (Allocation Failure) 34.220: [DefNew: 448K->63K(448K), 0.0030196 secs] 1024327K->1024323K(1048512K), 0.0030805 secs] [Times: user=0.00 sys=0.00, real=0.01 secs] 
34.233: [GC (Allocation Failure) 34.233: [DefNew: 447K->63K(448K), 0.0033159 secs] 1024707K->1024703K(1048512K), 0.0033776 secs] [Times: user=0.01 sys=0.00, real=0.00 secs] 
34.245: [GC (Allocation Failure) 34.245: [DefNew: 447K->63K(448K), 0.0028319 secs] 1025087K->1025081K(1048512K), 0.0028891 secs] [Times: user=0.00 sys=0.00, real=0.00 secs] 
34.257: [GC (Allocation Failure) 34.257: [DefNew: 447K->63K(448K), 0.0030254 secs] 1025465K->1025459K(1048512K), 0.0030838 secs] [Times: user=0.00 sys=0.00, real=0.00 secs] 
34.270: [GC (Allocation Failure) 34.270: [DefNew: 447K->63K(448K), 0.0024566 secs] 1025843K->1025838K(1048512K), 0.0025027 secs] [Times: user=0.00 sys=0.00, real=0.00 secs] 
34.280: [GC (Allocation Failure) 34.280: [DefNew: 447K->63K(448K), 0.0025527 secs] 1026222K->1026218K(1048512K), 0.0026057 secs] [Times: user=0.01 sys=0.00, real=0.00 secs] 
34.292: [GC (Allocation Failure) 34.292: [DefNew: 447K->63K(448K), 0.0028909 secs] 1026602K->1026596K(1048512K), 0.0030073 secs] [Times: user=0.00 sys=0.00, real=0.01 secs] 
34.304: [GC (Allocation Failure) 34.304: [DefNew: 447K->63K(448K), 0.0026443 secs] 1026980K->1026973K(1048512K), 0.0027292 secs] [Times: user=0.00 sys=0.00, real=0.00 secs] 
34.316: [GC (Allocation Failure) 34.316: [DefNew: 447K->64K(448K), 0.0022805 secs] 1027357K->1027352K(1048512K), 0.0023316 secs] [Times: user=0.01 sys=0.00, real=0.00 secs] 
34.327: [GC (Allocation Failure) 34.327: [DefNew: 448K->63K(448K), 0.0024908 secs] 1027736K->1027732K(1048512K), 0.0025410 secs] [Times: user=0.00 sys=0.00, real=0.00 secs] 
34.338: [GC (Allocation Failure) 34.338: [DefNew: 447K->63K(448K), 0.0026666 secs] 1028116K->1028112K(1048512K), 0.0027186 secs] [Times: user=0.00 sys=0.00, real=0.00 secs] 
34.350: [GC (Allocation Failure) 34.350: [DefNew: 447K->63K(448K), 0.0023126 secs] 1028496K->1028490K(1048512K), 0.0023593 secs] [Times: user=0.01 sys=0.00, real=0.00 secs] 
34.362: [GC (Allocation Failure) 34.362: [DefNew: 447K->63K(448K), 0.0027537 secs] 1028874K->1028868K(1048512K), 0.0028103 secs] [Times: user=0.00 sys=0.00, real=0.01 secs] 
34.373: [GC (Allocation Failure) 34.373: [DefNew: 447K->64K(448K), 0.0027858 secs] 1029252K->1029248K(1048512K), 0.0028588 secs] [Times: user=0.00 sys=0.00, real=0.01 secs] 
34.386: [GC (Allocation Failure) 34.386: [DefNew: 448K->64K(448K), 0.0032721 secs] 1029632K->1029627K(1048512K), 0.0033404 secs] [Times: user=0.01 sys=0.00, real=0.00 secs] 
34.398: [GC (Allocation Failure) 34.398: [DefNew: 448K->63K(448K), 0.0046717 secs] 1030011K->1030005K(1048512K), 0.0048053 secs] [Times: user=0.00 sys=0.00, real=0.00 secs] 
34.412: [GC (Allocation Failure) 34.412: [DefNew: 447K->63K(448K), 0.0030934 secs] 1030389K->1030382K(1048512K), 0.0031811 secs] [Times: user=0.00 sys=0.00, real=0.01 secs] 
34.425: [GC (Allocation Failure) 34.425: [DefNew: 447K->64K(448K), 0.0035309 secs] 1030766K->1030761K(1048512K), 0.0036054 secs] [Times: user=0.01 sys=0.00, real=0.00 secs] 
34.438: [GC (Allocation Failure) 34.438: [DefNew: 448K->63K(448K), 0.0024484 secs] 1031145K->1031142K(1048512K), 0.0024960 secs] [Times: user=0.00 sys=0.00, real=0.00 secs] 
34.448: [GC (Allocation Failure) 34.448: [DefNew: 447K->63K(448K), 0.0021494 secs] 1031526K->1031521K(1048512K), 0.0021985 secs] [Times: user=0.00 sys=0.00, real=0.00 secs] 
34.459: [GC (Allocation Failure) 34.459: [DefNew: 447K->63K(448K), 0.0022241 secs] 1031905K->1031900K(1048512K), 0.0022794 secs] [Times: user=0.00 sys=0.00, real=0.00 secs] 
34.470: [GC (Allocation Failure) 34.470: [DefNew: 447K->63K(448K), 0.0024138 secs] 1032284K->1032278K(1048512K), 0.0024933 secs] [Times: user=0.00 sys=0.00, real=0.00 secs] 
34.482: [GC (Allocation Failure) 34.482: [DefNew: 447K->64K(448K), 0.0021857 secs] 1032662K->1032657K(1048512K), 0.0022311 secs] [Times: user=0.00 sys=0.00, real=0.01 secs] 
34.493: [GC (Allocation Failure) 34.493: [DefNew: 448K->63K(448K), 0.0025355 secs] 1033041K->1033037K(1048512K), 0.0025943 secs] [Times: user=0.00 sys=0.00, real=0.01 secs] 
34.503: [GC (Allocation Failure) 34.503: [DefNew: 447K->63K(448K), 0.0031024 secs] 1033421K->1033415K(1048512K), 0.0031821 secs] [Times: user=0.01 sys=0.00, real=0.01 secs] 
34.518: [GC (Allocation Failure) 34.518: [DefNew: 447K->63K(448K), 0.0044943 secs] 1033799K->1033791K(1048512K), 0.0045511 secs] [Times: user=0.00 sys=0.00, real=0.00 secs] 
34.531: [GC (Allocation Failure) 34.531: [DefNew: 447K->63K(448K), 0.0025228 secs] 1034175K->1034170K(1048512K), 0.0025747 secs] [Times: user=0.00 sys=0.00, real=0.01 secs] 
34.542: [GC (Allocation Failure) 34.543: [DefNew: 447K->63K(448K), 0.0032141 secs] 1034554K->1034551K(1048512K), 0.0033080 secs] [Times: user=0.01 sys=0.00, real=0.01 secs] 
34.556: [GC (Allocation Failure) 34.556: [DefNew: 447K->64K(448K), 0.0033911 secs] 1034935K->1034931K(1048512K), 0.0034493 secs] [Times: user=0.00 sys=0.00, real=0.00 secs] 
34.569: [GC (Allocation Failure) 34.569: [DefNew: 448K->63K(448K), 0.0031226 secs] 1035315K->1035309K(1048512K), 0.0031803 secs] [Times: user=0.00 sys=0.00, real=0.00 secs] 
34.580: [GC (Allocation Failure) 34.580: [DefNew: 447K->63K(448K), 0.0023710 secs] 1035693K->1035687K(1048512K), 0.0024205 secs] [Times: user=0.01 sys=0.00, real=0.00 secs] 
34.592: [GC (Allocation Failure) 34.592: [DefNew: 447K->64K(448K), 0.0039022 secs] 1036071K->1036066K(1048512K), 0.0039822 secs] [Times: user=0.00 sys=0.00, real=0.01 secs] 
34.606: [GC (Allocation Failure) 34.606: [DefNew: 448K->63K(448K), 0.0026699 secs] 1036450K->1036446K(1048512K), 0.0028585 secs] [Times: user=0.00 sys=0.00, real=0.00 secs] 
34.617: [GC (Allocation Failure) 34.617: [DefNew: 447K->64K(448K), 0.0027537 secs] 1036830K->1036822K(1048512K), 0.0028071 secs] [Times: user=0.01 sys=0.00, real=0.00 secs] 
34.629: [GC (Allocation Failure) 34.629: [DefNew: 448K->63K(448K), 0.0022133 secs] 1037206K->1037201K(1048512K), 0.0022623 secs] [Times: user=0.00 sys=0.00, real=0.00 secs] 
34.639: [GC (Allocation Failure) 34.639: [DefNew: 447K->63K(448K), 0.0028351 secs] 1037585K->1037580K(1048512K), 0.0028880 secs] [Times: user=0.00 sys=0.00, real=0.00 secs] 
34.652: [GC (Allocation Failure) 34.652: [DefNew: 447K->63K(448K), 0.0025064 secs] 1037964K->1037960K(1048512K), 0.0025582 secs] [Times: user=0.01 sys=0.01, real=0.01 secs] 
34.664: [GC (Allocation Failure) 34.664: [DefNew: 447K->63K(448K), 0.0022451 secs] 1038344K->1038338K(1048512K), 0.0022914 secs] [Times: user=0.00 sys=0.00, real=0.00 secs] 
34.674: [GC (Allocation Failure) 34.674: [DefNew: 447K->63K(448K), 0.0039435 secs] 1038722K->1038716K(1048512K), 0.0040028 secs] [Times: user=0.00 sys=0.00, real=0.00 secs] 
34.687: [GC (Allocation Failure) 34.688: [DefNew: 447K->64K(448K), 0.0021923 secs] 1039100K->1039096K(1048512K), 0.0022405 secs] [Times: user=0.00 sys=0.00, real=0.00 secs] 
34.699: [GC (Allocation Failure) 34.699: [DefNew: 448K->63K(448K), 0.0024642 secs] 1039480K->1039476K(1048512K), 0.0025090 secs] [Times: user=0.01 sys=0.00, real=0.00 secs] 
34.710: [GC (Allocation Failure) 34.710: [DefNew: 447K->63K(448K), 0.0030266 secs] 1039860K->1039854K(1048512K), 0.0030958 secs] [Times: user=0.00 sys=0.00, real=0.01 secs] 
34.723: [GC (Allocation Failure) 34.723: [DefNew: 447K->63K(448K), 0.0061202 secs] 1040238K->1040230K(1048512K), 0.0062857 secs] [Times: user=0.01 sys=0.00, real=0.00 secs] 
34.739: [GC (Allocation Failure) 34.739: [DefNew: 447K->64K(448K), 0.0037842 secs] 1040614K->1040609K(1048512K), 0.0038929 secs] [Times: user=0.00 sys=0.00, real=0.00 secs] 
34.751: [GC (Allocation Failure) 34.751: [DefNew: 448K->63K(448K), 0.0023886 secs] 1040993K->1040990K(1048512K), 0.0024437 secs] [Times: user=0.00 sys=0.00, real=0.01 secs] 
34.763: [GC (Allocation Failure) 34.763: [DefNew: 447K->64K(448K), 0.0026018 secs] 1041374K->1041370K(1048512K), 0.0026589 secs] [Times: user=0.01 sys=0.00, real=0.01 secs] 
34.776: [GC (Allocation Failure) 34.776: [DefNew: 448K->63K(448K), 0.0026928 secs] 1041754K->1041748K(1048512K), 0.0027517 secs] [Times: user=0.00 sys=0.00, real=0.00 secs] 
34.787: [GC (Allocation Failure) 34.787: [DefNew: 447K->64K(448K), 0.0023308 secs] 1042132K->1042126K(1048512K), 0.0023782 secs] [Times: user=0.00 sys=0.00, real=0.00 secs] 
34.799: [GC (Allocation Failure) 34.799: [DefNew: 448K->64K(448K), 0.0029176 secs] 1042510K->1042505K(1048512K), 0.0029752 secs] [Times: user=0.01 sys=0.00, real=0.00 secs] 
34.810: [GC (Allocation Failure) 34.810: [DefNew: 448K->63K(448K), 0.0021768 secs] 1042889K->1042885K(1048512K), 0.0022242 secs] [Times: user=0.00 sys=0.00, real=0.00 secs] 
34.822: [GC (Allocation Failure) 34.822: [DefNew: 447K->64K(448K), 0.0030790 secs] 1043269K->1043261K(1048512K), 0.0031407 secs] [Times: user=0.00 sys=0.00, real=0.01 secs] 
34.834: [GC (Allocation Failure) 34.834: [DefNew: 448K->63K(448K), 0.0029487 secs] 1043645K->1043639K(1048512K), 0.0030055 secs] [Times: user=0.00 sys=0.00, real=0.00 secs] 
34.845: [GC (Allocation Failure) 34.845: [DefNew: 447K->63K(448K), 0.0031800 secs] 1044023K->1044019K(1048512K), 0.0032451 secs] [Times: user=0.01 sys=0.00, real=0.00 secs] 
34.858: [GC (Allocation Failure) 34.858: [DefNew: 447K->63K(448K), 0.0034094 secs] 1044403K->1044399K(1048512K), 0.0034650 secs] [Times: user=0.00 sys=0.00, real=0.00 secs] 
34.871: [GC (Allocation Failure) 34.871: [DefNew: 447K->63K(448K), 0.0027799 secs] 1044783K->1044777K(1048512K), 0.0028315 secs] [Times: user=0.00 sys=0.00, real=0.01 secs] 
34.882: [GC (Allocation Failure) 34.882: [DefNew: 447K->63K(448K), 0.0029113 secs] 1045161K->1045155K(1048512K), 0.0029693 secs] [Times: user=0.00 sys=0.00, real=0.01 secs] 
34.894: [GC (Allocation Failure) 34.894: [DefNew: 447K->64K(448K), 0.0032290 secs] 1045539K->1045535K(1048512K), 0.0032943 secs] [Times: user=0.00 sys=0.00, real=0.00 secs] 
34.909: [GC (Allocation Failure) 34.909: [DefNew: 448K->64K(448K), 0.0069680 secs] 1045919K->1045914K(1048512K), 0.0070355 secs] [Times: user=0.01 sys=0.00, real=0.01 secs] 
34.923: [GC (Allocation Failure) 34.923: [DefNew: 448K->63K(448K), 0.0031109 secs] 1046298K->1046292K(1048512K), 0.0031719 secs] [Times: user=0.00 sys=0.00, real=0.00 secs] 
34.935: [GC (Allocation Failure) 34.935: [DefNew: 447K->63K(448K), 0.0060835 secs] 1046676K->1046669K(1048512K), 0.0063129 secs] [Times: user=0.01 sys=0.00, real=0.00 secs] 
34.950: [GC (Allocation Failure) 34.950: [DefNew: 447K->63K(448K), 0.0021509 secs] 1047053K->1047048K(1048512K), 0.0021997 secs] [Times: user=0.00 sys=0.00, real=0.00 secs] 
34.962: [GC (Allocation Failure) 34.962: [DefNew: 447K->63K(448K), 0.0030750 secs] 1047432K->1047429K(1048512K), 0.0031316 secs] [Times: user=0.00 sys=0.00, real=0.01 secs] 
34.975: [GC (Allocation Failure) 34.975: [DefNew: 447K->63K(448K), 0.0031075 secs] 1047813K->1047808K(1048512K), 0.0031645 secs] [Times: user=0.01 sys=0.00, real=0.00 secs] 
34.986: [GC (Allocation Failure) 34.986: [DefNew: 447K->447K(448K), 0.0000138 secs]34.986: [Tenured: 1047744K->1048063K(1048064K), 1.3963346 secs] 1048192K->1048186K(1048512K), [Metaspace: 3190K->3190K(1056768K)], 1.3964192 secs] [Times: user=1.09 sys=0.19, real=1.39 secs] 
36.390: [Full GC (Allocation Failure) 36.390: [Tenured: 1048063K->1048063K(1048064K), 0.8951436 secs] 1048511K->1048498K(1048512K), [Metaspace: 3190K->3190K(1056768K)], 0.8952062 secs] [Times: user=0.88 sys=0.01, real=0.90 secs] 
37.286: [Full GC (Allocation Failure) 37.286: [Tenured: 1048063K->1048063K(1048064K), 1.0221476 secs] 1048511K->1048511K(1048512K), [Metaspace: 3190K->3190K(1056768K)], 1.0222462 secs] [Times: user=0.93 sys=0.01, real=1.02 secs] 
38.308: [Full GC (Allocation Failure) 38.308: [Tenured: 1048063K->1031993K(1048064K), 1.1964583 secs] 1048511K->1031993K(1048512K), [Metaspace: 3190K->3190K(1056768K)], 1.1965056 secs] [Times: user=1.15 sys=0.02, real=1.20 secs] 
39.514: [GC (Allocation Failure) 39.514: [DefNew: 384K->63K(448K), 0.0017377 secs] 1032377K->1032368K(1048512K), 0.0017938 secs] [Times: user=0.00 sys=0.00, real=0.00 secs] 
39.525: [GC (Allocation Failure) 39.525: [DefNew: 447K->63K(448K), 0.0031915 secs] 1032752K->1032744K(1048512K), 0.0032633 secs] [Times: user=0.00 sys=0.00, real=0.00 secs] 
39.539: [GC (Allocation Failure) 39.539: [DefNew: 447K->64K(448K), 0.0034401 secs] 1033128K->1033120K(1048512K), 0.0035174 secs] [Times: user=0.01 sys=0.00, real=0.00 secs] 
39.553: [GC (Allocation Failure) 39.553: [DefNew: 448K->64K(448K), 0.0036743 secs] 1033504K->1033503K(1048512K), 0.0037574 secs] [Times: user=0.00 sys=0.00, real=0.01 secs] 
39.564: [GC (Allocation Failure) 39.564: [DefNew: 448K->63K(448K), 0.0024153 secs] 1033887K->1033885K(1048512K), 0.0024671 secs] [Times: user=0.00 sys=0.00, real=0.00 secs] 
39.577: [GC (Allocation Failure) 39.577: [DefNew: 447K->63K(448K), 0.0027318 secs] 1034269K->1034266K(1048512K), 0.0028005 secs] [Times: user=0.01 sys=0.00, real=0.00 secs] 
39.590: [GC (Allocation Failure) 39.590: [DefNew: 447K->63K(448K), 0.0030717 secs] 1034650K->1034645K(1048512K), 0.0031300 secs] [Times: user=0.00 sys=0.00, real=0.00 secs] 
39.601: [GC (Allocation Failure) 39.601: [DefNew: 447K->63K(448K), 0.0029671 secs] 1035029K->1035024K(1048512K), 0.0030351 secs] [Times: user=0.00 sys=0.00, real=0.01 secs] 
39.615: [GC (Allocation Failure) 39.615: [DefNew: 447K->63K(448K), 0.0034251 secs] 1035408K->1035401K(1048512K), 0.0035090 secs] [Times: user=0.00 sys=0.00, real=0.00 secs] 
39.628: [GC (Allocation Failure) 39.628: [DefNew: 447K->63K(448K), 0.0050600 secs] 1035785K->1035779K(1048512K), 0.0051740 secs] [Times: user=0.00 sys=0.00, real=0.01 secs] 
39.642: [GC (Allocation Failure) 39.642: [DefNew: 447K->63K(448K), 0.0041830 secs] 1036163K->1036159K(1048512K), 0.0042418 secs] [Times: user=0.01 sys=0.00, real=0.01 secs] 
39.655: [GC (Allocation Failure) 39.655: [DefNew: 447K->63K(448K), 0.0028084 secs] 1036543K->1036537K(1048512K), 0.0028663 secs] [Times: user=0.00 sys=0.00, real=0.00 secs] 
39.666: [GC (Allocation Failure) 39.666: [DefNew: 447K->63K(448K), 0.0025070 secs] 1036921K->1036916K(1048512K), 0.0025625 secs] [Times: user=0.00 sys=0.00, real=0.00 secs] 
39.678: [GC (Allocation Failure) 39.678: [DefNew: 447K->63K(448K), 0.0023988 secs] 1037300K->1037296K(1048512K), 0.0025492 secs] [Times: user=0.00 sys=0.00, real=0.00 secs] 
39.691: [GC (Allocation Failure) 39.691: [DefNew: 447K->63K(448K), 0.0032995 secs] 1037680K->1037674K(1048512K), 0.0034016 secs] [Times: user=0.00 sys=0.00, real=0.01 secs] 
39.703: [GC (Allocation Failure) 39.703: [DefNew: 447K->63K(448K), 0.0030060 secs] 1038058K->1038052K(1048512K), 0.0030755 secs] [Times: user=0.00 sys=0.00, real=0.01 secs] 
39.716: [GC (Allocation Failure) 39.716: [DefNew: 447K->64K(448K), 0.0069690 secs] 1038436K->1038430K(1048512K), 0.0070659 secs] [Times: user=0.00 sys=0.00, real=0.01 secs] 
39.733: [GC (Allocation Failure) 39.733: [DefNew: 448K->63K(448K), 0.0037097 secs] 1038814K->1038810K(1048512K), 0.0038351 secs] [Times: user=0.00 sys=0.00, real=0.00 secs] 
39.745: [GC (Allocation Failure) 39.745: [DefNew: 447K->63K(448K), 0.0025968 secs] 1039194K->1039188K(1048512K), 0.0026773 secs] [Times: user=0.01 sys=0.00, real=0.00 secs] 
39.758: [GC (Allocation Failure) 39.758: [DefNew: 447K->63K(448K), 0.0025040 secs] 1039572K->1039567K(1048512K), 0.0025667 secs] [Times: user=0.00 sys=0.00, real=0.00 secs] 
39.770: [GC (Allocation Failure) 39.770: [DefNew: 447K->63K(448K), 0.0031978 secs] 1039951K->1039947K(1048512K), 0.0032719 secs] [Times: user=0.00 sys=0.00, real=0.00 secs] 
39.782: [GC (Allocation Failure) 39.782: [DefNew: 447K->63K(448K), 0.0030236 secs] 1040331K->1040325K(1048512K), 0.0031346 secs] [Times: user=0.01 sys=0.00, real=0.01 secs] 
39.795: [GC (Allocation Failure) 39.795: [DefNew: 447K->63K(448K), 0.0027728 secs] 1040709K->1040703K(1048512K), 0.0028388 secs] [Times: user=0.00 sys=0.00, real=0.00 secs] 
39.806: [GC (Allocation Failure) 39.806: [DefNew: 447K->64K(448K), 0.0025442 secs] 1041087K->1041083K(1048512K), 0.0026068 secs] [Times: user=0.00 sys=0.00, real=0.00 secs] 
39.818: [GC (Allocation Failure) 39.818: [DefNew: 448K->63K(448K), 0.0025629 secs] 1041467K->1041462K(1048512K), 0.0027035 secs] [Times: user=0.01 sys=0.00, real=0.00 secs] 
39.831: [GC (Allocation Failure) 39.831: [DefNew: 447K->64K(448K), 0.0028674 secs] 1041846K->1041838K(1048512K), 0.0029363 secs] [Times: user=0.00 sys=0.00, real=0.01 secs] 
39.842: [GC (Allocation Failure) 39.842: [DefNew: 448K->63K(448K), 0.0027021 secs] 1042222K->1042217K(1048512K), 0.0027576 secs] [Times: user=0.00 sys=0.00, real=0.01 secs] 
39.855: [GC (Allocation Failure) 39.855: [DefNew: 447K->64K(448K), 0.0028588 secs] 1042601K->1042597K(1048512K), 0.0029225 secs] [Times: user=0.01 sys=0.00, real=0.00 secs] 
39.868: [GC (Allocation Failure) 39.868: [DefNew: 448K->63K(448K), 0.0032653 secs] 1042981K->1042977K(1048512K), 0.0033452 secs] [Times: user=0.00 sys=0.00, real=0.00 secs] 
39.880: [GC (Allocation Failure) 39.880: [DefNew: 447K->63K(448K), 0.0022075 secs] 1043361K->1043355K(1048512K), 0.0022651 secs] [Times: user=0.00 sys=0.00, real=0.00 secs] 
39.891: [GC (Allocation Failure) 39.891: [DefNew: 447K->63K(448K), 0.0033051 secs] 1043739K->1043733K(1048512K), 0.0033672 secs] [Times: user=0.01 sys=0.00, real=0.01 secs] 
39.904: [GC (Allocation Failure) 39.904: [DefNew: 447K->63K(448K), 0.0022845 secs] 1044117K->1044113K(1048512K), 0.0023658 secs] [Times: user=0.00 sys=0.00, real=0.00 secs] 
39.915: [GC (Allocation Failure) 39.915: [DefNew: 447K->63K(448K), 0.0028671 secs] 1044497K->1044491K(1048512K), 0.0029362 secs] [Times: user=0.00 sys=0.00, real=0.00 secs] 
39.928: [GC (Allocation Failure) 39.928: [DefNew: 447K->63K(448K), 0.0047722 secs] 1044875K->1044868K(1048512K), 0.0049179 secs] [Times: user=0.01 sys=0.00, real=0.00 secs] 
39.942: [GC (Allocation Failure) 39.942: [DefNew: 447K->64K(448K), 0.0057325 secs] 1045252K->1045247K(1048512K), 0.0059015 secs] [Times: user=0.00 sys=0.00, real=0.01 secs] 
39.957: [GC (Allocation Failure) 39.957: [DefNew: 448K->63K(448K), 0.0030713 secs] 1045631K->1045627K(1048512K), 0.0031474 secs] [Times: user=0.01 sys=0.00, real=0.00 secs] 
39.970: [GC (Allocation Failure) 39.970: [DefNew: 447K->63K(448K), 0.0028501 secs] 1046011K->1046007K(1048512K), 0.0029094 secs] [Times: user=0.00 sys=0.00, real=0.01 secs] 
39.981: [GC (Allocation Failure) 39.981: [DefNew: 447K->63K(448K), 0.0022153 secs] 1046391K->1046385K(1048512K), 0.0022694 secs] [Times: user=0.00 sys=0.00, real=0.01 secs] 
39.994: [GC (Allocation Failure) 39.994: [DefNew: 447K->63K(448K), 0.0028874 secs] 1046769K->1046763K(1048512K), 0.0029506 secs] [Times: user=0.01 sys=0.00, real=0.00 secs] 
40.007: [GC (Allocation Failure) 40.007: [DefNew: 447K->64K(448K), 0.0027203 secs] 1047147K->1047142K(1048512K), 0.0027784 secs] [Times: user=0.00 sys=0.00, real=0.00 secs] 
40.019: [GC (Allocation Failure) 40.019: [DefNew: 448K->63K(448K), 0.0028250 secs] 1047526K->1047522K(1048512K), 0.0028966 secs] [Times: user=0.00 sys=0.00, real=0.00 secs] 
40.031: [GC (Allocation Failure) 40.031: [DefNew: 447K->64K(448K), 0.0028133 secs] 1047906K->1047898K(1048512K), 0.0028780 secs] [Times: user=0.01 sys=0.00, real=0.01 secs] 
40.044: [GC (Allocation Failure) 40.044: [DefNew: 448K->448K(448K), 0.0000687 secs]40.044: [Tenured: 1047834K->1048063K(1048064K), 0.9580322 secs] 1048282K->1048276K(1048512K), [Metaspace: 3190K->3190K(1056768K)], 0.9582709 secs] [Times: user=0.92 sys=0.01, real=0.95 secs] 
41.008: [Full GC (Allocation Failure) 41.008: [Tenured: 1048063K->1048063K(1048064K), 1.0055651 secs] 1048511K->1048507K(1048512K), [Metaspace: 3190K->3190K(1056768K)], 1.0057136 secs] [Times: user=0.96 sys=0.02, real=1.01 secs] 
42.014: [Full GC (Allocation Failure) 42.014: [Tenured: 1048063K->1048063K(1048064K), 1.0006082 secs] 1048511K->1048511K(1048512K), [Metaspace: 3190K->3190K(1056768K)], 1.0027376 secs] [Times: user=0.95 sys=0.01, real=1.00 secs] 
43.017: [Full GC (Allocation Failure) 43.017: [Tenured: 1048063K->1048063K(1048064K), 1.0813011 secs] 1048511K->1048500K(1048512K), [Metaspace: 3190K->3190K(1056768K)], 1.0813538 secs] [Times: user=1.04 sys=0.02, real=1.08 secs] 
44.099: [Full GC (Allocation Failure) 44.099: [Tenured: 1048063K->1048063K(1048064K), 0.9461329 secs] 1048511K->1048511K(1048512K), [Metaspace: 3190K->3190K(1056768K)], 0.9461780 secs] [Times: user=0.92 sys=0.01, real=0.95 secs] 
45.045: [Full GC (Allocation Failure) 45.045: [Tenured: 1048063K->1048063K(1048064K), 0.9233187 secs] 1048511K->1048511K(1048512K), [Metaspace: 3190K->3190K(1056768K)], 0.9233624 secs] [Times: user=0.89 sys=0.00, real=0.92 secs] 
45.968: [Full GC (Allocation Failure) 45.968: [Tenured: 1048063K->1048063K(1048064K), 1.1811581 secs] 1048511K->1048511K(1048512K), [Metaspace: 3190K->3190K(1056768K)], 1.1812104 secs] [Times: user=1.09 sys=0.02, real=1.18 secs] 
47.150: [Full GC (Allocation Failure) 47.150: [Tenured: 1048063K->1048063K(1048064K), 1.2636073 secs] 1048511K->1048511K(1048512K), [Metaspace: 3190K->3190K(1056768K)], 1.2636667 secs] [Times: user=1.12 sys=0.03, real=1.27 secs] 
48.414: [Full GC (Allocation Failure) 48.414: [Tenured: 1048063K->1048063K(1048064K), 1.2868440 secs] 1048511K->1048511K(1048512K), [Metaspace: 3190K->3190K(1056768K)], 1.2869121 secs] [Times: user=1.06 sys=0.03, real=1.28 secs] 
49.806: [Full GC (Allocation Failure) 49.806: [Tenured: 1048063K->35062K(1048064K), 0.1478347 secs] 1048511K->35062K(1048512K), [Metaspace: 3190K->3190K(1056768K)], 0.1479162 secs] [Times: user=0.14 sys=0.00, real=0.15 secs] 
